[0.013s] Invoking command in '/home/carbs/hdvio2.0/eigen_checks/build/minkindr': CMAKE_PREFIX_PATH=${CMAKE_PREFIX_PATH}:/opt/ros/humble /usr/bin/cmake /home/carbs/hdvio2.0/minkindr/minkindr -DBUILD_TESTING=OFF -DCMAKE_INSTALL_PREFIX=/home/carbs/hdvio2.0/eigen_checks/install/minkindr
[0.067s] -- The C compiler identification is GNU 11.4.0
[0.117s] -- The CXX compiler identification is GNU 11.4.0
[0.125s] -- Detecting C compiler ABI info
[0.210s] -- Detecting C compiler ABI info - done
[0.222s] -- Check for working C compiler: /usr/bin/cc - skipped
[0.223s] -- Detecting C compile features
[0.223s] -- Detecting C compile features - done
[0.228s] -- Detecting CXX compiler ABI info
[0.332s] -- Detecting CXX compiler ABI info - done
[0.347s] -- Check for working CXX compiler: /usr/bin/c++ - skipped
[0.347s] -- Detecting CXX compile features
[0.348s] -- Detecting CXX compile features - done
[0.353s] -- Found ament_cmake: 1.3.12 (/opt/ros/humble/share/ament_cmake/cmake)
[0.675s] -- Found Python3: /usr/bin/python3 (found version "3.10.12") found components: Interpreter 
[0.774s] -- Found eigen3_cmake_module: 0.1.1 (/opt/ros/humble/share/eigen3_cmake_module/cmake)
[0.791s] -- Found Eigen3: TRUE (found version "3.4.0") 
[0.791s] -- Found eigen_checks: 0.0.1 (/home/carbs/hdvio2.0/eigen_checks/install/eigen_checks/share/eigen_checks/cmake)
[0.804s] -- Looking for pthread.h
[0.900s] -- Looking for pthread.h - found
[0.900s] -- Performing Test CMAKE_HAVE_LIBC_PTHREAD
[0.988s] -- Performing Test CMAKE_HAVE_LIBC_PTHREAD - Success
[0.989s] -- Found Threads: TRUE  
[1.047s] -- Configuring done
[1.052s] -- Generating done
[1.055s] -- Build files have been written to: /home/carbs/hdvio2.0/eigen_checks/build/minkindr
[1.061s] Invoked command in '/home/carbs/hdvio2.0/eigen_checks/build/minkindr' returned '0': CMAKE_PREFIX_PATH=${CMAKE_PREFIX_PATH}:/opt/ros/humble /usr/bin/cmake /home/carbs/hdvio2.0/minkindr/minkindr -DBUILD_TESTING=OFF -DCMAKE_INSTALL_PREFIX=/home/carbs/hdvio2.0/eigen_checks/install/minkindr
[1.063s] Invoking command in '/home/carbs/hdvio2.0/eigen_checks/build/minkindr': CMAKE_PREFIX_PATH=${CMAKE_PREFIX_PATH}:/opt/ros/humble /usr/bin/cmake --build /home/carbs/hdvio2.0/eigen_checks/build/minkindr -- -j24 -l24
[1.108s] Invoked command in '/home/carbs/hdvio2.0/eigen_checks/build/minkindr' returned '0': CMAKE_PREFIX_PATH=${CMAKE_PREFIX_PATH}:/opt/ros/humble /usr/bin/cmake --build /home/carbs/hdvio2.0/eigen_checks/build/minkindr -- -j24 -l24
[1.121s] Invoking command in '/home/carbs/hdvio2.0/eigen_checks/build/minkindr': CMAKE_PREFIX_PATH=${CMAKE_PREFIX_PATH}:/opt/ros/humble /usr/bin/cmake --install /home/carbs/hdvio2.0/eigen_checks/build/minkindr
[1.128s] -- Install configuration: ""
[1.128s] -- Installing: /home/carbs/hdvio2.0/eigen_checks/install/minkindr/include
[1.128s] -- Installing: /home/carbs/hdvio2.0/eigen_checks/install/minkindr/include/kindr
[1.128s] -- Installing: /home/carbs/hdvio2.0/eigen_checks/install/minkindr/include/kindr/minimal
[1.128s] -- Installing: /home/carbs/hdvio2.0/eigen_checks/install/minkindr/include/kindr/minimal/rotation-quaternion.h
[1.128s] -- Installing: /home/carbs/hdvio2.0/eigen_checks/install/minkindr/include/kindr/minimal/position.h
[1.128s] -- Installing: /home/carbs/hdvio2.0/eigen_checks/install/minkindr/include/kindr/minimal/transform-2d.h
[1.128s] -- Installing: /home/carbs/hdvio2.0/eigen_checks/install/minkindr/include/kindr/minimal/implementation
[1.129s] -- Installing: /home/carbs/hdvio2.0/eigen_checks/install/minkindr/include/kindr/minimal/implementation/quat-sim-transform-inl.h
[1.129s] -- Installing: /home/carbs/hdvio2.0/eigen_checks/install/minkindr/include/kindr/minimal/implementation/angle-axis-inl.h
[1.129s] -- Installing: /home/carbs/hdvio2.0/eigen_checks/install/minkindr/include/kindr/minimal/implementation/transform-2d-inl.h
[1.129s] -- Installing: /home/carbs/hdvio2.0/eigen_checks/install/minkindr/include/kindr/minimal/implementation/rotation-quaternion-inl.h
[1.129s] -- Installing: /home/carbs/hdvio2.0/eigen_checks/install/minkindr/include/kindr/minimal/implementation/quat-transformation-inl.h
[1.129s] -- Installing: /home/carbs/hdvio2.0/eigen_checks/install/minkindr/include/kindr/minimal/angle-axis.h
[1.129s] -- Installing: /home/carbs/hdvio2.0/eigen_checks/install/minkindr/include/kindr/minimal/quat-transformation.h
[1.129s] -- Installing: /home/carbs/hdvio2.0/eigen_checks/install/minkindr/include/kindr/minimal/quat-sim-transform.h
[1.130s] -- Installing: /home/carbs/hdvio2.0/eigen_checks/install/minkindr/include/kindr/minimal/common.h
[1.130s] -- Installing: /home/carbs/hdvio2.0/eigen_checks/install/minkindr/share/ament_index/resource_index/package_run_dependencies/minkindr
[1.130s] -- Installing: /home/carbs/hdvio2.0/eigen_checks/install/minkindr/share/ament_index/resource_index/parent_prefix_path/minkindr
[1.130s] -- Installing: /home/carbs/hdvio2.0/eigen_checks/install/minkindr/share/minkindr/environment/ament_prefix_path.sh
[1.130s] -- Installing: /home/carbs/hdvio2.0/eigen_checks/install/minkindr/share/minkindr/environment/ament_prefix_path.dsv
[1.130s] -- Installing: /home/carbs/hdvio2.0/eigen_checks/install/minkindr/share/minkindr/environment/path.sh
[1.131s] -- Installing: /home/carbs/hdvio2.0/eigen_checks/install/minkindr/share/minkindr/environment/path.dsv
[1.131s] -- Installing: /home/carbs/hdvio2.0/eigen_checks/install/minkindr/share/minkindr/local_setup.bash
[1.131s] -- Installing: /home/carbs/hdvio2.0/eigen_checks/install/minkindr/share/minkindr/local_setup.sh
[1.131s] -- Installing: /home/carbs/hdvio2.0/eigen_checks/install/minkindr/share/minkindr/local_setup.zsh
[1.131s] -- Installing: /home/carbs/hdvio2.0/eigen_checks/install/minkindr/share/minkindr/local_setup.dsv
[1.131s] -- Installing: /home/carbs/hdvio2.0/eigen_checks/install/minkindr/share/minkindr/package.dsv
[1.131s] -- Installing: /home/carbs/hdvio2.0/eigen_checks/install/minkindr/share/ament_index/resource_index/packages/minkindr
[1.132s] -- Installing: /home/carbs/hdvio2.0/eigen_checks/install/minkindr/share/minkindr/cmake/ament_cmake_export_include_directories-extras.cmake
[1.132s] -- Installing: /home/carbs/hdvio2.0/eigen_checks/install/minkindr/share/minkindr/cmake/ament_cmake_export_dependencies-extras.cmake
[1.132s] -- Installing: /home/carbs/hdvio2.0/eigen_checks/install/minkindr/share/minkindr/cmake/minkindrConfig.cmake
[1.132s] -- Installing: /home/carbs/hdvio2.0/eigen_checks/install/minkindr/share/minkindr/cmake/minkindrConfig-version.cmake
[1.132s] -- Installing: /home/carbs/hdvio2.0/eigen_checks/install/minkindr/share/minkindr/package.xml
[1.134s] Invoked command in '/home/carbs/hdvio2.0/eigen_checks/build/minkindr' returned '0': CMAKE_PREFIX_PATH=${CMAKE_PREFIX_PATH}:/opt/ros/humble /usr/bin/cmake --install /home/carbs/hdvio2.0/eigen_checks/build/minkindr
