[100%] Built target eigen_checks
-- Install configuration: ""
-- Up-to-date: /home/carbs/hdvio2.0/eigen_checks/install/eigen_checks/lib/libeigen_checks.a
-- Up-to-date: /home/carbs/hdvio2.0/eigen_checks/install/eigen_checks/include
-- Up-to-date: /home/carbs/hdvio2.0/eigen_checks/install/eigen_checks/include/eigen-checks
-- Up-to-date: /home/carbs/hdvio2.0/eigen_checks/install/eigen_checks/include/eigen-checks/entrypoint.h
-- Up-to-date: /home/carbs/hdvio2.0/eigen_checks/install/eigen_checks/include/eigen-checks/internal
-- Up-to-date: /home/carbs/hdvio2.0/eigen_checks/install/eigen_checks/include/eigen-checks/internal/gtest-equal.h
-- Up-to-date: /home/carbs/hdvio2.0/eigen_checks/install/eigen_checks/include/eigen-checks/gtest.h
-- Up-to-date: /home/carbs/hdvio2.0/eigen_checks/install/eigen_checks/include/eigen-checks/glog.h
-- Up-to-date: /home/carbs/hdvio2.0/eigen_checks/install/eigen_checks/share/eigen_checks/environment/library_path.sh
-- Up-to-date: /home/carbs/hdvio2.0/eigen_checks/install/eigen_checks/share/eigen_checks/environment/library_path.dsv
-- Up-to-date: /home/carbs/hdvio2.0/eigen_checks/install/eigen_checks/share/ament_index/resource_index/package_run_dependencies/eigen_checks
-- Up-to-date: /home/carbs/hdvio2.0/eigen_checks/install/eigen_checks/share/ament_index/resource_index/parent_prefix_path/eigen_checks
-- Up-to-date: /home/carbs/hdvio2.0/eigen_checks/install/eigen_checks/share/eigen_checks/environment/ament_prefix_path.sh
-- Up-to-date: /home/carbs/hdvio2.0/eigen_checks/install/eigen_checks/share/eigen_checks/environment/ament_prefix_path.dsv
-- Up-to-date: /home/carbs/hdvio2.0/eigen_checks/install/eigen_checks/share/eigen_checks/environment/path.sh
-- Up-to-date: /home/carbs/hdvio2.0/eigen_checks/install/eigen_checks/share/eigen_checks/environment/path.dsv
-- Up-to-date: /home/carbs/hdvio2.0/eigen_checks/install/eigen_checks/share/eigen_checks/local_setup.bash
-- Up-to-date: /home/carbs/hdvio2.0/eigen_checks/install/eigen_checks/share/eigen_checks/local_setup.sh
-- Up-to-date: /home/carbs/hdvio2.0/eigen_checks/install/eigen_checks/share/eigen_checks/local_setup.zsh
-- Up-to-date: /home/carbs/hdvio2.0/eigen_checks/install/eigen_checks/share/eigen_checks/local_setup.dsv
-- Up-to-date: /home/carbs/hdvio2.0/eigen_checks/install/eigen_checks/share/eigen_checks/package.dsv
-- Up-to-date: /home/carbs/hdvio2.0/eigen_checks/install/eigen_checks/share/ament_index/resource_index/packages/eigen_checks
-- Up-to-date: /home/carbs/hdvio2.0/eigen_checks/install/eigen_checks/share/eigen_checks/cmake/ament_cmake_export_include_directories-extras.cmake
-- Up-to-date: /home/carbs/hdvio2.0/eigen_checks/install/eigen_checks/share/eigen_checks/cmake/ament_cmake_export_libraries-extras.cmake
-- Up-to-date: /home/carbs/hdvio2.0/eigen_checks/install/eigen_checks/share/eigen_checks/cmake/ament_cmake_export_dependencies-extras.cmake
-- Up-to-date: /home/carbs/hdvio2.0/eigen_checks/install/eigen_checks/share/eigen_checks/cmake/eigen_checksConfig.cmake
-- Up-to-date: /home/carbs/hdvio2.0/eigen_checks/install/eigen_checks/share/eigen_checks/cmake/eigen_checksConfig-version.cmake
-- Up-to-date: /home/carbs/hdvio2.0/eigen_checks/install/eigen_checks/share/eigen_checks/package.xml
