[0.079s] DEBUG:colcon:Command line arguments: ['/usr/bin/colcon', 'build', '--packages-select', 'eigen_checks', 'minkindr']
[0.079s] DEBUG:colcon:Parsed command line arguments: Namespace(log_base=None, log_level=None, verb_name='build', build_base='build', install_base='install', merge_install=False, symlink_install=False, test_result_base=None, continue_on_error=False, executor='parallel', parallel_workers=24, event_handlers=None, ignore_user_meta=False, metas=['./colcon.meta'], base_paths=['.'], packages_ignore=None, packages_ignore_regex=None, paths=None, packages_up_to=None, packages_up_to_regex=None, packages_above=None, packages_above_and_dependencies=None, packages_above_depth=None, packages_select_by_dep=None, packages_skip_by_dep=None, packages_skip_up_to=None, packages_select_build_failed=False, packages_skip_build_finished=False, packages_select_test_failures=False, packages_skip_test_passed=False, packages_select=['eigen_checks', 'minkindr'], packages_skip=None, packages_select_regex=None, packages_skip_regex=None, packages_start=None, packages_end=None, allow_overriding=[], cmake_args=None, cmake_target=None, cmake_target_skip_unavailable=False, cmake_clean_cache=False, cmake_clean_first=False, cmake_force_configure=False, ament_cmake_args=None, catkin_cmake_args=None, catkin_skip_building_tests=False, mixin_files=None, mixin=None, verb_parser=<colcon_mixin.mixin.mixin_argument.MixinArgumentDecorator object at 0x7ac9545739d0>, verb_extension=<colcon_core.verb.build.BuildVerb object at 0x7ac954573520>, main=<bound method BuildVerb.main of <colcon_core.verb.build.BuildVerb object at 0x7ac954573520>>, mixin_verb=('build',))
[0.108s] Level 1:colcon.colcon_core.package_discovery:discover_packages(colcon_meta) check parameters
[0.108s] Level 1:colcon.colcon_core.package_discovery:discover_packages(recursive) check parameters
[0.108s] Level 1:colcon.colcon_core.package_discovery:discover_packages(ignore) check parameters
[0.108s] Level 1:colcon.colcon_core.package_discovery:discover_packages(path) check parameters
[0.108s] Level 1:colcon.colcon_core.package_discovery:discover_packages(colcon_meta) discover
[0.108s] Level 1:colcon.colcon_core.package_discovery:discover_packages(recursive) discover
[0.108s] INFO:colcon.colcon_core.package_discovery:Crawling recursively for packages in '/home/carbs/hdvio2.0/eigen_checks'
[0.109s] Level 1:colcon.colcon_core.package_identification:_identify(.) by extensions ['ignore', 'ignore_ament_install']
[0.109s] Level 1:colcon.colcon_core.package_identification:_identify(.) by extension 'ignore'
[0.109s] Level 1:colcon.colcon_core.package_identification:_identify(.) by extension 'ignore_ament_install'
[0.109s] Level 1:colcon.colcon_core.package_identification:_identify(.) by extensions ['colcon_pkg']
[0.109s] Level 1:colcon.colcon_core.package_identification:_identify(.) by extension 'colcon_pkg'
[0.109s] Level 1:colcon.colcon_core.package_identification:_identify(.) by extensions ['colcon_meta']
[0.109s] Level 1:colcon.colcon_core.package_identification:_identify(.) by extension 'colcon_meta'
[0.109s] Level 1:colcon.colcon_core.package_identification:_identify(.) by extensions ['ros']
[0.109s] Level 1:colcon.colcon_core.package_identification:_identify(.) by extension 'ros'
[0.121s] DEBUG:colcon.colcon_core.package_identification:Package '.' with type 'ros.ament_cmake' and name 'eigen_checks'
[0.121s] Level 1:colcon.colcon_core.package_discovery:discover_packages(recursive) using defaults
[0.121s] Level 1:colcon.colcon_core.package_discovery:discover_packages(ignore) discover
[0.121s] Level 1:colcon.colcon_core.package_discovery:discover_packages(ignore) using defaults
[0.121s] Level 1:colcon.colcon_core.package_discovery:discover_packages(path) discover
[0.121s] Level 1:colcon.colcon_core.package_discovery:discover_packages(path) using defaults
[0.122s] WARNING:colcon.colcon_core.package_selection:ignoring unknown package 'minkindr' in --packages-select
[0.136s] Level 1:colcon.colcon_core.package_discovery:discover_packages(prefix_path) check parameters
[0.136s] Level 1:colcon.colcon_core.package_discovery:discover_packages(prefix_path) discover
[0.138s] DEBUG:colcon.colcon_installed_package_information.package_discovery:Found 3 installed packages in /home/carbs/hdvio2.0/install
[0.139s] DEBUG:colcon.colcon_installed_package_information.package_discovery:Found 280 installed packages in /opt/ros/humble
[0.140s] Level 1:colcon.colcon_core.package_discovery:discover_packages(prefix_path) using defaults
[0.167s] Level 5:colcon.colcon_core.verb:set package 'eigen_checks' build argument 'cmake_args' from command line to 'None'
[0.167s] Level 5:colcon.colcon_core.verb:set package 'eigen_checks' build argument 'cmake_target' from command line to 'None'
[0.167s] Level 5:colcon.colcon_core.verb:set package 'eigen_checks' build argument 'cmake_target_skip_unavailable' from command line to 'False'
[0.167s] Level 5:colcon.colcon_core.verb:set package 'eigen_checks' build argument 'cmake_clean_cache' from command line to 'False'
[0.167s] Level 5:colcon.colcon_core.verb:set package 'eigen_checks' build argument 'cmake_clean_first' from command line to 'False'
[0.167s] Level 5:colcon.colcon_core.verb:set package 'eigen_checks' build argument 'cmake_force_configure' from command line to 'False'
[0.167s] Level 5:colcon.colcon_core.verb:set package 'eigen_checks' build argument 'ament_cmake_args' from command line to 'None'
[0.167s] Level 5:colcon.colcon_core.verb:set package 'eigen_checks' build argument 'catkin_cmake_args' from command line to 'None'
[0.167s] Level 5:colcon.colcon_core.verb:set package 'eigen_checks' build argument 'catkin_skip_building_tests' from command line to 'False'
[0.167s] DEBUG:colcon.colcon_core.verb:Building package 'eigen_checks' with the following arguments: {'ament_cmake_args': None, 'build_base': '/home/carbs/hdvio2.0/eigen_checks/build/eigen_checks', 'catkin_cmake_args': None, 'catkin_skip_building_tests': False, 'cmake_args': None, 'cmake_clean_cache': False, 'cmake_clean_first': False, 'cmake_force_configure': False, 'cmake_target': None, 'cmake_target_skip_unavailable': False, 'install_base': '/home/carbs/hdvio2.0/eigen_checks/install/eigen_checks', 'merge_install': False, 'path': '/home/carbs/hdvio2.0/eigen_checks', 'symlink_install': False, 'test_result_base': None}
[0.168s] INFO:colcon.colcon_core.executor:Executing jobs using 'parallel' executor
[0.168s] DEBUG:colcon.colcon_parallel_executor.executor.parallel:run_until_complete
[0.169s] INFO:colcon.colcon_ros.task.ament_cmake.build:Building ROS package in '/home/carbs/hdvio2.0/eigen_checks' with build type 'ament_cmake'
[0.169s] INFO:colcon.colcon_cmake.task.cmake.build:Building CMake package in '/home/carbs/hdvio2.0/eigen_checks'
[0.170s] INFO:colcon.colcon_core.plugin_system:Skipping extension 'colcon_core.shell.bat': Not used on non-Windows systems
[0.170s] INFO:colcon.colcon_core.shell:Skip shell extension 'powershell' for command environment: Not usable outside of PowerShell
[0.170s] DEBUG:colcon.colcon_core.shell:Skip shell extension 'dsv' for command environment
[0.179s] DEBUG:colcon.colcon_core.event_handler.log_command:Invoking command in '/home/carbs/hdvio2.0/eigen_checks/build/eigen_checks': CMAKE_PREFIX_PATH=${CMAKE_PREFIX_PATH}:/opt/ros/humble /usr/bin/cmake /home/carbs/hdvio2.0/eigen_checks -DCMAKE_INSTALL_PREFIX=/home/carbs/hdvio2.0/eigen_checks/install/eigen_checks
[1.327s] DEBUG:colcon.colcon_core.event_handler.log_command:Invoked command in '/home/carbs/hdvio2.0/eigen_checks/build/eigen_checks' returned '0': CMAKE_PREFIX_PATH=${CMAKE_PREFIX_PATH}:/opt/ros/humble /usr/bin/cmake /home/carbs/hdvio2.0/eigen_checks -DCMAKE_INSTALL_PREFIX=/home/carbs/hdvio2.0/eigen_checks/install/eigen_checks
[1.328s] DEBUG:colcon.colcon_core.event_handler.log_command:Invoking command in '/home/carbs/hdvio2.0/eigen_checks/build/eigen_checks': CMAKE_PREFIX_PATH=${CMAKE_PREFIX_PATH}:/opt/ros/humble /usr/bin/cmake --build /home/carbs/hdvio2.0/eigen_checks/build/eigen_checks -- -j24 -l24
[7.402s] DEBUG:colcon.colcon_core.event_handler.log_command:Invoked command in '/home/carbs/hdvio2.0/eigen_checks/build/eigen_checks' returned '2': CMAKE_PREFIX_PATH=${CMAKE_PREFIX_PATH}:/opt/ros/humble /usr/bin/cmake --build /home/carbs/hdvio2.0/eigen_checks/build/eigen_checks -- -j24 -l24
[7.403s] Level 1:colcon.colcon_core.environment:create_environment_scripts_only(eigen_checks)
[7.406s] Level 1:colcon.colcon_core.environment:checking '/home/carbs/hdvio2.0/eigen_checks/install/eigen_checks' for CMake module files
[7.406s] Level 1:colcon.colcon_core.environment:checking '/home/carbs/hdvio2.0/eigen_checks/install/eigen_checks' for CMake config files
[7.407s] Level 1:colcon.colcon_core.environment:checking '/home/carbs/hdvio2.0/eigen_checks/install/eigen_checks/bin'
[7.407s] Level 1:colcon.colcon_core.environment:checking '/home/carbs/hdvio2.0/eigen_checks/install/eigen_checks/lib/pkgconfig/eigen_checks.pc'
[7.407s] Level 1:colcon.colcon_core.environment:checking '/home/carbs/hdvio2.0/eigen_checks/install/eigen_checks/lib/python3.10/site-packages'
[7.408s] Level 1:colcon.colcon_core.environment:checking '/home/carbs/hdvio2.0/eigen_checks/install/eigen_checks/bin'
[7.408s] INFO:colcon.colcon_core.shell:Creating package script '/home/carbs/hdvio2.0/eigen_checks/install/eigen_checks/share/eigen_checks/package.ps1'
[7.409s] INFO:colcon.colcon_core.shell:Creating package descriptor '/home/carbs/hdvio2.0/eigen_checks/install/eigen_checks/share/eigen_checks/package.dsv'
[7.410s] INFO:colcon.colcon_core.shell:Creating package script '/home/carbs/hdvio2.0/eigen_checks/install/eigen_checks/share/eigen_checks/package.sh'
[7.411s] INFO:colcon.colcon_core.shell:Creating package script '/home/carbs/hdvio2.0/eigen_checks/install/eigen_checks/share/eigen_checks/package.bash'
[7.412s] INFO:colcon.colcon_core.shell:Creating package script '/home/carbs/hdvio2.0/eigen_checks/install/eigen_checks/share/eigen_checks/package.zsh'
[7.413s] Level 1:colcon.colcon_core.environment:create_file_with_runtime_dependencies(/home/carbs/hdvio2.0/eigen_checks/install/eigen_checks/share/colcon-core/packages/eigen_checks)
[7.423s] DEBUG:colcon.colcon_parallel_executor.executor.parallel:closing loop
[7.423s] DEBUG:colcon.colcon_parallel_executor.executor.parallel:loop closed
[7.423s] DEBUG:colcon.colcon_parallel_executor.executor.parallel:run_until_complete finished with '2'
[7.423s] DEBUG:colcon.colcon_core.event_reactor:joining thread
[7.431s] INFO:colcon.colcon_core.plugin_system:Skipping extension 'colcon_notification.desktop_notification.terminal_notifier': Not used on non-Darwin systems
[7.431s] INFO:colcon.colcon_core.plugin_system:Skipping extension 'colcon_notification.desktop_notification.win32': Not used on non-Windows systems
[7.431s] INFO:colcon.colcon_notification.desktop_notification:Sending desktop notification using 'notify2'
[7.441s] DEBUG:colcon.colcon_core.event_reactor:joined thread
[7.441s] INFO:colcon.colcon_core.shell:Creating prefix script '/home/carbs/hdvio2.0/eigen_checks/install/local_setup.ps1'
[7.442s] INFO:colcon.colcon_core.shell:Creating prefix util module '/home/carbs/hdvio2.0/eigen_checks/install/_local_setup_util_ps1.py'
[7.445s] INFO:colcon.colcon_core.shell:Creating prefix chain script '/home/carbs/hdvio2.0/eigen_checks/install/setup.ps1'
[7.446s] INFO:colcon.colcon_core.shell:Creating prefix script '/home/carbs/hdvio2.0/eigen_checks/install/local_setup.sh'
[7.447s] INFO:colcon.colcon_core.shell:Creating prefix util module '/home/carbs/hdvio2.0/eigen_checks/install/_local_setup_util_sh.py'
[7.448s] INFO:colcon.colcon_core.shell:Creating prefix chain script '/home/carbs/hdvio2.0/eigen_checks/install/setup.sh'
[7.449s] INFO:colcon.colcon_core.shell:Creating prefix script '/home/carbs/hdvio2.0/eigen_checks/install/local_setup.bash'
[7.450s] INFO:colcon.colcon_core.shell:Creating prefix chain script '/home/carbs/hdvio2.0/eigen_checks/install/setup.bash'
[7.451s] INFO:colcon.colcon_core.shell:Creating prefix script '/home/carbs/hdvio2.0/eigen_checks/install/local_setup.zsh'
[7.452s] INFO:colcon.colcon_core.shell:Creating prefix chain script '/home/carbs/hdvio2.0/eigen_checks/install/setup.zsh'
