[0.079s] DEBUG:colcon:Command line arguments: ['/usr/bin/colcon', 'build', '--base-paths', '/home/carbs/hdvio2.0', '--packages-select', 'minkindr', '--cmake-args', '-DBUILD_TESTING=OFF']
[0.079s] DEBUG:colcon:Parsed command line arguments: Namespace(log_base=None, log_level=None, verb_name='build', build_base='build', install_base='install', merge_install=False, symlink_install=False, test_result_base=None, continue_on_error=False, executor='parallel', parallel_workers=24, event_handlers=None, ignore_user_meta=False, metas=['./colcon.meta'], base_paths=['/home/carbs/hdvio2.0'], packages_ignore=None, packages_ignore_regex=None, paths=None, packages_up_to=None, packages_up_to_regex=None, packages_above=None, packages_above_and_dependencies=None, packages_above_depth=None, packages_select_by_dep=None, packages_skip_by_dep=None, packages_skip_up_to=None, packages_select_build_failed=False, packages_skip_build_finished=False, packages_select_test_failures=False, packages_skip_test_passed=False, packages_select=['minkindr'], packages_skip=None, packages_select_regex=None, packages_skip_regex=None, packages_start=None, packages_end=None, allow_overriding=[], cmake_args=['-DBUILD_TESTING=OFF'], cmake_target=None, cmake_target_skip_unavailable=False, cmake_clean_cache=False, cmake_clean_first=False, cmake_force_configure=False, ament_cmake_args=None, catkin_cmake_args=None, catkin_skip_building_tests=False, mixin_files=None, mixin=None, verb_parser=<colcon_mixin.mixin.mixin_argument.MixinArgumentDecorator object at 0x74a89746f970>, verb_extension=<colcon_core.verb.build.BuildVerb object at 0x74a89746f4c0>, main=<bound method BuildVerb.main of <colcon_core.verb.build.BuildVerb object at 0x74a89746f4c0>>, mixin_verb=('build',))
[0.106s] Level 1:colcon.colcon_core.package_discovery:discover_packages(colcon_meta) check parameters
[0.106s] Level 1:colcon.colcon_core.package_discovery:discover_packages(recursive) check parameters
[0.106s] Level 1:colcon.colcon_core.package_discovery:discover_packages(ignore) check parameters
[0.106s] Level 1:colcon.colcon_core.package_discovery:discover_packages(path) check parameters
[0.106s] Level 1:colcon.colcon_core.package_discovery:discover_packages(recursive) discover
[0.107s] INFO:colcon.colcon_core.package_discovery:Crawling recursively for packages in '/home/carbs/hdvio2.0'
[0.107s] Level 1:colcon.colcon_core.package_identification:_identify(/home/carbs/hdvio2.0) by extensions ['ignore', 'ignore_ament_install']
[0.107s] Level 1:colcon.colcon_core.package_identification:_identify(/home/carbs/hdvio2.0) by extension 'ignore'
[0.107s] Level 1:colcon.colcon_core.package_identification:_identify(/home/carbs/hdvio2.0) by extension 'ignore_ament_install'
[0.107s] Level 1:colcon.colcon_core.package_identification:_identify(/home/carbs/hdvio2.0) by extensions ['colcon_pkg']
[0.107s] Level 1:colcon.colcon_core.package_identification:_identify(/home/carbs/hdvio2.0) by extension 'colcon_pkg'
[0.107s] Level 1:colcon.colcon_core.package_identification:_identify(/home/carbs/hdvio2.0) by extensions ['colcon_meta']
[0.107s] Level 1:colcon.colcon_core.package_identification:_identify(/home/carbs/hdvio2.0) by extension 'colcon_meta'
[0.107s] Level 1:colcon.colcon_core.package_identification:_identify(/home/carbs/hdvio2.0) by extensions ['ros']
[0.107s] Level 1:colcon.colcon_core.package_identification:_identify(/home/carbs/hdvio2.0) by extension 'ros'
[0.118s] Level 1:colcon.colcon_core.package_identification:_identify(/home/carbs/hdvio2.0) by extensions ['cmake', 'python']
[0.118s] Level 1:colcon.colcon_core.package_identification:_identify(/home/carbs/hdvio2.0) by extension 'cmake'
[0.118s] Level 1:colcon.colcon_core.package_identification:_identify(/home/carbs/hdvio2.0) by extension 'python'
[0.118s] Level 1:colcon.colcon_core.package_identification:_identify(/home/carbs/hdvio2.0) by extensions ['python_setup_py']
[0.118s] Level 1:colcon.colcon_core.package_identification:_identify(/home/carbs/hdvio2.0) by extension 'python_setup_py'
[0.118s] Level 1:colcon.colcon_core.package_identification:_identify(/home/carbs/hdvio2.0/build) by extensions ['ignore', 'ignore_ament_install']
[0.118s] Level 1:colcon.colcon_core.package_identification:_identify(/home/carbs/hdvio2.0/build) by extension 'ignore'
[0.118s] Level 1:colcon.colcon_core.package_identification:_identify(/home/carbs/hdvio2.0/build) ignored
[0.118s] Level 1:colcon.colcon_core.package_identification:_identify(/home/carbs/hdvio2.0/catkin_simple) by extensions ['ignore', 'ignore_ament_install']
[0.118s] Level 1:colcon.colcon_core.package_identification:_identify(/home/carbs/hdvio2.0/catkin_simple) by extension 'ignore'
[0.118s] Level 1:colcon.colcon_core.package_identification:_identify(/home/carbs/hdvio2.0/catkin_simple) by extension 'ignore_ament_install'
[0.118s] Level 1:colcon.colcon_core.package_identification:_identify(/home/carbs/hdvio2.0/catkin_simple) by extensions ['colcon_pkg']
[0.118s] Level 1:colcon.colcon_core.package_identification:_identify(/home/carbs/hdvio2.0/catkin_simple) by extension 'colcon_pkg'
[0.118s] Level 1:colcon.colcon_core.package_identification:_identify(/home/carbs/hdvio2.0/catkin_simple) by extensions ['colcon_meta']
[0.118s] Level 1:colcon.colcon_core.package_identification:_identify(/home/carbs/hdvio2.0/catkin_simple) by extension 'colcon_meta'
[0.118s] Level 1:colcon.colcon_core.package_identification:_identify(/home/carbs/hdvio2.0/catkin_simple) by extensions ['ros']
[0.118s] Level 1:colcon.colcon_core.package_identification:_identify(/home/carbs/hdvio2.0/catkin_simple) by extension 'ros'
[0.120s] DEBUG:colcon.colcon_core.package_identification:Package '/home/carbs/hdvio2.0/catkin_simple' with type 'ros.catkin' and name 'catkin_simple'
[0.120s] Level 1:colcon.colcon_core.package_identification:_identify(/home/carbs/hdvio2.0/ceres_catkin) by extensions ['ignore', 'ignore_ament_install']
[0.120s] Level 1:colcon.colcon_core.package_identification:_identify(/home/carbs/hdvio2.0/ceres_catkin) by extension 'ignore'
[0.120s] Level 1:colcon.colcon_core.package_identification:_identify(/home/carbs/hdvio2.0/ceres_catkin) by extension 'ignore_ament_install'
[0.120s] Level 1:colcon.colcon_core.package_identification:_identify(/home/carbs/hdvio2.0/ceres_catkin) by extensions ['colcon_pkg']
[0.120s] Level 1:colcon.colcon_core.package_identification:_identify(/home/carbs/hdvio2.0/ceres_catkin) by extension 'colcon_pkg'
[0.120s] Level 1:colcon.colcon_core.package_identification:_identify(/home/carbs/hdvio2.0/ceres_catkin) by extensions ['colcon_meta']
[0.120s] Level 1:colcon.colcon_core.package_identification:_identify(/home/carbs/hdvio2.0/ceres_catkin) by extension 'colcon_meta'
[0.120s] Level 1:colcon.colcon_core.package_identification:_identify(/home/carbs/hdvio2.0/ceres_catkin) by extensions ['ros']
[0.120s] Level 1:colcon.colcon_core.package_identification:_identify(/home/carbs/hdvio2.0/ceres_catkin) by extension 'ros'
[0.121s] DEBUG:colcon.colcon_core.package_identification:Package '/home/carbs/hdvio2.0/ceres_catkin' with type 'ros.catkin' and name 'ceres_catkin'
[0.121s] Level 1:colcon.colcon_core.package_identification:_identify(/home/carbs/hdvio2.0/eigen_catkin) by extensions ['ignore', 'ignore_ament_install']
[0.121s] Level 1:colcon.colcon_core.package_identification:_identify(/home/carbs/hdvio2.0/eigen_catkin) by extension 'ignore'
[0.121s] Level 1:colcon.colcon_core.package_identification:_identify(/home/carbs/hdvio2.0/eigen_catkin) by extension 'ignore_ament_install'
[0.121s] Level 1:colcon.colcon_core.package_identification:_identify(/home/carbs/hdvio2.0/eigen_catkin) by extensions ['colcon_pkg']
[0.121s] Level 1:colcon.colcon_core.package_identification:_identify(/home/carbs/hdvio2.0/eigen_catkin) by extension 'colcon_pkg'
[0.121s] Level 1:colcon.colcon_core.package_identification:_identify(/home/carbs/hdvio2.0/eigen_catkin) by extensions ['colcon_meta']
[0.121s] Level 1:colcon.colcon_core.package_identification:_identify(/home/carbs/hdvio2.0/eigen_catkin) by extension 'colcon_meta'
[0.121s] Level 1:colcon.colcon_core.package_identification:_identify(/home/carbs/hdvio2.0/eigen_catkin) by extensions ['ros']
[0.121s] Level 1:colcon.colcon_core.package_identification:_identify(/home/carbs/hdvio2.0/eigen_catkin) by extension 'ros'
[0.121s] DEBUG:colcon.colcon_core.package_identification:Package '/home/carbs/hdvio2.0/eigen_catkin' with type 'ros.catkin' and name 'eigen_catkin'
[0.121s] Level 1:colcon.colcon_core.package_identification:_identify(/home/carbs/hdvio2.0/eigen_checks) by extensions ['ignore', 'ignore_ament_install']
[0.121s] Level 1:colcon.colcon_core.package_identification:_identify(/home/carbs/hdvio2.0/eigen_checks) by extension 'ignore'
[0.121s] Level 1:colcon.colcon_core.package_identification:_identify(/home/carbs/hdvio2.0/eigen_checks) by extension 'ignore_ament_install'
[0.122s] Level 1:colcon.colcon_core.package_identification:_identify(/home/carbs/hdvio2.0/eigen_checks) by extensions ['colcon_pkg']
[0.122s] Level 1:colcon.colcon_core.package_identification:_identify(/home/carbs/hdvio2.0/eigen_checks) by extension 'colcon_pkg'
[0.122s] Level 1:colcon.colcon_core.package_identification:_identify(/home/carbs/hdvio2.0/eigen_checks) by extensions ['colcon_meta']
[0.122s] Level 1:colcon.colcon_core.package_identification:_identify(/home/carbs/hdvio2.0/eigen_checks) by extension 'colcon_meta'
[0.122s] Level 1:colcon.colcon_core.package_identification:_identify(/home/carbs/hdvio2.0/eigen_checks) by extensions ['ros']
[0.122s] Level 1:colcon.colcon_core.package_identification:_identify(/home/carbs/hdvio2.0/eigen_checks) by extension 'ros'
[0.122s] DEBUG:colcon.colcon_core.package_identification:Package '/home/carbs/hdvio2.0/eigen_checks' with type 'ros.ament_cmake' and name 'eigen_checks'
[0.122s] Level 1:colcon.colcon_core.package_identification:_identify(/home/carbs/hdvio2.0/fast_neon) by extensions ['ignore', 'ignore_ament_install']
[0.122s] Level 1:colcon.colcon_core.package_identification:_identify(/home/carbs/hdvio2.0/fast_neon) by extension 'ignore'
[0.122s] Level 1:colcon.colcon_core.package_identification:_identify(/home/carbs/hdvio2.0/fast_neon) by extension 'ignore_ament_install'
[0.122s] Level 1:colcon.colcon_core.package_identification:_identify(/home/carbs/hdvio2.0/fast_neon) by extensions ['colcon_pkg']
[0.122s] Level 1:colcon.colcon_core.package_identification:_identify(/home/carbs/hdvio2.0/fast_neon) by extension 'colcon_pkg'
[0.122s] Level 1:colcon.colcon_core.package_identification:_identify(/home/carbs/hdvio2.0/fast_neon) by extensions ['colcon_meta']
[0.122s] Level 1:colcon.colcon_core.package_identification:_identify(/home/carbs/hdvio2.0/fast_neon) by extension 'colcon_meta'
[0.122s] Level 1:colcon.colcon_core.package_identification:_identify(/home/carbs/hdvio2.0/fast_neon) by extensions ['ros']
[0.122s] Level 1:colcon.colcon_core.package_identification:_identify(/home/carbs/hdvio2.0/fast_neon) by extension 'ros'
[0.123s] DEBUG:colcon.colcon_core.package_identification:Package '/home/carbs/hdvio2.0/fast_neon' with type 'ros.catkin' and name 'fast'
[0.123s] Level 1:colcon.colcon_core.package_identification:_identify(/home/carbs/hdvio2.0/gflags_catkin) by extensions ['ignore', 'ignore_ament_install']
[0.123s] Level 1:colcon.colcon_core.package_identification:_identify(/home/carbs/hdvio2.0/gflags_catkin) by extension 'ignore'
[0.123s] Level 1:colcon.colcon_core.package_identification:_identify(/home/carbs/hdvio2.0/gflags_catkin) by extension 'ignore_ament_install'
[0.123s] Level 1:colcon.colcon_core.package_identification:_identify(/home/carbs/hdvio2.0/gflags_catkin) by extensions ['colcon_pkg']
[0.123s] Level 1:colcon.colcon_core.package_identification:_identify(/home/carbs/hdvio2.0/gflags_catkin) by extension 'colcon_pkg'
[0.123s] Level 1:colcon.colcon_core.package_identification:_identify(/home/carbs/hdvio2.0/gflags_catkin) by extensions ['colcon_meta']
[0.123s] Level 1:colcon.colcon_core.package_identification:_identify(/home/carbs/hdvio2.0/gflags_catkin) by extension 'colcon_meta'
[0.123s] Level 1:colcon.colcon_core.package_identification:_identify(/home/carbs/hdvio2.0/gflags_catkin) by extensions ['ros']
[0.123s] Level 1:colcon.colcon_core.package_identification:_identify(/home/carbs/hdvio2.0/gflags_catkin) by extension 'ros'
[0.123s] DEBUG:colcon.colcon_core.package_identification:Package '/home/carbs/hdvio2.0/gflags_catkin' with type 'ros.catkin' and name 'gflags_catkin'
[0.123s] Level 1:colcon.colcon_core.package_identification:_identify(/home/carbs/hdvio2.0/glog_catkin) by extensions ['ignore', 'ignore_ament_install']
[0.124s] Level 1:colcon.colcon_core.package_identification:_identify(/home/carbs/hdvio2.0/glog_catkin) by extension 'ignore'
[0.124s] Level 1:colcon.colcon_core.package_identification:_identify(/home/carbs/hdvio2.0/glog_catkin) by extension 'ignore_ament_install'
[0.124s] Level 1:colcon.colcon_core.package_identification:_identify(/home/carbs/hdvio2.0/glog_catkin) by extensions ['colcon_pkg']
[0.124s] Level 1:colcon.colcon_core.package_identification:_identify(/home/carbs/hdvio2.0/glog_catkin) by extension 'colcon_pkg'
[0.124s] Level 1:colcon.colcon_core.package_identification:_identify(/home/carbs/hdvio2.0/glog_catkin) by extensions ['colcon_meta']
[0.124s] Level 1:colcon.colcon_core.package_identification:_identify(/home/carbs/hdvio2.0/glog_catkin) by extension 'colcon_meta'
[0.124s] Level 1:colcon.colcon_core.package_identification:_identify(/home/carbs/hdvio2.0/glog_catkin) by extensions ['ros']
[0.124s] Level 1:colcon.colcon_core.package_identification:_identify(/home/carbs/hdvio2.0/glog_catkin) by extension 'ros'
[0.124s] DEBUG:colcon.colcon_core.package_identification:Package '/home/carbs/hdvio2.0/glog_catkin' with type 'ros.catkin' and name 'glog_catkin'
[0.124s] Level 1:colcon.colcon_core.package_identification:_identify(/home/carbs/hdvio2.0/hdvio2) by extensions ['ignore', 'ignore_ament_install']
[0.124s] Level 1:colcon.colcon_core.package_identification:_identify(/home/carbs/hdvio2.0/hdvio2) by extension 'ignore'
[0.124s] Level 1:colcon.colcon_core.package_identification:_identify(/home/carbs/hdvio2.0/hdvio2) by extension 'ignore_ament_install'
[0.124s] Level 1:colcon.colcon_core.package_identification:_identify(/home/carbs/hdvio2.0/hdvio2) by extensions ['colcon_pkg']
[0.124s] Level 1:colcon.colcon_core.package_identification:_identify(/home/carbs/hdvio2.0/hdvio2) by extension 'colcon_pkg'
[0.124s] Level 1:colcon.colcon_core.package_identification:_identify(/home/carbs/hdvio2.0/hdvio2) by extensions ['colcon_meta']
[0.124s] Level 1:colcon.colcon_core.package_identification:_identify(/home/carbs/hdvio2.0/hdvio2) by extension 'colcon_meta'
[0.124s] Level 1:colcon.colcon_core.package_identification:_identify(/home/carbs/hdvio2.0/hdvio2) by extensions ['ros']
[0.124s] Level 1:colcon.colcon_core.package_identification:_identify(/home/carbs/hdvio2.0/hdvio2) by extension 'ros'
[0.126s] DEBUG:colcon.colcon_core.package_identification:Package '/home/carbs/hdvio2.0/hdvio2' with type 'ros.catkin' and name 'hdvio2'
[0.126s] Level 1:colcon.colcon_core.package_identification:_identify(/home/carbs/hdvio2.0/img) by extensions ['ignore', 'ignore_ament_install']
[0.126s] Level 1:colcon.colcon_core.package_identification:_identify(/home/carbs/hdvio2.0/img) by extension 'ignore'
[0.126s] Level 1:colcon.colcon_core.package_identification:_identify(/home/carbs/hdvio2.0/img) by extension 'ignore_ament_install'
[0.126s] Level 1:colcon.colcon_core.package_identification:_identify(/home/carbs/hdvio2.0/img) by extensions ['colcon_pkg']
[0.126s] Level 1:colcon.colcon_core.package_identification:_identify(/home/carbs/hdvio2.0/img) by extension 'colcon_pkg'
[0.126s] Level 1:colcon.colcon_core.package_identification:_identify(/home/carbs/hdvio2.0/img) by extensions ['colcon_meta']
[0.126s] Level 1:colcon.colcon_core.package_identification:_identify(/home/carbs/hdvio2.0/img) by extension 'colcon_meta'
[0.127s] Level 1:colcon.colcon_core.package_identification:_identify(/home/carbs/hdvio2.0/img) by extensions ['ros']
[0.127s] Level 1:colcon.colcon_core.package_identification:_identify(/home/carbs/hdvio2.0/img) by extension 'ros'
[0.127s] Level 1:colcon.colcon_core.package_identification:_identify(/home/carbs/hdvio2.0/img) by extensions ['cmake', 'python']
[0.127s] Level 1:colcon.colcon_core.package_identification:_identify(/home/carbs/hdvio2.0/img) by extension 'cmake'
[0.127s] Level 1:colcon.colcon_core.package_identification:_identify(/home/carbs/hdvio2.0/img) by extension 'python'
[0.127s] Level 1:colcon.colcon_core.package_identification:_identify(/home/carbs/hdvio2.0/img) by extensions ['python_setup_py']
[0.127s] Level 1:colcon.colcon_core.package_identification:_identify(/home/carbs/hdvio2.0/img) by extension 'python_setup_py'
[0.127s] Level 1:colcon.colcon_core.package_identification:_identify(/home/carbs/hdvio2.0/install) by extensions ['ignore', 'ignore_ament_install']
[0.127s] Level 1:colcon.colcon_core.package_identification:_identify(/home/carbs/hdvio2.0/install) by extension 'ignore'
[0.127s] Level 1:colcon.colcon_core.package_identification:_identify(/home/carbs/hdvio2.0/install) ignored
[0.127s] Level 1:colcon.colcon_core.package_identification:_identify(/home/carbs/hdvio2.0/log) by extensions ['ignore', 'ignore_ament_install']
[0.127s] Level 1:colcon.colcon_core.package_identification:_identify(/home/carbs/hdvio2.0/log) by extension 'ignore'
[0.127s] Level 1:colcon.colcon_core.package_identification:_identify(/home/carbs/hdvio2.0/log) ignored
[0.127s] Level 1:colcon.colcon_core.package_identification:_identify(/home/carbs/hdvio2.0/minkindr) by extensions ['ignore', 'ignore_ament_install']
[0.127s] Level 1:colcon.colcon_core.package_identification:_identify(/home/carbs/hdvio2.0/minkindr) by extension 'ignore'
[0.127s] Level 1:colcon.colcon_core.package_identification:_identify(/home/carbs/hdvio2.0/minkindr) by extension 'ignore_ament_install'
[0.127s] Level 1:colcon.colcon_core.package_identification:_identify(/home/carbs/hdvio2.0/minkindr) by extensions ['colcon_pkg']
[0.127s] Level 1:colcon.colcon_core.package_identification:_identify(/home/carbs/hdvio2.0/minkindr) by extension 'colcon_pkg'
[0.127s] Level 1:colcon.colcon_core.package_identification:_identify(/home/carbs/hdvio2.0/minkindr) by extensions ['colcon_meta']
[0.127s] Level 1:colcon.colcon_core.package_identification:_identify(/home/carbs/hdvio2.0/minkindr) by extension 'colcon_meta'
[0.127s] Level 1:colcon.colcon_core.package_identification:_identify(/home/carbs/hdvio2.0/minkindr) by extensions ['ros']
[0.127s] Level 1:colcon.colcon_core.package_identification:_identify(/home/carbs/hdvio2.0/minkindr) by extension 'ros'
[0.127s] Level 1:colcon.colcon_core.package_identification:_identify(/home/carbs/hdvio2.0/minkindr) by extensions ['cmake', 'python']
[0.128s] Level 1:colcon.colcon_core.package_identification:_identify(/home/carbs/hdvio2.0/minkindr) by extension 'cmake'
[0.128s] Level 1:colcon.colcon_core.package_identification:_identify(/home/carbs/hdvio2.0/minkindr) by extension 'python'
[0.128s] Level 1:colcon.colcon_core.package_identification:_identify(/home/carbs/hdvio2.0/minkindr) by extensions ['python_setup_py']
[0.128s] Level 1:colcon.colcon_core.package_identification:_identify(/home/carbs/hdvio2.0/minkindr) by extension 'python_setup_py'
[0.128s] Level 1:colcon.colcon_core.package_identification:_identify(/home/carbs/hdvio2.0/minkindr/minkindr) by extensions ['ignore', 'ignore_ament_install']
[0.128s] Level 1:colcon.colcon_core.package_identification:_identify(/home/carbs/hdvio2.0/minkindr/minkindr) by extension 'ignore'
[0.128s] Level 1:colcon.colcon_core.package_identification:_identify(/home/carbs/hdvio2.0/minkindr/minkindr) by extension 'ignore_ament_install'
[0.128s] Level 1:colcon.colcon_core.package_identification:_identify(/home/carbs/hdvio2.0/minkindr/minkindr) by extensions ['colcon_pkg']
[0.128s] Level 1:colcon.colcon_core.package_identification:_identify(/home/carbs/hdvio2.0/minkindr/minkindr) by extension 'colcon_pkg'
[0.128s] Level 1:colcon.colcon_core.package_identification:_identify(/home/carbs/hdvio2.0/minkindr/minkindr) by extensions ['colcon_meta']
[0.128s] Level 1:colcon.colcon_core.package_identification:_identify(/home/carbs/hdvio2.0/minkindr/minkindr) by extension 'colcon_meta'
[0.128s] Level 1:colcon.colcon_core.package_identification:_identify(/home/carbs/hdvio2.0/minkindr/minkindr) by extensions ['ros']
[0.128s] Level 1:colcon.colcon_core.package_identification:_identify(/home/carbs/hdvio2.0/minkindr/minkindr) by extension 'ros'
[0.128s] DEBUG:colcon.colcon_core.package_identification:Package '/home/carbs/hdvio2.0/minkindr/minkindr' with type 'ros.ament_cmake' and name 'minkindr'
[0.128s] Level 1:colcon.colcon_core.package_identification:_identify(/home/carbs/hdvio2.0/minkindr/minkindr_python) by extensions ['ignore', 'ignore_ament_install']
[0.129s] Level 1:colcon.colcon_core.package_identification:_identify(/home/carbs/hdvio2.0/minkindr/minkindr_python) by extension 'ignore'
[0.129s] Level 1:colcon.colcon_core.package_identification:_identify(/home/carbs/hdvio2.0/minkindr/minkindr_python) by extension 'ignore_ament_install'
[0.129s] Level 1:colcon.colcon_core.package_identification:_identify(/home/carbs/hdvio2.0/minkindr/minkindr_python) by extensions ['colcon_pkg']
[0.129s] Level 1:colcon.colcon_core.package_identification:_identify(/home/carbs/hdvio2.0/minkindr/minkindr_python) by extension 'colcon_pkg'
[0.129s] Level 1:colcon.colcon_core.package_identification:_identify(/home/carbs/hdvio2.0/minkindr/minkindr_python) by extensions ['colcon_meta']
[0.129s] Level 1:colcon.colcon_core.package_identification:_identify(/home/carbs/hdvio2.0/minkindr/minkindr_python) by extension 'colcon_meta'
[0.129s] Level 1:colcon.colcon_core.package_identification:_identify(/home/carbs/hdvio2.0/minkindr/minkindr_python) by extensions ['ros']
[0.129s] Level 1:colcon.colcon_core.package_identification:_identify(/home/carbs/hdvio2.0/minkindr/minkindr_python) by extension 'ros'
[0.129s] DEBUG:colcon.colcon_core.package_identification:Package '/home/carbs/hdvio2.0/minkindr/minkindr_python' with type 'ros.catkin' and name 'minkindr_python'
[0.129s] Level 1:colcon.colcon_core.package_identification:_identify(/home/carbs/hdvio2.0/minkindr_ros) by extensions ['ignore', 'ignore_ament_install']
[0.129s] Level 1:colcon.colcon_core.package_identification:_identify(/home/carbs/hdvio2.0/minkindr_ros) by extension 'ignore'
[0.129s] Level 1:colcon.colcon_core.package_identification:_identify(/home/carbs/hdvio2.0/minkindr_ros) by extension 'ignore_ament_install'
[0.129s] Level 1:colcon.colcon_core.package_identification:_identify(/home/carbs/hdvio2.0/minkindr_ros) by extensions ['colcon_pkg']
[0.129s] Level 1:colcon.colcon_core.package_identification:_identify(/home/carbs/hdvio2.0/minkindr_ros) by extension 'colcon_pkg'
[0.129s] Level 1:colcon.colcon_core.package_identification:_identify(/home/carbs/hdvio2.0/minkindr_ros) by extensions ['colcon_meta']
[0.130s] Level 1:colcon.colcon_core.package_identification:_identify(/home/carbs/hdvio2.0/minkindr_ros) by extension 'colcon_meta'
[0.130s] Level 1:colcon.colcon_core.package_identification:_identify(/home/carbs/hdvio2.0/minkindr_ros) by extensions ['ros']
[0.130s] Level 1:colcon.colcon_core.package_identification:_identify(/home/carbs/hdvio2.0/minkindr_ros) by extension 'ros'
[0.130s] Level 1:colcon.colcon_core.package_identification:_identify(/home/carbs/hdvio2.0/minkindr_ros) by extensions ['cmake', 'python']
[0.130s] Level 1:colcon.colcon_core.package_identification:_identify(/home/carbs/hdvio2.0/minkindr_ros) by extension 'cmake'
[0.130s] Level 1:colcon.colcon_core.package_identification:_identify(/home/carbs/hdvio2.0/minkindr_ros) by extension 'python'
[0.130s] Level 1:colcon.colcon_core.package_identification:_identify(/home/carbs/hdvio2.0/minkindr_ros) by extensions ['python_setup_py']
[0.130s] Level 1:colcon.colcon_core.package_identification:_identify(/home/carbs/hdvio2.0/minkindr_ros) by extension 'python_setup_py'
[0.130s] Level 1:colcon.colcon_core.package_identification:_identify(/home/carbs/hdvio2.0/minkindr_ros/minkindr_conversions) by extensions ['ignore', 'ignore_ament_install']
[0.130s] Level 1:colcon.colcon_core.package_identification:_identify(/home/carbs/hdvio2.0/minkindr_ros/minkindr_conversions) by extension 'ignore'
[0.130s] Level 1:colcon.colcon_core.package_identification:_identify(/home/carbs/hdvio2.0/minkindr_ros/minkindr_conversions) by extension 'ignore_ament_install'
[0.130s] Level 1:colcon.colcon_core.package_identification:_identify(/home/carbs/hdvio2.0/minkindr_ros/minkindr_conversions) by extensions ['colcon_pkg']
[0.130s] Level 1:colcon.colcon_core.package_identification:_identify(/home/carbs/hdvio2.0/minkindr_ros/minkindr_conversions) by extension 'colcon_pkg'
[0.130s] Level 1:colcon.colcon_core.package_identification:_identify(/home/carbs/hdvio2.0/minkindr_ros/minkindr_conversions) by extensions ['colcon_meta']
[0.130s] Level 1:colcon.colcon_core.package_identification:_identify(/home/carbs/hdvio2.0/minkindr_ros/minkindr_conversions) by extension 'colcon_meta'
[0.130s] Level 1:colcon.colcon_core.package_identification:_identify(/home/carbs/hdvio2.0/minkindr_ros/minkindr_conversions) by extensions ['ros']
[0.130s] Level 1:colcon.colcon_core.package_identification:_identify(/home/carbs/hdvio2.0/minkindr_ros/minkindr_conversions) by extension 'ros'
[0.131s] DEBUG:colcon.colcon_core.package_identification:Package '/home/carbs/hdvio2.0/minkindr_ros/minkindr_conversions' with type 'ros.catkin' and name 'minkindr_conversions'
[0.131s] Level 1:colcon.colcon_core.package_identification:_identify(/home/carbs/hdvio2.0/opengv) by extensions ['ignore', 'ignore_ament_install']
[0.131s] Level 1:colcon.colcon_core.package_identification:_identify(/home/carbs/hdvio2.0/opengv) by extension 'ignore'
[0.131s] Level 1:colcon.colcon_core.package_identification:_identify(/home/carbs/hdvio2.0/opengv) by extension 'ignore_ament_install'
[0.131s] Level 1:colcon.colcon_core.package_identification:_identify(/home/carbs/hdvio2.0/opengv) by extensions ['colcon_pkg']
[0.131s] Level 1:colcon.colcon_core.package_identification:_identify(/home/carbs/hdvio2.0/opengv) by extension 'colcon_pkg'
[0.131s] Level 1:colcon.colcon_core.package_identification:_identify(/home/carbs/hdvio2.0/opengv) by extensions ['colcon_meta']
[0.131s] Level 1:colcon.colcon_core.package_identification:_identify(/home/carbs/hdvio2.0/opengv) by extension 'colcon_meta'
[0.131s] Level 1:colcon.colcon_core.package_identification:_identify(/home/carbs/hdvio2.0/opengv) by extensions ['ros']
[0.131s] Level 1:colcon.colcon_core.package_identification:_identify(/home/carbs/hdvio2.0/opengv) by extension 'ros'
[0.131s] DEBUG:colcon.colcon_core.package_identification:Package '/home/carbs/hdvio2.0/opengv' with type 'ros.catkin' and name 'opengv'
[0.132s] Level 1:colcon.colcon_core.package_identification:_identify(/home/carbs/hdvio2.0/rpg_common) by extensions ['ignore', 'ignore_ament_install']
[0.132s] Level 1:colcon.colcon_core.package_identification:_identify(/home/carbs/hdvio2.0/rpg_common) by extension 'ignore'
[0.132s] Level 1:colcon.colcon_core.package_identification:_identify(/home/carbs/hdvio2.0/rpg_common) by extension 'ignore_ament_install'
[0.132s] Level 1:colcon.colcon_core.package_identification:_identify(/home/carbs/hdvio2.0/rpg_common) by extensions ['colcon_pkg']
[0.132s] Level 1:colcon.colcon_core.package_identification:_identify(/home/carbs/hdvio2.0/rpg_common) by extension 'colcon_pkg'
[0.132s] Level 1:colcon.colcon_core.package_identification:_identify(/home/carbs/hdvio2.0/rpg_common) by extensions ['colcon_meta']
[0.132s] Level 1:colcon.colcon_core.package_identification:_identify(/home/carbs/hdvio2.0/rpg_common) by extension 'colcon_meta'
[0.132s] Level 1:colcon.colcon_core.package_identification:_identify(/home/carbs/hdvio2.0/rpg_common) by extensions ['ros']
[0.132s] Level 1:colcon.colcon_core.package_identification:_identify(/home/carbs/hdvio2.0/rpg_common) by extension 'ros'
[0.132s] DEBUG:colcon.colcon_core.package_identification:Package '/home/carbs/hdvio2.0/rpg_common' with type 'ros.catkin' and name 'rpg_common'
[0.133s] Level 1:colcon.colcon_core.package_identification:_identify(/home/carbs/hdvio2.0/svo) by extensions ['ignore', 'ignore_ament_install']
[0.133s] Level 1:colcon.colcon_core.package_identification:_identify(/home/carbs/hdvio2.0/svo) by extension 'ignore'
[0.133s] Level 1:colcon.colcon_core.package_identification:_identify(/home/carbs/hdvio2.0/svo) by extension 'ignore_ament_install'
[0.133s] Level 1:colcon.colcon_core.package_identification:_identify(/home/carbs/hdvio2.0/svo) by extensions ['colcon_pkg']
[0.133s] Level 1:colcon.colcon_core.package_identification:_identify(/home/carbs/hdvio2.0/svo) by extension 'colcon_pkg'
[0.133s] Level 1:colcon.colcon_core.package_identification:_identify(/home/carbs/hdvio2.0/svo) by extensions ['colcon_meta']
[0.133s] Level 1:colcon.colcon_core.package_identification:_identify(/home/carbs/hdvio2.0/svo) by extension 'colcon_meta'
[0.133s] Level 1:colcon.colcon_core.package_identification:_identify(/home/carbs/hdvio2.0/svo) by extensions ['ros']
[0.133s] Level 1:colcon.colcon_core.package_identification:_identify(/home/carbs/hdvio2.0/svo) by extension 'ros'
[0.134s] DEBUG:colcon.colcon_core.package_identification:Package '/home/carbs/hdvio2.0/svo' with type 'ros.catkin' and name 'svo'
[0.134s] Level 1:colcon.colcon_core.package_identification:_identify(/home/carbs/hdvio2.0/svo_benchmarking) by extensions ['ignore', 'ignore_ament_install']
[0.134s] Level 1:colcon.colcon_core.package_identification:_identify(/home/carbs/hdvio2.0/svo_benchmarking) by extension 'ignore'
[0.134s] Level 1:colcon.colcon_core.package_identification:_identify(/home/carbs/hdvio2.0/svo_benchmarking) by extension 'ignore_ament_install'
[0.135s] Level 1:colcon.colcon_core.package_identification:_identify(/home/carbs/hdvio2.0/svo_benchmarking) by extensions ['colcon_pkg']
[0.135s] Level 1:colcon.colcon_core.package_identification:_identify(/home/carbs/hdvio2.0/svo_benchmarking) by extension 'colcon_pkg'
[0.135s] Level 1:colcon.colcon_core.package_identification:_identify(/home/carbs/hdvio2.0/svo_benchmarking) by extensions ['colcon_meta']
[0.135s] Level 1:colcon.colcon_core.package_identification:_identify(/home/carbs/hdvio2.0/svo_benchmarking) by extension 'colcon_meta'
[0.135s] Level 1:colcon.colcon_core.package_identification:_identify(/home/carbs/hdvio2.0/svo_benchmarking) by extensions ['ros']
[0.135s] Level 1:colcon.colcon_core.package_identification:_identify(/home/carbs/hdvio2.0/svo_benchmarking) by extension 'ros'
[0.135s] DEBUG:colcon.colcon_core.package_identification:Package '/home/carbs/hdvio2.0/svo_benchmarking' with type 'ros.catkin' and name 'svo_benchmarking'
[0.136s] Level 1:colcon.colcon_core.package_identification:_identify(/home/carbs/hdvio2.0/svo_ceres_backend) by extensions ['ignore', 'ignore_ament_install']
[0.136s] Level 1:colcon.colcon_core.package_identification:_identify(/home/carbs/hdvio2.0/svo_ceres_backend) by extension 'ignore'
[0.136s] Level 1:colcon.colcon_core.package_identification:_identify(/home/carbs/hdvio2.0/svo_ceres_backend) by extension 'ignore_ament_install'
[0.136s] Level 1:colcon.colcon_core.package_identification:_identify(/home/carbs/hdvio2.0/svo_ceres_backend) by extensions ['colcon_pkg']
[0.136s] Level 1:colcon.colcon_core.package_identification:_identify(/home/carbs/hdvio2.0/svo_ceres_backend) by extension 'colcon_pkg'
[0.136s] Level 1:colcon.colcon_core.package_identification:_identify(/home/carbs/hdvio2.0/svo_ceres_backend) by extensions ['colcon_meta']
[0.136s] Level 1:colcon.colcon_core.package_identification:_identify(/home/carbs/hdvio2.0/svo_ceres_backend) by extension 'colcon_meta'
[0.136s] Level 1:colcon.colcon_core.package_identification:_identify(/home/carbs/hdvio2.0/svo_ceres_backend) by extensions ['ros']
[0.136s] Level 1:colcon.colcon_core.package_identification:_identify(/home/carbs/hdvio2.0/svo_ceres_backend) by extension 'ros'
[0.136s] DEBUG:colcon.colcon_core.package_identification:Package '/home/carbs/hdvio2.0/svo_ceres_backend' with type 'ros.catkin' and name 'svo_ceres_backend'
[0.137s] Level 1:colcon.colcon_core.package_identification:_identify(/home/carbs/hdvio2.0/svo_cmake) by extensions ['ignore', 'ignore_ament_install']
[0.137s] Level 1:colcon.colcon_core.package_identification:_identify(/home/carbs/hdvio2.0/svo_cmake) by extension 'ignore'
[0.137s] Level 1:colcon.colcon_core.package_identification:_identify(/home/carbs/hdvio2.0/svo_cmake) by extension 'ignore_ament_install'
[0.137s] Level 1:colcon.colcon_core.package_identification:_identify(/home/carbs/hdvio2.0/svo_cmake) by extensions ['colcon_pkg']
[0.137s] Level 1:colcon.colcon_core.package_identification:_identify(/home/carbs/hdvio2.0/svo_cmake) by extension 'colcon_pkg'
[0.137s] Level 1:colcon.colcon_core.package_identification:_identify(/home/carbs/hdvio2.0/svo_cmake) by extensions ['colcon_meta']
[0.137s] Level 1:colcon.colcon_core.package_identification:_identify(/home/carbs/hdvio2.0/svo_cmake) by extension 'colcon_meta'
[0.137s] Level 1:colcon.colcon_core.package_identification:_identify(/home/carbs/hdvio2.0/svo_cmake) by extensions ['ros']
[0.137s] Level 1:colcon.colcon_core.package_identification:_identify(/home/carbs/hdvio2.0/svo_cmake) by extension 'ros'
[0.137s] DEBUG:colcon.colcon_core.package_identification:Package '/home/carbs/hdvio2.0/svo_cmake' with type 'ros.ament_cmake' and name 'svo_cmake'
[0.138s] Level 1:colcon.colcon_core.package_identification:_identify(/home/carbs/hdvio2.0/svo_common) by extensions ['ignore', 'ignore_ament_install']
[0.138s] Level 1:colcon.colcon_core.package_identification:_identify(/home/carbs/hdvio2.0/svo_common) by extension 'ignore'
[0.138s] Level 1:colcon.colcon_core.package_identification:_identify(/home/carbs/hdvio2.0/svo_common) by extension 'ignore_ament_install'
[0.138s] Level 1:colcon.colcon_core.package_identification:_identify(/home/carbs/hdvio2.0/svo_common) by extensions ['colcon_pkg']
[0.138s] Level 1:colcon.colcon_core.package_identification:_identify(/home/carbs/hdvio2.0/svo_common) by extension 'colcon_pkg'
[0.138s] Level 1:colcon.colcon_core.package_identification:_identify(/home/carbs/hdvio2.0/svo_common) by extensions ['colcon_meta']
[0.138s] Level 1:colcon.colcon_core.package_identification:_identify(/home/carbs/hdvio2.0/svo_common) by extension 'colcon_meta'
[0.138s] Level 1:colcon.colcon_core.package_identification:_identify(/home/carbs/hdvio2.0/svo_common) by extensions ['ros']
[0.138s] Level 1:colcon.colcon_core.package_identification:_identify(/home/carbs/hdvio2.0/svo_common) by extension 'ros'
[0.139s] DEBUG:colcon.colcon_core.package_identification:Package '/home/carbs/hdvio2.0/svo_common' with type 'ros.catkin' and name 'svo_common'
[0.139s] Level 1:colcon.colcon_core.package_identification:_identify(/home/carbs/hdvio2.0/svo_direct) by extensions ['ignore', 'ignore_ament_install']
[0.139s] Level 1:colcon.colcon_core.package_identification:_identify(/home/carbs/hdvio2.0/svo_direct) by extension 'ignore'
[0.139s] Level 1:colcon.colcon_core.package_identification:_identify(/home/carbs/hdvio2.0/svo_direct) by extension 'ignore_ament_install'
[0.139s] Level 1:colcon.colcon_core.package_identification:_identify(/home/carbs/hdvio2.0/svo_direct) by extensions ['colcon_pkg']
[0.139s] Level 1:colcon.colcon_core.package_identification:_identify(/home/carbs/hdvio2.0/svo_direct) by extension 'colcon_pkg'
[0.139s] Level 1:colcon.colcon_core.package_identification:_identify(/home/carbs/hdvio2.0/svo_direct) by extensions ['colcon_meta']
[0.139s] Level 1:colcon.colcon_core.package_identification:_identify(/home/carbs/hdvio2.0/svo_direct) by extension 'colcon_meta'
[0.139s] Level 1:colcon.colcon_core.package_identification:_identify(/home/carbs/hdvio2.0/svo_direct) by extensions ['ros']
[0.139s] Level 1:colcon.colcon_core.package_identification:_identify(/home/carbs/hdvio2.0/svo_direct) by extension 'ros'
[0.140s] DEBUG:colcon.colcon_core.package_identification:Package '/home/carbs/hdvio2.0/svo_direct' with type 'ros.catkin' and name 'svo_direct'
[0.140s] Level 1:colcon.colcon_core.package_identification:_identify(/home/carbs/hdvio2.0/svo_img_align) by extensions ['ignore', 'ignore_ament_install']
[0.140s] Level 1:colcon.colcon_core.package_identification:_identify(/home/carbs/hdvio2.0/svo_img_align) by extension 'ignore'
[0.140s] Level 1:colcon.colcon_core.package_identification:_identify(/home/carbs/hdvio2.0/svo_img_align) by extension 'ignore_ament_install'
[0.140s] Level 1:colcon.colcon_core.package_identification:_identify(/home/carbs/hdvio2.0/svo_img_align) by extensions ['colcon_pkg']
[0.140s] Level 1:colcon.colcon_core.package_identification:_identify(/home/carbs/hdvio2.0/svo_img_align) by extension 'colcon_pkg'
[0.140s] Level 1:colcon.colcon_core.package_identification:_identify(/home/carbs/hdvio2.0/svo_img_align) by extensions ['colcon_meta']
[0.140s] Level 1:colcon.colcon_core.package_identification:_identify(/home/carbs/hdvio2.0/svo_img_align) by extension 'colcon_meta'
[0.140s] Level 1:colcon.colcon_core.package_identification:_identify(/home/carbs/hdvio2.0/svo_img_align) by extensions ['ros']
[0.140s] Level 1:colcon.colcon_core.package_identification:_identify(/home/carbs/hdvio2.0/svo_img_align) by extension 'ros'
[0.141s] DEBUG:colcon.colcon_core.package_identification:Package '/home/carbs/hdvio2.0/svo_img_align' with type 'ros.catkin' and name 'svo_img_align'
[0.141s] Level 1:colcon.colcon_core.package_identification:_identify(/home/carbs/hdvio2.0/svo_msgs) by extensions ['ignore', 'ignore_ament_install']
[0.141s] Level 1:colcon.colcon_core.package_identification:_identify(/home/carbs/hdvio2.0/svo_msgs) by extension 'ignore'
[0.141s] Level 1:colcon.colcon_core.package_identification:_identify(/home/carbs/hdvio2.0/svo_msgs) by extension 'ignore_ament_install'
[0.141s] Level 1:colcon.colcon_core.package_identification:_identify(/home/carbs/hdvio2.0/svo_msgs) by extensions ['colcon_pkg']
[0.141s] Level 1:colcon.colcon_core.package_identification:_identify(/home/carbs/hdvio2.0/svo_msgs) by extension 'colcon_pkg'
[0.141s] Level 1:colcon.colcon_core.package_identification:_identify(/home/carbs/hdvio2.0/svo_msgs) by extensions ['colcon_meta']
[0.141s] Level 1:colcon.colcon_core.package_identification:_identify(/home/carbs/hdvio2.0/svo_msgs) by extension 'colcon_meta'
[0.141s] Level 1:colcon.colcon_core.package_identification:_identify(/home/carbs/hdvio2.0/svo_msgs) by extensions ['ros']
[0.141s] Level 1:colcon.colcon_core.package_identification:_identify(/home/carbs/hdvio2.0/svo_msgs) by extension 'ros'
[0.142s] DEBUG:colcon.colcon_core.package_identification:Package '/home/carbs/hdvio2.0/svo_msgs' with type 'ros.ament_cmake' and name 'svo_msgs'
[0.142s] Level 1:colcon.colcon_core.package_identification:_identify(/home/carbs/hdvio2.0/svo_test_utils) by extensions ['ignore', 'ignore_ament_install']
[0.142s] Level 1:colcon.colcon_core.package_identification:_identify(/home/carbs/hdvio2.0/svo_test_utils) by extension 'ignore'
[0.142s] Level 1:colcon.colcon_core.package_identification:_identify(/home/carbs/hdvio2.0/svo_test_utils) by extension 'ignore_ament_install'
[0.142s] Level 1:colcon.colcon_core.package_identification:_identify(/home/carbs/hdvio2.0/svo_test_utils) by extensions ['colcon_pkg']
[0.142s] Level 1:colcon.colcon_core.package_identification:_identify(/home/carbs/hdvio2.0/svo_test_utils) by extension 'colcon_pkg'
[0.142s] Level 1:colcon.colcon_core.package_identification:_identify(/home/carbs/hdvio2.0/svo_test_utils) by extensions ['colcon_meta']
[0.142s] Level 1:colcon.colcon_core.package_identification:_identify(/home/carbs/hdvio2.0/svo_test_utils) by extension 'colcon_meta'
[0.142s] Level 1:colcon.colcon_core.package_identification:_identify(/home/carbs/hdvio2.0/svo_test_utils) by extensions ['ros']
[0.142s] Level 1:colcon.colcon_core.package_identification:_identify(/home/carbs/hdvio2.0/svo_test_utils) by extension 'ros'
[0.143s] DEBUG:colcon.colcon_core.package_identification:Package '/home/carbs/hdvio2.0/svo_test_utils' with type 'ros.catkin' and name 'svo_test_utils'
[0.143s] Level 1:colcon.colcon_core.package_identification:_identify(/home/carbs/hdvio2.0/svo_tracker) by extensions ['ignore', 'ignore_ament_install']
[0.143s] Level 1:colcon.colcon_core.package_identification:_identify(/home/carbs/hdvio2.0/svo_tracker) by extension 'ignore'
[0.143s] Level 1:colcon.colcon_core.package_identification:_identify(/home/carbs/hdvio2.0/svo_tracker) by extension 'ignore_ament_install'
[0.143s] Level 1:colcon.colcon_core.package_identification:_identify(/home/carbs/hdvio2.0/svo_tracker) by extensions ['colcon_pkg']
[0.143s] Level 1:colcon.colcon_core.package_identification:_identify(/home/carbs/hdvio2.0/svo_tracker) by extension 'colcon_pkg'
[0.143s] Level 1:colcon.colcon_core.package_identification:_identify(/home/carbs/hdvio2.0/svo_tracker) by extensions ['colcon_meta']
[0.143s] Level 1:colcon.colcon_core.package_identification:_identify(/home/carbs/hdvio2.0/svo_tracker) by extension 'colcon_meta'
[0.143s] Level 1:colcon.colcon_core.package_identification:_identify(/home/carbs/hdvio2.0/svo_tracker) by extensions ['ros']
[0.143s] Level 1:colcon.colcon_core.package_identification:_identify(/home/carbs/hdvio2.0/svo_tracker) by extension 'ros'
[0.144s] DEBUG:colcon.colcon_core.package_identification:Package '/home/carbs/hdvio2.0/svo_tracker' with type 'ros.catkin' and name 'svo_tracker'
[0.144s] Level 1:colcon.colcon_core.package_identification:_identify(/home/carbs/hdvio2.0/svo_vio_common) by extensions ['ignore', 'ignore_ament_install']
[0.144s] Level 1:colcon.colcon_core.package_identification:_identify(/home/carbs/hdvio2.0/svo_vio_common) by extension 'ignore'
[0.144s] Level 1:colcon.colcon_core.package_identification:_identify(/home/carbs/hdvio2.0/svo_vio_common) by extension 'ignore_ament_install'
[0.144s] Level 1:colcon.colcon_core.package_identification:_identify(/home/carbs/hdvio2.0/svo_vio_common) by extensions ['colcon_pkg']
[0.144s] Level 1:colcon.colcon_core.package_identification:_identify(/home/carbs/hdvio2.0/svo_vio_common) by extension 'colcon_pkg'
[0.144s] Level 1:colcon.colcon_core.package_identification:_identify(/home/carbs/hdvio2.0/svo_vio_common) by extensions ['colcon_meta']
[0.144s] Level 1:colcon.colcon_core.package_identification:_identify(/home/carbs/hdvio2.0/svo_vio_common) by extension 'colcon_meta'
[0.144s] Level 1:colcon.colcon_core.package_identification:_identify(/home/carbs/hdvio2.0/svo_vio_common) by extensions ['ros']
[0.144s] Level 1:colcon.colcon_core.package_identification:_identify(/home/carbs/hdvio2.0/svo_vio_common) by extension 'ros'
[0.145s] DEBUG:colcon.colcon_core.package_identification:Package '/home/carbs/hdvio2.0/svo_vio_common' with type 'ros.catkin' and name 'svo_vio_common'
[0.145s] Level 1:colcon.colcon_core.package_identification:_identify(/home/carbs/hdvio2.0/vikit) by extensions ['ignore', 'ignore_ament_install']
[0.145s] Level 1:colcon.colcon_core.package_identification:_identify(/home/carbs/hdvio2.0/vikit) by extension 'ignore'
[0.145s] Level 1:colcon.colcon_core.package_identification:_identify(/home/carbs/hdvio2.0/vikit) by extension 'ignore_ament_install'
[0.145s] Level 1:colcon.colcon_core.package_identification:_identify(/home/carbs/hdvio2.0/vikit) by extensions ['colcon_pkg']
[0.145s] Level 1:colcon.colcon_core.package_identification:_identify(/home/carbs/hdvio2.0/vikit) by extension 'colcon_pkg'
[0.145s] Level 1:colcon.colcon_core.package_identification:_identify(/home/carbs/hdvio2.0/vikit) by extensions ['colcon_meta']
[0.145s] Level 1:colcon.colcon_core.package_identification:_identify(/home/carbs/hdvio2.0/vikit) by extension 'colcon_meta'
[0.145s] Level 1:colcon.colcon_core.package_identification:_identify(/home/carbs/hdvio2.0/vikit) by extensions ['ros']
[0.145s] Level 1:colcon.colcon_core.package_identification:_identify(/home/carbs/hdvio2.0/vikit) by extension 'ros'
[0.145s] Level 1:colcon.colcon_core.package_identification:_identify(/home/carbs/hdvio2.0/vikit) by extensions ['cmake', 'python']
[0.145s] Level 1:colcon.colcon_core.package_identification:_identify(/home/carbs/hdvio2.0/vikit) by extension 'cmake'
[0.145s] Level 1:colcon.colcon_core.package_identification:_identify(/home/carbs/hdvio2.0/vikit) by extension 'python'
[0.145s] Level 1:colcon.colcon_core.package_identification:_identify(/home/carbs/hdvio2.0/vikit) by extensions ['python_setup_py']
[0.145s] Level 1:colcon.colcon_core.package_identification:_identify(/home/carbs/hdvio2.0/vikit) by extension 'python_setup_py'
[0.145s] Level 1:colcon.colcon_core.package_identification:_identify(/home/carbs/hdvio2.0/vikit/vikit_cameras) by extensions ['ignore', 'ignore_ament_install']
[0.145s] Level 1:colcon.colcon_core.package_identification:_identify(/home/carbs/hdvio2.0/vikit/vikit_cameras) by extension 'ignore'
[0.145s] Level 1:colcon.colcon_core.package_identification:_identify(/home/carbs/hdvio2.0/vikit/vikit_cameras) by extension 'ignore_ament_install'
[0.146s] Level 1:colcon.colcon_core.package_identification:_identify(/home/carbs/hdvio2.0/vikit/vikit_cameras) by extensions ['colcon_pkg']
[0.146s] Level 1:colcon.colcon_core.package_identification:_identify(/home/carbs/hdvio2.0/vikit/vikit_cameras) by extension 'colcon_pkg'
[0.146s] Level 1:colcon.colcon_core.package_identification:_identify(/home/carbs/hdvio2.0/vikit/vikit_cameras) by extensions ['colcon_meta']
[0.146s] Level 1:colcon.colcon_core.package_identification:_identify(/home/carbs/hdvio2.0/vikit/vikit_cameras) by extension 'colcon_meta'
[0.146s] Level 1:colcon.colcon_core.package_identification:_identify(/home/carbs/hdvio2.0/vikit/vikit_cameras) by extensions ['ros']
[0.146s] Level 1:colcon.colcon_core.package_identification:_identify(/home/carbs/hdvio2.0/vikit/vikit_cameras) by extension 'ros'
[0.146s] DEBUG:colcon.colcon_core.package_identification:Package '/home/carbs/hdvio2.0/vikit/vikit_cameras' with type 'ros.catkin' and name 'vikit_cameras'
[0.146s] Level 1:colcon.colcon_core.package_identification:_identify(/home/carbs/hdvio2.0/vikit/vikit_common) by extensions ['ignore', 'ignore_ament_install']
[0.146s] Level 1:colcon.colcon_core.package_identification:_identify(/home/carbs/hdvio2.0/vikit/vikit_common) by extension 'ignore'
[0.147s] Level 1:colcon.colcon_core.package_identification:_identify(/home/carbs/hdvio2.0/vikit/vikit_common) by extension 'ignore_ament_install'
[0.147s] Level 1:colcon.colcon_core.package_identification:_identify(/home/carbs/hdvio2.0/vikit/vikit_common) by extensions ['colcon_pkg']
[0.147s] Level 1:colcon.colcon_core.package_identification:_identify(/home/carbs/hdvio2.0/vikit/vikit_common) by extension 'colcon_pkg'
[0.147s] Level 1:colcon.colcon_core.package_identification:_identify(/home/carbs/hdvio2.0/vikit/vikit_common) by extensions ['colcon_meta']
[0.147s] Level 1:colcon.colcon_core.package_identification:_identify(/home/carbs/hdvio2.0/vikit/vikit_common) by extension 'colcon_meta'
[0.147s] Level 1:colcon.colcon_core.package_identification:_identify(/home/carbs/hdvio2.0/vikit/vikit_common) by extensions ['ros']
[0.147s] Level 1:colcon.colcon_core.package_identification:_identify(/home/carbs/hdvio2.0/vikit/vikit_common) by extension 'ros'
[0.147s] DEBUG:colcon.colcon_core.package_identification:Package '/home/carbs/hdvio2.0/vikit/vikit_common' with type 'ros.catkin' and name 'vikit_common'
[0.148s] Level 1:colcon.colcon_core.package_identification:_identify(/home/carbs/hdvio2.0/vikit/vikit_py) by extensions ['ignore', 'ignore_ament_install']
[0.148s] Level 1:colcon.colcon_core.package_identification:_identify(/home/carbs/hdvio2.0/vikit/vikit_py) by extension 'ignore'
[0.148s] Level 1:colcon.colcon_core.package_identification:_identify(/home/carbs/hdvio2.0/vikit/vikit_py) by extension 'ignore_ament_install'
[0.148s] Level 1:colcon.colcon_core.package_identification:_identify(/home/carbs/hdvio2.0/vikit/vikit_py) by extensions ['colcon_pkg']
[0.148s] Level 1:colcon.colcon_core.package_identification:_identify(/home/carbs/hdvio2.0/vikit/vikit_py) by extension 'colcon_pkg'
[0.148s] Level 1:colcon.colcon_core.package_identification:_identify(/home/carbs/hdvio2.0/vikit/vikit_py) by extensions ['colcon_meta']
[0.148s] Level 1:colcon.colcon_core.package_identification:_identify(/home/carbs/hdvio2.0/vikit/vikit_py) by extension 'colcon_meta'
[0.148s] Level 1:colcon.colcon_core.package_identification:_identify(/home/carbs/hdvio2.0/vikit/vikit_py) by extensions ['ros']
[0.148s] Level 1:colcon.colcon_core.package_identification:_identify(/home/carbs/hdvio2.0/vikit/vikit_py) by extension 'ros'
[0.148s] DEBUG:colcon.colcon_core.package_identification:Package '/home/carbs/hdvio2.0/vikit/vikit_py' with type 'ros.catkin' and name 'vikit_py'
[0.148s] Level 1:colcon.colcon_core.package_identification:_identify(/home/carbs/hdvio2.0/vikit/vikit_ros) by extensions ['ignore', 'ignore_ament_install']
[0.148s] Level 1:colcon.colcon_core.package_identification:_identify(/home/carbs/hdvio2.0/vikit/vikit_ros) by extension 'ignore'
[0.148s] Level 1:colcon.colcon_core.package_identification:_identify(/home/carbs/hdvio2.0/vikit/vikit_ros) by extension 'ignore_ament_install'
[0.148s] Level 1:colcon.colcon_core.package_identification:_identify(/home/carbs/hdvio2.0/vikit/vikit_ros) by extensions ['colcon_pkg']
[0.148s] Level 1:colcon.colcon_core.package_identification:_identify(/home/carbs/hdvio2.0/vikit/vikit_ros) by extension 'colcon_pkg'
[0.149s] Level 1:colcon.colcon_core.package_identification:_identify(/home/carbs/hdvio2.0/vikit/vikit_ros) by extensions ['colcon_meta']
[0.149s] Level 1:colcon.colcon_core.package_identification:_identify(/home/carbs/hdvio2.0/vikit/vikit_ros) by extension 'colcon_meta'
[0.149s] Level 1:colcon.colcon_core.package_identification:_identify(/home/carbs/hdvio2.0/vikit/vikit_ros) by extensions ['ros']
[0.149s] Level 1:colcon.colcon_core.package_identification:_identify(/home/carbs/hdvio2.0/vikit/vikit_ros) by extension 'ros'
[0.149s] DEBUG:colcon.colcon_core.package_identification:Package '/home/carbs/hdvio2.0/vikit/vikit_ros' with type 'ros.catkin' and name 'vikit_ros'
[0.150s] Level 1:colcon.colcon_core.package_identification:_identify(/home/carbs/hdvio2.0/vikit/vikit_solver) by extensions ['ignore', 'ignore_ament_install']
[0.150s] Level 1:colcon.colcon_core.package_identification:_identify(/home/carbs/hdvio2.0/vikit/vikit_solver) by extension 'ignore'
[0.150s] Level 1:colcon.colcon_core.package_identification:_identify(/home/carbs/hdvio2.0/vikit/vikit_solver) by extension 'ignore_ament_install'
[0.150s] Level 1:colcon.colcon_core.package_identification:_identify(/home/carbs/hdvio2.0/vikit/vikit_solver) by extensions ['colcon_pkg']
[0.150s] Level 1:colcon.colcon_core.package_identification:_identify(/home/carbs/hdvio2.0/vikit/vikit_solver) by extension 'colcon_pkg'
[0.150s] Level 1:colcon.colcon_core.package_identification:_identify(/home/carbs/hdvio2.0/vikit/vikit_solver) by extensions ['colcon_meta']
[0.150s] Level 1:colcon.colcon_core.package_identification:_identify(/home/carbs/hdvio2.0/vikit/vikit_solver) by extension 'colcon_meta'
[0.150s] Level 1:colcon.colcon_core.package_identification:_identify(/home/carbs/hdvio2.0/vikit/vikit_solver) by extensions ['ros']
[0.150s] Level 1:colcon.colcon_core.package_identification:_identify(/home/carbs/hdvio2.0/vikit/vikit_solver) by extension 'ros'
[0.150s] DEBUG:colcon.colcon_core.package_identification:Package '/home/carbs/hdvio2.0/vikit/vikit_solver' with type 'ros.catkin' and name 'vikit_solver'
[0.150s] Level 1:colcon.colcon_core.package_discovery:discover_packages(recursive) using defaults
[0.174s] INFO:colcon.colcon_core.package_selection:Skipping not selected package 'catkin_simple' in '/home/carbs/hdvio2.0/catkin_simple'
[0.174s] INFO:colcon.colcon_core.package_selection:Skipping not selected package 'eigen_checks' in '/home/carbs/hdvio2.0/eigen_checks'
[0.174s] INFO:colcon.colcon_core.package_selection:Skipping not selected package 'svo_cmake' in '/home/carbs/hdvio2.0/svo_cmake'
[0.174s] INFO:colcon.colcon_core.package_selection:Skipping not selected package 'svo_msgs' in '/home/carbs/hdvio2.0/svo_msgs'
[0.174s] INFO:colcon.colcon_core.package_selection:Skipping not selected package 'vikit_py' in '/home/carbs/hdvio2.0/vikit/vikit_py'
[0.174s] INFO:colcon.colcon_core.package_selection:Skipping not selected package 'eigen_catkin' in '/home/carbs/hdvio2.0/eigen_catkin'
[0.174s] INFO:colcon.colcon_core.package_selection:Skipping not selected package 'fast' in '/home/carbs/hdvio2.0/fast_neon'
[0.174s] INFO:colcon.colcon_core.package_selection:Skipping not selected package 'gflags_catkin' in '/home/carbs/hdvio2.0/gflags_catkin'
[0.174s] INFO:colcon.colcon_core.package_selection:Skipping not selected package 'svo_benchmarking' in '/home/carbs/hdvio2.0/svo_benchmarking'
[0.174s] INFO:colcon.colcon_core.package_selection:Skipping not selected package 'glog_catkin' in '/home/carbs/hdvio2.0/glog_catkin'
[0.174s] INFO:colcon.colcon_core.package_selection:Skipping not selected package 'opengv' in '/home/carbs/hdvio2.0/opengv'
[0.174s] INFO:colcon.colcon_core.package_selection:Skipping not selected package 'ceres_catkin' in '/home/carbs/hdvio2.0/ceres_catkin'
[0.174s] INFO:colcon.colcon_core.package_selection:Skipping not selected package 'minkindr_conversions' in '/home/carbs/hdvio2.0/minkindr_ros/minkindr_conversions'
[0.174s] INFO:colcon.colcon_core.package_selection:Skipping not selected package 'minkindr_python' in '/home/carbs/hdvio2.0/minkindr/minkindr_python'
[0.174s] INFO:colcon.colcon_core.package_selection:Skipping not selected package 'rpg_common' in '/home/carbs/hdvio2.0/rpg_common'
[0.174s] INFO:colcon.colcon_core.package_selection:Skipping not selected package 'vikit_common' in '/home/carbs/hdvio2.0/vikit/vikit_common'
[0.174s] INFO:colcon.colcon_core.package_selection:Skipping not selected package 'vikit_solver' in '/home/carbs/hdvio2.0/vikit/vikit_solver'
[0.174s] INFO:colcon.colcon_core.package_selection:Skipping not selected package 'vikit_cameras' in '/home/carbs/hdvio2.0/vikit/vikit_cameras'
[0.174s] INFO:colcon.colcon_core.package_selection:Skipping not selected package 'vikit_ros' in '/home/carbs/hdvio2.0/vikit/vikit_ros'
[0.174s] INFO:colcon.colcon_core.package_selection:Skipping not selected package 'svo_common' in '/home/carbs/hdvio2.0/svo_common'
[0.174s] INFO:colcon.colcon_core.package_selection:Skipping not selected package 'svo_test_utils' in '/home/carbs/hdvio2.0/svo_test_utils'
[0.174s] INFO:colcon.colcon_core.package_selection:Skipping not selected package 'svo_vio_common' in '/home/carbs/hdvio2.0/svo_vio_common'
[0.174s] INFO:colcon.colcon_core.package_selection:Skipping not selected package 'svo_direct' in '/home/carbs/hdvio2.0/svo_direct'
[0.174s] INFO:colcon.colcon_core.package_selection:Skipping not selected package 'svo_img_align' in '/home/carbs/hdvio2.0/svo_img_align'
[0.174s] INFO:colcon.colcon_core.package_selection:Skipping not selected package 'svo_tracker' in '/home/carbs/hdvio2.0/svo_tracker'
[0.174s] INFO:colcon.colcon_core.package_selection:Skipping not selected package 'svo' in '/home/carbs/hdvio2.0/svo'
[0.174s] INFO:colcon.colcon_core.package_selection:Skipping not selected package 'svo_ceres_backend' in '/home/carbs/hdvio2.0/svo_ceres_backend'
[0.174s] INFO:colcon.colcon_core.package_selection:Skipping not selected package 'hdvio2' in '/home/carbs/hdvio2.0/hdvio2'
[0.175s] Level 1:colcon.colcon_core.package_discovery:discover_packages(prefix_path) check parameters
[0.175s] Level 1:colcon.colcon_core.package_discovery:discover_packages(prefix_path) discover
[0.176s] DEBUG:colcon.colcon_installed_package_information.package_discovery:Found 1 installed packages in /home/carbs/hdvio2.0/eigen_checks/install
[0.176s] DEBUG:colcon.colcon_installed_package_information.package_discovery:Found 3 installed packages in /home/carbs/hdvio2.0/install
[0.177s] DEBUG:colcon.colcon_installed_package_information.package_discovery:Found 280 installed packages in /opt/ros/humble
[0.179s] Level 1:colcon.colcon_core.package_discovery:discover_packages(prefix_path) using defaults
[0.206s] Level 5:colcon.colcon_core.verb:set package 'minkindr' build argument 'cmake_args' from command line to '['-DBUILD_TESTING=OFF']'
[0.206s] Level 5:colcon.colcon_core.verb:set package 'minkindr' build argument 'cmake_target' from command line to 'None'
[0.206s] Level 5:colcon.colcon_core.verb:set package 'minkindr' build argument 'cmake_target_skip_unavailable' from command line to 'False'
[0.206s] Level 5:colcon.colcon_core.verb:set package 'minkindr' build argument 'cmake_clean_cache' from command line to 'False'
[0.206s] Level 5:colcon.colcon_core.verb:set package 'minkindr' build argument 'cmake_clean_first' from command line to 'False'
[0.206s] Level 5:colcon.colcon_core.verb:set package 'minkindr' build argument 'cmake_force_configure' from command line to 'False'
[0.206s] Level 5:colcon.colcon_core.verb:set package 'minkindr' build argument 'ament_cmake_args' from command line to 'None'
[0.206s] Level 5:colcon.colcon_core.verb:set package 'minkindr' build argument 'catkin_cmake_args' from command line to 'None'
[0.206s] Level 5:colcon.colcon_core.verb:set package 'minkindr' build argument 'catkin_skip_building_tests' from command line to 'False'
[0.206s] DEBUG:colcon.colcon_core.verb:Building package 'minkindr' with the following arguments: {'ament_cmake_args': None, 'build_base': '/home/carbs/hdvio2.0/eigen_checks/build/minkindr', 'catkin_cmake_args': None, 'catkin_skip_building_tests': False, 'cmake_args': ['-DBUILD_TESTING=OFF'], 'cmake_clean_cache': False, 'cmake_clean_first': False, 'cmake_force_configure': False, 'cmake_target': None, 'cmake_target_skip_unavailable': False, 'install_base': '/home/carbs/hdvio2.0/eigen_checks/install/minkindr', 'merge_install': False, 'path': '/home/carbs/hdvio2.0/minkindr/minkindr', 'symlink_install': False, 'test_result_base': None}
[0.207s] INFO:colcon.colcon_core.executor:Executing jobs using 'parallel' executor
[0.207s] DEBUG:colcon.colcon_parallel_executor.executor.parallel:run_until_complete
[0.208s] INFO:colcon.colcon_ros.task.ament_cmake.build:Building ROS package in '/home/carbs/hdvio2.0/minkindr/minkindr' with build type 'ament_cmake'
[0.208s] INFO:colcon.colcon_cmake.task.cmake.build:Building CMake package in '/home/carbs/hdvio2.0/minkindr/minkindr'
[0.210s] INFO:colcon.colcon_core.plugin_system:Skipping extension 'colcon_core.shell.bat': Not used on non-Windows systems
[0.210s] INFO:colcon.colcon_core.shell:Skip shell extension 'powershell' for command environment: Not usable outside of PowerShell
[0.210s] DEBUG:colcon.colcon_core.shell:Skip shell extension 'dsv' for command environment
[0.223s] DEBUG:colcon.colcon_core.event_handler.log_command:Invoking command in '/home/carbs/hdvio2.0/eigen_checks/build/minkindr': CMAKE_PREFIX_PATH=${CMAKE_PREFIX_PATH}:/opt/ros/humble /usr/bin/cmake /home/carbs/hdvio2.0/minkindr/minkindr -DBUILD_TESTING=OFF -DCMAKE_INSTALL_PREFIX=/home/carbs/hdvio2.0/eigen_checks/install/minkindr
[1.271s] DEBUG:colcon.colcon_core.event_handler.log_command:Invoked command in '/home/carbs/hdvio2.0/eigen_checks/build/minkindr' returned '0': CMAKE_PREFIX_PATH=${CMAKE_PREFIX_PATH}:/opt/ros/humble /usr/bin/cmake /home/carbs/hdvio2.0/minkindr/minkindr -DBUILD_TESTING=OFF -DCMAKE_INSTALL_PREFIX=/home/carbs/hdvio2.0/eigen_checks/install/minkindr
[1.272s] DEBUG:colcon.colcon_core.event_handler.log_command:Invoking command in '/home/carbs/hdvio2.0/eigen_checks/build/minkindr': CMAKE_PREFIX_PATH=${CMAKE_PREFIX_PATH}:/opt/ros/humble /usr/bin/cmake --build /home/carbs/hdvio2.0/eigen_checks/build/minkindr -- -j24 -l24
[1.317s] DEBUG:colcon.colcon_core.event_handler.log_command:Invoked command in '/home/carbs/hdvio2.0/eigen_checks/build/minkindr' returned '0': CMAKE_PREFIX_PATH=${CMAKE_PREFIX_PATH}:/opt/ros/humble /usr/bin/cmake --build /home/carbs/hdvio2.0/eigen_checks/build/minkindr -- -j24 -l24
[1.330s] DEBUG:colcon.colcon_core.event_handler.log_command:Invoking command in '/home/carbs/hdvio2.0/eigen_checks/build/minkindr': CMAKE_PREFIX_PATH=${CMAKE_PREFIX_PATH}:/opt/ros/humble /usr/bin/cmake --install /home/carbs/hdvio2.0/eigen_checks/build/minkindr
[1.343s] Level 1:colcon.colcon_core.environment:create_environment_scripts_only(minkindr)
[1.344s] DEBUG:colcon.colcon_core.event_handler.log_command:Invoked command in '/home/carbs/hdvio2.0/eigen_checks/build/minkindr' returned '0': CMAKE_PREFIX_PATH=${CMAKE_PREFIX_PATH}:/opt/ros/humble /usr/bin/cmake --install /home/carbs/hdvio2.0/eigen_checks/build/minkindr
[1.346s] Level 1:colcon.colcon_core.environment:checking '/home/carbs/hdvio2.0/eigen_checks/install/minkindr' for CMake module files
[1.346s] Level 1:colcon.colcon_core.environment:checking '/home/carbs/hdvio2.0/eigen_checks/install/minkindr' for CMake config files
[1.346s] Level 1:colcon.colcon_core.shell:create_environment_hook('minkindr', 'cmake_prefix_path')
[1.347s] INFO:colcon.colcon_core.shell:Creating environment hook '/home/carbs/hdvio2.0/eigen_checks/install/minkindr/share/minkindr/hook/cmake_prefix_path.ps1'
[1.347s] INFO:colcon.colcon_core.shell:Creating environment descriptor '/home/carbs/hdvio2.0/eigen_checks/install/minkindr/share/minkindr/hook/cmake_prefix_path.dsv'
[1.348s] INFO:colcon.colcon_core.shell:Creating environment hook '/home/carbs/hdvio2.0/eigen_checks/install/minkindr/share/minkindr/hook/cmake_prefix_path.sh'
[1.357s] Level 1:colcon.colcon_core.environment:checking '/home/carbs/hdvio2.0/eigen_checks/install/minkindr/bin'
[1.357s] Level 1:colcon.colcon_core.environment:checking '/home/carbs/hdvio2.0/eigen_checks/install/minkindr/lib/pkgconfig/minkindr.pc'
[1.357s] Level 1:colcon.colcon_core.environment:checking '/home/carbs/hdvio2.0/eigen_checks/install/minkindr/lib/python3.10/site-packages'
[1.357s] Level 1:colcon.colcon_core.environment:checking '/home/carbs/hdvio2.0/eigen_checks/install/minkindr/bin'
[1.358s] INFO:colcon.colcon_core.shell:Creating package script '/home/carbs/hdvio2.0/eigen_checks/install/minkindr/share/minkindr/package.ps1'
[1.358s] INFO:colcon.colcon_core.shell:Creating package descriptor '/home/carbs/hdvio2.0/eigen_checks/install/minkindr/share/minkindr/package.dsv'
[1.359s] INFO:colcon.colcon_core.shell:Creating package script '/home/carbs/hdvio2.0/eigen_checks/install/minkindr/share/minkindr/package.sh'
[1.360s] INFO:colcon.colcon_core.shell:Creating package script '/home/carbs/hdvio2.0/eigen_checks/install/minkindr/share/minkindr/package.bash'
[1.361s] INFO:colcon.colcon_core.shell:Creating package script '/home/carbs/hdvio2.0/eigen_checks/install/minkindr/share/minkindr/package.zsh'
[1.362s] Level 1:colcon.colcon_core.environment:create_file_with_runtime_dependencies(/home/carbs/hdvio2.0/eigen_checks/install/minkindr/share/colcon-core/packages/minkindr)
[1.363s] Level 1:colcon.colcon_core.environment:create_environment_scripts_only(minkindr)
[1.364s] Level 1:colcon.colcon_core.environment:checking '/home/carbs/hdvio2.0/eigen_checks/install/minkindr' for CMake module files
[1.364s] Level 1:colcon.colcon_core.environment:checking '/home/carbs/hdvio2.0/eigen_checks/install/minkindr' for CMake config files
[1.365s] Level 1:colcon.colcon_core.shell:create_environment_hook('minkindr', 'cmake_prefix_path')
[1.365s] INFO:colcon.colcon_core.shell:Creating environment hook '/home/carbs/hdvio2.0/eigen_checks/install/minkindr/share/minkindr/hook/cmake_prefix_path.ps1'
[1.366s] INFO:colcon.colcon_core.shell:Creating environment descriptor '/home/carbs/hdvio2.0/eigen_checks/install/minkindr/share/minkindr/hook/cmake_prefix_path.dsv'
[1.366s] INFO:colcon.colcon_core.shell:Creating environment hook '/home/carbs/hdvio2.0/eigen_checks/install/minkindr/share/minkindr/hook/cmake_prefix_path.sh'
[1.367s] Level 1:colcon.colcon_core.environment:checking '/home/carbs/hdvio2.0/eigen_checks/install/minkindr/bin'
[1.367s] Level 1:colcon.colcon_core.environment:checking '/home/carbs/hdvio2.0/eigen_checks/install/minkindr/lib/pkgconfig/minkindr.pc'
[1.368s] Level 1:colcon.colcon_core.environment:checking '/home/carbs/hdvio2.0/eigen_checks/install/minkindr/lib/python3.10/site-packages'
[1.368s] Level 1:colcon.colcon_core.environment:checking '/home/carbs/hdvio2.0/eigen_checks/install/minkindr/bin'
[1.368s] INFO:colcon.colcon_core.shell:Creating package script '/home/carbs/hdvio2.0/eigen_checks/install/minkindr/share/minkindr/package.ps1'
[1.369s] INFO:colcon.colcon_core.shell:Creating package descriptor '/home/carbs/hdvio2.0/eigen_checks/install/minkindr/share/minkindr/package.dsv'
[1.370s] INFO:colcon.colcon_core.shell:Creating package script '/home/carbs/hdvio2.0/eigen_checks/install/minkindr/share/minkindr/package.sh'
[1.370s] INFO:colcon.colcon_core.shell:Creating package script '/home/carbs/hdvio2.0/eigen_checks/install/minkindr/share/minkindr/package.bash'
[1.371s] INFO:colcon.colcon_core.shell:Creating package script '/home/carbs/hdvio2.0/eigen_checks/install/minkindr/share/minkindr/package.zsh'
[1.371s] Level 1:colcon.colcon_core.environment:create_file_with_runtime_dependencies(/home/carbs/hdvio2.0/eigen_checks/install/minkindr/share/colcon-core/packages/minkindr)
[1.372s] DEBUG:colcon.colcon_parallel_executor.executor.parallel:closing loop
[1.372s] DEBUG:colcon.colcon_parallel_executor.executor.parallel:loop closed
[1.372s] DEBUG:colcon.colcon_parallel_executor.executor.parallel:run_until_complete finished with '0'
[1.373s] DEBUG:colcon.colcon_core.event_reactor:joining thread
[1.380s] INFO:colcon.colcon_core.plugin_system:Skipping extension 'colcon_notification.desktop_notification.terminal_notifier': Not used on non-Darwin systems
[1.380s] INFO:colcon.colcon_core.plugin_system:Skipping extension 'colcon_notification.desktop_notification.win32': Not used on non-Windows systems
[1.380s] INFO:colcon.colcon_notification.desktop_notification:Sending desktop notification using 'notify2'
[1.390s] DEBUG:colcon.colcon_core.event_reactor:joined thread
[1.390s] INFO:colcon.colcon_core.shell:Creating prefix script '/home/carbs/hdvio2.0/eigen_checks/install/local_setup.ps1'
[1.392s] INFO:colcon.colcon_core.shell:Creating prefix util module '/home/carbs/hdvio2.0/eigen_checks/install/_local_setup_util_ps1.py'
[1.394s] INFO:colcon.colcon_core.shell:Creating prefix chain script '/home/carbs/hdvio2.0/eigen_checks/install/setup.ps1'
[1.396s] INFO:colcon.colcon_core.shell:Creating prefix script '/home/carbs/hdvio2.0/eigen_checks/install/local_setup.sh'
[1.396s] INFO:colcon.colcon_core.shell:Creating prefix util module '/home/carbs/hdvio2.0/eigen_checks/install/_local_setup_util_sh.py'
[1.397s] INFO:colcon.colcon_core.shell:Creating prefix chain script '/home/carbs/hdvio2.0/eigen_checks/install/setup.sh'
[1.399s] INFO:colcon.colcon_core.shell:Creating prefix script '/home/carbs/hdvio2.0/eigen_checks/install/local_setup.bash'
[1.400s] INFO:colcon.colcon_core.shell:Creating prefix chain script '/home/carbs/hdvio2.0/eigen_checks/install/setup.bash'
[1.401s] INFO:colcon.colcon_core.shell:Creating prefix script '/home/carbs/hdvio2.0/eigen_checks/install/local_setup.zsh'
[1.402s] INFO:colcon.colcon_core.shell:Creating prefix chain script '/home/carbs/hdvio2.0/eigen_checks/install/setup.zsh'
