[0.013s] Invoking command in '/home/carbs/hdvio2.0/minkindr_ros/build/minkindr_conversions': CMAKE_PREFIX_PATH=/home/carbs/hdvio2.0/install/svo:/opt/ros/humble:/home/carbs/hdvio2.0/install/opengv:/home/carbs/hdvio2.0/install/rpg_common:/home/carbs/hdvio2.0/install/minkindr:/home/carbs/hdvio2.0/install/svo_tracker:/home/carbs/hdvio2.0/install/svo_img_align:/home/carbs/hdvio2.0/install/svo_vio_common:/home/carbs/hdvio2.0/install/rpg_datasets:/home/carbs/hdvio2.0/install/svo_direct:/home/carbs/hdvio2.0/install/svo_test_utils:/home/carbs/hdvio2.0/install/vikit_ros:/home/carbs/hdvio2.0/install/vikit_cameras:/home/carbs/hdvio2.0/install/vikit_common:/home/carbs/hdvio2.0/install/eigen_checks:/home/carbs/hdvio2.0/install/svo_common:/home/carbs/hdvio2.0/install/fast_neon:/home/carbs/hdvio2.0/install/vikit_solver:/home/carbs/hdvio2.0/eigen_checks/install/vikit_cameras:/home/carbs/hdvio2.0/eigen_checks/install/vikit_common:/home/carbs/hdvio2.0/eigen_checks/install/svo_msgs:/home/carbs/hdvio2.0/eigen_checks/install/svo_cmake:/home/carbs/hdvio2.0/eigen_checks/install/minkindr:/home/carbs/hdvio2.0/eigen_checks/install/eigen_checks:/home/carbs/hdvio2.0/install/svo_msgs:/home/carbs/hdvio2.0/install/svo_cmake /usr/bin/cmake --build /home/carbs/hdvio2.0/minkindr_ros/build/minkindr_conversions -- -j24 -l24
[0.066s] Invoked command in '/home/carbs/hdvio2.0/minkindr_ros/build/minkindr_conversions' returned '0': CMAKE_PREFIX_PATH=/home/carbs/hdvio2.0/install/svo:/opt/ros/humble:/home/carbs/hdvio2.0/install/opengv:/home/carbs/hdvio2.0/install/rpg_common:/home/carbs/hdvio2.0/install/minkindr:/home/carbs/hdvio2.0/install/svo_tracker:/home/carbs/hdvio2.0/install/svo_img_align:/home/carbs/hdvio2.0/install/svo_vio_common:/home/carbs/hdvio2.0/install/rpg_datasets:/home/carbs/hdvio2.0/install/svo_direct:/home/carbs/hdvio2.0/install/svo_test_utils:/home/carbs/hdvio2.0/install/vikit_ros:/home/carbs/hdvio2.0/install/vikit_cameras:/home/carbs/hdvio2.0/install/vikit_common:/home/carbs/hdvio2.0/install/eigen_checks:/home/carbs/hdvio2.0/install/svo_common:/home/carbs/hdvio2.0/install/fast_neon:/home/carbs/hdvio2.0/install/vikit_solver:/home/carbs/hdvio2.0/eigen_checks/install/vikit_cameras:/home/carbs/hdvio2.0/eigen_checks/install/vikit_common:/home/carbs/hdvio2.0/eigen_checks/install/svo_msgs:/home/carbs/hdvio2.0/eigen_checks/install/svo_cmake:/home/carbs/hdvio2.0/eigen_checks/install/minkindr:/home/carbs/hdvio2.0/eigen_checks/install/eigen_checks:/home/carbs/hdvio2.0/install/svo_msgs:/home/carbs/hdvio2.0/install/svo_cmake /usr/bin/cmake --build /home/carbs/hdvio2.0/minkindr_ros/build/minkindr_conversions -- -j24 -l24
[0.084s] Invoking command in '/home/carbs/hdvio2.0/minkindr_ros/build/minkindr_conversions': CMAKE_PREFIX_PATH=/home/carbs/hdvio2.0/install/svo:/opt/ros/humble:/home/carbs/hdvio2.0/install/opengv:/home/carbs/hdvio2.0/install/rpg_common:/home/carbs/hdvio2.0/install/minkindr:/home/carbs/hdvio2.0/install/svo_tracker:/home/carbs/hdvio2.0/install/svo_img_align:/home/carbs/hdvio2.0/install/svo_vio_common:/home/carbs/hdvio2.0/install/rpg_datasets:/home/carbs/hdvio2.0/install/svo_direct:/home/carbs/hdvio2.0/install/svo_test_utils:/home/carbs/hdvio2.0/install/vikit_ros:/home/carbs/hdvio2.0/install/vikit_cameras:/home/carbs/hdvio2.0/install/vikit_common:/home/carbs/hdvio2.0/install/eigen_checks:/home/carbs/hdvio2.0/install/svo_common:/home/carbs/hdvio2.0/install/fast_neon:/home/carbs/hdvio2.0/install/vikit_solver:/home/carbs/hdvio2.0/eigen_checks/install/vikit_cameras:/home/carbs/hdvio2.0/eigen_checks/install/vikit_common:/home/carbs/hdvio2.0/eigen_checks/install/svo_msgs:/home/carbs/hdvio2.0/eigen_checks/install/svo_cmake:/home/carbs/hdvio2.0/eigen_checks/install/minkindr:/home/carbs/hdvio2.0/eigen_checks/install/eigen_checks:/home/carbs/hdvio2.0/install/svo_msgs:/home/carbs/hdvio2.0/install/svo_cmake /usr/bin/cmake --install /home/carbs/hdvio2.0/minkindr_ros/build/minkindr_conversions
[0.099s] -- Install configuration: ""
[0.100s] -- Up-to-date: /home/carbs/hdvio2.0/minkindr_ros/install/minkindr_conversions/include
[0.100s] -- Up-to-date: /home/carbs/hdvio2.0/minkindr_ros/install/minkindr_conversions/include/minkindr_conversions
[0.100s] -- Up-to-date: /home/carbs/hdvio2.0/minkindr_ros/install/minkindr_conversions/include/minkindr_conversions/kindr_tf.h
[0.100s] -- Up-to-date: /home/carbs/hdvio2.0/minkindr_ros/install/minkindr_conversions/include/minkindr_conversions/log
[0.100s] -- Up-to-date: /home/carbs/hdvio2.0/minkindr_ros/install/minkindr_conversions/include/minkindr_conversions/log/build_2025-11-04_20-16-22
[0.100s] -- Up-to-date: /home/carbs/hdvio2.0/minkindr_ros/install/minkindr_conversions/include/minkindr_conversions/log/build_2025-11-04_20-16-22/events.log
[0.100s] -- Up-to-date: /home/carbs/hdvio2.0/minkindr_ros/install/minkindr_conversions/include/minkindr_conversions/log/build_2025-11-04_20-16-22/logger_all.log
[0.101s] -- Up-to-date: /home/carbs/hdvio2.0/minkindr_ros/install/minkindr_conversions/include/minkindr_conversions/log/build_2025-11-04_20-18-17
[0.101s] -- Up-to-date: /home/carbs/hdvio2.0/minkindr_ros/install/minkindr_conversions/include/minkindr_conversions/log/build_2025-11-04_20-18-17/events.log
[0.101s] -- Up-to-date: /home/carbs/hdvio2.0/minkindr_ros/install/minkindr_conversions/include/minkindr_conversions/log/build_2025-11-04_20-18-17/logger_all.log
[0.101s] -- Up-to-date: /home/carbs/hdvio2.0/minkindr_ros/install/minkindr_conversions/include/minkindr_conversions/log/COLCON_IGNORE
[0.102s] -- Up-to-date: /home/carbs/hdvio2.0/minkindr_ros/install/minkindr_conversions/include/minkindr_conversions/log/latest
[0.102s] -- Up-to-date: /home/carbs/hdvio2.0/minkindr_ros/install/minkindr_conversions/include/minkindr_conversions/log/latest_build
[0.102s] -- Up-to-date: /home/carbs/hdvio2.0/minkindr_ros/install/minkindr_conversions/include/minkindr_conversions/kindr_msg.h
[0.103s] -- Up-to-date: /home/carbs/hdvio2.0/minkindr_ros/install/minkindr_conversions/include/minkindr_conversions/kindr_xml.h
[0.103s] -- Up-to-date: /home/carbs/hdvio2.0/minkindr_ros/install/minkindr_conversions/include/minkindr_conversions/build
[0.103s] -- Up-to-date: /home/carbs/hdvio2.0/minkindr_ros/install/minkindr_conversions/include/minkindr_conversions/build/COLCON_IGNORE
[0.104s] -- Up-to-date: /home/carbs/hdvio2.0/minkindr_ros/install/minkindr_conversions/include/minkindr_conversions/build/.built_by
[0.104s] -- Up-to-date: /home/carbs/hdvio2.0/minkindr_ros/install/minkindr_conversions/include/minkindr_conversions/install
[0.104s] -- Up-to-date: /home/carbs/hdvio2.0/minkindr_ros/install/minkindr_conversions/include/minkindr_conversions/install/local_setup.bash
[0.105s] -- Up-to-date: /home/carbs/hdvio2.0/minkindr_ros/install/minkindr_conversions/include/minkindr_conversions/install/setup.zsh
[0.105s] -- Up-to-date: /home/carbs/hdvio2.0/minkindr_ros/install/minkindr_conversions/include/minkindr_conversions/install/setup.ps1
[0.105s] -- Up-to-date: /home/carbs/hdvio2.0/minkindr_ros/install/minkindr_conversions/include/minkindr_conversions/install/COLCON_IGNORE
[0.105s] -- Up-to-date: /home/carbs/hdvio2.0/minkindr_ros/install/minkindr_conversions/include/minkindr_conversions/install/local_setup.ps1
[0.105s] -- Up-to-date: /home/carbs/hdvio2.0/minkindr_ros/install/minkindr_conversions/include/minkindr_conversions/install/local_setup.zsh
[0.106s] -- Up-to-date: /home/carbs/hdvio2.0/minkindr_ros/install/minkindr_conversions/include/minkindr_conversions/install/_local_setup_util_sh.py
[0.106s] -- Up-to-date: /home/carbs/hdvio2.0/minkindr_ros/install/minkindr_conversions/include/minkindr_conversions/install/_local_setup_util_ps1.py
[0.106s] -- Up-to-date: /home/carbs/hdvio2.0/minkindr_ros/install/minkindr_conversions/include/minkindr_conversions/install/setup.bash
[0.107s] -- Up-to-date: /home/carbs/hdvio2.0/minkindr_ros/install/minkindr_conversions/include/minkindr_conversions/install/setup.sh
[0.107s] -- Up-to-date: /home/carbs/hdvio2.0/minkindr_ros/install/minkindr_conversions/include/minkindr_conversions/install/.colcon_install_layout
[0.108s] -- Up-to-date: /home/carbs/hdvio2.0/minkindr_ros/install/minkindr_conversions/include/minkindr_conversions/install/local_setup.sh
[0.108s] -- Up-to-date: /home/carbs/hdvio2.0/minkindr_ros/install/minkindr_conversions/share/minkindr_conversions/environment/library_path.sh
[0.108s] -- Up-to-date: /home/carbs/hdvio2.0/minkindr_ros/install/minkindr_conversions/share/minkindr_conversions/environment/library_path.dsv
[0.108s] -- Up-to-date: /home/carbs/hdvio2.0/minkindr_ros/install/minkindr_conversions/share/ament_index/resource_index/package_run_dependencies/minkindr_conversions
[0.109s] -- Up-to-date: /home/carbs/hdvio2.0/minkindr_ros/install/minkindr_conversions/share/ament_index/resource_index/parent_prefix_path/minkindr_conversions
[0.109s] -- Up-to-date: /home/carbs/hdvio2.0/minkindr_ros/install/minkindr_conversions/share/minkindr_conversions/environment/ament_prefix_path.sh
[0.109s] -- Up-to-date: /home/carbs/hdvio2.0/minkindr_ros/install/minkindr_conversions/share/minkindr_conversions/environment/ament_prefix_path.dsv
[0.110s] -- Up-to-date: /home/carbs/hdvio2.0/minkindr_ros/install/minkindr_conversions/share/minkindr_conversions/environment/path.sh
[0.110s] -- Up-to-date: /home/carbs/hdvio2.0/minkindr_ros/install/minkindr_conversions/share/minkindr_conversions/environment/path.dsv
[0.110s] -- Up-to-date: /home/carbs/hdvio2.0/minkindr_ros/install/minkindr_conversions/share/minkindr_conversions/local_setup.bash
[0.111s] -- Up-to-date: /home/carbs/hdvio2.0/minkindr_ros/install/minkindr_conversions/share/minkindr_conversions/local_setup.sh
[0.111s] -- Up-to-date: /home/carbs/hdvio2.0/minkindr_ros/install/minkindr_conversions/share/minkindr_conversions/local_setup.zsh
[0.112s] -- Up-to-date: /home/carbs/hdvio2.0/minkindr_ros/install/minkindr_conversions/share/minkindr_conversions/local_setup.dsv
[0.112s] -- Up-to-date: /home/carbs/hdvio2.0/minkindr_ros/install/minkindr_conversions/share/minkindr_conversions/package.dsv
[0.112s] -- Up-to-date: /home/carbs/hdvio2.0/minkindr_ros/install/minkindr_conversions/share/ament_index/resource_index/packages/minkindr_conversions
[0.113s] -- Up-to-date: /home/carbs/hdvio2.0/minkindr_ros/install/minkindr_conversions/share/minkindr_conversions/cmake/minkindr_conversionsTargetsExport.cmake
[0.114s] -- Up-to-date: /home/carbs/hdvio2.0/minkindr_ros/install/minkindr_conversions/share/minkindr_conversions/cmake/ament_cmake_export_targets-extras.cmake
[0.115s] -- Up-to-date: /home/carbs/hdvio2.0/minkindr_ros/install/minkindr_conversions/share/minkindr_conversions/cmake/ament_cmake_export_dependencies-extras.cmake
[0.115s] -- Up-to-date: /home/carbs/hdvio2.0/minkindr_ros/install/minkindr_conversions/share/minkindr_conversions/cmake/minkindr_conversionsConfig.cmake
[0.116s] -- Up-to-date: /home/carbs/hdvio2.0/minkindr_ros/install/minkindr_conversions/share/minkindr_conversions/cmake/minkindr_conversionsConfig-version.cmake
[0.116s] -- Up-to-date: /home/carbs/hdvio2.0/minkindr_ros/install/minkindr_conversions/share/minkindr_conversions/package.xml
[0.117s] Invoked command in '/home/carbs/hdvio2.0/minkindr_ros/build/minkindr_conversions' returned '0': CMAKE_PREFIX_PATH=/home/carbs/hdvio2.0/install/svo:/opt/ros/humble:/home/carbs/hdvio2.0/install/opengv:/home/carbs/hdvio2.0/install/rpg_common:/home/carbs/hdvio2.0/install/minkindr:/home/carbs/hdvio2.0/install/svo_tracker:/home/carbs/hdvio2.0/install/svo_img_align:/home/carbs/hdvio2.0/install/svo_vio_common:/home/carbs/hdvio2.0/install/rpg_datasets:/home/carbs/hdvio2.0/install/svo_direct:/home/carbs/hdvio2.0/install/svo_test_utils:/home/carbs/hdvio2.0/install/vikit_ros:/home/carbs/hdvio2.0/install/vikit_cameras:/home/carbs/hdvio2.0/install/vikit_common:/home/carbs/hdvio2.0/install/eigen_checks:/home/carbs/hdvio2.0/install/svo_common:/home/carbs/hdvio2.0/install/fast_neon:/home/carbs/hdvio2.0/install/vikit_solver:/home/carbs/hdvio2.0/eigen_checks/install/vikit_cameras:/home/carbs/hdvio2.0/eigen_checks/install/vikit_common:/home/carbs/hdvio2.0/eigen_checks/install/svo_msgs:/home/carbs/hdvio2.0/eigen_checks/install/svo_cmake:/home/carbs/hdvio2.0/eigen_checks/install/minkindr:/home/carbs/hdvio2.0/eigen_checks/install/eigen_checks:/home/carbs/hdvio2.0/install/svo_msgs:/home/carbs/hdvio2.0/install/svo_cmake /usr/bin/cmake --install /home/carbs/hdvio2.0/minkindr_ros/build/minkindr_conversions
