-- The C compiler identification is GNU 11.4.0
-- The CXX compiler identification is GNU 11.4.0
-- Detecting C compiler ABI info
-- Detecting C compiler ABI info - done
-- Check for working C compiler: /usr/bin/cc - skipped
-- Detecting C compile features
-- Detecting C compile features - done
-- Detecting CXX compiler ABI info
-- Detecting CXX compiler ABI info - done
-- Check for working CXX compiler: /usr/bin/c++ - skipped
-- Detecting CXX compile features
-- Detecting CXX compile features - done
-- Found ament_cmake: 1.3.12 (/opt/ros/humble/share/ament_cmake/cmake)
-- Found Python3: /usr/bin/python3 (found version "3.10.12") found components: Interpreter 
-- Found svo_cmake: 0.1.0 (/home/carbs/hdvio2.0/eigen_checks/install/svo_cmake/share/svo_cmake/cmake)
-- Found cv_bridge: 3.2.1 (/opt/ros/humble/share/cv_bridge/cmake)
-- Found rosidl_generator_c: 3.1.7 (/opt/ros/humble/share/rosidl_generator_c/cmake)
-- Found rosidl_adapter: 3.1.7 (/opt/ros/humble/share/rosidl_adapter/cmake)
-- Found rosidl_generator_cpp: 3.1.7 (/opt/ros/humble/share/rosidl_generator_cpp/cmake)
-- Using all available rosidl_typesupport_c: rosidl_typesupport_fastrtps_c;rosidl_typesupport_introspection_c
-- Using all available rosidl_typesupport_cpp: rosidl_typesupport_fastrtps_cpp;rosidl_typesupport_introspection_cpp
-- Found minkindr: 1.0.0 (/home/carbs/hdvio2.0/eigen_checks/install/minkindr/share/minkindr/cmake)
-- Found rclcpp: 16.0.15 (/opt/ros/humble/share/rclcpp/cmake)
-- Found rmw_implementation_cmake: 6.1.2 (/opt/ros/humble/share/rmw_implementation_cmake/cmake)
-- Found rmw_fastrtps_cpp: 6.2.8 (/opt/ros/humble/share/rmw_fastrtps_cpp/cmake)
-- Found OpenSSL: /usr/lib/x86_64-linux-gnu/libcrypto.so (found version "3.0.2")  
-- Found FastRTPS: /opt/ros/humble/include  
-- Using RMW implementation 'rmw_fastrtps_cpp' as default
-- Looking for pthread.h
-- Looking for pthread.h - found
-- Performing Test CMAKE_HAVE_LIBC_PTHREAD
-- Performing Test CMAKE_HAVE_LIBC_PTHREAD - Success
-- Found Threads: TRUE  
-- Found OpenCV: /usr (found version "4.5.4") 
-- Found YamlCpp: /usr/include  
-- Found eigen3_cmake_module: 0.1.1 (/opt/ros/humble/share/eigen3_cmake_module/cmake)
-- Found Eigen3: TRUE (found version "3.4.0") 
-- Found ament_cmake_gtest: 1.3.12 (/opt/ros/humble/share/ament_cmake_gtest/cmake)
-- Found gtest sources under '/opt/ros/humble/src/gtest_vendor': C++ tests using 'Google Test' will be built
-- Configuring done
-- Generating done
-- Build files have been written to: /home/carbs/hdvio2.0/eigen_checks/build/vikit_common
[ 10%] [32mBuilding CXX object gtest/CMakeFiles/gtest_main.dir/src/gtest_main.cc.o[0m
[ 10%] [32mBuilding CXX object gtest/CMakeFiles/gtest.dir/src/gtest-all.cc.o[0m
[ 15%] [32mBuilding CXX object CMakeFiles/vikit_common.dir/src/homography.cpp.o[0m
[ 21%] [32mBuilding CXX object CMakeFiles/vikit_common.dir/src/performance_monitor.cpp.o[0m
[ 26%] [32mBuilding CXX object CMakeFiles/vikit_common.dir/src/vision.cpp.o[0m
[ 31%] [32mBuilding CXX object CMakeFiles/vikit_common.dir/src/math_utils.cpp.o[0m
[ 36%] [32mBuilding CXX object CMakeFiles/vikit_common.dir/src/sample.cpp.o[0m
[ 42%] [32mBuilding CXX object CMakeFiles/vikit_common.dir/src/user_input_thread.cpp.o[0m
[ 47%] [32m[1mLinking CXX static library libgtest_main.a[0m
[ 47%] Built target gtest_main
[ 52%] [32m[1mLinking CXX static library libvikit_common.a[0m
[ 52%] Built target vikit_common
[ 57%] [32mBuilding CXX object CMakeFiles/vikit_test_timer.dir/test/test_timer.cpp.o[0m
[ 63%] [32mBuilding CXX object CMakeFiles/vikit_test_common.dir/test/test_common.cpp.o[0m
[ 68%] [32m[1mLinking CXX executable vikit_test_timer[0m
[ 68%] Built target vikit_test_timer
[ 73%] [32m[1mLinking CXX executable vikit_test_common[0m
[ 73%] Built target vikit_test_common
[ 78%] [32m[1mLinking CXX static library libgtest.a[0m
[ 78%] Built target gtest
[ 84%] [32mBuilding CXX object CMakeFiles/homography.dir/test/test_homography.cpp.o[0m
[ 89%] [32mBuilding CXX object CMakeFiles/math_utils.dir/test/test_math_utils.cpp.o[0m
[ 94%] [32m[1mLinking CXX executable homography[0m
[100%] [32m[1mLinking CXX executable math_utils[0m
[100%] Built target homography
[100%] Built target math_utils
-- Install configuration: "Release"
-- Installing: /home/carbs/hdvio2.0/eigen_checks/install/vikit_common/lib/libvikit_common.a
-- Installing: /home/carbs/hdvio2.0/eigen_checks/install/vikit_common/lib/vikit_common/vikit_test_timer
-- Set runtime path of "/home/carbs/hdvio2.0/eigen_checks/install/vikit_common/lib/vikit_common/vikit_test_timer" to ""
-- Installing: /home/carbs/hdvio2.0/eigen_checks/install/vikit_common/lib/vikit_common/vikit_test_common
-- Set runtime path of "/home/carbs/hdvio2.0/eigen_checks/install/vikit_common/lib/vikit_common/vikit_test_common" to ""
-- Installing: /home/carbs/hdvio2.0/eigen_checks/install/vikit_common/include
-- Installing: /home/carbs/hdvio2.0/eigen_checks/install/vikit_common/include/vikit
-- Installing: /home/carbs/hdvio2.0/eigen_checks/install/vikit_common/include/vikit/user_input_thread.h
-- Installing: /home/carbs/hdvio2.0/eigen_checks/install/vikit_common/include/vikit/homography_decomp.h
-- Installing: /home/carbs/hdvio2.0/eigen_checks/install/vikit_common/include/vikit/blender_utils.h
-- Installing: /home/carbs/hdvio2.0/eigen_checks/install/vikit_common/include/vikit/csv_utils.h
-- Installing: /home/carbs/hdvio2.0/eigen_checks/install/vikit_common/include/vikit/math_utils.h
-- Installing: /home/carbs/hdvio2.0/eigen_checks/install/vikit_common/include/vikit/performance_monitor.h
-- Installing: /home/carbs/hdvio2.0/eigen_checks/install/vikit_common/include/vikit/path_utils.h
-- Installing: /home/carbs/hdvio2.0/eigen_checks/install/vikit_common/include/vikit/homography.h
-- Installing: /home/carbs/hdvio2.0/eigen_checks/install/vikit_common/include/vikit/sample.h
-- Installing: /home/carbs/hdvio2.0/eigen_checks/install/vikit_common/include/vikit/backtrace.h
-- Installing: /home/carbs/hdvio2.0/eigen_checks/install/vikit_common/include/vikit/timer.h
-- Installing: /home/carbs/hdvio2.0/eigen_checks/install/vikit_common/include/vikit/vision.h
-- Installing: /home/carbs/hdvio2.0/eigen_checks/install/vikit_common/include/vikit/ringbuffer.h
-- Installing: /home/carbs/hdvio2.0/eigen_checks/install/vikit_common/include/aslam
-- Installing: /home/carbs/hdvio2.0/eigen_checks/install/vikit_common/include/aslam/common
-- Installing: /home/carbs/hdvio2.0/eigen_checks/install/vikit_common/include/aslam/common/numdiff-jacobian-tester.h
-- Installing: /home/carbs/hdvio2.0/eigen_checks/install/vikit_common/include/aslam/common/entrypoint.h
-- Installing: /home/carbs/hdvio2.0/eigen_checks/install/vikit_common/include/aslam/common/yaml-serialization.h
-- Installing: /home/carbs/hdvio2.0/eigen_checks/install/vikit_common/include/aslam/common/macros.h
-- Installing: /home/carbs/hdvio2.0/eigen_checks/install/vikit_common/include/aslam/common/yaml-serialization-eigen.h
-- Installing: /home/carbs/hdvio2.0/eigen_checks/install/vikit_common/include/aslam/common/pose-types.h
-- Installing: /home/carbs/hdvio2.0/eigen_checks/install/vikit_common/include/aslam/common/memory.h
-- Installing: /home/carbs/hdvio2.0/eigen_checks/install/vikit_common/share/vikit_common/environment/library_path.sh
-- Installing: /home/carbs/hdvio2.0/eigen_checks/install/vikit_common/share/vikit_common/environment/library_path.dsv
-- Installing: /home/carbs/hdvio2.0/eigen_checks/install/vikit_common/share/ament_index/resource_index/package_run_dependencies/vikit_common
-- Installing: /home/carbs/hdvio2.0/eigen_checks/install/vikit_common/share/ament_index/resource_index/parent_prefix_path/vikit_common
-- Installing: /home/carbs/hdvio2.0/eigen_checks/install/vikit_common/share/vikit_common/environment/ament_prefix_path.sh
-- Installing: /home/carbs/hdvio2.0/eigen_checks/install/vikit_common/share/vikit_common/environment/ament_prefix_path.dsv
-- Installing: /home/carbs/hdvio2.0/eigen_checks/install/vikit_common/share/vikit_common/environment/path.sh
-- Installing: /home/carbs/hdvio2.0/eigen_checks/install/vikit_common/share/vikit_common/environment/path.dsv
-- Installing: /home/carbs/hdvio2.0/eigen_checks/install/vikit_common/share/vikit_common/local_setup.bash
-- Installing: /home/carbs/hdvio2.0/eigen_checks/install/vikit_common/share/vikit_common/local_setup.sh
-- Installing: /home/carbs/hdvio2.0/eigen_checks/install/vikit_common/share/vikit_common/local_setup.zsh
-- Installing: /home/carbs/hdvio2.0/eigen_checks/install/vikit_common/share/vikit_common/local_setup.dsv
-- Installing: /home/carbs/hdvio2.0/eigen_checks/install/vikit_common/share/vikit_common/package.dsv
-- Installing: /home/carbs/hdvio2.0/eigen_checks/install/vikit_common/share/ament_index/resource_index/packages/vikit_common
-- Installing: /home/carbs/hdvio2.0/eigen_checks/install/vikit_common/share/vikit_common/cmake/ament_cmake_export_include_directories-extras.cmake
-- Installing: /home/carbs/hdvio2.0/eigen_checks/install/vikit_common/share/vikit_common/cmake/ament_cmake_export_libraries-extras.cmake
-- Installing: /home/carbs/hdvio2.0/eigen_checks/install/vikit_common/share/vikit_common/cmake/ament_cmake_export_dependencies-extras.cmake
-- Installing: /home/carbs/hdvio2.0/eigen_checks/install/vikit_common/share/vikit_common/cmake/vikit_commonConfig.cmake
-- Installing: /home/carbs/hdvio2.0/eigen_checks/install/vikit_common/share/vikit_common/cmake/vikit_commonConfig-version.cmake
-- Installing: /home/carbs/hdvio2.0/eigen_checks/install/vikit_common/share/vikit_common/package.xml
