[0.016s] Invoking command in '/home/carbs/hdvio2.0/eigen_checks/build/vikit_common': CMAKE_PREFIX_PATH=/home/carbs/hdvio2.0/eigen_checks/install/minkindr:/home/carbs/hdvio2.0/eigen_checks/install/svo_cmake:/home/carbs/hdvio2.0/eigen_checks/install/eigen_checks:/home/carbs/hdvio2.0/eigen_checks/install/svo_msgs:/home/carbs/hdvio2.0/install/svo_msgs:/home/carbs/hdvio2.0/install/svo_cmake:/opt/ros/humble /usr/bin/cmake /home/carbs/hdvio2.0/vikit/vikit_common -DCMAKE_INSTALL_PREFIX=/home/carbs/hdvio2.0/eigen_checks/install/vikit_common
[0.068s] -- The C compiler identification is GNU 11.4.0
[0.127s] -- The CXX compiler identification is GNU 11.4.0
[0.140s] -- Detecting C compiler ABI info
[0.224s] -- Detecting C compiler ABI info - done
[0.236s] -- Check for working C compiler: /usr/bin/cc - skipped
[0.236s] -- Detecting C compile features
[0.237s] -- Detecting C compile features - done
[0.242s] -- Detecting CXX compiler ABI info
[0.337s] -- Detecting CXX compiler ABI info - done
[0.346s] -- Check for working CXX compiler: /usr/bin/c++ - skipped
[0.346s] -- Detecting CXX compile features
[0.347s] -- Detecting CXX compile features - done
[0.351s] -- Found ament_cmake: 1.3.12 (/opt/ros/humble/share/ament_cmake/cmake)
[0.660s] -- Found Python3: /usr/bin/python3 (found version "3.10.12") found components: Interpreter 
[0.763s] -- Found svo_cmake: 0.1.0 (/home/carbs/hdvio2.0/eigen_checks/install/svo_cmake/share/svo_cmake/cmake)
[0.768s] -- Found cv_bridge: 3.2.1 (/opt/ros/humble/share/cv_bridge/cmake)
[0.828s] -- Found rosidl_generator_c: 3.1.7 (/opt/ros/humble/share/rosidl_generator_c/cmake)
[0.833s] -- Found rosidl_adapter: 3.1.7 (/opt/ros/humble/share/rosidl_adapter/cmake)
[0.841s] -- Found rosidl_generator_cpp: 3.1.7 (/opt/ros/humble/share/rosidl_generator_cpp/cmake)
[0.852s] -- Using all available rosidl_typesupport_c: rosidl_typesupport_fastrtps_c;rosidl_typesupport_introspection_c
[0.866s] -- Using all available rosidl_typesupport_cpp: rosidl_typesupport_fastrtps_cpp;rosidl_typesupport_introspection_cpp
[0.915s] -- Found minkindr: 1.0.0 (/home/carbs/hdvio2.0/eigen_checks/install/minkindr/share/minkindr/cmake)
[0.936s] -- Found rclcpp: 16.0.15 (/opt/ros/humble/share/rclcpp/cmake)
[0.979s] -- Found rmw_implementation_cmake: 6.1.2 (/opt/ros/humble/share/rmw_implementation_cmake/cmake)
[0.982s] -- Found rmw_fastrtps_cpp: 6.2.8 (/opt/ros/humble/share/rmw_fastrtps_cpp/cmake)
[1.096s] -- Found OpenSSL: /usr/lib/x86_64-linux-gnu/libcrypto.so (found version "3.0.2")  
[1.127s] -- Found FastRTPS: /opt/ros/humble/include  
[1.173s] -- Using RMW implementation 'rmw_fastrtps_cpp' as default
[1.184s] -- Looking for pthread.h
[1.274s] -- Looking for pthread.h - found
[1.274s] -- Performing Test CMAKE_HAVE_LIBC_PTHREAD
[1.367s] -- Performing Test CMAKE_HAVE_LIBC_PTHREAD - Success
[1.368s] -- Found Threads: TRUE  
[1.411s] -- Found OpenCV: /usr (found version "4.5.4") 
[1.418s] [33mCMake Warning (dev) at /usr/share/cmake-3.22/Modules/FindPackageHandleStandardArgs.cmake:438 (message):
[1.418s]   The package name passed to `find_package_handle_standard_args` (YamlCpp)
[1.418s]   does not match the name of the calling package (yaml-cpp).  This can lead
[1.418s]   to problems in calling code that expects `find_package` result variables
[1.418s]   (e.g., `_FOUND`) to follow a certain pattern.
[1.419s] Call Stack (most recent call first):
[1.419s]   /home/carbs/hdvio2.0/eigen_checks/install/svo_cmake/share/svo_cmake/cmake/Modules/Findyaml-cpp.cmake:88 (FIND_PACKAGE_HANDLE_STANDARD_ARGS)
[1.419s]   CMakeLists.txt:14 (find_package)
[1.419s] This warning is for project developers.  Use -Wno-dev to suppress it.
[1.419s] [0m
[1.419s] -- Found YamlCpp: /usr/include  
[1.420s] -- Found eigen3_cmake_module: 0.1.1 (/opt/ros/humble/share/eigen3_cmake_module/cmake)
[1.421s] -- Found Eigen3: TRUE (found version "3.4.0") 
[1.424s] -- Found ament_cmake_gtest: 1.3.12 (/opt/ros/humble/share/ament_cmake_gtest/cmake)
[1.426s] -- Found gtest sources under '/opt/ros/humble/src/gtest_vendor': C++ tests using 'Google Test' will be built
[1.482s] -- Configuring done
[1.512s] -- Generating done
[1.522s] -- Build files have been written to: /home/carbs/hdvio2.0/eigen_checks/build/vikit_common
[1.531s] Invoked command in '/home/carbs/hdvio2.0/eigen_checks/build/vikit_common' returned '0': CMAKE_PREFIX_PATH=/home/carbs/hdvio2.0/eigen_checks/install/minkindr:/home/carbs/hdvio2.0/eigen_checks/install/svo_cmake:/home/carbs/hdvio2.0/eigen_checks/install/eigen_checks:/home/carbs/hdvio2.0/eigen_checks/install/svo_msgs:/home/carbs/hdvio2.0/install/svo_msgs:/home/carbs/hdvio2.0/install/svo_cmake:/opt/ros/humble /usr/bin/cmake /home/carbs/hdvio2.0/vikit/vikit_common -DCMAKE_INSTALL_PREFIX=/home/carbs/hdvio2.0/eigen_checks/install/vikit_common
[1.533s] Invoking command in '/home/carbs/hdvio2.0/eigen_checks/build/vikit_common': CMAKE_PREFIX_PATH=/home/carbs/hdvio2.0/eigen_checks/install/minkindr:/home/carbs/hdvio2.0/eigen_checks/install/svo_cmake:/home/carbs/hdvio2.0/eigen_checks/install/eigen_checks:/home/carbs/hdvio2.0/eigen_checks/install/svo_msgs:/home/carbs/hdvio2.0/install/svo_msgs:/home/carbs/hdvio2.0/install/svo_cmake:/opt/ros/humble /usr/bin/cmake --build /home/carbs/hdvio2.0/eigen_checks/build/vikit_common -- -j24 -l24
[1.600s] [ 10%] [32mBuilding CXX object gtest/CMakeFiles/gtest_main.dir/src/gtest_main.cc.o[0m
[1.600s] [ 10%] [32mBuilding CXX object gtest/CMakeFiles/gtest.dir/src/gtest-all.cc.o[0m
[1.601s] [ 15%] [32mBuilding CXX object CMakeFiles/vikit_common.dir/src/homography.cpp.o[0m
[1.601s] [ 21%] [32mBuilding CXX object CMakeFiles/vikit_common.dir/src/performance_monitor.cpp.o[0m
[1.603s] [ 26%] [32mBuilding CXX object CMakeFiles/vikit_common.dir/src/vision.cpp.o[0m
[1.605s] [ 31%] [32mBuilding CXX object CMakeFiles/vikit_common.dir/src/math_utils.cpp.o[0m
[1.605s] [ 36%] [32mBuilding CXX object CMakeFiles/vikit_common.dir/src/sample.cpp.o[0m
[1.606s] [ 42%] [32mBuilding CXX object CMakeFiles/vikit_common.dir/src/user_input_thread.cpp.o[0m
[2.299s] [ 47%] [32m[1mLinking CXX static library libgtest_main.a[0m
[2.381s] [ 47%] Built target gtest_main
[4.184s] [ 52%] [32m[1mLinking CXX static library libvikit_common.a[0m
[4.264s] [ 52%] Built target vikit_common
[4.286s] [ 57%] [32mBuilding CXX object CMakeFiles/vikit_test_timer.dir/test/test_timer.cpp.o[0m
[4.296s] [ 63%] [32mBuilding CXX object CMakeFiles/vikit_test_common.dir/test/test_common.cpp.o[0m
[4.678s] [ 68%] [32m[1mLinking CXX executable vikit_test_timer[0m
[4.902s] [ 68%] Built target vikit_test_timer
[5.614s] [ 73%] [32m[1mLinking CXX executable vikit_test_common[0m
[5.847s] [ 73%] Built target vikit_test_common
[7.135s] [ 78%] [32m[1mLinking CXX static library libgtest.a[0m
[7.232s] [ 78%] Built target gtest
[7.257s] [ 84%] [32mBuilding CXX object CMakeFiles/homography.dir/test/test_homography.cpp.o[0m
[7.258s] [ 89%] [32mBuilding CXX object CMakeFiles/math_utils.dir/test/test_math_utils.cpp.o[0m
[9.248s] [ 94%] [32m[1mLinking CXX executable homography[0m
[9.274s] [100%] [32m[1mLinking CXX executable math_utils[0m
[9.411s] [100%] Built target homography
[9.442s] [100%] Built target math_utils
[9.461s] Invoked command in '/home/carbs/hdvio2.0/eigen_checks/build/vikit_common' returned '0': CMAKE_PREFIX_PATH=/home/carbs/hdvio2.0/eigen_checks/install/minkindr:/home/carbs/hdvio2.0/eigen_checks/install/svo_cmake:/home/carbs/hdvio2.0/eigen_checks/install/eigen_checks:/home/carbs/hdvio2.0/eigen_checks/install/svo_msgs:/home/carbs/hdvio2.0/install/svo_msgs:/home/carbs/hdvio2.0/install/svo_cmake:/opt/ros/humble /usr/bin/cmake --build /home/carbs/hdvio2.0/eigen_checks/build/vikit_common -- -j24 -l24
[9.477s] Invoking command in '/home/carbs/hdvio2.0/eigen_checks/build/vikit_common': CMAKE_PREFIX_PATH=/home/carbs/hdvio2.0/eigen_checks/install/minkindr:/home/carbs/hdvio2.0/eigen_checks/install/svo_cmake:/home/carbs/hdvio2.0/eigen_checks/install/eigen_checks:/home/carbs/hdvio2.0/eigen_checks/install/svo_msgs:/home/carbs/hdvio2.0/install/svo_msgs:/home/carbs/hdvio2.0/install/svo_cmake:/opt/ros/humble /usr/bin/cmake --install /home/carbs/hdvio2.0/eigen_checks/build/vikit_common
[9.489s] -- Install configuration: "Release"
[9.489s] -- Installing: /home/carbs/hdvio2.0/eigen_checks/install/vikit_common/lib/libvikit_common.a
[9.490s] -- Installing: /home/carbs/hdvio2.0/eigen_checks/install/vikit_common/lib/vikit_common/vikit_test_timer
[9.491s] -- Set runtime path of "/home/carbs/hdvio2.0/eigen_checks/install/vikit_common/lib/vikit_common/vikit_test_timer" to ""
[9.491s] -- Installing: /home/carbs/hdvio2.0/eigen_checks/install/vikit_common/lib/vikit_common/vikit_test_common
[9.491s] -- Set runtime path of "/home/carbs/hdvio2.0/eigen_checks/install/vikit_common/lib/vikit_common/vikit_test_common" to ""
[9.492s] -- Installing: /home/carbs/hdvio2.0/eigen_checks/install/vikit_common/include
[9.492s] -- Installing: /home/carbs/hdvio2.0/eigen_checks/install/vikit_common/include/vikit
[9.492s] -- Installing: /home/carbs/hdvio2.0/eigen_checks/install/vikit_common/include/vikit/user_input_thread.h
[9.492s] -- Installing: /home/carbs/hdvio2.0/eigen_checks/install/vikit_common/include/vikit/homography_decomp.h
[9.492s] -- Installing: /home/carbs/hdvio2.0/eigen_checks/install/vikit_common/include/vikit/blender_utils.h
[9.492s] -- Installing: /home/carbs/hdvio2.0/eigen_checks/install/vikit_common/include/vikit/csv_utils.h
[9.493s] -- Installing: /home/carbs/hdvio2.0/eigen_checks/install/vikit_common/include/vikit/math_utils.h
[9.493s] -- Installing: /home/carbs/hdvio2.0/eigen_checks/install/vikit_common/include/vikit/performance_monitor.h
[9.493s] -- Installing: /home/carbs/hdvio2.0/eigen_checks/install/vikit_common/include/vikit/path_utils.h
[9.493s] -- Installing: /home/carbs/hdvio2.0/eigen_checks/install/vikit_common/include/vikit/homography.h
[9.493s] -- Installing: /home/carbs/hdvio2.0/eigen_checks/install/vikit_common/include/vikit/sample.h
[9.494s] -- Installing: /home/carbs/hdvio2.0/eigen_checks/install/vikit_common/include/vikit/backtrace.h
[9.494s] -- Installing: /home/carbs/hdvio2.0/eigen_checks/install/vikit_common/include/vikit/timer.h
[9.494s] -- Installing: /home/carbs/hdvio2.0/eigen_checks/install/vikit_common/include/vikit/vision.h
[9.494s] -- Installing: /home/carbs/hdvio2.0/eigen_checks/install/vikit_common/include/vikit/ringbuffer.h
[9.494s] -- Installing: /home/carbs/hdvio2.0/eigen_checks/install/vikit_common/include/aslam
[9.495s] -- Installing: /home/carbs/hdvio2.0/eigen_checks/install/vikit_common/include/aslam/common
[9.495s] -- Installing: /home/carbs/hdvio2.0/eigen_checks/install/vikit_common/include/aslam/common/numdiff-jacobian-tester.h
[9.495s] -- Installing: /home/carbs/hdvio2.0/eigen_checks/install/vikit_common/include/aslam/common/entrypoint.h
[9.495s] -- Installing: /home/carbs/hdvio2.0/eigen_checks/install/vikit_common/include/aslam/common/yaml-serialization.h
[9.495s] -- Installing: /home/carbs/hdvio2.0/eigen_checks/install/vikit_common/include/aslam/common/macros.h
[9.495s] -- Installing: /home/carbs/hdvio2.0/eigen_checks/install/vikit_common/include/aslam/common/yaml-serialization-eigen.h
[9.496s] -- Installing: /home/carbs/hdvio2.0/eigen_checks/install/vikit_common/include/aslam/common/pose-types.h
[9.496s] -- Installing: /home/carbs/hdvio2.0/eigen_checks/install/vikit_common/include/aslam/common/memory.h
[9.496s] -- Installing: /home/carbs/hdvio2.0/eigen_checks/install/vikit_common/share/vikit_common/environment/library_path.sh
[9.496s] -- Installing: /home/carbs/hdvio2.0/eigen_checks/install/vikit_common/share/vikit_common/environment/library_path.dsv
[9.496s] -- Installing: /home/carbs/hdvio2.0/eigen_checks/install/vikit_common/share/ament_index/resource_index/package_run_dependencies/vikit_common
[9.496s] -- Installing: /home/carbs/hdvio2.0/eigen_checks/install/vikit_common/share/ament_index/resource_index/parent_prefix_path/vikit_common
[9.497s] -- Installing: /home/carbs/hdvio2.0/eigen_checks/install/vikit_common/share/vikit_common/environment/ament_prefix_path.sh
[9.497s] -- Installing: /home/carbs/hdvio2.0/eigen_checks/install/vikit_common/share/vikit_common/environment/ament_prefix_path.dsv
[9.497s] -- Installing: /home/carbs/hdvio2.0/eigen_checks/install/vikit_common/share/vikit_common/environment/path.sh
[9.497s] -- Installing: /home/carbs/hdvio2.0/eigen_checks/install/vikit_common/share/vikit_common/environment/path.dsv
[9.497s] -- Installing: /home/carbs/hdvio2.0/eigen_checks/install/vikit_common/share/vikit_common/local_setup.bash
[9.497s] -- Installing: /home/carbs/hdvio2.0/eigen_checks/install/vikit_common/share/vikit_common/local_setup.sh
[9.497s] -- Installing: /home/carbs/hdvio2.0/eigen_checks/install/vikit_common/share/vikit_common/local_setup.zsh
[9.498s] -- Installing: /home/carbs/hdvio2.0/eigen_checks/install/vikit_common/share/vikit_common/local_setup.dsv
[9.498s] -- Installing: /home/carbs/hdvio2.0/eigen_checks/install/vikit_common/share/vikit_common/package.dsv
[9.498s] -- Installing: /home/carbs/hdvio2.0/eigen_checks/install/vikit_common/share/ament_index/resource_index/packages/vikit_common
[9.498s] -- Installing: /home/carbs/hdvio2.0/eigen_checks/install/vikit_common/share/vikit_common/cmake/ament_cmake_export_include_directories-extras.cmake
[9.498s] -- Installing: /home/carbs/hdvio2.0/eigen_checks/install/vikit_common/share/vikit_common/cmake/ament_cmake_export_libraries-extras.cmake
[9.498s] -- Installing: /home/carbs/hdvio2.0/eigen_checks/install/vikit_common/share/vikit_common/cmake/ament_cmake_export_dependencies-extras.cmake
[9.499s] -- Installing: /home/carbs/hdvio2.0/eigen_checks/install/vikit_common/share/vikit_common/cmake/vikit_commonConfig.cmake
[9.499s] -- Installing: /home/carbs/hdvio2.0/eigen_checks/install/vikit_common/share/vikit_common/cmake/vikit_commonConfig-version.cmake
[9.499s] -- Installing: /home/carbs/hdvio2.0/eigen_checks/install/vikit_common/share/vikit_common/package.xml
[9.501s] Invoked command in '/home/carbs/hdvio2.0/eigen_checks/build/vikit_common' returned '0': CMAKE_PREFIX_PATH=/home/carbs/hdvio2.0/eigen_checks/install/minkindr:/home/carbs/hdvio2.0/eigen_checks/install/svo_cmake:/home/carbs/hdvio2.0/eigen_checks/install/eigen_checks:/home/carbs/hdvio2.0/eigen_checks/install/svo_msgs:/home/carbs/hdvio2.0/install/svo_msgs:/home/carbs/hdvio2.0/install/svo_cmake:/opt/ros/humble /usr/bin/cmake --install /home/carbs/hdvio2.0/eigen_checks/build/vikit_common
