[0.010s] Invoking command in '/home/carbs/hdvio2.0/eigen_checks/build/eigen_checks': CMAKE_PREFIX_PATH=${CMAKE_PREFIX_PATH}:/opt/ros/humble /usr/bin/cmake /home/carbs/hdvio2.0/eigen_checks -DBUILD_TESTING=ON -DCMAKE_INSTALL_PREFIX=/home/carbs/hdvio2.0/eigen_checks/install/eigen_checks
[0.028s] -- Found ament_cmake: 1.3.12 (/opt/ros/humble/share/ament_cmake/cmake)
[0.137s] -- Found eigen3_cmake_module: 0.1.1 (/opt/ros/humble/share/eigen3_cmake_module/cmake)
[0.146s] -- Found ament_cmake_gtest: 1.3.12 (/opt/ros/humble/share/ament_cmake_gtest/cmake)
[0.146s] -- Found gtest sources under '/opt/ros/humble/src/gtest_vendor': C++ tests using 'Google Test' will be built
[0.233s] -- Configuring done
[0.272s] -- Generating done
[0.287s] -- Build files have been written to: /home/carbs/hdvio2.0/eigen_checks/build/eigen_checks
[0.293s] Invoked command in '/home/carbs/hdvio2.0/eigen_checks/build/eigen_checks' returned '0': CMAKE_PREFIX_PATH=${CMAKE_PREFIX_PATH}:/opt/ros/humble /usr/bin/cmake /home/carbs/hdvio2.0/eigen_checks -DBUILD_TESTING=ON -DCMAKE_INSTALL_PREFIX=/home/carbs/hdvio2.0/eigen_checks/install/eigen_checks
[0.295s] Invoking command in '/home/carbs/hdvio2.0/eigen_checks/build/eigen_checks': CMAKE_PREFIX_PATH=${CMAKE_PREFIX_PATH}:/opt/ros/humble /usr/bin/cmake --build /home/carbs/hdvio2.0/eigen_checks/build/eigen_checks -- -j24 -l24
[0.340s] [35m[1mConsolidate compiler generated dependencies of target eigen_checks[0m
[0.343s] [35m[1mConsolidate compiler generated dependencies of target gtest[0m
[0.343s] [35m[1mConsolidate compiler generated dependencies of target gtest_main[0m
[0.355s] [  7%] Built target eigen_checks
[0.361s] [ 15%] Built target gtest
[0.362s] [ 23%] Built target gtest_main
[0.375s] [35m[1mConsolidate compiler generated dependencies of target test_gtest_zero[0m
[0.375s] [35m[1mConsolidate compiler generated dependencies of target test_gtest_equal[0m
[0.375s] [35m[1mConsolidate compiler generated dependencies of target test_glog_equal[0m
[0.375s] [35m[1mConsolidate compiler generated dependencies of target test_glog_equal_double[0m
[0.376s] [35m[1mConsolidate compiler generated dependencies of target test_gtest_equal_double[0m
[0.376s] [35m[1mConsolidate compiler generated dependencies of target test_glog_near[0m
[0.376s] [35m[1mConsolidate compiler generated dependencies of target test_gtest_zero_sized_types[0m
[0.376s] [35m[1mConsolidate compiler generated dependencies of target test_glog_zero_sized_types[0m
[0.378s] [35m[1mConsolidate compiler generated dependencies of target test_gtest_near[0m
[0.379s] [35m[1mConsolidate compiler generated dependencies of target test_glog_zero[0m
[0.401s] [ 30%] [32mBuilding CXX object CMakeFiles/test_gtest_equal.dir/test/test_gtest-equal.cc.o[0m
[0.401s] [ 30%] [32mBuilding CXX object CMakeFiles/test_gtest_zero.dir/test/test_gtest-zero.cc.o[0m
[0.401s] [ 38%] [32mBuilding CXX object CMakeFiles/test_glog_near.dir/test/test_glog-near.cc.o[0m
[0.401s] [ 38%] [32mBuilding CXX object CMakeFiles/test_glog_equal.dir/test/test_glog-equal.cc.o[0m
[0.401s] [ 42%] [32mBuilding CXX object CMakeFiles/test_glog_equal_double.dir/test/test_glog-equal-double.cc.o[0m
[0.401s] [ 46%] [32mBuilding CXX object CMakeFiles/test_glog_zero_sized_types.dir/test/test_glog-zero-sized-types.cc.o[0m
[0.403s] [ 50%] [32mBuilding CXX object CMakeFiles/test_gtest_equal_double.dir/test/test_gtest-equal-double.cc.o[0m
[0.404s] [ 53%] [32mBuilding CXX object CMakeFiles/test_gtest_zero_sized_types.dir/test/test_gtest-zero-sized-types.cc.o[0m
[0.406s] [ 57%] [32mBuilding CXX object CMakeFiles/test_glog_zero.dir/test/test_glog-zero.cc.o[0m
[0.407s] [ 61%] [32mBuilding CXX object CMakeFiles/test_gtest_near.dir/test/test_gtest-near.cc.o[0m
[0.559s] [01m[K/home/carbs/hdvio2.0/eigen_checks/test/test_glog-equal-double.cc:39:1:[m[K [01;31m[Kerror: [m[Kmacro "EXPECT_DEATH" passed 3 arguments, but takes just 2
[0.559s]    39 | [01;31m[K         [m[K                             this->test_matrix_54_random));
[0.559s]       | [01;31m[K^[m[K        
[0.559s] In file included from [01m[K/opt/ros/humble/src/gtest_vendor/include/gtest/gtest.h:64[m[K,
[0.559s]                  from [01m[K/home/carbs/hdvio2.0/eigen_checks/include/eigen-checks/entrypoint.h:29[m[K,
[0.559s]                  from [01m[K/home/carbs/hdvio2.0/eigen_checks/test/test_glog-equal-double.cc:25[m[K:
[0.560s] [01m[K/opt/ros/humble/src/gtest_vendor/include/gtest/gtest-death-test.h:184:[m[K [01;36m[Knote: [m[Kmacro "EXPECT_DEATH" defined here
[0.560s]   184 | # define EXPECT_DEATH(statement, regex) \
[0.560s]       | 
[0.560s] [01m[K/home/carbs/hdvio2.0/eigen_checks/test/test_glog-equal-double.cc:45:1:[m[K [01;31m[Kerror: [m[Kmacro "EXPECT_DEATH" passed 3 arguments, but takes just 2
[0.560s]    45 | [01;31m[K         [m[K                             this->test_matrix_D4));
[0.560s]       | [01;31m[K^[m[K        
[0.560s] In file included from [01m[K/opt/ros/humble/src/gtest_vendor/include/gtest/gtest.h:64[m[K,
[0.560s]                  from [01m[K/home/carbs/hdvio2.0/eigen_checks/include/eigen-checks/entrypoint.h:29[m[K,
[0.560s]                  from [01m[K/home/carbs/hdvio2.0/eigen_checks/test/test_glog-equal-double.cc:25[m[K:
[0.560s] [01m[K/opt/ros/humble/src/gtest_vendor/include/gtest/gtest-death-test.h:184:[m[K [01;36m[Knote: [m[Kmacro "EXPECT_DEATH" defined here
[0.560s]   184 | # define EXPECT_DEATH(statement, regex) \
[0.561s]       | 
[0.561s] [01m[K/home/carbs/hdvio2.0/eigen_checks/test/test_glog-equal-double.cc:51:1:[m[K [01;31m[Kerror: [m[Kmacro "EXPECT_DEATH" passed 3 arguments, but takes just 2
[0.561s]    51 | [01;31m[K         [m[K                             this->test_matrix_54_near_e_minus_5));
[0.561s]       | [01;31m[K^[m[K        
[0.561s] In file included from [01m[K/opt/ros/humble/src/gtest_vendor/include/gtest/gtest.h:64[m[K,
[0.561s]                  from [01m[K/home/carbs/hdvio2.0/eigen_checks/include/eigen-checks/entrypoint.h:29[m[K,
[0.561s]                  from [01m[K/home/carbs/hdvio2.0/eigen_checks/test/test_glog-equal-double.cc:25[m[K:
[0.561s] [01m[K/opt/ros/humble/src/gtest_vendor/include/gtest/gtest-death-test.h:184:[m[K [01;36m[Knote: [m[Kmacro "EXPECT_DEATH" defined here
[0.562s]   184 | # define EXPECT_DEATH(statement, regex) \
[0.562s]       | 
[0.562s] [01m[K/home/carbs/hdvio2.0/eigen_checks/test/test_glog-equal-double.cc:63:1:[m[K [01;31m[Kerror: [m[Kmacro "EXPECT_DEATH" passed 3 arguments, but takes just 2
[0.562s]    63 | [01;31m[K         [m[K                             this->test_vector_5_random));
[0.562s]       | [01;31m[K^[m[K        
[0.562s] In file included from [01m[K/opt/ros/humble/src/gtest_vendor/include/gtest/gtest.h:64[m[K,
[0.562s]                  from [01m[K/home/carbs/hdvio2.0/eigen_checks/include/eigen-checks/entrypoint.h:29[m[K,
[0.562s]                  from [01m[K/home/carbs/hdvio2.0/eigen_checks/test/test_glog-equal-double.cc:25[m[K:
[0.562s] [01m[K/opt/ros/humble/src/gtest_vendor/include/gtest/gtest-death-test.h:184:[m[K [01;36m[Knote: [m[Kmacro "EXPECT_DEATH" defined here
[0.563s]   184 | # define EXPECT_DEATH(statement, regex) \
[0.563s]       | 
[0.563s] [01m[K/home/carbs/hdvio2.0/eigen_checks/test/test_glog-equal-double.cc:69:1:[m[K [01;31m[Kerror: [m[Kmacro "EXPECT_DEATH" passed 3 arguments, but takes just 2
[0.563s]    69 | [01;31m[K         [m[K                             this->test_vector_D));
[0.563s]       | [01;31m[K^[m[K        
[0.563s] In file included from [01m[K/opt/ros/humble/src/gtest_vendor/include/gtest/gtest.h:64[m[K,
[0.563s]                  from [01m[K/home/carbs/hdvio2.0/eigen_checks/include/eigen-checks/entrypoint.h:29[m[K,
[0.563s]                  from [01m[K/home/carbs/hdvio2.0/eigen_checks/test/test_glog-equal-double.cc:25[m[K:
[0.563s] [01m[K/opt/ros/humble/src/gtest_vendor/include/gtest/gtest-death-test.h:184:[m[K [01;36m[Knote: [m[Kmacro "EXPECT_DEATH" defined here
[0.563s]   184 | # define EXPECT_DEATH(statement, regex) \
[0.563s]       | 
[0.564s] [01m[K/home/carbs/hdvio2.0/eigen_checks/test/test_glog-equal-double.cc:75:1:[m[K [01;31m[Kerror: [m[Kmacro "EXPECT_DEATH" passed 3 arguments, but takes just 2
[0.564s]    75 | [01;31m[K         [m[K                             this->test_vector_5_near_e_minus_5));
[0.564s]       | [01;31m[K^[m[K        
[0.564s] In file included from [01m[K/opt/ros/humble/src/gtest_vendor/include/gtest/gtest.h:64[m[K,
[0.564s]                  from [01m[K/home/carbs/hdvio2.0/eigen_checks/include/eigen-checks/entrypoint.h:29[m[K,
[0.564s]                  from [01m[K/home/carbs/hdvio2.0/eigen_checks/test/test_glog-equal-double.cc:25[m[K:
[0.564s] [01m[K/opt/ros/humble/src/gtest_vendor/include/gtest/gtest-death-test.h:184:[m[K [01;36m[Knote: [m[Kmacro "EXPECT_DEATH" defined here
[0.564s]   184 | # define EXPECT_DEATH(statement, regex) \
[0.564s]       | 
[0.564s] [01m[K/home/carbs/hdvio2.0/eigen_checks/test/test_glog-zero-sized-types.cc:34:1:[m[K [01;31m[Kerror: [m[Kmacro "EXPECT_DEATH" passed 3 arguments, but takes just 2
[0.565s]    34 | [01;31m[K  GLOG_TE[m[KST_EXPECT_DEATH_DIFFERENT_DATA(CHECK_EIGEN_MATRIX_NEAR(A, B, 0.01));
[0.565s]       | [01;31m[K^[m[K [01;31m[K~~~~~~~[m[K
[0.565s] In file included from [01m[K/opt/ros/humble/src/gtest_vendor/include/gtest/gtest.h:64[m[K,
[0.565s]                  from [01m[K/home/carbs/hdvio2.0/eigen_checks/include/eigen-checks/entrypoint.h:29[m[K,
[0.565s]                  from [01m[K/home/carbs/hdvio2.0/eigen_checks/test/test_glog-zero-sized-types.cc:25[m[K:
[0.565s] [01m[K/opt/ros/humble/src/gtest_vendor/include/gtest/gtest-death-test.h:184:[m[K [01;36m[Knote: [m[Kmacro "EXPECT_DEATH" defined here
[0.565s]   184 | # define EXPECT_DEATH(statement, regex) \
[0.565s]       | 
[0.565s] [01m[K/home/carbs/hdvio2.0/eigen_checks/test/test_glog-zero-sized-types.cc:41:1:[m[K [01;31m[Kerror: [m[Kmacro "EXPECT_DEATH" passed 3 arguments, but takes just 2
[0.565s]    41 | [01;31m[K  GLOG_TE[m[KST_EXPECT_DEATH_DIFFERENT_DATA(CHECK_EIGEN_MATRIX_NEAR(A, B, 0.01));
[0.565s]       | [01;31m[K^[m[K [01;31m[K~~~~~~~[m[K
[0.566s] In file included from [01m[K/opt/ros/humble/src/gtest_vendor/include/gtest/gtest.h:64[m[K,
[0.566s]                  from [01m[K/home/carbs/hdvio2.0/eigen_checks/include/eigen-checks/entrypoint.h:29[m[K,
[0.566s]                  from [01m[K/home/carbs/hdvio2.0/eigen_checks/test/test_glog-zero-sized-types.cc:25[m[K:
[0.566s] [01m[K/opt/ros/humble/src/gtest_vendor/include/gtest/gtest-death-test.h:184:[m[K [01;36m[Knote: [m[Kmacro "EXPECT_DEATH" defined here
[0.566s]   184 | # define EXPECT_DEATH(statement, regex) \
[0.566s]       | 
[0.566s] [01m[K/home/carbs/hdvio2.0/eigen_checks/test/test_glog-equal.cc:39:1:[m[K [01;31m[Kerror: [m[Kmacro "EXPECT_DEATH" passed 3 arguments, but takes just 2
[0.566s]    39 | [01;31m[K         [m[K                      this->test_matrix_54_random));
[0.566s]       | [01;31m[K^[m[K        
[0.566s] In file included from [01m[K/opt/ros/humble/src/gtest_vendor/include/gtest/gtest.h:64[m[K,
[0.567s]                  from [01m[K/home/carbs/hdvio2.0/eigen_checks/include/eigen-checks/entrypoint.h:29[m[K,
[0.567s]                  from [01m[K/home/carbs/hdvio2.0/eigen_checks/test/test_glog-equal.cc:25[m[K:
[0.567s] [01m[K/opt/ros/humble/src/gtest_vendor/include/gtest/gtest-death-test.h:184:[m[K [01;36m[Knote: [m[Kmacro "EXPECT_DEATH" defined here
[0.567s]   184 | # define EXPECT_DEATH(statement, regex) \
[0.567s]       | 
[0.567s] [01m[K/home/carbs/hdvio2.0/eigen_checks/test/test_glog-equal.cc:45:1:[m[K [01;31m[Kerror: [m[Kmacro "EXPECT_DEATH" passed 3 arguments, but takes just 2
[0.567s]    45 | [01;31m[K         [m[K                      this->test_matrix_D4));
[0.567s]       | [01;31m[K^[m[K        
[0.567s] In file included from [01m[K/opt/ros/humble/src/gtest_vendor/include/gtest/gtest.h:64[m[K,
[0.567s]                  from [01m[K/home/carbs/hdvio2.0/eigen_checks/include/eigen-checks/entrypoint.h:29[m[K,
[0.567s]                  from [01m[K/home/carbs/hdvio2.0/eigen_checks/test/test_glog-equal.cc:25[m[K:
[0.568s] [01m[K/opt/ros/humble/src/gtest_vendor/include/gtest/gtest-death-test.h:184:[m[K [01;36m[Knote: [m[Kmacro "EXPECT_DEATH" defined here
[0.568s]   184 | # define EXPECT_DEATH(statement, regex) \
[0.568s]       | 
[0.568s] [01m[K/home/carbs/hdvio2.0/eigen_checks/test/test_glog-equal.cc:51:1:[m[K [01;31m[Kerror: [m[Kmacro "EXPECT_DEATH" passed 3 arguments, but takes just 2
[0.568s]    51 | [01;31m[K         [m[K                      this->test_matrix_54_near_e_minus_5));
[0.568s]       | [01;31m[K^[m[K        
[0.568s] In file included from [01m[K/opt/ros/humble/src/gtest_vendor/include/gtest/gtest.h:64[m[K,
[0.568s]                  from [01m[K/home/carbs/hdvio2.0/eigen_checks/include/eigen-checks/entrypoint.h:29[m[K,
[0.568s]                  from [01m[K/home/carbs/hdvio2.0/eigen_checks/test/test_glog-equal.cc:25[m[K:
[0.568s] [01m[K/opt/ros/humble/src/gtest_vendor/include/gtest/gtest-death-test.h:184:[m[K [01;36m[Knote: [m[Kmacro "EXPECT_DEATH" defined here
[0.568s]   184 | # define EXPECT_DEATH(statement, regex) \
[0.569s]       | 
[0.569s] [01m[K/home/carbs/hdvio2.0/eigen_checks/test/test_glog-equal.cc:63:1:[m[K [01;31m[Kerror: [m[Kmacro "EXPECT_DEATH" passed 3 arguments, but takes just 2
[0.569s]    63 | [01;31m[K         [m[K                      this->test_vector_5_random));
[0.569s]       | [01;31m[K^[m[K        
[0.569s] In file included from [01m[K/opt/ros/humble/src/gtest_vendor/include/gtest/gtest.h:64[m[K,
[0.569s]                  from [01m[K/home/carbs/hdvio2.0/eigen_checks/include/eigen-checks/entrypoint.h:29[m[K,
[0.569s]                  from [01m[K/home/carbs/hdvio2.0/eigen_checks/test/test_glog-equal.cc:25[m[K:
[0.569s] [01m[K/opt/ros/humble/src/gtest_vendor/include/gtest/gtest-death-test.h:184:[m[K [01;36m[Knote: [m[Kmacro "EXPECT_DEATH" defined here
[0.569s]   184 | # define EXPECT_DEATH(statement, regex) \
[0.569s]       | 
[0.569s] [01m[K/home/carbs/hdvio2.0/eigen_checks/test/test_glog-equal.cc:69:1:[m[K [01;31m[Kerror: [m[Kmacro "EXPECT_DEATH" passed 3 arguments, but takes just 2
[0.569s]    69 | [01;31m[K         [m[K                      this->test_vector_D));
[0.569s]       | [01;31m[K^[m[K        
[0.570s] In file included from [01m[K/opt/ros/humble/src/gtest_vendor/include/gtest/gtest.h:64[m[K,
[0.570s]                  from [01m[K/home/carbs/hdvio2.0/eigen_checks/include/eigen-checks/entrypoint.h:29[m[K,
[0.570s]                  from [01m[K/home/carbs/hdvio2.0/eigen_checks/test/test_glog-equal.cc:25[m[K:
[0.570s] [01m[K/opt/ros/humble/src/gtest_vendor/include/gtest/gtest-death-test.h:184:[m[K [01;36m[Knote: [m[Kmacro "EXPECT_DEATH" defined here
[0.570s]   184 | # define EXPECT_DEATH(statement, regex) \
[0.570s]       | 
[0.570s] [01m[K/home/carbs/hdvio2.0/eigen_checks/test/test_glog-equal.cc:75:1:[m[K [01;31m[Kerror: [m[Kmacro "EXPECT_DEATH" passed 3 arguments, but takes just 2
[0.570s]    75 | [01;31m[K         [m[K                      this->test_vector_5_near_e_minus_5));
[0.570s]       | [01;31m[K^[m[K        
[0.570s] In file included from [01m[K/opt/ros/humble/src/gtest_vendor/include/gtest/gtest.h:64[m[K,
[0.570s]                  from [01m[K/home/carbs/hdvio2.0/eigen_checks/include/eigen-checks/entrypoint.h:29[m[K,
[0.571s]                  from [01m[K/home/carbs/hdvio2.0/eigen_checks/test/test_glog-equal.cc:25[m[K:
[0.571s] [01m[K/opt/ros/humble/src/gtest_vendor/include/gtest/gtest-death-test.h:184:[m[K [01;36m[Knote: [m[Kmacro "EXPECT_DEATH" defined here
[0.571s]   184 | # define EXPECT_DEATH(statement, regex) \
[0.571s]       | 
[0.579s] [01m[K/home/carbs/hdvio2.0/eigen_checks/test/test_glog-near.cc:44:1:[m[K [01;31m[Kerror: [m[Kmacro "EXPECT_DEATH" passed 3 arguments, but takes just 2
[0.579s]    44 | [01;31m[K      thi[m[Ks->ground_truth_matrix_54, this->test_matrix_54_random, 1e-8));
[0.579s]       | [01;31m[K^[m[K     [01;31m[K~~~[m[K
[0.579s] In file included from [01m[K/opt/ros/humble/src/gtest_vendor/include/gtest/gtest.h:64[m[K,
[0.579s]                  from [01m[K/home/carbs/hdvio2.0/eigen_checks/include/eigen-checks/entrypoint.h:29[m[K,
[0.579s]                  from [01m[K/home/carbs/hdvio2.0/eigen_checks/test/test_glog-near.cc:25[m[K:
[0.579s] [01m[K/opt/ros/humble/src/gtest_vendor/include/gtest/gtest-death-test.h:184:[m[K [01;36m[Knote: [m[Kmacro "EXPECT_DEATH" defined here
[0.579s]   184 | # define EXPECT_DEATH(statement, regex) \
[0.579s]       | 
[0.579s] [01m[K/home/carbs/hdvio2.0/eigen_checks/test/test_glog-near.cc:50:1:[m[K [01;31m[Kerror: [m[Kmacro "EXPECT_DEATH" passed 3 arguments, but takes just 2
[0.579s]    50 | [01;31m[K         [m[K                     this->test_matrix_D4, 1e-8));
[0.580s]       | [01;31m[K^[m[K        
[0.580s] In file included from [01m[K/opt/ros/humble/src/gtest_vendor/include/gtest/gtest.h:64[m[K,
[0.580s]                  from [01m[K/home/carbs/hdvio2.0/eigen_checks/include/eigen-checks/entrypoint.h:29[m[K,
[0.580s]                  from [01m[K/home/carbs/hdvio2.0/eigen_checks/test/test_glog-near.cc:25[m[K:
[0.580s] [01m[K/opt/ros/humble/src/gtest_vendor/include/gtest/gtest-death-test.h:184:[m[K [01;36m[Knote: [m[Kmacro "EXPECT_DEATH" defined here
[0.580s]   184 | # define EXPECT_DEATH(statement, regex) \
[0.580s]       | 
[0.580s] [01m[K/home/carbs/hdvio2.0/eigen_checks/test/test_glog-near.cc:72:1:[m[K [01;31m[Kerror: [m[Kmacro "EXPECT_DEATH" passed 3 arguments, but takes just 2
[0.580s]    72 | [01;31m[K      thi[m[Ks->ground_truth_vector_5, this->test_vector_5_random, 1e-8));
[0.580s]       | [01;31m[K^[m[K     [01;31m[K~~~[m[K
[0.581s] In file included from [01m[K/opt/ros/humble/src/gtest_vendor/include/gtest/gtest.h:64[m[K,
[0.581s]                  from [01m[K/home/carbs/hdvio2.0/eigen_checks/include/eigen-checks/entrypoint.h:29[m[K,
[0.581s]                  from [01m[K/home/carbs/hdvio2.0/eigen_checks/test/test_glog-near.cc:25[m[K:
[0.581s] [01m[K/opt/ros/humble/src/gtest_vendor/include/gtest/gtest-death-test.h:184:[m[K [01;36m[Knote: [m[Kmacro "EXPECT_DEATH" defined here
[0.581s]   184 | # define EXPECT_DEATH(statement, regex) \
[0.581s]       | 
[0.581s] [01m[K/home/carbs/hdvio2.0/eigen_checks/test/test_glog-near.cc:77:1:[m[K [01;31m[Kerror: [m[Kmacro "EXPECT_DEATH" passed 3 arguments, but takes just 2
[0.581s]    77 | [01;31m[K      thi[m[Ks->ground_truth_vector_5, this->test_vector_D, 1e-8));
[0.581s]       | [01;31m[K^[m[K     [01;31m[K~~~[m[K
[0.581s] In file included from [01m[K/opt/ros/humble/src/gtest_vendor/include/gtest/gtest.h:64[m[K,
[0.581s]                  from [01m[K/home/carbs/hdvio2.0/eigen_checks/include/eigen-checks/entrypoint.h:29[m[K,
[0.582s]                  from [01m[K/home/carbs/hdvio2.0/eigen_checks/test/test_glog-near.cc:25[m[K:
[0.582s] [01m[K/opt/ros/humble/src/gtest_vendor/include/gtest/gtest-death-test.h:184:[m[K [01;36m[Knote: [m[Kmacro "EXPECT_DEATH" defined here
[0.582s]   184 | # define EXPECT_DEATH(statement, regex) \
[0.582s]       | 
[0.585s] [01m[K/home/carbs/hdvio2.0/eigen_checks/test/test_glog-zero.cc:37:1:[m[K [01;31m[Kerror: [m[Kmacro "EXPECT_DEATH" passed 3 arguments, but takes just 2
[0.585s]    37 | [01;31m[K      CHE[m[KCK_EIGEN_MATRIX_ZERO(this->test_matrix_54_random, 1e-5));
[0.585s]       | [01;31m[K^[m[K     [01;31m[K~~~[m[K
[0.585s] In file included from [01m[K/opt/ros/humble/src/gtest_vendor/include/gtest/gtest.h:64[m[K,
[0.586s]                  from [01m[K/home/carbs/hdvio2.0/eigen_checks/include/eigen-checks/entrypoint.h:29[m[K,
[0.586s]                  from [01m[K/home/carbs/hdvio2.0/eigen_checks/test/test_glog-zero.cc:25[m[K:
[0.586s] [01m[K/opt/ros/humble/src/gtest_vendor/include/gtest/gtest-death-test.h:184:[m[K [01;36m[Knote: [m[Kmacro "EXPECT_DEATH" defined here
[0.586s]   184 | # define EXPECT_DEATH(statement, regex) \
[0.586s]       | 
[0.586s] [01m[K/home/carbs/hdvio2.0/eigen_checks/test/test_glog-zero.cc:42:1:[m[K [01;31m[Kerror: [m[Kmacro "EXPECT_DEATH" passed 3 arguments, but takes just 2
[0.586s]    42 | [01;31m[K      CHE[m[KCK_EIGEN_MATRIX_ZERO(this->test_matrix_D4, 1e-5));
[0.586s]       | [01;31m[K^[m[K     [01;31m[K~~~[m[K
[0.586s] In file included from [01m[K/opt/ros/humble/src/gtest_vendor/include/gtest/gtest.h:64[m[K,
[0.586s]                  from [01m[K/home/carbs/hdvio2.0/eigen_checks/include/eigen-checks/entrypoint.h:29[m[K,
[0.586s]                  from [01m[K/home/carbs/hdvio2.0/eigen_checks/test/test_glog-zero.cc:25[m[K:
[0.587s] [01m[K/opt/ros/humble/src/gtest_vendor/include/gtest/gtest-death-test.h:184:[m[K [01;36m[Knote: [m[Kmacro "EXPECT_DEATH" defined here
[0.587s]   184 | # define EXPECT_DEATH(statement, regex) \
[0.587s]       | 
[0.587s] [01m[K/home/carbs/hdvio2.0/eigen_checks/test/test_glog-zero.cc:47:1:[m[K [01;31m[Kerror: [m[Kmacro "EXPECT_DEATH" passed 3 arguments, but takes just 2
[0.587s]    47 | [01;31m[K      CHE[m[KCK_EIGEN_MATRIX_ZERO(this->test_matrix_54_near_e_minus_5, 1e-5));
[0.587s]       | [01;31m[K^[m[K     [01;31m[K~~~[m[K
[0.587s] In file included from [01m[K/opt/ros/humble/src/gtest_vendor/include/gtest/gtest.h:64[m[K,
[0.587s]                  from [01m[K/home/carbs/hdvio2.0/eigen_checks/include/eigen-checks/entrypoint.h:29[m[K,
[0.587s]                  from [01m[K/home/carbs/hdvio2.0/eigen_checks/test/test_glog-zero.cc:25[m[K:
[0.587s] [01m[K/opt/ros/humble/src/gtest_vendor/include/gtest/gtest-death-test.h:184:[m[K [01;36m[Knote: [m[Kmacro "EXPECT_DEATH" defined here
[0.587s]   184 | # define EXPECT_DEATH(statement, regex) \
[0.588s]       | 
[0.588s] [01m[K/home/carbs/hdvio2.0/eigen_checks/test/test_glog-zero.cc:57:1:[m[K [01;31m[Kerror: [m[Kmacro "EXPECT_DEATH" passed 3 arguments, but takes just 2
[0.588s]    57 | [01;31m[K      CHE[m[KCK_EIGEN_MATRIX_ZERO(this->ground_truth_vector_5, 1e-5));
[0.588s]       | [01;31m[K^[m[K     [01;31m[K~~~[m[K
[0.588s] In file included from [01m[K/opt/ros/humble/src/gtest_vendor/include/gtest/gtest.h:64[m[K,
[0.588s]                  from [01m[K/home/carbs/hdvio2.0/eigen_checks/include/eigen-checks/entrypoint.h:29[m[K,
[0.588s]                  from [01m[K/home/carbs/hdvio2.0/eigen_checks/test/test_glog-zero.cc:25[m[K:
[0.588s] [01m[K/opt/ros/humble/src/gtest_vendor/include/gtest/gtest-death-test.h:184:[m[K [01;36m[Knote: [m[Kmacro "EXPECT_DEATH" defined here
[0.588s]   184 | # define EXPECT_DEATH(statement, regex) \
[0.588s]       | 
[0.588s] [01m[K/home/carbs/hdvio2.0/eigen_checks/test/test_glog-zero.cc:62:1:[m[K [01;31m[Kerror: [m[Kmacro "EXPECT_DEATH" passed 3 arguments, but takes just 2
[0.589s]    62 | [01;31m[K      CHE[m[KCK_EIGEN_MATRIX_ZERO(this->ground_truth_vector_5, 1e-5));
[0.589s]       | [01;31m[K^[m[K     [01;31m[K~~~[m[K
[0.589s] In file included from [01m[K/opt/ros/humble/src/gtest_vendor/include/gtest/gtest.h:64[m[K,
[0.589s]                  from [01m[K/home/carbs/hdvio2.0/eigen_checks/include/eigen-checks/entrypoint.h:29[m[K,
[0.589s]                  from [01m[K/home/carbs/hdvio2.0/eigen_checks/test/test_glog-zero.cc:25[m[K:
[0.589s] [01m[K/opt/ros/humble/src/gtest_vendor/include/gtest/gtest-death-test.h:184:[m[K [01;36m[Knote: [m[Kmacro "EXPECT_DEATH" defined here
[0.589s]   184 | # define EXPECT_DEATH(statement, regex) \
[0.589s]       | 
[0.589s] [01m[K/home/carbs/hdvio2.0/eigen_checks/test/test_glog-zero.cc:67:1:[m[K [01;31m[Kerror: [m[Kmacro "EXPECT_DEATH" passed 3 arguments, but takes just 2
[0.589s]    67 | [01;31m[K      CHE[m[KCK_EIGEN_MATRIX_ZERO(this->ground_truth_vector_5, 1e-5));
[0.589s]       | [01;31m[K^[m[K     [01;31m[K~~~[m[K
[0.590s] In file included from [01m[K/opt/ros/humble/src/gtest_vendor/include/gtest/gtest.h:64[m[K,
[0.590s]                  from [01m[K/home/carbs/hdvio2.0/eigen_checks/include/eigen-checks/entrypoint.h:29[m[K,
[0.590s]                  from [01m[K/home/carbs/hdvio2.0/eigen_checks/test/test_glog-zero.cc:25[m[K:
[0.590s] [01m[K/opt/ros/humble/src/gtest_vendor/include/gtest/gtest-death-test.h:184:[m[K [01;36m[Knote: [m[Kmacro "EXPECT_DEATH" defined here
[0.590s]   184 | # define EXPECT_DEATH(statement, regex) \
[0.590s]       | 
[1.691s] In file included from [01m[K/home/carbs/hdvio2.0/eigen_checks/test/test_glog-equal.cc:28[m[K:
[1.691s] [01m[K/home/carbs/hdvio2.0/eigen_checks/test/test_glog-equal.cc:[m[K In member function ‘[01m[Kvirtual void EigenChecks_EigenMatrixEqualGLog_Matrix_NonEqualRandom_Test<gtest_TypeParam_>::TestBody()[m[K’:
[1.691s] [01m[K/home/carbs/hdvio2.0/eigen_checks/test/test_helper.h:136:8:[m[K [01;31m[Kerror: [m[K‘[01m[KEXPECT_DEATH[m[K’ was not declared in this scope
[1.692s]   136 |   do { [01;31m[KEXPECT_DEATH[m[K(X, "^"); } while(0)  // ^The matrices are different$
[1.692s]       |        [01;31m[K^~~~~~~~~~~~[m[K
[1.692s] [01m[K/home/carbs/hdvio2.0/eigen_checks/test/test_helper.h:136:8:[m[K [01;36m[Knote: [m[Kin definition of macro ‘[01m[KGLOG_TEST_EXPECT_DEATH_DIFFERENT_DATA[m[K’
[1.692s]   136 |   do { [01;36m[KEXPECT_DEATH[m[K(X, "^"); } while(0)  // ^The matrices are different$
[1.692s]       |        [01;36m[K^~~~~~~~~~~~[m[K
[1.698s] [01m[K/home/carbs/hdvio2.0/eigen_checks/test/test_glog-equal.cc:[m[K In member function ‘[01m[Kvirtual void EigenChecks_EigenMatrixEqualGLog_Matrix_OtherSize_Test<gtest_TypeParam_>::TestBody()[m[K’:
[1.698s] [01m[K/home/carbs/hdvio2.0/eigen_checks/test/test_helper.h:133:8:[m[K [01;31m[Kerror: [m[K‘[01m[KEXPECT_DEATH[m[K’ was not declared in this scope
[1.698s]   133 |   do { [01;31m[KEXPECT_DEATH[m[K(X, "^"); } while(0)  // ^The matrices have a different$
[1.698s]       |        [01;31m[K^~~~~~~~~~~~[m[K
[1.698s] [01m[K/home/carbs/hdvio2.0/eigen_checks/test/test_helper.h:133:8:[m[K [01;36m[Knote: [m[Kin definition of macro ‘[01m[KGLOG_TEST_EXPECT_DEATH_DIFFERENT_SIZE[m[K’
[1.698s]   133 |   do { [01;36m[KEXPECT_DEATH[m[K(X, "^"); } while(0)  // ^The matrices have a different$
[1.698s]       |        [01;36m[K^~~~~~~~~~~~[m[K
[1.703s] In file included from [01m[K/home/carbs/hdvio2.0/eigen_checks/test/test_glog-equal-double.cc:28[m[K:
[1.703s] [01m[K/home/carbs/hdvio2.0/eigen_checks/test/test_glog-equal-double.cc:[m[K In member function ‘[01m[Kvirtual void EigenChecks_EigenMatrixEqualDoubleGLog_Matrix_NonEqualRandom_Test<gtest_TypeParam_>::TestBody()[m[K’:
[1.703s] [01m[K/home/carbs/hdvio2.0/eigen_checks/test/test_helper.h:136:8:[m[K [01;31m[Kerror: [m[K‘[01m[KEXPECT_DEATH[m[K’ was not declared in this scope
[1.703s]   136 |   do { [01;31m[KEXPECT_DEATH[m[K(X, "^"); } while(0)  // ^The matrices are different$
[1.703s]       |        [01;31m[K^~~~~~~~~~~~[m[K
[1.703s] [01m[K/home/carbs/hdvio2.0/eigen_checks/test/test_helper.h:136:8:[m[K [01;36m[Knote: [m[Kin definition of macro ‘[01m[KGLOG_TEST_EXPECT_DEATH_DIFFERENT_DATA[m[K’
[1.704s]   136 |   do { [01;36m[KEXPECT_DEATH[m[K(X, "^"); } while(0)  // ^The matrices are different$
[1.704s]       |        [01;36m[K^~~~~~~~~~~~[m[K
[1.704s] [01m[K/home/carbs/hdvio2.0/eigen_checks/test/test_glog-equal.cc:[m[K In member function ‘[01m[Kvirtual void EigenChecks_EigenMatrixEqualGLog_Matrix_Near5_Test<gtest_TypeParam_>::TestBody()[m[K’:
[1.704s] [01m[K/home/carbs/hdvio2.0/eigen_checks/test/test_helper.h:136:8:[m[K [01;31m[Kerror: [m[K‘[01m[KEXPECT_DEATH[m[K’ was not declared in this scope
[1.704s]   136 |   do { [01;31m[KEXPECT_DEATH[m[K(X, "^"); } while(0)  // ^The matrices are different$
[1.704s]       |        [01;31m[K^~~~~~~~~~~~[m[K
[1.704s] [01m[K/home/carbs/hdvio2.0/eigen_checks/test/test_helper.h:136:8:[m[K [01;36m[Knote: [m[Kin definition of macro ‘[01m[KGLOG_TEST_EXPECT_DEATH_DIFFERENT_DATA[m[K’
[1.704s]   136 |   do { [01;36m[KEXPECT_DEATH[m[K(X, "^"); } while(0)  // ^The matrices are different$
[1.704s]       |        [01;36m[K^~~~~~~~~~~~[m[K
[1.710s] [01m[K/home/carbs/hdvio2.0/eigen_checks/test/test_glog-equal-double.cc:[m[K In member function ‘[01m[Kvirtual void EigenChecks_EigenMatrixEqualDoubleGLog_Matrix_OtherSize_Test<gtest_TypeParam_>::TestBody()[m[K’:
[1.710s] [01m[K/home/carbs/hdvio2.0/eigen_checks/test/test_helper.h:133:8:[m[K [01;31m[Kerror: [m[K‘[01m[KEXPECT_DEATH[m[K’ was not declared in this scope
[1.710s]   133 |   do { [01;31m[KEXPECT_DEATH[m[K(X, "^"); } while(0)  // ^The matrices have a different$
[1.710s]       |        [01;31m[K^~~~~~~~~~~~[m[K
[1.710s] [01m[K/home/carbs/hdvio2.0/eigen_checks/test/test_helper.h:133:8:[m[K [01;36m[Knote: [m[Kin definition of macro ‘[01m[KGLOG_TEST_EXPECT_DEATH_DIFFERENT_SIZE[m[K’
[1.710s]   133 |   do { [01;36m[KEXPECT_DEATH[m[K(X, "^"); } while(0)  // ^The matrices have a different$
[1.710s]       |        [01;36m[K^~~~~~~~~~~~[m[K
[1.710s] In file included from [01m[K/home/carbs/hdvio2.0/eigen_checks/test/test_glog-near.cc:28[m[K:
[1.710s] [01m[K/home/carbs/hdvio2.0/eigen_checks/test/test_glog-near.cc:[m[K In member function ‘[01m[Kvirtual void EigenChecks_EigenMatrixNearGLog_Matrix_NonEqualRandom_Test<gtest_TypeParam_>::TestBody()[m[K’:
[1.710s] [01m[K/home/carbs/hdvio2.0/eigen_checks/test/test_helper.h:136:8:[m[K [01;31m[Kerror: [m[K‘[01m[KEXPECT_DEATH[m[K’ was not declared in this scope
[1.710s]   136 |   do { [01;31m[KEXPECT_DEATH[m[K(X, "^"); } while(0)  // ^The matrices are different$
[1.710s]       |        [01;31m[K^~~~~~~~~~~~[m[K
[1.711s] [01m[K/home/carbs/hdvio2.0/eigen_checks/test/test_helper.h:136:8:[m[K [01;36m[Knote: [m[Kin definition of macro ‘[01m[KGLOG_TEST_EXPECT_DEATH_DIFFERENT_DATA[m[K’
[1.711s]   136 |   do { [01;36m[KEXPECT_DEATH[m[K(X, "^"); } while(0)  // ^The matrices are different$
[1.711s]       |        [01;36m[K^~~~~~~~~~~~[m[K
[1.711s] [01m[K/home/carbs/hdvio2.0/eigen_checks/test/test_glog-equal.cc:[m[K In member function ‘[01m[Kvirtual void EigenChecks_EigenMatrixEqualGLog_Vector_NonEqualRandom_Test<gtest_TypeParam_>::TestBody()[m[K’:
[1.711s] [01m[K/home/carbs/hdvio2.0/eigen_checks/test/test_helper.h:136:8:[m[K [01;31m[Kerror: [m[K‘[01m[KEXPECT_DEATH[m[K’ was not declared in this scope
[1.711s]   136 |   do { [01;31m[KEXPECT_DEATH[m[K(X, "^"); } while(0)  // ^The matrices are different$
[1.711s]       |        [01;31m[K^~~~~~~~~~~~[m[K
[1.711s] [01m[K/home/carbs/hdvio2.0/eigen_checks/test/test_helper.h:136:8:[m[K [01;36m[Knote: [m[Kin definition of macro ‘[01m[KGLOG_TEST_EXPECT_DEATH_DIFFERENT_DATA[m[K’
[1.711s]   136 |   do { [01;36m[KEXPECT_DEATH[m[K(X, "^"); } while(0)  // ^The matrices are different$
[1.711s]       |        [01;36m[K^~~~~~~~~~~~[m[K
[1.712s] In file included from [01m[K/home/carbs/hdvio2.0/eigen_checks/test/test_glog-zero-sized-types.cc:29[m[K:
[1.712s] [01m[K/home/carbs/hdvio2.0/eigen_checks/test/test_glog-zero-sized-types.cc:[m[K In member function ‘[01m[Kvirtual void EigenChecks_EigenMatrixEqualGlog_Zero_Sized_Dynamic_Matrix_Test::TestBody()[m[K’:
[1.712s] [01m[K/home/carbs/hdvio2.0/eigen_checks/test/test_helper.h:136:8:[m[K [01;31m[Kerror: [m[K‘[01m[KEXPECT_DEATH[m[K’ was not declared in this scope
[1.712s]   136 |   do { [01;31m[KEXPECT_DEATH[m[K(X, "^"); } while(0)  // ^The matrices are different$
[1.712s]       |        [01;31m[K^~~~~~~~~~~~[m[K
[1.712s] [01m[K/home/carbs/hdvio2.0/eigen_checks/test/test_helper.h:136:8:[m[K [01;36m[Knote: [m[Kin definition of macro ‘[01m[KGLOG_TEST_EXPECT_DEATH_DIFFERENT_DATA[m[K’
[1.712s]   136 |   do { [01;36m[KEXPECT_DEATH[m[K(X, "^"); } while(0)  // ^The matrices are different$
[1.712s]       |        [01;36m[K^~~~~~~~~~~~[m[K
[1.716s] [01m[K/home/carbs/hdvio2.0/eigen_checks/test/test_glog-equal-double.cc:[m[K In member function ‘[01m[Kvirtual void EigenChecks_EigenMatrixEqualDoubleGLog_Matrix_Near5_Test<gtest_TypeParam_>::TestBody()[m[K’:
[1.716s] [01m[K/home/carbs/hdvio2.0/eigen_checks/test/test_helper.h:136:8:[m[K [01;31m[Kerror: [m[K‘[01m[KEXPECT_DEATH[m[K’ was not declared in this scope
[1.716s]   136 |   do { [01;31m[KEXPECT_DEATH[m[K(X, "^"); } while(0)  // ^The matrices are different$
[1.716s]       |        [01;31m[K^~~~~~~~~~~~[m[K
[1.716s] [01m[K/home/carbs/hdvio2.0/eigen_checks/test/test_helper.h:136:8:[m[K [01;36m[Knote: [m[Kin definition of macro ‘[01m[KGLOG_TEST_EXPECT_DEATH_DIFFERENT_DATA[m[K’
[1.716s]   136 |   do { [01;36m[KEXPECT_DEATH[m[K(X, "^"); } while(0)  // ^The matrices are different$
[1.717s]       |        [01;36m[K^~~~~~~~~~~~[m[K
[1.717s] [01m[K/home/carbs/hdvio2.0/eigen_checks/test/test_glog-near.cc:[m[K In member function ‘[01m[Kvirtual void EigenChecks_EigenMatrixNearGLog_Matrix_OtherSize_Test<gtest_TypeParam_>::TestBody()[m[K’:
[1.717s] [01m[K/home/carbs/hdvio2.0/eigen_checks/test/test_helper.h:133:8:[m[K [01;31m[Kerror: [m[K‘[01m[KEXPECT_DEATH[m[K’ was not declared in this scope
[1.717s]   133 |   do { [01;31m[KEXPECT_DEATH[m[K(X, "^"); } while(0)  // ^The matrices have a different$
[1.717s]       |        [01;31m[K^~~~~~~~~~~~[m[K
[1.717s] [01m[K/home/carbs/hdvio2.0/eigen_checks/test/test_helper.h:133:8:[m[K [01;36m[Knote: [m[Kin definition of macro ‘[01m[KGLOG_TEST_EXPECT_DEATH_DIFFERENT_SIZE[m[K’
[1.717s]   133 |   do { [01;36m[KEXPECT_DEATH[m[K(X, "^"); } while(0)  // ^The matrices have a different$
[1.717s]       |        [01;36m[K^~~~~~~~~~~~[m[K
[1.717s] [01m[K/home/carbs/hdvio2.0/eigen_checks/test/test_glog-equal.cc:[m[K In member function ‘[01m[Kvirtual void EigenChecks_EigenMatrixEqualGLog_Vector_OtherSize_Test<gtest_TypeParam_>::TestBody()[m[K’:
[1.717s] [01m[K/home/carbs/hdvio2.0/eigen_checks/test/test_helper.h:136:8:[m[K [01;31m[Kerror: [m[K‘[01m[KEXPECT_DEATH[m[K’ was not declared in this scope
[1.718s]   136 |   do { [01;31m[KEXPECT_DEATH[m[K(X, "^"); } while(0)  // ^The matrices are different$
[1.718s]       |        [01;31m[K^~~~~~~~~~~~[m[K
[1.718s] [01m[K/home/carbs/hdvio2.0/eigen_checks/test/test_helper.h:136:8:[m[K [01;36m[Knote: [m[Kin definition of macro ‘[01m[KGLOG_TEST_EXPECT_DEATH_DIFFERENT_DATA[m[K’
[1.718s]   136 |   do { [01;36m[KEXPECT_DEATH[m[K(X, "^"); } while(0)  // ^The matrices are different$
[1.718s]       |        [01;36m[K^~~~~~~~~~~~[m[K
[1.723s] [01m[K/home/carbs/hdvio2.0/eigen_checks/test/test_glog-equal-double.cc:[m[K In member function ‘[01m[Kvirtual void EigenChecks_EigenMatrixEqualDoubleGLog_Vector_NonEqualRandom_Test<gtest_TypeParam_>::TestBody()[m[K’:
[1.723s] [01m[K/home/carbs/hdvio2.0/eigen_checks/test/test_helper.h:136:8:[m[K [01;31m[Kerror: [m[K‘[01m[KEXPECT_DEATH[m[K’ was not declared in this scope
[1.723s]   136 |   do { [01;31m[KEXPECT_DEATH[m[K(X, "^"); } while(0)  // ^The matrices are different$
[1.723s]       |        [01;31m[K^~~~~~~~~~~~[m[K
[1.724s] [01m[K/home/carbs/hdvio2.0/eigen_checks/test/test_helper.h:136:8:[m[K [01;36m[Knote: [m[Kin definition of macro ‘[01m[KGLOG_TEST_EXPECT_DEATH_DIFFERENT_DATA[m[K’
[1.724s]   136 |   do { [01;36m[KEXPECT_DEATH[m[K(X, "^"); } while(0)  // ^The matrices are different$
[1.724s]       |        [01;36m[K^~~~~~~~~~~~[m[K
[1.724s] [01m[K/home/carbs/hdvio2.0/eigen_checks/test/test_glog-equal.cc:[m[K In member function ‘[01m[Kvirtual void EigenChecks_EigenMatrixEqualGLog_Vector_Near5_Test<gtest_TypeParam_>::TestBody()[m[K’:
[1.724s] [01m[K/home/carbs/hdvio2.0/eigen_checks/test/test_helper.h:136:8:[m[K [01;31m[Kerror: [m[K‘[01m[KEXPECT_DEATH[m[K’ was not declared in this scope
[1.724s]   136 |   do { [01;31m[KEXPECT_DEATH[m[K(X, "^"); } while(0)  // ^The matrices are different$
[1.724s]       |        [01;31m[K^~~~~~~~~~~~[m[K
[1.724s] [01m[K/home/carbs/hdvio2.0/eigen_checks/test/test_helper.h:136:8:[m[K [01;36m[Knote: [m[Kin definition of macro ‘[01m[KGLOG_TEST_EXPECT_DEATH_DIFFERENT_DATA[m[K’
[1.724s]   136 |   do { [01;36m[KEXPECT_DEATH[m[K(X, "^"); } while(0)  // ^The matrices are different$
[1.724s]       |        [01;36m[K^~~~~~~~~~~~[m[K
[1.724s] [01m[K/home/carbs/hdvio2.0/eigen_checks/test/test_glog-near.cc:[m[K In member function ‘[01m[Kvirtual void EigenChecks_EigenMatrixNearGLog_Vector_NonEqualRandom_Test<gtest_TypeParam_>::TestBody()[m[K’:
[1.724s] [01m[K/home/carbs/hdvio2.0/eigen_checks/test/test_helper.h:136:8:[m[K [01;31m[Kerror: [m[K‘[01m[KEXPECT_DEATH[m[K’ was not declared in this scope
[1.724s]   136 |   do { [01;31m[KEXPECT_DEATH[m[K(X, "^"); } while(0)  // ^The matrices are different$
[1.725s]       |        [01;31m[K^~~~~~~~~~~~[m[K
[1.725s] [01m[K/home/carbs/hdvio2.0/eigen_checks/test/test_helper.h:136:8:[m[K [01;36m[Knote: [m[Kin definition of macro ‘[01m[KGLOG_TEST_EXPECT_DEATH_DIFFERENT_DATA[m[K’
[1.725s]   136 |   do { [01;36m[KEXPECT_DEATH[m[K(X, "^"); } while(0)  // ^The matrices are different$
[1.725s]       |        [01;36m[K^~~~~~~~~~~~[m[K
[1.729s] [01m[K/home/carbs/hdvio2.0/eigen_checks/test/test_glog-zero-sized-types.cc:[m[K In member function ‘[01m[Kvirtual void EigenChecks_EigenVectorEqualGlog_Zero_Sized_Dynamic_Vector_Test::TestBody()[m[K’:
[1.729s] [01m[K/home/carbs/hdvio2.0/eigen_checks/test/test_helper.h:136:8:[m[K [01;31m[Kerror: [m[K‘[01m[KEXPECT_DEATH[m[K’ was not declared in this scope
[1.729s]   136 |   do { [01;31m[KEXPECT_DEATH[m[K(X, "^"); } while(0)  // ^The matrices are different$
[1.729s]       |        [01;31m[K^~~~~~~~~~~~[m[K
[1.729s] [01m[K/home/carbs/hdvio2.0/eigen_checks/test/test_helper.h:136:8:[m[K [01;36m[Knote: [m[Kin definition of macro ‘[01m[KGLOG_TEST_EXPECT_DEATH_DIFFERENT_DATA[m[K’
[1.730s]   136 |   do { [01;36m[KEXPECT_DEATH[m[K(X, "^"); } while(0)  // ^The matrices are different$
[1.730s]       |        [01;36m[K^~~~~~~~~~~~[m[K
[1.730s] In file included from [01m[K/home/carbs/hdvio2.0/eigen_checks/test/test_glog-zero.cc:28[m[K:
[1.730s] [01m[K/home/carbs/hdvio2.0/eigen_checks/test/test_glog-zero.cc:[m[K In member function ‘[01m[Kvirtual void EigenChecks_EigenMatrixZeroGLog_Matrix_NonEqualRandom_Test<gtest_TypeParam_>::TestBody()[m[K’:
[1.730s] [01m[K/home/carbs/hdvio2.0/eigen_checks/test/test_helper.h:136:8:[m[K [01;31m[Kerror: [m[K‘[01m[KEXPECT_DEATH[m[K’ was not declared in this scope
[1.730s]   136 |   do { [01;31m[KEXPECT_DEATH[m[K(X, "^"); } while(0)  // ^The matrices are different$
[1.730s]       |        [01;31m[K^~~~~~~~~~~~[m[K
[1.730s] [01m[K/home/carbs/hdvio2.0/eigen_checks/test/test_helper.h:136:8:[m[K [01;36m[Knote: [m[Kin definition of macro ‘[01m[KGLOG_TEST_EXPECT_DEATH_DIFFERENT_DATA[m[K’
[1.730s]   136 |   do { [01;36m[KEXPECT_DEATH[m[K(X, "^"); } while(0)  // ^The matrices are different$
[1.730s]       |        [01;36m[K^~~~~~~~~~~~[m[K
[1.730s] [01m[K/home/carbs/hdvio2.0/eigen_checks/test/test_glog-equal-double.cc:[m[K In member function ‘[01m[Kvirtual void EigenChecks_EigenMatrixEqualDoubleGLog_Vector_OtherSize_Test<gtest_TypeParam_>::TestBody()[m[K’:
[1.731s] [01m[K/home/carbs/hdvio2.0/eigen_checks/test/test_helper.h:136:8:[m[K [01;31m[Kerror: [m[K‘[01m[KEXPECT_DEATH[m[K’ was not declared in this scope
[1.731s]   136 |   do { [01;31m[KEXPECT_DEATH[m[K(X, "^"); } while(0)  // ^The matrices are different$
[1.731s]       |        [01;31m[K^~~~~~~~~~~~[m[K
[1.731s] [01m[K/home/carbs/hdvio2.0/eigen_checks/test/test_helper.h:136:8:[m[K [01;36m[Knote: [m[Kin definition of macro ‘[01m[KGLOG_TEST_EXPECT_DEATH_DIFFERENT_DATA[m[K’
[1.731s]   136 |   do { [01;36m[KEXPECT_DEATH[m[K(X, "^"); } while(0)  // ^The matrices are different$
[1.731s]       |        [01;36m[K^~~~~~~~~~~~[m[K
[1.731s] [01m[K/home/carbs/hdvio2.0/eigen_checks/test/test_glog-near.cc:[m[K In member function ‘[01m[Kvirtual void EigenChecks_EigenMatrixNearGLog_Vector_OtherSize_Test<gtest_TypeParam_>::TestBody()[m[K’:
[1.731s] [01m[K/home/carbs/hdvio2.0/eigen_checks/test/test_helper.h:133:8:[m[K [01;31m[Kerror: [m[K‘[01m[KEXPECT_DEATH[m[K’ was not declared in this scope
[1.731s]   133 |   do { [01;31m[KEXPECT_DEATH[m[K(X, "^"); } while(0)  // ^The matrices have a different$
[1.731s]       |        [01;31m[K^~~~~~~~~~~~[m[K
[1.731s] [01m[K/home/carbs/hdvio2.0/eigen_checks/test/test_helper.h:133:8:[m[K [01;36m[Knote: [m[Kin definition of macro ‘[01m[KGLOG_TEST_EXPECT_DEATH_DIFFERENT_SIZE[m[K’
[1.732s]   133 |   do { [01;36m[KEXPECT_DEATH[m[K(X, "^"); } while(0)  // ^The matrices have a different$
[1.732s]       |        [01;36m[K^~~~~~~~~~~~[m[K
[1.736s] [01m[K/home/carbs/hdvio2.0/eigen_checks/test/test_glog-zero.cc:[m[K In member function ‘[01m[Kvirtual void EigenChecks_EigenMatrixZeroGLog_Matrix_OtherSize_Test<gtest_TypeParam_>::TestBody()[m[K’:
[1.736s] [01m[K/home/carbs/hdvio2.0/eigen_checks/test/test_helper.h:133:8:[m[K [01;31m[Kerror: [m[K‘[01m[KEXPECT_DEATH[m[K’ was not declared in this scope
[1.736s]   133 |   do { [01;31m[KEXPECT_DEATH[m[K(X, "^"); } while(0)  // ^The matrices have a different$
[1.736s]       |        [01;31m[K^~~~~~~~~~~~[m[K
[1.736s] [01m[K/home/carbs/hdvio2.0/eigen_checks/test/test_helper.h:133:8:[m[K [01;36m[Knote: [m[Kin definition of macro ‘[01m[KGLOG_TEST_EXPECT_DEATH_DIFFERENT_SIZE[m[K’
[1.737s]   133 |   do { [01;36m[KEXPECT_DEATH[m[K(X, "^"); } while(0)  // ^The matrices have a different$
[1.737s]       |        [01;36m[K^~~~~~~~~~~~[m[K
[1.737s] [01m[K/home/carbs/hdvio2.0/eigen_checks/test/test_glog-equal-double.cc:[m[K In member function ‘[01m[Kvirtual void EigenChecks_EigenMatrixEqualDoubleGLog_Vector_Near5_Test<gtest_TypeParam_>::TestBody()[m[K’:
[1.737s] [01m[K/home/carbs/hdvio2.0/eigen_checks/test/test_helper.h:136:8:[m[K [01;31m[Kerror: [m[K‘[01m[KEXPECT_DEATH[m[K’ was not declared in this scope
[1.737s]   136 |   do { [01;31m[KEXPECT_DEATH[m[K(X, "^"); } while(0)  // ^The matrices are different$
[1.737s]       |        [01;31m[K^~~~~~~~~~~~[m[K
[1.737s] [01m[K/home/carbs/hdvio2.0/eigen_checks/test/test_helper.h:136:8:[m[K [01;36m[Knote: [m[Kin definition of macro ‘[01m[KGLOG_TEST_EXPECT_DEATH_DIFFERENT_DATA[m[K’
[1.737s]   136 |   do { [01;36m[KEXPECT_DEATH[m[K(X, "^"); } while(0)  // ^The matrices are different$
[1.737s]       |        [01;36m[K^~~~~~~~~~~~[m[K
[1.742s] [01m[K/home/carbs/hdvio2.0/eigen_checks/test/test_glog-zero.cc:[m[K In member function ‘[01m[Kvirtual void EigenChecks_EigenMatrixZeroGLog_Matrix_Near5_Test<gtest_TypeParam_>::TestBody()[m[K’:
[1.742s] [01m[K/home/carbs/hdvio2.0/eigen_checks/test/test_helper.h:136:8:[m[K [01;31m[Kerror: [m[K‘[01m[KEXPECT_DEATH[m[K’ was not declared in this scope
[1.743s]   136 |   do { [01;31m[KEXPECT_DEATH[m[K(X, "^"); } while(0)  // ^The matrices are different$
[1.743s]       |        [01;31m[K^~~~~~~~~~~~[m[K
[1.743s] [01m[K/home/carbs/hdvio2.0/eigen_checks/test/test_helper.h:136:8:[m[K [01;36m[Knote: [m[Kin definition of macro ‘[01m[KGLOG_TEST_EXPECT_DEATH_DIFFERENT_DATA[m[K’
[1.743s]   136 |   do { [01;36m[KEXPECT_DEATH[m[K(X, "^"); } while(0)  // ^The matrices are different$
[1.743s]       |        [01;36m[K^~~~~~~~~~~~[m[K
[1.749s] [01m[K/home/carbs/hdvio2.0/eigen_checks/test/test_glog-zero.cc:[m[K In member function ‘[01m[Kvirtual void EigenChecks_EigenMatrixZeroGLog_Vector_NonEqualRandom_Test<gtest_TypeParam_>::TestBody()[m[K’:
[1.749s] [01m[K/home/carbs/hdvio2.0/eigen_checks/test/test_helper.h:136:8:[m[K [01;31m[Kerror: [m[K‘[01m[KEXPECT_DEATH[m[K’ was not declared in this scope
[1.749s]   136 |   do { [01;31m[KEXPECT_DEATH[m[K(X, "^"); } while(0)  // ^The matrices are different$
[1.750s]       |        [01;31m[K^~~~~~~~~~~~[m[K
[1.750s] [01m[K/home/carbs/hdvio2.0/eigen_checks/test/test_helper.h:136:8:[m[K [01;36m[Knote: [m[Kin definition of macro ‘[01m[KGLOG_TEST_EXPECT_DEATH_DIFFERENT_DATA[m[K’
[1.750s]   136 |   do { [01;36m[KEXPECT_DEATH[m[K(X, "^"); } while(0)  // ^The matrices are different$
[1.750s]       |        [01;36m[K^~~~~~~~~~~~[m[K
[1.756s] [01m[K/home/carbs/hdvio2.0/eigen_checks/test/test_glog-zero.cc:[m[K In member function ‘[01m[Kvirtual void EigenChecks_EigenMatrixZeroGLog_Vector_OtherSize_Test<gtest_TypeParam_>::TestBody()[m[K’:
[1.756s] [01m[K/home/carbs/hdvio2.0/eigen_checks/test/test_helper.h:136:8:[m[K [01;31m[Kerror: [m[K‘[01m[KEXPECT_DEATH[m[K’ was not declared in this scope
[1.756s]   136 |   do { [01;31m[KEXPECT_DEATH[m[K(X, "^"); } while(0)  // ^The matrices are different$
[1.756s]       |        [01;31m[K^~~~~~~~~~~~[m[K
[1.756s] [01m[K/home/carbs/hdvio2.0/eigen_checks/test/test_helper.h:136:8:[m[K [01;36m[Knote: [m[Kin definition of macro ‘[01m[KGLOG_TEST_EXPECT_DEATH_DIFFERENT_DATA[m[K’
[1.756s]   136 |   do { [01;36m[KEXPECT_DEATH[m[K(X, "^"); } while(0)  // ^The matrices are different$
[1.756s]       |        [01;36m[K^~~~~~~~~~~~[m[K
[1.762s] [01m[K/home/carbs/hdvio2.0/eigen_checks/test/test_glog-zero.cc:[m[K In member function ‘[01m[Kvirtual void EigenChecks_EigenMatrixZeroGLog_Vector_Near5_Test<gtest_TypeParam_>::TestBody()[m[K’:
[1.762s] [01m[K/home/carbs/hdvio2.0/eigen_checks/test/test_helper.h:136:8:[m[K [01;31m[Kerror: [m[K‘[01m[KEXPECT_DEATH[m[K’ was not declared in this scope
[1.762s]   136 |   do { [01;31m[KEXPECT_DEATH[m[K(X, "^"); } while(0)  // ^The matrices are different$
[1.763s]       |        [01;31m[K^~~~~~~~~~~~[m[K
[1.763s] [01m[K/home/carbs/hdvio2.0/eigen_checks/test/test_helper.h:136:8:[m[K [01;36m[Knote: [m[Kin definition of macro ‘[01m[KGLOG_TEST_EXPECT_DEATH_DIFFERENT_DATA[m[K’
[1.763s]   136 |   do { [01;36m[KEXPECT_DEATH[m[K(X, "^"); } while(0)  // ^The matrices are different$
[1.763s]       |        [01;36m[K^~~~~~~~~~~~[m[K
[1.954s] gmake[2]: *** [CMakeFiles/test_glog_zero_sized_types.dir/build.make:76: CMakeFiles/test_glog_zero_sized_types.dir/test/test_glog-zero-sized-types.cc.o] Error 1
[1.954s] gmake[1]: *** [CMakeFiles/Makefile2:427: CMakeFiles/test_glog_zero_sized_types.dir/all] Error 2
[1.954s] gmake[1]: *** Waiting for unfinished jobs....
[2.114s] [ 65%] [32m[1mLinking CXX executable test_gtest_zero_sized_types[0m
[2.280s] [ 65%] Built target test_gtest_zero_sized_types
[2.587s] gmake[2]: *** [CMakeFiles/test_glog_equal.dir/build.make:76: CMakeFiles/test_glog_equal.dir/test/test_glog-equal.cc.o] Error 1
[2.587s] gmake[1]: *** [CMakeFiles/Makefile2:343: CMakeFiles/test_glog_equal.dir/all] Error 2
[2.604s] gmake[2]: *** [CMakeFiles/test_glog_near.dir/build.make:76: CMakeFiles/test_glog_near.dir/test/test_glog-near.cc.o] Error 1
[2.604s] gmake[1]: *** [CMakeFiles/Makefile2:315: CMakeFiles/test_glog_near.dir/all] Error 2
[2.644s] gmake[2]: *** [CMakeFiles/test_glog_equal_double.dir/build.make:76: CMakeFiles/test_glog_equal_double.dir/test/test_glog-equal-double.cc.o] Error 1
[2.645s] gmake[1]: *** [CMakeFiles/Makefile2:399: CMakeFiles/test_glog_equal_double.dir/all] Error 2
[2.678s] gmake[2]: *** [CMakeFiles/test_glog_zero.dir/build.make:76: CMakeFiles/test_glog_zero.dir/test/test_glog-zero.cc.o] Error 1
[2.678s] gmake[1]: *** [CMakeFiles/Makefile2:371: CMakeFiles/test_glog_zero.dir/all] Error 2
[3.131s] [ 69%] [32m[1mLinking CXX executable test_gtest_equal[0m
[3.162s] [ 73%] [32m[1mLinking CXX executable test_gtest_equal_double[0m
[3.310s] [ 73%] Built target test_gtest_equal
[3.333s] [ 73%] Built target test_gtest_equal_double
[3.818s] [ 76%] [32m[1mLinking CXX executable test_gtest_near[0m
[3.886s] [ 80%] [32m[1mLinking CXX executable test_gtest_zero[0m
[4.015s] [ 80%] Built target test_gtest_near
[4.072s] [ 80%] Built target test_gtest_zero
[4.073s] gmake: *** [Makefile:146: all] Error 2
[4.077s] Invoked command in '/home/carbs/hdvio2.0/eigen_checks/build/eigen_checks' returned '2': CMAKE_PREFIX_PATH=${CMAKE_PREFIX_PATH}:/opt/ros/humble /usr/bin/cmake --build /home/carbs/hdvio2.0/eigen_checks/build/eigen_checks -- -j24 -l24
