[0.082s] DEBUG:colcon:Command line arguments: ['/usr/bin/colcon', 'build', '--base-paths', '/home/carbs/hdvio2.0', '--packages-select', 'eigen_checks', 'minkindr', '--cmake-args', '-DBUILD_TESTING=OFF', '--allow-overriding', 'eigen_checks', 'minkindr']
[0.082s] DEBUG:colcon:Parsed command line arguments: Namespace(log_base=None, log_level=None, verb_name='build', build_base='build', install_base='install', merge_install=False, symlink_install=False, test_result_base=None, continue_on_error=False, executor='parallel', parallel_workers=24, event_handlers=None, ignore_user_meta=False, metas=['./colcon.meta'], base_paths=['/home/carbs/hdvio2.0'], packages_ignore=None, packages_ignore_regex=None, paths=None, packages_up_to=None, packages_up_to_regex=None, packages_above=None, packages_above_and_dependencies=None, packages_above_depth=None, packages_select_by_dep=None, packages_skip_by_dep=None, packages_skip_up_to=None, packages_select_build_failed=False, packages_skip_build_finished=False, packages_select_test_failures=False, packages_skip_test_passed=False, packages_select=['eigen_checks', 'minkindr'], packages_skip=None, packages_select_regex=None, packages_skip_regex=None, packages_start=None, packages_end=None, allow_overriding=['eigen_checks', 'minkindr'], cmake_args=['-DBUILD_TESTING=OFF'], cmake_target=None, cmake_target_skip_unavailable=False, cmake_clean_cache=False, cmake_clean_first=False, cmake_force_configure=False, ament_cmake_args=None, catkin_cmake_args=None, catkin_skip_building_tests=False, mixin_files=None, mixin=None, verb_parser=<colcon_mixin.mixin.mixin_argument.MixinArgumentDecorator object at 0x705f26773be0>, verb_extension=<colcon_core.verb.build.BuildVerb object at 0x705f26773730>, main=<bound method BuildVerb.main of <colcon_core.verb.build.BuildVerb object at 0x705f26773730>>, mixin_verb=('build',))
[0.111s] Level 1:colcon.colcon_core.package_discovery:discover_packages(colcon_meta) check parameters
[0.111s] Level 1:colcon.colcon_core.package_discovery:discover_packages(recursive) check parameters
[0.111s] Level 1:colcon.colcon_core.package_discovery:discover_packages(ignore) check parameters
[0.111s] Level 1:colcon.colcon_core.package_discovery:discover_packages(path) check parameters
[0.111s] Level 1:colcon.colcon_core.package_discovery:discover_packages(recursive) discover
[0.111s] INFO:colcon.colcon_core.package_discovery:Crawling recursively for packages in '/home/carbs/hdvio2.0'
[0.111s] Level 1:colcon.colcon_core.package_identification:_identify(/home/carbs/hdvio2.0) by extensions ['ignore', 'ignore_ament_install']
[0.111s] Level 1:colcon.colcon_core.package_identification:_identify(/home/carbs/hdvio2.0) by extension 'ignore'
[0.111s] Level 1:colcon.colcon_core.package_identification:_identify(/home/carbs/hdvio2.0) by extension 'ignore_ament_install'
[0.111s] Level 1:colcon.colcon_core.package_identification:_identify(/home/carbs/hdvio2.0) by extensions ['colcon_pkg']
[0.111s] Level 1:colcon.colcon_core.package_identification:_identify(/home/carbs/hdvio2.0) by extension 'colcon_pkg'
[0.111s] Level 1:colcon.colcon_core.package_identification:_identify(/home/carbs/hdvio2.0) by extensions ['colcon_meta']
[0.111s] Level 1:colcon.colcon_core.package_identification:_identify(/home/carbs/hdvio2.0) by extension 'colcon_meta'
[0.111s] Level 1:colcon.colcon_core.package_identification:_identify(/home/carbs/hdvio2.0) by extensions ['ros']
[0.111s] Level 1:colcon.colcon_core.package_identification:_identify(/home/carbs/hdvio2.0) by extension 'ros'
[0.123s] Level 1:colcon.colcon_core.package_identification:_identify(/home/carbs/hdvio2.0) by extensions ['cmake', 'python']
[0.123s] Level 1:colcon.colcon_core.package_identification:_identify(/home/carbs/hdvio2.0) by extension 'cmake'
[0.123s] Level 1:colcon.colcon_core.package_identification:_identify(/home/carbs/hdvio2.0) by extension 'python'
[0.123s] Level 1:colcon.colcon_core.package_identification:_identify(/home/carbs/hdvio2.0) by extensions ['python_setup_py']
[0.123s] Level 1:colcon.colcon_core.package_identification:_identify(/home/carbs/hdvio2.0) by extension 'python_setup_py'
[0.123s] Level 1:colcon.colcon_core.package_identification:_identify(/home/carbs/hdvio2.0/build) by extensions ['ignore', 'ignore_ament_install']
[0.123s] Level 1:colcon.colcon_core.package_identification:_identify(/home/carbs/hdvio2.0/build) by extension 'ignore'
[0.123s] Level 1:colcon.colcon_core.package_identification:_identify(/home/carbs/hdvio2.0/build) ignored
[0.123s] Level 1:colcon.colcon_core.package_identification:_identify(/home/carbs/hdvio2.0/catkin_simple) by extensions ['ignore', 'ignore_ament_install']
[0.123s] Level 1:colcon.colcon_core.package_identification:_identify(/home/carbs/hdvio2.0/catkin_simple) by extension 'ignore'
[0.123s] Level 1:colcon.colcon_core.package_identification:_identify(/home/carbs/hdvio2.0/catkin_simple) by extension 'ignore_ament_install'
[0.123s] Level 1:colcon.colcon_core.package_identification:_identify(/home/carbs/hdvio2.0/catkin_simple) by extensions ['colcon_pkg']
[0.123s] Level 1:colcon.colcon_core.package_identification:_identify(/home/carbs/hdvio2.0/catkin_simple) by extension 'colcon_pkg'
[0.123s] Level 1:colcon.colcon_core.package_identification:_identify(/home/carbs/hdvio2.0/catkin_simple) by extensions ['colcon_meta']
[0.123s] Level 1:colcon.colcon_core.package_identification:_identify(/home/carbs/hdvio2.0/catkin_simple) by extension 'colcon_meta'
[0.123s] Level 1:colcon.colcon_core.package_identification:_identify(/home/carbs/hdvio2.0/catkin_simple) by extensions ['ros']
[0.123s] Level 1:colcon.colcon_core.package_identification:_identify(/home/carbs/hdvio2.0/catkin_simple) by extension 'ros'
[0.125s] DEBUG:colcon.colcon_core.package_identification:Package '/home/carbs/hdvio2.0/catkin_simple' with type 'ros.catkin' and name 'catkin_simple'
[0.125s] Level 1:colcon.colcon_core.package_identification:_identify(/home/carbs/hdvio2.0/ceres_catkin) by extensions ['ignore', 'ignore_ament_install']
[0.125s] Level 1:colcon.colcon_core.package_identification:_identify(/home/carbs/hdvio2.0/ceres_catkin) by extension 'ignore'
[0.125s] Level 1:colcon.colcon_core.package_identification:_identify(/home/carbs/hdvio2.0/ceres_catkin) by extension 'ignore_ament_install'
[0.125s] Level 1:colcon.colcon_core.package_identification:_identify(/home/carbs/hdvio2.0/ceres_catkin) by extensions ['colcon_pkg']
[0.125s] Level 1:colcon.colcon_core.package_identification:_identify(/home/carbs/hdvio2.0/ceres_catkin) by extension 'colcon_pkg'
[0.125s] Level 1:colcon.colcon_core.package_identification:_identify(/home/carbs/hdvio2.0/ceres_catkin) by extensions ['colcon_meta']
[0.125s] Level 1:colcon.colcon_core.package_identification:_identify(/home/carbs/hdvio2.0/ceres_catkin) by extension 'colcon_meta'
[0.125s] Level 1:colcon.colcon_core.package_identification:_identify(/home/carbs/hdvio2.0/ceres_catkin) by extensions ['ros']
[0.125s] Level 1:colcon.colcon_core.package_identification:_identify(/home/carbs/hdvio2.0/ceres_catkin) by extension 'ros'
[0.126s] DEBUG:colcon.colcon_core.package_identification:Package '/home/carbs/hdvio2.0/ceres_catkin' with type 'ros.catkin' and name 'ceres_catkin'
[0.126s] Level 1:colcon.colcon_core.package_identification:_identify(/home/carbs/hdvio2.0/eigen_catkin) by extensions ['ignore', 'ignore_ament_install']
[0.126s] Level 1:colcon.colcon_core.package_identification:_identify(/home/carbs/hdvio2.0/eigen_catkin) by extension 'ignore'
[0.126s] Level 1:colcon.colcon_core.package_identification:_identify(/home/carbs/hdvio2.0/eigen_catkin) by extension 'ignore_ament_install'
[0.126s] Level 1:colcon.colcon_core.package_identification:_identify(/home/carbs/hdvio2.0/eigen_catkin) by extensions ['colcon_pkg']
[0.126s] Level 1:colcon.colcon_core.package_identification:_identify(/home/carbs/hdvio2.0/eigen_catkin) by extension 'colcon_pkg'
[0.126s] Level 1:colcon.colcon_core.package_identification:_identify(/home/carbs/hdvio2.0/eigen_catkin) by extensions ['colcon_meta']
[0.126s] Level 1:colcon.colcon_core.package_identification:_identify(/home/carbs/hdvio2.0/eigen_catkin) by extension 'colcon_meta'
[0.126s] Level 1:colcon.colcon_core.package_identification:_identify(/home/carbs/hdvio2.0/eigen_catkin) by extensions ['ros']
[0.126s] Level 1:colcon.colcon_core.package_identification:_identify(/home/carbs/hdvio2.0/eigen_catkin) by extension 'ros'
[0.126s] DEBUG:colcon.colcon_core.package_identification:Package '/home/carbs/hdvio2.0/eigen_catkin' with type 'ros.catkin' and name 'eigen_catkin'
[0.127s] Level 1:colcon.colcon_core.package_identification:_identify(/home/carbs/hdvio2.0/eigen_checks) by extensions ['ignore', 'ignore_ament_install']
[0.127s] Level 1:colcon.colcon_core.package_identification:_identify(/home/carbs/hdvio2.0/eigen_checks) by extension 'ignore'
[0.127s] Level 1:colcon.colcon_core.package_identification:_identify(/home/carbs/hdvio2.0/eigen_checks) by extension 'ignore_ament_install'
[0.127s] Level 1:colcon.colcon_core.package_identification:_identify(/home/carbs/hdvio2.0/eigen_checks) by extensions ['colcon_pkg']
[0.127s] Level 1:colcon.colcon_core.package_identification:_identify(/home/carbs/hdvio2.0/eigen_checks) by extension 'colcon_pkg'
[0.127s] Level 1:colcon.colcon_core.package_identification:_identify(/home/carbs/hdvio2.0/eigen_checks) by extensions ['colcon_meta']
[0.127s] Level 1:colcon.colcon_core.package_identification:_identify(/home/carbs/hdvio2.0/eigen_checks) by extension 'colcon_meta'
[0.127s] Level 1:colcon.colcon_core.package_identification:_identify(/home/carbs/hdvio2.0/eigen_checks) by extensions ['ros']
[0.127s] Level 1:colcon.colcon_core.package_identification:_identify(/home/carbs/hdvio2.0/eigen_checks) by extension 'ros'
[0.127s] DEBUG:colcon.colcon_core.package_identification:Package '/home/carbs/hdvio2.0/eigen_checks' with type 'ros.ament_cmake' and name 'eigen_checks'
[0.127s] Level 1:colcon.colcon_core.package_identification:_identify(/home/carbs/hdvio2.0/fast_neon) by extensions ['ignore', 'ignore_ament_install']
[0.127s] Level 1:colcon.colcon_core.package_identification:_identify(/home/carbs/hdvio2.0/fast_neon) by extension 'ignore'
[0.127s] Level 1:colcon.colcon_core.package_identification:_identify(/home/carbs/hdvio2.0/fast_neon) by extension 'ignore_ament_install'
[0.128s] Level 1:colcon.colcon_core.package_identification:_identify(/home/carbs/hdvio2.0/fast_neon) by extensions ['colcon_pkg']
[0.128s] Level 1:colcon.colcon_core.package_identification:_identify(/home/carbs/hdvio2.0/fast_neon) by extension 'colcon_pkg'
[0.128s] Level 1:colcon.colcon_core.package_identification:_identify(/home/carbs/hdvio2.0/fast_neon) by extensions ['colcon_meta']
[0.128s] Level 1:colcon.colcon_core.package_identification:_identify(/home/carbs/hdvio2.0/fast_neon) by extension 'colcon_meta'
[0.128s] Level 1:colcon.colcon_core.package_identification:_identify(/home/carbs/hdvio2.0/fast_neon) by extensions ['ros']
[0.128s] Level 1:colcon.colcon_core.package_identification:_identify(/home/carbs/hdvio2.0/fast_neon) by extension 'ros'
[0.128s] DEBUG:colcon.colcon_core.package_identification:Package '/home/carbs/hdvio2.0/fast_neon' with type 'ros.catkin' and name 'fast'
[0.128s] Level 1:colcon.colcon_core.package_identification:_identify(/home/carbs/hdvio2.0/gflags_catkin) by extensions ['ignore', 'ignore_ament_install']
[0.128s] Level 1:colcon.colcon_core.package_identification:_identify(/home/carbs/hdvio2.0/gflags_catkin) by extension 'ignore'
[0.128s] Level 1:colcon.colcon_core.package_identification:_identify(/home/carbs/hdvio2.0/gflags_catkin) by extension 'ignore_ament_install'
[0.128s] Level 1:colcon.colcon_core.package_identification:_identify(/home/carbs/hdvio2.0/gflags_catkin) by extensions ['colcon_pkg']
[0.128s] Level 1:colcon.colcon_core.package_identification:_identify(/home/carbs/hdvio2.0/gflags_catkin) by extension 'colcon_pkg'
[0.128s] Level 1:colcon.colcon_core.package_identification:_identify(/home/carbs/hdvio2.0/gflags_catkin) by extensions ['colcon_meta']
[0.128s] Level 1:colcon.colcon_core.package_identification:_identify(/home/carbs/hdvio2.0/gflags_catkin) by extension 'colcon_meta'
[0.128s] Level 1:colcon.colcon_core.package_identification:_identify(/home/carbs/hdvio2.0/gflags_catkin) by extensions ['ros']
[0.128s] Level 1:colcon.colcon_core.package_identification:_identify(/home/carbs/hdvio2.0/gflags_catkin) by extension 'ros'
[0.129s] DEBUG:colcon.colcon_core.package_identification:Package '/home/carbs/hdvio2.0/gflags_catkin' with type 'ros.catkin' and name 'gflags_catkin'
[0.129s] Level 1:colcon.colcon_core.package_identification:_identify(/home/carbs/hdvio2.0/glog_catkin) by extensions ['ignore', 'ignore_ament_install']
[0.129s] Level 1:colcon.colcon_core.package_identification:_identify(/home/carbs/hdvio2.0/glog_catkin) by extension 'ignore'
[0.129s] Level 1:colcon.colcon_core.package_identification:_identify(/home/carbs/hdvio2.0/glog_catkin) by extension 'ignore_ament_install'
[0.129s] Level 1:colcon.colcon_core.package_identification:_identify(/home/carbs/hdvio2.0/glog_catkin) by extensions ['colcon_pkg']
[0.129s] Level 1:colcon.colcon_core.package_identification:_identify(/home/carbs/hdvio2.0/glog_catkin) by extension 'colcon_pkg'
[0.129s] Level 1:colcon.colcon_core.package_identification:_identify(/home/carbs/hdvio2.0/glog_catkin) by extensions ['colcon_meta']
[0.129s] Level 1:colcon.colcon_core.package_identification:_identify(/home/carbs/hdvio2.0/glog_catkin) by extension 'colcon_meta'
[0.129s] Level 1:colcon.colcon_core.package_identification:_identify(/home/carbs/hdvio2.0/glog_catkin) by extensions ['ros']
[0.129s] Level 1:colcon.colcon_core.package_identification:_identify(/home/carbs/hdvio2.0/glog_catkin) by extension 'ros'
[0.129s] DEBUG:colcon.colcon_core.package_identification:Package '/home/carbs/hdvio2.0/glog_catkin' with type 'ros.catkin' and name 'glog_catkin'
[0.129s] Level 1:colcon.colcon_core.package_identification:_identify(/home/carbs/hdvio2.0/hdvio2) by extensions ['ignore', 'ignore_ament_install']
[0.130s] Level 1:colcon.colcon_core.package_identification:_identify(/home/carbs/hdvio2.0/hdvio2) by extension 'ignore'
[0.130s] Level 1:colcon.colcon_core.package_identification:_identify(/home/carbs/hdvio2.0/hdvio2) by extension 'ignore_ament_install'
[0.130s] Level 1:colcon.colcon_core.package_identification:_identify(/home/carbs/hdvio2.0/hdvio2) by extensions ['colcon_pkg']
[0.130s] Level 1:colcon.colcon_core.package_identification:_identify(/home/carbs/hdvio2.0/hdvio2) by extension 'colcon_pkg'
[0.130s] Level 1:colcon.colcon_core.package_identification:_identify(/home/carbs/hdvio2.0/hdvio2) by extensions ['colcon_meta']
[0.130s] Level 1:colcon.colcon_core.package_identification:_identify(/home/carbs/hdvio2.0/hdvio2) by extension 'colcon_meta'
[0.130s] Level 1:colcon.colcon_core.package_identification:_identify(/home/carbs/hdvio2.0/hdvio2) by extensions ['ros']
[0.130s] Level 1:colcon.colcon_core.package_identification:_identify(/home/carbs/hdvio2.0/hdvio2) by extension 'ros'
[0.132s] DEBUG:colcon.colcon_core.package_identification:Package '/home/carbs/hdvio2.0/hdvio2' with type 'ros.catkin' and name 'hdvio2'
[0.132s] Level 1:colcon.colcon_core.package_identification:_identify(/home/carbs/hdvio2.0/img) by extensions ['ignore', 'ignore_ament_install']
[0.132s] Level 1:colcon.colcon_core.package_identification:_identify(/home/carbs/hdvio2.0/img) by extension 'ignore'
[0.132s] Level 1:colcon.colcon_core.package_identification:_identify(/home/carbs/hdvio2.0/img) by extension 'ignore_ament_install'
[0.132s] Level 1:colcon.colcon_core.package_identification:_identify(/home/carbs/hdvio2.0/img) by extensions ['colcon_pkg']
[0.132s] Level 1:colcon.colcon_core.package_identification:_identify(/home/carbs/hdvio2.0/img) by extension 'colcon_pkg'
[0.132s] Level 1:colcon.colcon_core.package_identification:_identify(/home/carbs/hdvio2.0/img) by extensions ['colcon_meta']
[0.132s] Level 1:colcon.colcon_core.package_identification:_identify(/home/carbs/hdvio2.0/img) by extension 'colcon_meta'
[0.132s] Level 1:colcon.colcon_core.package_identification:_identify(/home/carbs/hdvio2.0/img) by extensions ['ros']
[0.132s] Level 1:colcon.colcon_core.package_identification:_identify(/home/carbs/hdvio2.0/img) by extension 'ros'
[0.132s] Level 1:colcon.colcon_core.package_identification:_identify(/home/carbs/hdvio2.0/img) by extensions ['cmake', 'python']
[0.132s] Level 1:colcon.colcon_core.package_identification:_identify(/home/carbs/hdvio2.0/img) by extension 'cmake'
[0.132s] Level 1:colcon.colcon_core.package_identification:_identify(/home/carbs/hdvio2.0/img) by extension 'python'
[0.132s] Level 1:colcon.colcon_core.package_identification:_identify(/home/carbs/hdvio2.0/img) by extensions ['python_setup_py']
[0.132s] Level 1:colcon.colcon_core.package_identification:_identify(/home/carbs/hdvio2.0/img) by extension 'python_setup_py'
[0.132s] Level 1:colcon.colcon_core.package_identification:_identify(/home/carbs/hdvio2.0/install) by extensions ['ignore', 'ignore_ament_install']
[0.132s] Level 1:colcon.colcon_core.package_identification:_identify(/home/carbs/hdvio2.0/install) by extension 'ignore'
[0.132s] Level 1:colcon.colcon_core.package_identification:_identify(/home/carbs/hdvio2.0/install) ignored
[0.132s] Level 1:colcon.colcon_core.package_identification:_identify(/home/carbs/hdvio2.0/log) by extensions ['ignore', 'ignore_ament_install']
[0.132s] Level 1:colcon.colcon_core.package_identification:_identify(/home/carbs/hdvio2.0/log) by extension 'ignore'
[0.132s] Level 1:colcon.colcon_core.package_identification:_identify(/home/carbs/hdvio2.0/log) ignored
[0.133s] Level 1:colcon.colcon_core.package_identification:_identify(/home/carbs/hdvio2.0/minkindr) by extensions ['ignore', 'ignore_ament_install']
[0.133s] Level 1:colcon.colcon_core.package_identification:_identify(/home/carbs/hdvio2.0/minkindr) by extension 'ignore'
[0.133s] Level 1:colcon.colcon_core.package_identification:_identify(/home/carbs/hdvio2.0/minkindr) by extension 'ignore_ament_install'
[0.133s] Level 1:colcon.colcon_core.package_identification:_identify(/home/carbs/hdvio2.0/minkindr) by extensions ['colcon_pkg']
[0.133s] Level 1:colcon.colcon_core.package_identification:_identify(/home/carbs/hdvio2.0/minkindr) by extension 'colcon_pkg'
[0.133s] Level 1:colcon.colcon_core.package_identification:_identify(/home/carbs/hdvio2.0/minkindr) by extensions ['colcon_meta']
[0.133s] Level 1:colcon.colcon_core.package_identification:_identify(/home/carbs/hdvio2.0/minkindr) by extension 'colcon_meta'
[0.133s] Level 1:colcon.colcon_core.package_identification:_identify(/home/carbs/hdvio2.0/minkindr) by extensions ['ros']
[0.133s] Level 1:colcon.colcon_core.package_identification:_identify(/home/carbs/hdvio2.0/minkindr) by extension 'ros'
[0.133s] Level 1:colcon.colcon_core.package_identification:_identify(/home/carbs/hdvio2.0/minkindr) by extensions ['cmake', 'python']
[0.133s] Level 1:colcon.colcon_core.package_identification:_identify(/home/carbs/hdvio2.0/minkindr) by extension 'cmake'
[0.133s] Level 1:colcon.colcon_core.package_identification:_identify(/home/carbs/hdvio2.0/minkindr) by extension 'python'
[0.133s] Level 1:colcon.colcon_core.package_identification:_identify(/home/carbs/hdvio2.0/minkindr) by extensions ['python_setup_py']
[0.133s] Level 1:colcon.colcon_core.package_identification:_identify(/home/carbs/hdvio2.0/minkindr) by extension 'python_setup_py'
[0.133s] Level 1:colcon.colcon_core.package_identification:_identify(/home/carbs/hdvio2.0/minkindr/minkindr) by extensions ['ignore', 'ignore_ament_install']
[0.133s] Level 1:colcon.colcon_core.package_identification:_identify(/home/carbs/hdvio2.0/minkindr/minkindr) by extension 'ignore'
[0.133s] Level 1:colcon.colcon_core.package_identification:_identify(/home/carbs/hdvio2.0/minkindr/minkindr) by extension 'ignore_ament_install'
[0.133s] Level 1:colcon.colcon_core.package_identification:_identify(/home/carbs/hdvio2.0/minkindr/minkindr) by extensions ['colcon_pkg']
[0.133s] Level 1:colcon.colcon_core.package_identification:_identify(/home/carbs/hdvio2.0/minkindr/minkindr) by extension 'colcon_pkg'
[0.133s] Level 1:colcon.colcon_core.package_identification:_identify(/home/carbs/hdvio2.0/minkindr/minkindr) by extensions ['colcon_meta']
[0.133s] Level 1:colcon.colcon_core.package_identification:_identify(/home/carbs/hdvio2.0/minkindr/minkindr) by extension 'colcon_meta'
[0.133s] Level 1:colcon.colcon_core.package_identification:_identify(/home/carbs/hdvio2.0/minkindr/minkindr) by extensions ['ros']
[0.133s] Level 1:colcon.colcon_core.package_identification:_identify(/home/carbs/hdvio2.0/minkindr/minkindr) by extension 'ros'
[0.134s] DEBUG:colcon.colcon_core.package_identification:Package '/home/carbs/hdvio2.0/minkindr/minkindr' with type 'ros.ament_cmake' and name 'minkindr'
[0.134s] Level 1:colcon.colcon_core.package_identification:_identify(/home/carbs/hdvio2.0/minkindr/minkindr_python) by extensions ['ignore', 'ignore_ament_install']
[0.134s] Level 1:colcon.colcon_core.package_identification:_identify(/home/carbs/hdvio2.0/minkindr/minkindr_python) by extension 'ignore'
[0.134s] Level 1:colcon.colcon_core.package_identification:_identify(/home/carbs/hdvio2.0/minkindr/minkindr_python) by extension 'ignore_ament_install'
[0.134s] Level 1:colcon.colcon_core.package_identification:_identify(/home/carbs/hdvio2.0/minkindr/minkindr_python) by extensions ['colcon_pkg']
[0.134s] Level 1:colcon.colcon_core.package_identification:_identify(/home/carbs/hdvio2.0/minkindr/minkindr_python) by extension 'colcon_pkg'
[0.134s] Level 1:colcon.colcon_core.package_identification:_identify(/home/carbs/hdvio2.0/minkindr/minkindr_python) by extensions ['colcon_meta']
[0.134s] Level 1:colcon.colcon_core.package_identification:_identify(/home/carbs/hdvio2.0/minkindr/minkindr_python) by extension 'colcon_meta'
[0.134s] Level 1:colcon.colcon_core.package_identification:_identify(/home/carbs/hdvio2.0/minkindr/minkindr_python) by extensions ['ros']
[0.134s] Level 1:colcon.colcon_core.package_identification:_identify(/home/carbs/hdvio2.0/minkindr/minkindr_python) by extension 'ros'
[0.135s] DEBUG:colcon.colcon_core.package_identification:Package '/home/carbs/hdvio2.0/minkindr/minkindr_python' with type 'ros.catkin' and name 'minkindr_python'
[0.135s] Level 1:colcon.colcon_core.package_identification:_identify(/home/carbs/hdvio2.0/minkindr_ros) by extensions ['ignore', 'ignore_ament_install']
[0.135s] Level 1:colcon.colcon_core.package_identification:_identify(/home/carbs/hdvio2.0/minkindr_ros) by extension 'ignore'
[0.135s] Level 1:colcon.colcon_core.package_identification:_identify(/home/carbs/hdvio2.0/minkindr_ros) by extension 'ignore_ament_install'
[0.135s] Level 1:colcon.colcon_core.package_identification:_identify(/home/carbs/hdvio2.0/minkindr_ros) by extensions ['colcon_pkg']
[0.135s] Level 1:colcon.colcon_core.package_identification:_identify(/home/carbs/hdvio2.0/minkindr_ros) by extension 'colcon_pkg'
[0.135s] Level 1:colcon.colcon_core.package_identification:_identify(/home/carbs/hdvio2.0/minkindr_ros) by extensions ['colcon_meta']
[0.135s] Level 1:colcon.colcon_core.package_identification:_identify(/home/carbs/hdvio2.0/minkindr_ros) by extension 'colcon_meta'
[0.135s] Level 1:colcon.colcon_core.package_identification:_identify(/home/carbs/hdvio2.0/minkindr_ros) by extensions ['ros']
[0.135s] Level 1:colcon.colcon_core.package_identification:_identify(/home/carbs/hdvio2.0/minkindr_ros) by extension 'ros'
[0.135s] Level 1:colcon.colcon_core.package_identification:_identify(/home/carbs/hdvio2.0/minkindr_ros) by extensions ['cmake', 'python']
[0.135s] Level 1:colcon.colcon_core.package_identification:_identify(/home/carbs/hdvio2.0/minkindr_ros) by extension 'cmake'
[0.135s] Level 1:colcon.colcon_core.package_identification:_identify(/home/carbs/hdvio2.0/minkindr_ros) by extension 'python'
[0.135s] Level 1:colcon.colcon_core.package_identification:_identify(/home/carbs/hdvio2.0/minkindr_ros) by extensions ['python_setup_py']
[0.135s] Level 1:colcon.colcon_core.package_identification:_identify(/home/carbs/hdvio2.0/minkindr_ros) by extension 'python_setup_py'
[0.135s] Level 1:colcon.colcon_core.package_identification:_identify(/home/carbs/hdvio2.0/minkindr_ros/minkindr_conversions) by extensions ['ignore', 'ignore_ament_install']
[0.135s] Level 1:colcon.colcon_core.package_identification:_identify(/home/carbs/hdvio2.0/minkindr_ros/minkindr_conversions) by extension 'ignore'
[0.135s] Level 1:colcon.colcon_core.package_identification:_identify(/home/carbs/hdvio2.0/minkindr_ros/minkindr_conversions) by extension 'ignore_ament_install'
[0.136s] Level 1:colcon.colcon_core.package_identification:_identify(/home/carbs/hdvio2.0/minkindr_ros/minkindr_conversions) by extensions ['colcon_pkg']
[0.136s] Level 1:colcon.colcon_core.package_identification:_identify(/home/carbs/hdvio2.0/minkindr_ros/minkindr_conversions) by extension 'colcon_pkg'
[0.136s] Level 1:colcon.colcon_core.package_identification:_identify(/home/carbs/hdvio2.0/minkindr_ros/minkindr_conversions) by extensions ['colcon_meta']
[0.136s] Level 1:colcon.colcon_core.package_identification:_identify(/home/carbs/hdvio2.0/minkindr_ros/minkindr_conversions) by extension 'colcon_meta'
[0.136s] Level 1:colcon.colcon_core.package_identification:_identify(/home/carbs/hdvio2.0/minkindr_ros/minkindr_conversions) by extensions ['ros']
[0.136s] Level 1:colcon.colcon_core.package_identification:_identify(/home/carbs/hdvio2.0/minkindr_ros/minkindr_conversions) by extension 'ros'
[0.136s] DEBUG:colcon.colcon_core.package_identification:Package '/home/carbs/hdvio2.0/minkindr_ros/minkindr_conversions' with type 'ros.catkin' and name 'minkindr_conversions'
[0.136s] Level 1:colcon.colcon_core.package_identification:_identify(/home/carbs/hdvio2.0/opengv) by extensions ['ignore', 'ignore_ament_install']
[0.136s] Level 1:colcon.colcon_core.package_identification:_identify(/home/carbs/hdvio2.0/opengv) by extension 'ignore'
[0.137s] Level 1:colcon.colcon_core.package_identification:_identify(/home/carbs/hdvio2.0/opengv) by extension 'ignore_ament_install'
[0.137s] Level 1:colcon.colcon_core.package_identification:_identify(/home/carbs/hdvio2.0/opengv) by extensions ['colcon_pkg']
[0.137s] Level 1:colcon.colcon_core.package_identification:_identify(/home/carbs/hdvio2.0/opengv) by extension 'colcon_pkg'
[0.137s] Level 1:colcon.colcon_core.package_identification:_identify(/home/carbs/hdvio2.0/opengv) by extensions ['colcon_meta']
[0.137s] Level 1:colcon.colcon_core.package_identification:_identify(/home/carbs/hdvio2.0/opengv) by extension 'colcon_meta'
[0.137s] Level 1:colcon.colcon_core.package_identification:_identify(/home/carbs/hdvio2.0/opengv) by extensions ['ros']
[0.137s] Level 1:colcon.colcon_core.package_identification:_identify(/home/carbs/hdvio2.0/opengv) by extension 'ros'
[0.137s] DEBUG:colcon.colcon_core.package_identification:Package '/home/carbs/hdvio2.0/opengv' with type 'ros.catkin' and name 'opengv'
[0.137s] Level 1:colcon.colcon_core.package_identification:_identify(/home/carbs/hdvio2.0/rpg_common) by extensions ['ignore', 'ignore_ament_install']
[0.137s] Level 1:colcon.colcon_core.package_identification:_identify(/home/carbs/hdvio2.0/rpg_common) by extension 'ignore'
[0.137s] Level 1:colcon.colcon_core.package_identification:_identify(/home/carbs/hdvio2.0/rpg_common) by extension 'ignore_ament_install'
[0.137s] Level 1:colcon.colcon_core.package_identification:_identify(/home/carbs/hdvio2.0/rpg_common) by extensions ['colcon_pkg']
[0.137s] Level 1:colcon.colcon_core.package_identification:_identify(/home/carbs/hdvio2.0/rpg_common) by extension 'colcon_pkg'
[0.137s] Level 1:colcon.colcon_core.package_identification:_identify(/home/carbs/hdvio2.0/rpg_common) by extensions ['colcon_meta']
[0.137s] Level 1:colcon.colcon_core.package_identification:_identify(/home/carbs/hdvio2.0/rpg_common) by extension 'colcon_meta'
[0.137s] Level 1:colcon.colcon_core.package_identification:_identify(/home/carbs/hdvio2.0/rpg_common) by extensions ['ros']
[0.137s] Level 1:colcon.colcon_core.package_identification:_identify(/home/carbs/hdvio2.0/rpg_common) by extension 'ros'
[0.138s] DEBUG:colcon.colcon_core.package_identification:Package '/home/carbs/hdvio2.0/rpg_common' with type 'ros.catkin' and name 'rpg_common'
[0.138s] Level 1:colcon.colcon_core.package_identification:_identify(/home/carbs/hdvio2.0/svo) by extensions ['ignore', 'ignore_ament_install']
[0.138s] Level 1:colcon.colcon_core.package_identification:_identify(/home/carbs/hdvio2.0/svo) by extension 'ignore'
[0.138s] Level 1:colcon.colcon_core.package_identification:_identify(/home/carbs/hdvio2.0/svo) by extension 'ignore_ament_install'
[0.138s] Level 1:colcon.colcon_core.package_identification:_identify(/home/carbs/hdvio2.0/svo) by extensions ['colcon_pkg']
[0.138s] Level 1:colcon.colcon_core.package_identification:_identify(/home/carbs/hdvio2.0/svo) by extension 'colcon_pkg'
[0.138s] Level 1:colcon.colcon_core.package_identification:_identify(/home/carbs/hdvio2.0/svo) by extensions ['colcon_meta']
[0.138s] Level 1:colcon.colcon_core.package_identification:_identify(/home/carbs/hdvio2.0/svo) by extension 'colcon_meta'
[0.138s] Level 1:colcon.colcon_core.package_identification:_identify(/home/carbs/hdvio2.0/svo) by extensions ['ros']
[0.138s] Level 1:colcon.colcon_core.package_identification:_identify(/home/carbs/hdvio2.0/svo) by extension 'ros'
[0.140s] DEBUG:colcon.colcon_core.package_identification:Package '/home/carbs/hdvio2.0/svo' with type 'ros.catkin' and name 'svo'
[0.140s] Level 1:colcon.colcon_core.package_identification:_identify(/home/carbs/hdvio2.0/svo_benchmarking) by extensions ['ignore', 'ignore_ament_install']
[0.140s] Level 1:colcon.colcon_core.package_identification:_identify(/home/carbs/hdvio2.0/svo_benchmarking) by extension 'ignore'
[0.140s] Level 1:colcon.colcon_core.package_identification:_identify(/home/carbs/hdvio2.0/svo_benchmarking) by extension 'ignore_ament_install'
[0.141s] Level 1:colcon.colcon_core.package_identification:_identify(/home/carbs/hdvio2.0/svo_benchmarking) by extensions ['colcon_pkg']
[0.141s] Level 1:colcon.colcon_core.package_identification:_identify(/home/carbs/hdvio2.0/svo_benchmarking) by extension 'colcon_pkg'
[0.141s] Level 1:colcon.colcon_core.package_identification:_identify(/home/carbs/hdvio2.0/svo_benchmarking) by extensions ['colcon_meta']
[0.141s] Level 1:colcon.colcon_core.package_identification:_identify(/home/carbs/hdvio2.0/svo_benchmarking) by extension 'colcon_meta'
[0.141s] Level 1:colcon.colcon_core.package_identification:_identify(/home/carbs/hdvio2.0/svo_benchmarking) by extensions ['ros']
[0.141s] Level 1:colcon.colcon_core.package_identification:_identify(/home/carbs/hdvio2.0/svo_benchmarking) by extension 'ros'
[0.141s] DEBUG:colcon.colcon_core.package_identification:Package '/home/carbs/hdvio2.0/svo_benchmarking' with type 'ros.catkin' and name 'svo_benchmarking'
[0.142s] Level 1:colcon.colcon_core.package_identification:_identify(/home/carbs/hdvio2.0/svo_ceres_backend) by extensions ['ignore', 'ignore_ament_install']
[0.142s] Level 1:colcon.colcon_core.package_identification:_identify(/home/carbs/hdvio2.0/svo_ceres_backend) by extension 'ignore'
[0.142s] Level 1:colcon.colcon_core.package_identification:_identify(/home/carbs/hdvio2.0/svo_ceres_backend) by extension 'ignore_ament_install'
[0.142s] Level 1:colcon.colcon_core.package_identification:_identify(/home/carbs/hdvio2.0/svo_ceres_backend) by extensions ['colcon_pkg']
[0.142s] Level 1:colcon.colcon_core.package_identification:_identify(/home/carbs/hdvio2.0/svo_ceres_backend) by extension 'colcon_pkg'
[0.142s] Level 1:colcon.colcon_core.package_identification:_identify(/home/carbs/hdvio2.0/svo_ceres_backend) by extensions ['colcon_meta']
[0.142s] Level 1:colcon.colcon_core.package_identification:_identify(/home/carbs/hdvio2.0/svo_ceres_backend) by extension 'colcon_meta'
[0.142s] Level 1:colcon.colcon_core.package_identification:_identify(/home/carbs/hdvio2.0/svo_ceres_backend) by extensions ['ros']
[0.142s] Level 1:colcon.colcon_core.package_identification:_identify(/home/carbs/hdvio2.0/svo_ceres_backend) by extension 'ros'
[0.142s] DEBUG:colcon.colcon_core.package_identification:Package '/home/carbs/hdvio2.0/svo_ceres_backend' with type 'ros.catkin' and name 'svo_ceres_backend'
[0.143s] Level 1:colcon.colcon_core.package_identification:_identify(/home/carbs/hdvio2.0/svo_cmake) by extensions ['ignore', 'ignore_ament_install']
[0.143s] Level 1:colcon.colcon_core.package_identification:_identify(/home/carbs/hdvio2.0/svo_cmake) by extension 'ignore'
[0.143s] Level 1:colcon.colcon_core.package_identification:_identify(/home/carbs/hdvio2.0/svo_cmake) by extension 'ignore_ament_install'
[0.143s] Level 1:colcon.colcon_core.package_identification:_identify(/home/carbs/hdvio2.0/svo_cmake) by extensions ['colcon_pkg']
[0.143s] Level 1:colcon.colcon_core.package_identification:_identify(/home/carbs/hdvio2.0/svo_cmake) by extension 'colcon_pkg'
[0.143s] Level 1:colcon.colcon_core.package_identification:_identify(/home/carbs/hdvio2.0/svo_cmake) by extensions ['colcon_meta']
[0.143s] Level 1:colcon.colcon_core.package_identification:_identify(/home/carbs/hdvio2.0/svo_cmake) by extension 'colcon_meta'
[0.143s] Level 1:colcon.colcon_core.package_identification:_identify(/home/carbs/hdvio2.0/svo_cmake) by extensions ['ros']
[0.143s] Level 1:colcon.colcon_core.package_identification:_identify(/home/carbs/hdvio2.0/svo_cmake) by extension 'ros'
[0.143s] DEBUG:colcon.colcon_core.package_identification:Package '/home/carbs/hdvio2.0/svo_cmake' with type 'ros.ament_cmake' and name 'svo_cmake'
[0.143s] Level 1:colcon.colcon_core.package_identification:_identify(/home/carbs/hdvio2.0/svo_common) by extensions ['ignore', 'ignore_ament_install']
[0.143s] Level 1:colcon.colcon_core.package_identification:_identify(/home/carbs/hdvio2.0/svo_common) by extension 'ignore'
[0.143s] Level 1:colcon.colcon_core.package_identification:_identify(/home/carbs/hdvio2.0/svo_common) by extension 'ignore_ament_install'
[0.143s] Level 1:colcon.colcon_core.package_identification:_identify(/home/carbs/hdvio2.0/svo_common) by extensions ['colcon_pkg']
[0.143s] Level 1:colcon.colcon_core.package_identification:_identify(/home/carbs/hdvio2.0/svo_common) by extension 'colcon_pkg'
[0.143s] Level 1:colcon.colcon_core.package_identification:_identify(/home/carbs/hdvio2.0/svo_common) by extensions ['colcon_meta']
[0.143s] Level 1:colcon.colcon_core.package_identification:_identify(/home/carbs/hdvio2.0/svo_common) by extension 'colcon_meta'
[0.143s] Level 1:colcon.colcon_core.package_identification:_identify(/home/carbs/hdvio2.0/svo_common) by extensions ['ros']
[0.144s] Level 1:colcon.colcon_core.package_identification:_identify(/home/carbs/hdvio2.0/svo_common) by extension 'ros'
[0.144s] DEBUG:colcon.colcon_core.package_identification:Package '/home/carbs/hdvio2.0/svo_common' with type 'ros.catkin' and name 'svo_common'
[0.144s] Level 1:colcon.colcon_core.package_identification:_identify(/home/carbs/hdvio2.0/svo_direct) by extensions ['ignore', 'ignore_ament_install']
[0.144s] Level 1:colcon.colcon_core.package_identification:_identify(/home/carbs/hdvio2.0/svo_direct) by extension 'ignore'
[0.144s] Level 1:colcon.colcon_core.package_identification:_identify(/home/carbs/hdvio2.0/svo_direct) by extension 'ignore_ament_install'
[0.144s] Level 1:colcon.colcon_core.package_identification:_identify(/home/carbs/hdvio2.0/svo_direct) by extensions ['colcon_pkg']
[0.144s] Level 1:colcon.colcon_core.package_identification:_identify(/home/carbs/hdvio2.0/svo_direct) by extension 'colcon_pkg'
[0.144s] Level 1:colcon.colcon_core.package_identification:_identify(/home/carbs/hdvio2.0/svo_direct) by extensions ['colcon_meta']
[0.144s] Level 1:colcon.colcon_core.package_identification:_identify(/home/carbs/hdvio2.0/svo_direct) by extension 'colcon_meta'
[0.145s] Level 1:colcon.colcon_core.package_identification:_identify(/home/carbs/hdvio2.0/svo_direct) by extensions ['ros']
[0.145s] Level 1:colcon.colcon_core.package_identification:_identify(/home/carbs/hdvio2.0/svo_direct) by extension 'ros'
[0.145s] DEBUG:colcon.colcon_core.package_identification:Package '/home/carbs/hdvio2.0/svo_direct' with type 'ros.catkin' and name 'svo_direct'
[0.145s] Level 1:colcon.colcon_core.package_identification:_identify(/home/carbs/hdvio2.0/svo_img_align) by extensions ['ignore', 'ignore_ament_install']
[0.146s] Level 1:colcon.colcon_core.package_identification:_identify(/home/carbs/hdvio2.0/svo_img_align) by extension 'ignore'
[0.146s] Level 1:colcon.colcon_core.package_identification:_identify(/home/carbs/hdvio2.0/svo_img_align) by extension 'ignore_ament_install'
[0.146s] Level 1:colcon.colcon_core.package_identification:_identify(/home/carbs/hdvio2.0/svo_img_align) by extensions ['colcon_pkg']
[0.146s] Level 1:colcon.colcon_core.package_identification:_identify(/home/carbs/hdvio2.0/svo_img_align) by extension 'colcon_pkg'
[0.146s] Level 1:colcon.colcon_core.package_identification:_identify(/home/carbs/hdvio2.0/svo_img_align) by extensions ['colcon_meta']
[0.146s] Level 1:colcon.colcon_core.package_identification:_identify(/home/carbs/hdvio2.0/svo_img_align) by extension 'colcon_meta'
[0.146s] Level 1:colcon.colcon_core.package_identification:_identify(/home/carbs/hdvio2.0/svo_img_align) by extensions ['ros']
[0.146s] Level 1:colcon.colcon_core.package_identification:_identify(/home/carbs/hdvio2.0/svo_img_align) by extension 'ros'
[0.146s] DEBUG:colcon.colcon_core.package_identification:Package '/home/carbs/hdvio2.0/svo_img_align' with type 'ros.catkin' and name 'svo_img_align'
[0.147s] Level 1:colcon.colcon_core.package_identification:_identify(/home/carbs/hdvio2.0/svo_msgs) by extensions ['ignore', 'ignore_ament_install']
[0.147s] Level 1:colcon.colcon_core.package_identification:_identify(/home/carbs/hdvio2.0/svo_msgs) by extension 'ignore'
[0.147s] Level 1:colcon.colcon_core.package_identification:_identify(/home/carbs/hdvio2.0/svo_msgs) by extension 'ignore_ament_install'
[0.147s] Level 1:colcon.colcon_core.package_identification:_identify(/home/carbs/hdvio2.0/svo_msgs) by extensions ['colcon_pkg']
[0.147s] Level 1:colcon.colcon_core.package_identification:_identify(/home/carbs/hdvio2.0/svo_msgs) by extension 'colcon_pkg'
[0.147s] Level 1:colcon.colcon_core.package_identification:_identify(/home/carbs/hdvio2.0/svo_msgs) by extensions ['colcon_meta']
[0.147s] Level 1:colcon.colcon_core.package_identification:_identify(/home/carbs/hdvio2.0/svo_msgs) by extension 'colcon_meta'
[0.147s] Level 1:colcon.colcon_core.package_identification:_identify(/home/carbs/hdvio2.0/svo_msgs) by extensions ['ros']
[0.147s] Level 1:colcon.colcon_core.package_identification:_identify(/home/carbs/hdvio2.0/svo_msgs) by extension 'ros'
[0.147s] DEBUG:colcon.colcon_core.package_identification:Package '/home/carbs/hdvio2.0/svo_msgs' with type 'ros.ament_cmake' and name 'svo_msgs'
[0.147s] Level 1:colcon.colcon_core.package_identification:_identify(/home/carbs/hdvio2.0/svo_test_utils) by extensions ['ignore', 'ignore_ament_install']
[0.147s] Level 1:colcon.colcon_core.package_identification:_identify(/home/carbs/hdvio2.0/svo_test_utils) by extension 'ignore'
[0.148s] Level 1:colcon.colcon_core.package_identification:_identify(/home/carbs/hdvio2.0/svo_test_utils) by extension 'ignore_ament_install'
[0.148s] Level 1:colcon.colcon_core.package_identification:_identify(/home/carbs/hdvio2.0/svo_test_utils) by extensions ['colcon_pkg']
[0.148s] Level 1:colcon.colcon_core.package_identification:_identify(/home/carbs/hdvio2.0/svo_test_utils) by extension 'colcon_pkg'
[0.148s] Level 1:colcon.colcon_core.package_identification:_identify(/home/carbs/hdvio2.0/svo_test_utils) by extensions ['colcon_meta']
[0.148s] Level 1:colcon.colcon_core.package_identification:_identify(/home/carbs/hdvio2.0/svo_test_utils) by extension 'colcon_meta'
[0.148s] Level 1:colcon.colcon_core.package_identification:_identify(/home/carbs/hdvio2.0/svo_test_utils) by extensions ['ros']
[0.148s] Level 1:colcon.colcon_core.package_identification:_identify(/home/carbs/hdvio2.0/svo_test_utils) by extension 'ros'
[0.148s] DEBUG:colcon.colcon_core.package_identification:Package '/home/carbs/hdvio2.0/svo_test_utils' with type 'ros.catkin' and name 'svo_test_utils'
[0.148s] Level 1:colcon.colcon_core.package_identification:_identify(/home/carbs/hdvio2.0/svo_tracker) by extensions ['ignore', 'ignore_ament_install']
[0.149s] Level 1:colcon.colcon_core.package_identification:_identify(/home/carbs/hdvio2.0/svo_tracker) by extension 'ignore'
[0.149s] Level 1:colcon.colcon_core.package_identification:_identify(/home/carbs/hdvio2.0/svo_tracker) by extension 'ignore_ament_install'
[0.149s] Level 1:colcon.colcon_core.package_identification:_identify(/home/carbs/hdvio2.0/svo_tracker) by extensions ['colcon_pkg']
[0.149s] Level 1:colcon.colcon_core.package_identification:_identify(/home/carbs/hdvio2.0/svo_tracker) by extension 'colcon_pkg'
[0.149s] Level 1:colcon.colcon_core.package_identification:_identify(/home/carbs/hdvio2.0/svo_tracker) by extensions ['colcon_meta']
[0.149s] Level 1:colcon.colcon_core.package_identification:_identify(/home/carbs/hdvio2.0/svo_tracker) by extension 'colcon_meta'
[0.149s] Level 1:colcon.colcon_core.package_identification:_identify(/home/carbs/hdvio2.0/svo_tracker) by extensions ['ros']
[0.149s] Level 1:colcon.colcon_core.package_identification:_identify(/home/carbs/hdvio2.0/svo_tracker) by extension 'ros'
[0.150s] DEBUG:colcon.colcon_core.package_identification:Package '/home/carbs/hdvio2.0/svo_tracker' with type 'ros.catkin' and name 'svo_tracker'
[0.150s] Level 1:colcon.colcon_core.package_identification:_identify(/home/carbs/hdvio2.0/svo_vio_common) by extensions ['ignore', 'ignore_ament_install']
[0.150s] Level 1:colcon.colcon_core.package_identification:_identify(/home/carbs/hdvio2.0/svo_vio_common) by extension 'ignore'
[0.150s] Level 1:colcon.colcon_core.package_identification:_identify(/home/carbs/hdvio2.0/svo_vio_common) by extension 'ignore_ament_install'
[0.150s] Level 1:colcon.colcon_core.package_identification:_identify(/home/carbs/hdvio2.0/svo_vio_common) by extensions ['colcon_pkg']
[0.150s] Level 1:colcon.colcon_core.package_identification:_identify(/home/carbs/hdvio2.0/svo_vio_common) by extension 'colcon_pkg'
[0.150s] Level 1:colcon.colcon_core.package_identification:_identify(/home/carbs/hdvio2.0/svo_vio_common) by extensions ['colcon_meta']
[0.150s] Level 1:colcon.colcon_core.package_identification:_identify(/home/carbs/hdvio2.0/svo_vio_common) by extension 'colcon_meta'
[0.150s] Level 1:colcon.colcon_core.package_identification:_identify(/home/carbs/hdvio2.0/svo_vio_common) by extensions ['ros']
[0.150s] Level 1:colcon.colcon_core.package_identification:_identify(/home/carbs/hdvio2.0/svo_vio_common) by extension 'ros'
[0.151s] DEBUG:colcon.colcon_core.package_identification:Package '/home/carbs/hdvio2.0/svo_vio_common' with type 'ros.catkin' and name 'svo_vio_common'
[0.151s] Level 1:colcon.colcon_core.package_identification:_identify(/home/carbs/hdvio2.0/vikit) by extensions ['ignore', 'ignore_ament_install']
[0.151s] Level 1:colcon.colcon_core.package_identification:_identify(/home/carbs/hdvio2.0/vikit) by extension 'ignore'
[0.151s] Level 1:colcon.colcon_core.package_identification:_identify(/home/carbs/hdvio2.0/vikit) by extension 'ignore_ament_install'
[0.151s] Level 1:colcon.colcon_core.package_identification:_identify(/home/carbs/hdvio2.0/vikit) by extensions ['colcon_pkg']
[0.151s] Level 1:colcon.colcon_core.package_identification:_identify(/home/carbs/hdvio2.0/vikit) by extension 'colcon_pkg'
[0.151s] Level 1:colcon.colcon_core.package_identification:_identify(/home/carbs/hdvio2.0/vikit) by extensions ['colcon_meta']
[0.151s] Level 1:colcon.colcon_core.package_identification:_identify(/home/carbs/hdvio2.0/vikit) by extension 'colcon_meta'
[0.151s] Level 1:colcon.colcon_core.package_identification:_identify(/home/carbs/hdvio2.0/vikit) by extensions ['ros']
[0.151s] Level 1:colcon.colcon_core.package_identification:_identify(/home/carbs/hdvio2.0/vikit) by extension 'ros'
[0.151s] Level 1:colcon.colcon_core.package_identification:_identify(/home/carbs/hdvio2.0/vikit) by extensions ['cmake', 'python']
[0.151s] Level 1:colcon.colcon_core.package_identification:_identify(/home/carbs/hdvio2.0/vikit) by extension 'cmake'
[0.151s] Level 1:colcon.colcon_core.package_identification:_identify(/home/carbs/hdvio2.0/vikit) by extension 'python'
[0.151s] Level 1:colcon.colcon_core.package_identification:_identify(/home/carbs/hdvio2.0/vikit) by extensions ['python_setup_py']
[0.151s] Level 1:colcon.colcon_core.package_identification:_identify(/home/carbs/hdvio2.0/vikit) by extension 'python_setup_py'
[0.151s] Level 1:colcon.colcon_core.package_identification:_identify(/home/carbs/hdvio2.0/vikit/vikit_cameras) by extensions ['ignore', 'ignore_ament_install']
[0.151s] Level 1:colcon.colcon_core.package_identification:_identify(/home/carbs/hdvio2.0/vikit/vikit_cameras) by extension 'ignore'
[0.151s] Level 1:colcon.colcon_core.package_identification:_identify(/home/carbs/hdvio2.0/vikit/vikit_cameras) by extension 'ignore_ament_install'
[0.151s] Level 1:colcon.colcon_core.package_identification:_identify(/home/carbs/hdvio2.0/vikit/vikit_cameras) by extensions ['colcon_pkg']
[0.151s] Level 1:colcon.colcon_core.package_identification:_identify(/home/carbs/hdvio2.0/vikit/vikit_cameras) by extension 'colcon_pkg'
[0.151s] Level 1:colcon.colcon_core.package_identification:_identify(/home/carbs/hdvio2.0/vikit/vikit_cameras) by extensions ['colcon_meta']
[0.151s] Level 1:colcon.colcon_core.package_identification:_identify(/home/carbs/hdvio2.0/vikit/vikit_cameras) by extension 'colcon_meta'
[0.151s] Level 1:colcon.colcon_core.package_identification:_identify(/home/carbs/hdvio2.0/vikit/vikit_cameras) by extensions ['ros']
[0.151s] Level 1:colcon.colcon_core.package_identification:_identify(/home/carbs/hdvio2.0/vikit/vikit_cameras) by extension 'ros'
[0.152s] DEBUG:colcon.colcon_core.package_identification:Package '/home/carbs/hdvio2.0/vikit/vikit_cameras' with type 'ros.catkin' and name 'vikit_cameras'
[0.152s] Level 1:colcon.colcon_core.package_identification:_identify(/home/carbs/hdvio2.0/vikit/vikit_common) by extensions ['ignore', 'ignore_ament_install']
[0.152s] Level 1:colcon.colcon_core.package_identification:_identify(/home/carbs/hdvio2.0/vikit/vikit_common) by extension 'ignore'
[0.152s] Level 1:colcon.colcon_core.package_identification:_identify(/home/carbs/hdvio2.0/vikit/vikit_common) by extension 'ignore_ament_install'
[0.152s] Level 1:colcon.colcon_core.package_identification:_identify(/home/carbs/hdvio2.0/vikit/vikit_common) by extensions ['colcon_pkg']
[0.152s] Level 1:colcon.colcon_core.package_identification:_identify(/home/carbs/hdvio2.0/vikit/vikit_common) by extension 'colcon_pkg'
[0.152s] Level 1:colcon.colcon_core.package_identification:_identify(/home/carbs/hdvio2.0/vikit/vikit_common) by extensions ['colcon_meta']
[0.153s] Level 1:colcon.colcon_core.package_identification:_identify(/home/carbs/hdvio2.0/vikit/vikit_common) by extension 'colcon_meta'
[0.153s] Level 1:colcon.colcon_core.package_identification:_identify(/home/carbs/hdvio2.0/vikit/vikit_common) by extensions ['ros']
[0.153s] Level 1:colcon.colcon_core.package_identification:_identify(/home/carbs/hdvio2.0/vikit/vikit_common) by extension 'ros'
[0.153s] DEBUG:colcon.colcon_core.package_identification:Package '/home/carbs/hdvio2.0/vikit/vikit_common' with type 'ros.catkin' and name 'vikit_common'
[0.153s] Level 1:colcon.colcon_core.package_identification:_identify(/home/carbs/hdvio2.0/vikit/vikit_py) by extensions ['ignore', 'ignore_ament_install']
[0.153s] Level 1:colcon.colcon_core.package_identification:_identify(/home/carbs/hdvio2.0/vikit/vikit_py) by extension 'ignore'
[0.153s] Level 1:colcon.colcon_core.package_identification:_identify(/home/carbs/hdvio2.0/vikit/vikit_py) by extension 'ignore_ament_install'
[0.153s] Level 1:colcon.colcon_core.package_identification:_identify(/home/carbs/hdvio2.0/vikit/vikit_py) by extensions ['colcon_pkg']
[0.154s] Level 1:colcon.colcon_core.package_identification:_identify(/home/carbs/hdvio2.0/vikit/vikit_py) by extension 'colcon_pkg'
[0.154s] Level 1:colcon.colcon_core.package_identification:_identify(/home/carbs/hdvio2.0/vikit/vikit_py) by extensions ['colcon_meta']
[0.154s] Level 1:colcon.colcon_core.package_identification:_identify(/home/carbs/hdvio2.0/vikit/vikit_py) by extension 'colcon_meta'
[0.154s] Level 1:colcon.colcon_core.package_identification:_identify(/home/carbs/hdvio2.0/vikit/vikit_py) by extensions ['ros']
[0.154s] Level 1:colcon.colcon_core.package_identification:_identify(/home/carbs/hdvio2.0/vikit/vikit_py) by extension 'ros'
[0.154s] DEBUG:colcon.colcon_core.package_identification:Package '/home/carbs/hdvio2.0/vikit/vikit_py' with type 'ros.catkin' and name 'vikit_py'
[0.154s] Level 1:colcon.colcon_core.package_identification:_identify(/home/carbs/hdvio2.0/vikit/vikit_ros) by extensions ['ignore', 'ignore_ament_install']
[0.154s] Level 1:colcon.colcon_core.package_identification:_identify(/home/carbs/hdvio2.0/vikit/vikit_ros) by extension 'ignore'
[0.154s] Level 1:colcon.colcon_core.package_identification:_identify(/home/carbs/hdvio2.0/vikit/vikit_ros) by extension 'ignore_ament_install'
[0.154s] Level 1:colcon.colcon_core.package_identification:_identify(/home/carbs/hdvio2.0/vikit/vikit_ros) by extensions ['colcon_pkg']
[0.154s] Level 1:colcon.colcon_core.package_identification:_identify(/home/carbs/hdvio2.0/vikit/vikit_ros) by extension 'colcon_pkg'
[0.154s] Level 1:colcon.colcon_core.package_identification:_identify(/home/carbs/hdvio2.0/vikit/vikit_ros) by extensions ['colcon_meta']
[0.154s] Level 1:colcon.colcon_core.package_identification:_identify(/home/carbs/hdvio2.0/vikit/vikit_ros) by extension 'colcon_meta'
[0.154s] Level 1:colcon.colcon_core.package_identification:_identify(/home/carbs/hdvio2.0/vikit/vikit_ros) by extensions ['ros']
[0.154s] Level 1:colcon.colcon_core.package_identification:_identify(/home/carbs/hdvio2.0/vikit/vikit_ros) by extension 'ros'
[0.155s] DEBUG:colcon.colcon_core.package_identification:Package '/home/carbs/hdvio2.0/vikit/vikit_ros' with type 'ros.catkin' and name 'vikit_ros'
[0.155s] Level 1:colcon.colcon_core.package_identification:_identify(/home/carbs/hdvio2.0/vikit/vikit_solver) by extensions ['ignore', 'ignore_ament_install']
[0.155s] Level 1:colcon.colcon_core.package_identification:_identify(/home/carbs/hdvio2.0/vikit/vikit_solver) by extension 'ignore'
[0.155s] Level 1:colcon.colcon_core.package_identification:_identify(/home/carbs/hdvio2.0/vikit/vikit_solver) by extension 'ignore_ament_install'
[0.156s] Level 1:colcon.colcon_core.package_identification:_identify(/home/carbs/hdvio2.0/vikit/vikit_solver) by extensions ['colcon_pkg']
[0.156s] Level 1:colcon.colcon_core.package_identification:_identify(/home/carbs/hdvio2.0/vikit/vikit_solver) by extension 'colcon_pkg'
[0.156s] Level 1:colcon.colcon_core.package_identification:_identify(/home/carbs/hdvio2.0/vikit/vikit_solver) by extensions ['colcon_meta']
[0.156s] Level 1:colcon.colcon_core.package_identification:_identify(/home/carbs/hdvio2.0/vikit/vikit_solver) by extension 'colcon_meta'
[0.156s] Level 1:colcon.colcon_core.package_identification:_identify(/home/carbs/hdvio2.0/vikit/vikit_solver) by extensions ['ros']
[0.156s] Level 1:colcon.colcon_core.package_identification:_identify(/home/carbs/hdvio2.0/vikit/vikit_solver) by extension 'ros'
[0.156s] DEBUG:colcon.colcon_core.package_identification:Package '/home/carbs/hdvio2.0/vikit/vikit_solver' with type 'ros.catkin' and name 'vikit_solver'
[0.156s] Level 1:colcon.colcon_core.package_discovery:discover_packages(recursive) using defaults
[0.180s] INFO:colcon.colcon_core.package_selection:Skipping not selected package 'catkin_simple' in '/home/carbs/hdvio2.0/catkin_simple'
[0.180s] INFO:colcon.colcon_core.package_selection:Skipping not selected package 'svo_cmake' in '/home/carbs/hdvio2.0/svo_cmake'
[0.180s] INFO:colcon.colcon_core.package_selection:Skipping not selected package 'svo_msgs' in '/home/carbs/hdvio2.0/svo_msgs'
[0.180s] INFO:colcon.colcon_core.package_selection:Skipping not selected package 'vikit_py' in '/home/carbs/hdvio2.0/vikit/vikit_py'
[0.180s] INFO:colcon.colcon_core.package_selection:Skipping not selected package 'eigen_catkin' in '/home/carbs/hdvio2.0/eigen_catkin'
[0.180s] INFO:colcon.colcon_core.package_selection:Skipping not selected package 'fast' in '/home/carbs/hdvio2.0/fast_neon'
[0.180s] INFO:colcon.colcon_core.package_selection:Skipping not selected package 'gflags_catkin' in '/home/carbs/hdvio2.0/gflags_catkin'
[0.180s] INFO:colcon.colcon_core.package_selection:Skipping not selected package 'svo_benchmarking' in '/home/carbs/hdvio2.0/svo_benchmarking'
[0.181s] INFO:colcon.colcon_core.package_selection:Skipping not selected package 'glog_catkin' in '/home/carbs/hdvio2.0/glog_catkin'
[0.181s] INFO:colcon.colcon_core.package_selection:Skipping not selected package 'opengv' in '/home/carbs/hdvio2.0/opengv'
[0.181s] INFO:colcon.colcon_core.package_selection:Skipping not selected package 'ceres_catkin' in '/home/carbs/hdvio2.0/ceres_catkin'
[0.181s] INFO:colcon.colcon_core.package_selection:Skipping not selected package 'minkindr_conversions' in '/home/carbs/hdvio2.0/minkindr_ros/minkindr_conversions'
[0.181s] INFO:colcon.colcon_core.package_selection:Skipping not selected package 'minkindr_python' in '/home/carbs/hdvio2.0/minkindr/minkindr_python'
[0.181s] INFO:colcon.colcon_core.package_selection:Skipping not selected package 'rpg_common' in '/home/carbs/hdvio2.0/rpg_common'
[0.181s] INFO:colcon.colcon_core.package_selection:Skipping not selected package 'vikit_common' in '/home/carbs/hdvio2.0/vikit/vikit_common'
[0.181s] INFO:colcon.colcon_core.package_selection:Skipping not selected package 'vikit_solver' in '/home/carbs/hdvio2.0/vikit/vikit_solver'
[0.181s] INFO:colcon.colcon_core.package_selection:Skipping not selected package 'vikit_cameras' in '/home/carbs/hdvio2.0/vikit/vikit_cameras'
[0.181s] INFO:colcon.colcon_core.package_selection:Skipping not selected package 'vikit_ros' in '/home/carbs/hdvio2.0/vikit/vikit_ros'
[0.181s] INFO:colcon.colcon_core.package_selection:Skipping not selected package 'svo_common' in '/home/carbs/hdvio2.0/svo_common'
[0.181s] INFO:colcon.colcon_core.package_selection:Skipping not selected package 'svo_test_utils' in '/home/carbs/hdvio2.0/svo_test_utils'
[0.181s] INFO:colcon.colcon_core.package_selection:Skipping not selected package 'svo_vio_common' in '/home/carbs/hdvio2.0/svo_vio_common'
[0.181s] INFO:colcon.colcon_core.package_selection:Skipping not selected package 'svo_direct' in '/home/carbs/hdvio2.0/svo_direct'
[0.181s] INFO:colcon.colcon_core.package_selection:Skipping not selected package 'svo_img_align' in '/home/carbs/hdvio2.0/svo_img_align'
[0.181s] INFO:colcon.colcon_core.package_selection:Skipping not selected package 'svo_tracker' in '/home/carbs/hdvio2.0/svo_tracker'
[0.181s] INFO:colcon.colcon_core.package_selection:Skipping not selected package 'svo' in '/home/carbs/hdvio2.0/svo'
[0.181s] INFO:colcon.colcon_core.package_selection:Skipping not selected package 'svo_ceres_backend' in '/home/carbs/hdvio2.0/svo_ceres_backend'
[0.181s] INFO:colcon.colcon_core.package_selection:Skipping not selected package 'hdvio2' in '/home/carbs/hdvio2.0/hdvio2'
[0.181s] Level 1:colcon.colcon_core.package_discovery:discover_packages(prefix_path) check parameters
[0.181s] Level 1:colcon.colcon_core.package_discovery:discover_packages(prefix_path) discover
[0.183s] DEBUG:colcon.colcon_installed_package_information.package_discovery:Found 4 installed packages in /home/carbs/hdvio2.0/eigen_checks/install
[0.183s] DEBUG:colcon.colcon_installed_package_information.package_discovery:Found 3 installed packages in /home/carbs/hdvio2.0/install
[0.184s] DEBUG:colcon.colcon_installed_package_information.package_discovery:Found 280 installed packages in /opt/ros/humble
[0.185s] Level 1:colcon.colcon_core.package_discovery:discover_packages(prefix_path) using defaults
[0.213s] Level 5:colcon.colcon_core.verb:set package 'eigen_checks' build argument 'cmake_args' from command line to '['-DBUILD_TESTING=OFF']'
[0.213s] Level 5:colcon.colcon_core.verb:set package 'eigen_checks' build argument 'cmake_target' from command line to 'None'
[0.213s] Level 5:colcon.colcon_core.verb:set package 'eigen_checks' build argument 'cmake_target_skip_unavailable' from command line to 'False'
[0.213s] Level 5:colcon.colcon_core.verb:set package 'eigen_checks' build argument 'cmake_clean_cache' from command line to 'False'
[0.213s] Level 5:colcon.colcon_core.verb:set package 'eigen_checks' build argument 'cmake_clean_first' from command line to 'False'
[0.213s] Level 5:colcon.colcon_core.verb:set package 'eigen_checks' build argument 'cmake_force_configure' from command line to 'False'
[0.213s] Level 5:colcon.colcon_core.verb:set package 'eigen_checks' build argument 'ament_cmake_args' from command line to 'None'
[0.213s] Level 5:colcon.colcon_core.verb:set package 'eigen_checks' build argument 'catkin_cmake_args' from command line to 'None'
[0.213s] Level 5:colcon.colcon_core.verb:set package 'eigen_checks' build argument 'catkin_skip_building_tests' from command line to 'False'
[0.213s] DEBUG:colcon.colcon_core.verb:Building package 'eigen_checks' with the following arguments: {'ament_cmake_args': None, 'build_base': '/home/carbs/hdvio2.0/eigen_checks/build/eigen_checks', 'catkin_cmake_args': None, 'catkin_skip_building_tests': False, 'cmake_args': ['-DBUILD_TESTING=OFF'], 'cmake_clean_cache': False, 'cmake_clean_first': False, 'cmake_force_configure': False, 'cmake_target': None, 'cmake_target_skip_unavailable': False, 'install_base': '/home/carbs/hdvio2.0/eigen_checks/install/eigen_checks', 'merge_install': False, 'path': '/home/carbs/hdvio2.0/eigen_checks', 'symlink_install': False, 'test_result_base': None}
[0.213s] Level 5:colcon.colcon_core.verb:set package 'minkindr' build argument 'cmake_args' from command line to '['-DBUILD_TESTING=OFF']'
[0.213s] Level 5:colcon.colcon_core.verb:set package 'minkindr' build argument 'cmake_target' from command line to 'None'
[0.213s] Level 5:colcon.colcon_core.verb:set package 'minkindr' build argument 'cmake_target_skip_unavailable' from command line to 'False'
[0.213s] Level 5:colcon.colcon_core.verb:set package 'minkindr' build argument 'cmake_clean_cache' from command line to 'False'
[0.213s] Level 5:colcon.colcon_core.verb:set package 'minkindr' build argument 'cmake_clean_first' from command line to 'False'
[0.213s] Level 5:colcon.colcon_core.verb:set package 'minkindr' build argument 'cmake_force_configure' from command line to 'False'
[0.213s] Level 5:colcon.colcon_core.verb:set package 'minkindr' build argument 'ament_cmake_args' from command line to 'None'
[0.213s] Level 5:colcon.colcon_core.verb:set package 'minkindr' build argument 'catkin_cmake_args' from command line to 'None'
[0.213s] Level 5:colcon.colcon_core.verb:set package 'minkindr' build argument 'catkin_skip_building_tests' from command line to 'False'
[0.213s] DEBUG:colcon.colcon_core.verb:Building package 'minkindr' with the following arguments: {'ament_cmake_args': None, 'build_base': '/home/carbs/hdvio2.0/eigen_checks/build/minkindr', 'catkin_cmake_args': None, 'catkin_skip_building_tests': False, 'cmake_args': ['-DBUILD_TESTING=OFF'], 'cmake_clean_cache': False, 'cmake_clean_first': False, 'cmake_force_configure': False, 'cmake_target': None, 'cmake_target_skip_unavailable': False, 'install_base': '/home/carbs/hdvio2.0/eigen_checks/install/minkindr', 'merge_install': False, 'path': '/home/carbs/hdvio2.0/minkindr/minkindr', 'symlink_install': False, 'test_result_base': None}
[0.214s] INFO:colcon.colcon_core.executor:Executing jobs using 'parallel' executor
[0.214s] DEBUG:colcon.colcon_parallel_executor.executor.parallel:run_until_complete
[0.215s] INFO:colcon.colcon_ros.task.ament_cmake.build:Building ROS package in '/home/carbs/hdvio2.0/eigen_checks' with build type 'ament_cmake'
[0.215s] INFO:colcon.colcon_cmake.task.cmake.build:Building CMake package in '/home/carbs/hdvio2.0/eigen_checks'
[0.217s] INFO:colcon.colcon_core.plugin_system:Skipping extension 'colcon_core.shell.bat': Not used on non-Windows systems
[0.217s] INFO:colcon.colcon_core.shell:Skip shell extension 'powershell' for command environment: Not usable outside of PowerShell
[0.217s] DEBUG:colcon.colcon_core.shell:Skip shell extension 'dsv' for command environment
[0.227s] DEBUG:colcon.colcon_core.event_handler.log_command:Invoking command in '/home/carbs/hdvio2.0/eigen_checks/build/eigen_checks': CMAKE_PREFIX_PATH=${CMAKE_PREFIX_PATH}:/opt/ros/humble /usr/bin/cmake /home/carbs/hdvio2.0/eigen_checks -DBUILD_TESTING=OFF -DCMAKE_INSTALL_PREFIX=/home/carbs/hdvio2.0/eigen_checks/install/eigen_checks
[0.425s] DEBUG:colcon.colcon_core.event_handler.log_command:Invoked command in '/home/carbs/hdvio2.0/eigen_checks/build/eigen_checks' returned '0': CMAKE_PREFIX_PATH=${CMAKE_PREFIX_PATH}:/opt/ros/humble /usr/bin/cmake /home/carbs/hdvio2.0/eigen_checks -DBUILD_TESTING=OFF -DCMAKE_INSTALL_PREFIX=/home/carbs/hdvio2.0/eigen_checks/install/eigen_checks
[0.427s] DEBUG:colcon.colcon_core.event_handler.log_command:Invoking command in '/home/carbs/hdvio2.0/eigen_checks/build/eigen_checks': CMAKE_PREFIX_PATH=${CMAKE_PREFIX_PATH}:/opt/ros/humble /usr/bin/cmake --build /home/carbs/hdvio2.0/eigen_checks/build/eigen_checks -- -j24 -l24
[0.494s] DEBUG:colcon.colcon_core.event_handler.log_command:Invoked command in '/home/carbs/hdvio2.0/eigen_checks/build/eigen_checks' returned '0': CMAKE_PREFIX_PATH=${CMAKE_PREFIX_PATH}:/opt/ros/humble /usr/bin/cmake --build /home/carbs/hdvio2.0/eigen_checks/build/eigen_checks -- -j24 -l24
[0.503s] DEBUG:colcon.colcon_core.event_handler.log_command:Invoking command in '/home/carbs/hdvio2.0/eigen_checks/build/eigen_checks': CMAKE_PREFIX_PATH=${CMAKE_PREFIX_PATH}:/opt/ros/humble /usr/bin/cmake --install /home/carbs/hdvio2.0/eigen_checks/build/eigen_checks
[0.521s] Level 1:colcon.colcon_core.environment:create_environment_scripts_only(eigen_checks)
[0.522s] DEBUG:colcon.colcon_core.event_handler.log_command:Invoked command in '/home/carbs/hdvio2.0/eigen_checks/build/eigen_checks' returned '0': CMAKE_PREFIX_PATH=${CMAKE_PREFIX_PATH}:/opt/ros/humble /usr/bin/cmake --install /home/carbs/hdvio2.0/eigen_checks/build/eigen_checks
[0.525s] Level 1:colcon.colcon_core.environment:checking '/home/carbs/hdvio2.0/eigen_checks/install/eigen_checks' for CMake module files
[0.525s] Level 1:colcon.colcon_core.environment:checking '/home/carbs/hdvio2.0/eigen_checks/install/eigen_checks' for CMake config files
[0.525s] Level 1:colcon.colcon_core.shell:create_environment_hook('eigen_checks', 'cmake_prefix_path')
[0.525s] INFO:colcon.colcon_core.shell:Creating environment hook '/home/carbs/hdvio2.0/eigen_checks/install/eigen_checks/share/eigen_checks/hook/cmake_prefix_path.ps1'
[0.526s] INFO:colcon.colcon_core.shell:Creating environment descriptor '/home/carbs/hdvio2.0/eigen_checks/install/eigen_checks/share/eigen_checks/hook/cmake_prefix_path.dsv'
[0.526s] INFO:colcon.colcon_core.shell:Creating environment hook '/home/carbs/hdvio2.0/eigen_checks/install/eigen_checks/share/eigen_checks/hook/cmake_prefix_path.sh'
[0.533s] Level 1:colcon.colcon_core.environment:checking '/home/carbs/hdvio2.0/eigen_checks/install/eigen_checks/lib'
[0.533s] Level 1:colcon.colcon_core.environment:checking '/home/carbs/hdvio2.0/eigen_checks/install/eigen_checks/bin'
[0.534s] Level 1:colcon.colcon_core.environment:checking '/home/carbs/hdvio2.0/eigen_checks/install/eigen_checks/lib/pkgconfig/eigen_checks.pc'
[0.534s] Level 1:colcon.colcon_core.environment:checking '/home/carbs/hdvio2.0/eigen_checks/install/eigen_checks/lib/python3.10/site-packages'
[0.534s] Level 1:colcon.colcon_core.environment:checking '/home/carbs/hdvio2.0/eigen_checks/install/eigen_checks/bin'
[0.534s] INFO:colcon.colcon_core.shell:Creating package script '/home/carbs/hdvio2.0/eigen_checks/install/eigen_checks/share/eigen_checks/package.ps1'
[0.535s] INFO:colcon.colcon_core.shell:Creating package descriptor '/home/carbs/hdvio2.0/eigen_checks/install/eigen_checks/share/eigen_checks/package.dsv'
[0.535s] INFO:colcon.colcon_core.shell:Creating package script '/home/carbs/hdvio2.0/eigen_checks/install/eigen_checks/share/eigen_checks/package.sh'
[0.536s] INFO:colcon.colcon_core.shell:Creating package script '/home/carbs/hdvio2.0/eigen_checks/install/eigen_checks/share/eigen_checks/package.bash'
[0.537s] INFO:colcon.colcon_core.shell:Creating package script '/home/carbs/hdvio2.0/eigen_checks/install/eigen_checks/share/eigen_checks/package.zsh'
[0.538s] Level 1:colcon.colcon_core.environment:create_file_with_runtime_dependencies(/home/carbs/hdvio2.0/eigen_checks/install/eigen_checks/share/colcon-core/packages/eigen_checks)
[0.539s] Level 1:colcon.colcon_core.environment:create_environment_scripts_only(eigen_checks)
[0.539s] Level 1:colcon.colcon_core.environment:checking '/home/carbs/hdvio2.0/eigen_checks/install/eigen_checks' for CMake module files
[0.540s] Level 1:colcon.colcon_core.environment:checking '/home/carbs/hdvio2.0/eigen_checks/install/eigen_checks' for CMake config files
[0.540s] Level 1:colcon.colcon_core.shell:create_environment_hook('eigen_checks', 'cmake_prefix_path')
[0.540s] INFO:colcon.colcon_core.shell:Creating environment hook '/home/carbs/hdvio2.0/eigen_checks/install/eigen_checks/share/eigen_checks/hook/cmake_prefix_path.ps1'
[0.541s] INFO:colcon.colcon_core.shell:Creating environment descriptor '/home/carbs/hdvio2.0/eigen_checks/install/eigen_checks/share/eigen_checks/hook/cmake_prefix_path.dsv'
[0.541s] INFO:colcon.colcon_core.shell:Creating environment hook '/home/carbs/hdvio2.0/eigen_checks/install/eigen_checks/share/eigen_checks/hook/cmake_prefix_path.sh'
[0.542s] Level 1:colcon.colcon_core.environment:checking '/home/carbs/hdvio2.0/eigen_checks/install/eigen_checks/lib'
[0.542s] Level 1:colcon.colcon_core.environment:checking '/home/carbs/hdvio2.0/eigen_checks/install/eigen_checks/bin'
[0.542s] Level 1:colcon.colcon_core.environment:checking '/home/carbs/hdvio2.0/eigen_checks/install/eigen_checks/lib/pkgconfig/eigen_checks.pc'
[0.542s] Level 1:colcon.colcon_core.environment:checking '/home/carbs/hdvio2.0/eigen_checks/install/eigen_checks/lib/python3.10/site-packages'
[0.543s] Level 1:colcon.colcon_core.environment:checking '/home/carbs/hdvio2.0/eigen_checks/install/eigen_checks/bin'
[0.543s] INFO:colcon.colcon_core.shell:Creating package script '/home/carbs/hdvio2.0/eigen_checks/install/eigen_checks/share/eigen_checks/package.ps1'
[0.544s] INFO:colcon.colcon_core.shell:Creating package descriptor '/home/carbs/hdvio2.0/eigen_checks/install/eigen_checks/share/eigen_checks/package.dsv'
[0.544s] INFO:colcon.colcon_core.shell:Creating package script '/home/carbs/hdvio2.0/eigen_checks/install/eigen_checks/share/eigen_checks/package.sh'
[0.545s] INFO:colcon.colcon_core.shell:Creating package script '/home/carbs/hdvio2.0/eigen_checks/install/eigen_checks/share/eigen_checks/package.bash'
[0.546s] INFO:colcon.colcon_core.shell:Creating package script '/home/carbs/hdvio2.0/eigen_checks/install/eigen_checks/share/eigen_checks/package.zsh'
[0.546s] Level 1:colcon.colcon_core.environment:create_file_with_runtime_dependencies(/home/carbs/hdvio2.0/eigen_checks/install/eigen_checks/share/colcon-core/packages/eigen_checks)
[0.546s] INFO:colcon.colcon_ros.task.ament_cmake.build:Building ROS package in '/home/carbs/hdvio2.0/minkindr/minkindr' with build type 'ament_cmake'
[0.546s] INFO:colcon.colcon_cmake.task.cmake.build:Building CMake package in '/home/carbs/hdvio2.0/minkindr/minkindr'
[0.547s] INFO:colcon.colcon_core.shell:Skip shell extension 'powershell' for command environment: Not usable outside of PowerShell
[0.547s] DEBUG:colcon.colcon_core.shell:Skip shell extension 'dsv' for command environment
[0.560s] DEBUG:colcon.colcon_core.event_handler.log_command:Invoking command in '/home/carbs/hdvio2.0/eigen_checks/build/minkindr': CMAKE_PREFIX_PATH=/home/carbs/hdvio2.0/eigen_checks/install/eigen_checks:/home/carbs/hdvio2.0/eigen_checks/install/svo_msgs:/home/carbs/hdvio2.0/eigen_checks/install/svo_cmake:/home/carbs/hdvio2.0/eigen_checks/install/minkindr:/home/carbs/hdvio2.0/install/svo_msgs:/home/carbs/hdvio2.0/install/svo_cmake:/opt/ros/humble /usr/bin/cmake --build /home/carbs/hdvio2.0/eigen_checks/build/minkindr -- -j24 -l24
[0.613s] DEBUG:colcon.colcon_core.event_handler.log_command:Invoked command in '/home/carbs/hdvio2.0/eigen_checks/build/minkindr' returned '0': CMAKE_PREFIX_PATH=/home/carbs/hdvio2.0/eigen_checks/install/eigen_checks:/home/carbs/hdvio2.0/eigen_checks/install/svo_msgs:/home/carbs/hdvio2.0/eigen_checks/install/svo_cmake:/home/carbs/hdvio2.0/eigen_checks/install/minkindr:/home/carbs/hdvio2.0/install/svo_msgs:/home/carbs/hdvio2.0/install/svo_cmake:/opt/ros/humble /usr/bin/cmake --build /home/carbs/hdvio2.0/eigen_checks/build/minkindr -- -j24 -l24
[0.614s] DEBUG:colcon.colcon_core.event_handler.log_command:Invoking command in '/home/carbs/hdvio2.0/eigen_checks/build/minkindr': CMAKE_PREFIX_PATH=/home/carbs/hdvio2.0/eigen_checks/install/eigen_checks:/home/carbs/hdvio2.0/eigen_checks/install/svo_msgs:/home/carbs/hdvio2.0/eigen_checks/install/svo_cmake:/home/carbs/hdvio2.0/eigen_checks/install/minkindr:/home/carbs/hdvio2.0/install/svo_msgs:/home/carbs/hdvio2.0/install/svo_cmake:/opt/ros/humble /usr/bin/cmake --install /home/carbs/hdvio2.0/eigen_checks/build/minkindr
[0.629s] Level 1:colcon.colcon_core.environment:create_environment_scripts_only(minkindr)
[0.630s] Level 1:colcon.colcon_core.environment:checking '/home/carbs/hdvio2.0/eigen_checks/install/minkindr' for CMake module files
[0.630s] DEBUG:colcon.colcon_core.event_handler.log_command:Invoked command in '/home/carbs/hdvio2.0/eigen_checks/build/minkindr' returned '0': CMAKE_PREFIX_PATH=/home/carbs/hdvio2.0/eigen_checks/install/eigen_checks:/home/carbs/hdvio2.0/eigen_checks/install/svo_msgs:/home/carbs/hdvio2.0/eigen_checks/install/svo_cmake:/home/carbs/hdvio2.0/eigen_checks/install/minkindr:/home/carbs/hdvio2.0/install/svo_msgs:/home/carbs/hdvio2.0/install/svo_cmake:/opt/ros/humble /usr/bin/cmake --install /home/carbs/hdvio2.0/eigen_checks/build/minkindr
[0.631s] Level 1:colcon.colcon_core.environment:checking '/home/carbs/hdvio2.0/eigen_checks/install/minkindr' for CMake config files
[0.631s] Level 1:colcon.colcon_core.shell:create_environment_hook('minkindr', 'cmake_prefix_path')
[0.632s] INFO:colcon.colcon_core.shell:Creating environment hook '/home/carbs/hdvio2.0/eigen_checks/install/minkindr/share/minkindr/hook/cmake_prefix_path.ps1'
[0.632s] INFO:colcon.colcon_core.shell:Creating environment descriptor '/home/carbs/hdvio2.0/eigen_checks/install/minkindr/share/minkindr/hook/cmake_prefix_path.dsv'
[0.633s] INFO:colcon.colcon_core.shell:Creating environment hook '/home/carbs/hdvio2.0/eigen_checks/install/minkindr/share/minkindr/hook/cmake_prefix_path.sh'
[0.634s] Level 1:colcon.colcon_core.environment:checking '/home/carbs/hdvio2.0/eigen_checks/install/minkindr/bin'
[0.634s] Level 1:colcon.colcon_core.environment:checking '/home/carbs/hdvio2.0/eigen_checks/install/minkindr/lib/pkgconfig/minkindr.pc'
[0.634s] Level 1:colcon.colcon_core.environment:checking '/home/carbs/hdvio2.0/eigen_checks/install/minkindr/lib/python3.10/site-packages'
[0.634s] Level 1:colcon.colcon_core.environment:checking '/home/carbs/hdvio2.0/eigen_checks/install/minkindr/bin'
[0.635s] INFO:colcon.colcon_core.shell:Creating package script '/home/carbs/hdvio2.0/eigen_checks/install/minkindr/share/minkindr/package.ps1'
[0.635s] INFO:colcon.colcon_core.shell:Creating package descriptor '/home/carbs/hdvio2.0/eigen_checks/install/minkindr/share/minkindr/package.dsv'
[0.636s] INFO:colcon.colcon_core.shell:Creating package script '/home/carbs/hdvio2.0/eigen_checks/install/minkindr/share/minkindr/package.sh'
[0.637s] INFO:colcon.colcon_core.shell:Creating package script '/home/carbs/hdvio2.0/eigen_checks/install/minkindr/share/minkindr/package.bash'
[0.637s] INFO:colcon.colcon_core.shell:Creating package script '/home/carbs/hdvio2.0/eigen_checks/install/minkindr/share/minkindr/package.zsh'
[0.638s] Level 1:colcon.colcon_core.environment:create_file_with_runtime_dependencies(/home/carbs/hdvio2.0/eigen_checks/install/minkindr/share/colcon-core/packages/minkindr)
[0.638s] Level 1:colcon.colcon_core.environment:create_environment_scripts_only(minkindr)
[0.639s] Level 1:colcon.colcon_core.environment:checking '/home/carbs/hdvio2.0/eigen_checks/install/minkindr' for CMake module files
[0.639s] Level 1:colcon.colcon_core.environment:checking '/home/carbs/hdvio2.0/eigen_checks/install/minkindr' for CMake config files
[0.640s] Level 1:colcon.colcon_core.shell:create_environment_hook('minkindr', 'cmake_prefix_path')
[0.640s] INFO:colcon.colcon_core.shell:Creating environment hook '/home/carbs/hdvio2.0/eigen_checks/install/minkindr/share/minkindr/hook/cmake_prefix_path.ps1'
[0.641s] INFO:colcon.colcon_core.shell:Creating environment descriptor '/home/carbs/hdvio2.0/eigen_checks/install/minkindr/share/minkindr/hook/cmake_prefix_path.dsv'
[0.641s] INFO:colcon.colcon_core.shell:Creating environment hook '/home/carbs/hdvio2.0/eigen_checks/install/minkindr/share/minkindr/hook/cmake_prefix_path.sh'
[0.642s] Level 1:colcon.colcon_core.environment:checking '/home/carbs/hdvio2.0/eigen_checks/install/minkindr/bin'
[0.642s] Level 1:colcon.colcon_core.environment:checking '/home/carbs/hdvio2.0/eigen_checks/install/minkindr/lib/pkgconfig/minkindr.pc'
[0.642s] Level 1:colcon.colcon_core.environment:checking '/home/carbs/hdvio2.0/eigen_checks/install/minkindr/lib/python3.10/site-packages'
[0.643s] Level 1:colcon.colcon_core.environment:checking '/home/carbs/hdvio2.0/eigen_checks/install/minkindr/bin'
[0.643s] INFO:colcon.colcon_core.shell:Creating package script '/home/carbs/hdvio2.0/eigen_checks/install/minkindr/share/minkindr/package.ps1'
[0.644s] INFO:colcon.colcon_core.shell:Creating package descriptor '/home/carbs/hdvio2.0/eigen_checks/install/minkindr/share/minkindr/package.dsv'
[0.644s] INFO:colcon.colcon_core.shell:Creating package script '/home/carbs/hdvio2.0/eigen_checks/install/minkindr/share/minkindr/package.sh'
[0.645s] INFO:colcon.colcon_core.shell:Creating package script '/home/carbs/hdvio2.0/eigen_checks/install/minkindr/share/minkindr/package.bash'
[0.646s] INFO:colcon.colcon_core.shell:Creating package script '/home/carbs/hdvio2.0/eigen_checks/install/minkindr/share/minkindr/package.zsh'
[0.646s] Level 1:colcon.colcon_core.environment:create_file_with_runtime_dependencies(/home/carbs/hdvio2.0/eigen_checks/install/minkindr/share/colcon-core/packages/minkindr)
[0.647s] DEBUG:colcon.colcon_parallel_executor.executor.parallel:closing loop
[0.647s] DEBUG:colcon.colcon_parallel_executor.executor.parallel:loop closed
[0.647s] DEBUG:colcon.colcon_parallel_executor.executor.parallel:run_until_complete finished with '0'
[0.647s] DEBUG:colcon.colcon_core.event_reactor:joining thread
[0.653s] INFO:colcon.colcon_core.plugin_system:Skipping extension 'colcon_notification.desktop_notification.terminal_notifier': Not used on non-Darwin systems
[0.653s] INFO:colcon.colcon_core.plugin_system:Skipping extension 'colcon_notification.desktop_notification.win32': Not used on non-Windows systems
[0.653s] INFO:colcon.colcon_notification.desktop_notification:Sending desktop notification using 'notify2'
[0.664s] DEBUG:colcon.colcon_core.event_reactor:joined thread
[0.664s] INFO:colcon.colcon_core.shell:Creating prefix script '/home/carbs/hdvio2.0/eigen_checks/install/local_setup.ps1'
[0.666s] INFO:colcon.colcon_core.shell:Creating prefix util module '/home/carbs/hdvio2.0/eigen_checks/install/_local_setup_util_ps1.py'
[0.668s] INFO:colcon.colcon_core.shell:Creating prefix chain script '/home/carbs/hdvio2.0/eigen_checks/install/setup.ps1'
[0.670s] INFO:colcon.colcon_core.shell:Creating prefix script '/home/carbs/hdvio2.0/eigen_checks/install/local_setup.sh'
[0.671s] INFO:colcon.colcon_core.shell:Creating prefix util module '/home/carbs/hdvio2.0/eigen_checks/install/_local_setup_util_sh.py'
[0.671s] INFO:colcon.colcon_core.shell:Creating prefix chain script '/home/carbs/hdvio2.0/eigen_checks/install/setup.sh'
[0.673s] INFO:colcon.colcon_core.shell:Creating prefix script '/home/carbs/hdvio2.0/eigen_checks/install/local_setup.bash'
[0.674s] INFO:colcon.colcon_core.shell:Creating prefix chain script '/home/carbs/hdvio2.0/eigen_checks/install/setup.bash'
[0.676s] INFO:colcon.colcon_core.shell:Creating prefix script '/home/carbs/hdvio2.0/eigen_checks/install/local_setup.zsh'
[0.677s] INFO:colcon.colcon_core.shell:Creating prefix chain script '/home/carbs/hdvio2.0/eigen_checks/install/setup.zsh'
