[0.020s] Invoking command in '/home/carbs/hdvio2.0/eigen_checks/build/svo_msgs': CMAKE_PREFIX_PATH=${CMAKE_PREFIX_PATH}:/opt/ros/humble /usr/bin/cmake /home/carbs/hdvio2.0/svo_msgs -DBUILD_TESTING=OFF -DCMAKE_INSTALL_PREFIX=/home/carbs/hdvio2.0/eigen_checks/install/svo_msgs
[0.081s] -- The C compiler identification is GNU 11.4.0
[0.141s] -- The CXX compiler identification is GNU 11.4.0
[0.150s] -- Detecting C compiler ABI info
[0.230s] -- Detecting C compiler ABI info - done
[0.243s] -- Check for working C compiler: /usr/bin/cc - skipped
[0.244s] -- Detecting C compile features
[0.244s] -- Detecting C compile features - done
[0.249s] -- Detecting CXX compiler ABI info
[0.339s] -- Detecting CXX compiler ABI info - done
[0.352s] -- Check for working CXX compiler: /usr/bin/c++ - skipped
[0.352s] -- Detecting CXX compile features
[0.353s] -- Detecting CXX compile features - done
[0.358s] -- Found ament_cmake: 1.3.12 (/opt/ros/humble/share/ament_cmake/cmake)
[0.679s] -- Found Python3: /usr/bin/python3 (found version "3.10.12") found components: Interpreter 
[0.782s] -- Found rosidl_default_generators: 1.2.0 (/opt/ros/humble/share/rosidl_default_generators/cmake)
[0.788s] -- Using all available rosidl_typesupport_c: rosidl_typesupport_fastrtps_c;rosidl_typesupport_introspection_c
[0.799s] -- Found rosidl_adapter: 3.1.7 (/opt/ros/humble/share/rosidl_adapter/cmake)
[0.845s] -- Using all available rosidl_typesupport_cpp: rosidl_typesupport_fastrtps_cpp;rosidl_typesupport_introspection_cpp
[0.875s] -- Found std_msgs: 4.9.0 (/opt/ros/humble/share/std_msgs/cmake)
[0.899s] -- Found geometry_msgs: 4.9.0 (/opt/ros/humble/share/geometry_msgs/cmake)
[0.909s] -- Found sensor_msgs: 4.9.0 (/opt/ros/humble/share/sensor_msgs/cmake)
[1.286s] -- Found ament_cmake_ros: 0.10.0 (/opt/ros/humble/share/ament_cmake_ros/cmake)
[1.660s] -- Using all available rosidl_typesupport_c: rosidl_typesupport_fastrtps_c;rosidl_typesupport_introspection_c
[2.137s] -- Using all available rosidl_typesupport_cpp: rosidl_typesupport_fastrtps_cpp;rosidl_typesupport_introspection_cpp
[2.164s] -- Found PythonInterp: /usr/bin/python3 (found suitable version "3.10.12", minimum required is "3.6") 
[2.166s] -- Found python_cmake_module: 0.10.0 (/opt/ros/humble/share/python_cmake_module/cmake)
[2.198s] -- Found PythonLibs: /usr/lib/x86_64-linux-gnu/libpython3.10.so (found suitable version "3.10.12", minimum required is "3.5") 
[2.198s] -- Using PYTHON_EXECUTABLE: /usr/bin/python3
[2.198s] -- Using PYTHON_INCLUDE_DIRS: /usr/include/python3.10
[2.198s] -- Using PYTHON_LIBRARIES: /usr/lib/x86_64-linux-gnu/libpython3.10.so
[2.224s] -- Found PythonExtra: .so  
[2.342s] -- Configuring done
[2.389s] -- Generating done
[2.399s] -- Build files have been written to: /home/carbs/hdvio2.0/eigen_checks/build/svo_msgs
[2.407s] Invoked command in '/home/carbs/hdvio2.0/eigen_checks/build/svo_msgs' returned '0': CMAKE_PREFIX_PATH=${CMAKE_PREFIX_PATH}:/opt/ros/humble /usr/bin/cmake /home/carbs/hdvio2.0/svo_msgs -DBUILD_TESTING=OFF -DCMAKE_INSTALL_PREFIX=/home/carbs/hdvio2.0/eigen_checks/install/svo_msgs
[2.409s] Invoking command in '/home/carbs/hdvio2.0/eigen_checks/build/svo_msgs': CMAKE_PREFIX_PATH=${CMAKE_PREFIX_PATH}:/opt/ros/humble /usr/bin/cmake --build /home/carbs/hdvio2.0/eigen_checks/build/svo_msgs -- -j24 -l24
[2.466s] [  1%] [34m[1mGenerating C code for ROS interfaces[0m
[2.478s] [  2%] [34m[1mGenerating C++ code for ROS interfaces[0m
[2.487s] [  2%] Built target ament_cmake_python_copy_svo_msgs
[2.659s] running egg_info
[2.673s] creating svo_msgs.egg-info
[2.673s] writing svo_msgs.egg-info/PKG-INFO
[2.673s] writing dependency_links to svo_msgs.egg-info/dependency_links.txt
[2.674s] writing top-level names to svo_msgs.egg-info/top_level.txt
[2.674s] writing manifest file 'svo_msgs.egg-info/SOURCES.txt'
[2.713s] reading manifest file 'svo_msgs.egg-info/SOURCES.txt'
[2.714s] writing manifest file 'svo_msgs.egg-info/SOURCES.txt'
[2.740s] [  2%] Built target ament_cmake_python_build_svo_msgs_egg
[3.034s] [  4%] [32mBuilding C object CMakeFiles/svo_msgs__rosidl_generator_c.dir/rosidl_generator_c/svo_msgs/msg/detail/nbv_trajectory__functions.c.o[0m
[3.034s] [  7%] [32mBuilding C object CMakeFiles/svo_msgs__rosidl_generator_c.dir/rosidl_generator_c/svo_msgs/msg/detail/command__functions.c.o[0m
[3.034s] [  8%] [32mBuilding C object CMakeFiles/svo_msgs__rosidl_generator_c.dir/rosidl_generator_c/svo_msgs/msg/detail/dense_input__functions.c.o[0m
[3.034s] [  8%] [32mBuilding C object CMakeFiles/svo_msgs__rosidl_generator_c.dir/rosidl_generator_c/svo_msgs/msg/detail/dense_input_with_features__functions.c.o[0m
[3.035s] [  9%] [32mBuilding C object CMakeFiles/svo_msgs__rosidl_generator_c.dir/rosidl_generator_c/svo_msgs/msg/detail/feature__functions.c.o[0m
[3.035s] [ 11%] [32mBuilding C object CMakeFiles/svo_msgs__rosidl_generator_c.dir/rosidl_generator_c/svo_msgs/msg/detail/info__functions.c.o[0m
[3.042s] [ 11%] Built target svo_msgs__cpp
[3.054s] [ 12%] [34m[1mGenerating C++ introspection for ROS interfaces[0m
[3.055s] [ 14%] [34m[1mGenerating C++ type support for eProsima Fast-RTPS[0m
[3.055s] [ 15%] [34m[1mGenerating C++ type support dispatch for ROS interfaces[0m
[3.083s] [ 16%] [32m[1mLinking C shared library libsvo_msgs__rosidl_generator_c.so[0m
[3.125s] [ 16%] Built target svo_msgs__rosidl_generator_c
[3.136s] [ 18%] [34m[1mGenerating C type support for eProsima Fast-RTPS[0m
[3.137s] [ 19%] [34m[1mGenerating C type support dispatch for ROS interfaces[0m
[3.138s] [ 21%] [34m[1mGenerating C introspection for ROS interfaces[0m
[3.468s] [ 23%] [32mBuilding CXX object CMakeFiles/svo_msgs__rosidl_typesupport_cpp.dir/rosidl_typesupport_cpp/svo_msgs/msg/dense_input__type_support.cpp.o[0m
[3.469s] [ 23%] [32mBuilding CXX object CMakeFiles/svo_msgs__rosidl_typesupport_cpp.dir/rosidl_typesupport_cpp/svo_msgs/msg/command__type_support.cpp.o[0m
[3.470s] [ 25%] [32mBuilding CXX object CMakeFiles/svo_msgs__rosidl_typesupport_cpp.dir/rosidl_typesupport_cpp/svo_msgs/msg/feature__type_support.cpp.o[0m
[3.470s] [ 28%] [32mBuilding CXX object CMakeFiles/svo_msgs__rosidl_typesupport_cpp.dir/rosidl_typesupport_cpp/svo_msgs/msg/nbv_trajectory__type_support.cpp.o[0m
[3.470s] [ 28%] [32mBuilding CXX object CMakeFiles/svo_msgs__rosidl_typesupport_cpp.dir/rosidl_typesupport_cpp/svo_msgs/msg/dense_input_with_features__type_support.cpp.o[0m
[3.472s] [ 29%] [32mBuilding CXX object CMakeFiles/svo_msgs__rosidl_typesupport_cpp.dir/rosidl_typesupport_cpp/svo_msgs/msg/info__type_support.cpp.o[0m
[3.517s] [ 30%] [32mBuilding CXX object CMakeFiles/svo_msgs__rosidl_typesupport_introspection_cpp.dir/rosidl_typesupport_introspection_cpp/svo_msgs/msg/detail/nbv_trajectory__type_support.cpp.o[0m
[3.517s] [ 32%] [32mBuilding CXX object CMakeFiles/svo_msgs__rosidl_typesupport_introspection_cpp.dir/rosidl_typesupport_introspection_cpp/svo_msgs/msg/detail/dense_input__type_support.cpp.o[0m
[3.518s] [ 33%] [32mBuilding CXX object CMakeFiles/svo_msgs__rosidl_typesupport_introspection_cpp.dir/rosidl_typesupport_introspection_cpp/svo_msgs/msg/detail/command__type_support.cpp.o[0m
[3.518s] [ 35%] [32mBuilding CXX object CMakeFiles/svo_msgs__rosidl_typesupport_introspection_cpp.dir/rosidl_typesupport_introspection_cpp/svo_msgs/msg/detail/dense_input_with_features__type_support.cpp.o[0m
[3.519s] [ 38%] [32mBuilding CXX object CMakeFiles/svo_msgs__rosidl_typesupport_introspection_cpp.dir/rosidl_typesupport_introspection_cpp/svo_msgs/msg/detail/info__type_support.cpp.o[0m
[3.519s] [ 38%] [32mBuilding CXX object CMakeFiles/svo_msgs__rosidl_typesupport_introspection_cpp.dir/rosidl_typesupport_introspection_cpp/svo_msgs/msg/detail/feature__type_support.cpp.o[0m
[3.564s] [ 40%] [32mBuilding CXX object CMakeFiles/svo_msgs__rosidl_typesupport_c.dir/rosidl_typesupport_c/svo_msgs/msg/command__type_support.cpp.o[0m
[3.564s] [ 42%] [32mBuilding CXX object CMakeFiles/svo_msgs__rosidl_typesupport_c.dir/rosidl_typesupport_c/svo_msgs/msg/feature__type_support.cpp.o[0m
[3.564s] [ 40%] [32mBuilding CXX object CMakeFiles/svo_msgs__rosidl_typesupport_c.dir/rosidl_typesupport_c/svo_msgs/msg/dense_input_with_features__type_support.cpp.o[0m
[3.565s] [ 43%] [32mBuilding CXX object CMakeFiles/svo_msgs__rosidl_typesupport_c.dir/rosidl_typesupport_c/svo_msgs/msg/nbv_trajectory__type_support.cpp.o[0m
[3.565s] [ 45%] [32mBuilding CXX object CMakeFiles/svo_msgs__rosidl_typesupport_c.dir/rosidl_typesupport_c/svo_msgs/msg/dense_input__type_support.cpp.o[0m
[3.565s] [ 46%] [32mBuilding CXX object CMakeFiles/svo_msgs__rosidl_typesupport_c.dir/rosidl_typesupport_c/svo_msgs/msg/info__type_support.cpp.o[0m
[3.585s] [ 47%] [32mBuilding CXX object CMakeFiles/svo_msgs__rosidl_typesupport_fastrtps_cpp.dir/rosidl_typesupport_fastrtps_cpp/svo_msgs/msg/detail/dds_fastrtps/dense_input__type_support.cpp.o[0m
[3.586s] [ 50%] [32mBuilding CXX object CMakeFiles/svo_msgs__rosidl_typesupport_fastrtps_cpp.dir/rosidl_typesupport_fastrtps_cpp/svo_msgs/msg/detail/dds_fastrtps/command__type_support.cpp.o[0m
[3.586s] [ 50%] [32mBuilding CXX object CMakeFiles/svo_msgs__rosidl_typesupport_fastrtps_cpp.dir/rosidl_typesupport_fastrtps_cpp/svo_msgs/msg/detail/dds_fastrtps/feature__type_support.cpp.o[0m
[3.586s] [ 52%] [32mBuilding CXX object CMakeFiles/svo_msgs__rosidl_typesupport_fastrtps_cpp.dir/rosidl_typesupport_fastrtps_cpp/svo_msgs/msg/detail/dds_fastrtps/dense_input_with_features__type_support.cpp.o[0m
[3.607s] [ 53%] [32mBuilding CXX object CMakeFiles/svo_msgs__rosidl_typesupport_fastrtps_cpp.dir/rosidl_typesupport_fastrtps_cpp/svo_msgs/msg/detail/dds_fastrtps/nbv_trajectory__type_support.cpp.o[0m
[3.607s] [ 54%] [32mBuilding CXX object CMakeFiles/svo_msgs__rosidl_typesupport_fastrtps_cpp.dir/rosidl_typesupport_fastrtps_cpp/svo_msgs/msg/detail/dds_fastrtps/info__type_support.cpp.o[0m
[3.608s] [ 56%] [32m[1mLinking CXX shared library libsvo_msgs__rosidl_typesupport_c.so[0m
[3.673s] [ 56%] Built target svo_msgs__rosidl_typesupport_c
[3.691s] [ 59%] [32mBuilding C object CMakeFiles/svo_msgs__rosidl_typesupport_introspection_c.dir/rosidl_typesupport_introspection_c/svo_msgs/msg/detail/dense_input__type_support.c.o[0m
[3.691s] [ 59%] [32mBuilding C object CMakeFiles/svo_msgs__rosidl_typesupport_introspection_c.dir/rosidl_typesupport_introspection_c/svo_msgs/msg/detail/command__type_support.c.o[0m
[3.695s] [ 61%] [32mBuilding C object CMakeFiles/svo_msgs__rosidl_typesupport_introspection_c.dir/rosidl_typesupport_introspection_c/svo_msgs/msg/detail/feature__type_support.c.o[0m
[3.695s] [ 61%] [32mBuilding C object CMakeFiles/svo_msgs__rosidl_typesupport_introspection_c.dir/rosidl_typesupport_introspection_c/svo_msgs/msg/detail/info__type_support.c.o[0m
[3.696s] [ 63%] [32mBuilding C object CMakeFiles/svo_msgs__rosidl_typesupport_introspection_c.dir/rosidl_typesupport_introspection_c/svo_msgs/msg/detail/dense_input_with_features__type_support.c.o[0m
[3.720s] [ 64%] [32mBuilding CXX object CMakeFiles/svo_msgs__rosidl_typesupport_fastrtps_c.dir/rosidl_typesupport_fastrtps_c/svo_msgs/msg/detail/command__type_support_c.cpp.o[0m
[3.741s] [ 66%] [32mBuilding C object CMakeFiles/svo_msgs__rosidl_typesupport_introspection_c.dir/rosidl_typesupport_introspection_c/svo_msgs/msg/detail/nbv_trajectory__type_support.c.o[0m
[3.747s] [ 69%] [32mBuilding CXX object CMakeFiles/svo_msgs__rosidl_typesupport_fastrtps_c.dir/rosidl_typesupport_fastrtps_c/svo_msgs/msg/detail/dense_input__type_support_c.cpp.o[0m
[3.748s] [ 69%] [32mBuilding CXX object CMakeFiles/svo_msgs__rosidl_typesupport_fastrtps_c.dir/rosidl_typesupport_fastrtps_c/svo_msgs/msg/detail/dense_input_with_features__type_support_c.cpp.o[0m
[3.750s] [ 70%] [32mBuilding CXX object CMakeFiles/svo_msgs__rosidl_typesupport_fastrtps_c.dir/rosidl_typesupport_fastrtps_c/svo_msgs/msg/detail/feature__type_support_c.cpp.o[0m
[3.752s] [ 71%] [32mBuilding CXX object CMakeFiles/svo_msgs__rosidl_typesupport_fastrtps_c.dir/rosidl_typesupport_fastrtps_c/svo_msgs/msg/detail/info__type_support_c.cpp.o[0m
[3.753s] [ 73%] [32mBuilding CXX object CMakeFiles/svo_msgs__rosidl_typesupport_fastrtps_c.dir/rosidl_typesupport_fastrtps_c/svo_msgs/msg/detail/nbv_trajectory__type_support_c.cpp.o[0m
[3.783s] [ 74%] [32m[1mLinking CXX shared library libsvo_msgs__rosidl_typesupport_cpp.so[0m
[3.793s] [ 76%] [32m[1mLinking C shared library libsvo_msgs__rosidl_typesupport_introspection_c.so[0m
[3.835s] [ 76%] Built target svo_msgs__rosidl_typesupport_introspection_c
[3.841s] [ 76%] Built target svo_msgs__rosidl_typesupport_cpp
[4.021s] [ 77%] [32m[1mLinking CXX shared library libsvo_msgs__rosidl_typesupport_introspection_cpp.so[0m
[4.078s] [ 78%] [32m[1mLinking CXX shared library libsvo_msgs__rosidl_typesupport_fastrtps_cpp.so[0m
[4.105s] [ 78%] Built target svo_msgs__rosidl_typesupport_introspection_cpp
[4.110s] [ 80%] [32m[1mLinking CXX shared library libsvo_msgs__rosidl_typesupport_fastrtps_c.so[0m
[4.148s] [ 80%] Built target svo_msgs__rosidl_typesupport_fastrtps_cpp
[4.191s] [ 80%] Built target svo_msgs__rosidl_typesupport_fastrtps_c
[4.220s] [ 80%] Built target svo_msgs
[4.245s] [ 81%] [34m[1mGenerating Python code for ROS interfaces[0m
[5.082s] [ 81%] Built target svo_msgs__py
[5.105s] [ 83%] [32mBuilding C object CMakeFiles/svo_msgs__rosidl_generator_py.dir/rosidl_generator_py/svo_msgs/msg/_dense_input_s.c.o[0m
[5.106s] [ 85%] [32mBuilding C object CMakeFiles/svo_msgs__rosidl_generator_py.dir/rosidl_generator_py/svo_msgs/msg/_feature_s.c.o[0m
[5.106s] [ 85%] [32mBuilding C object CMakeFiles/svo_msgs__rosidl_generator_py.dir/rosidl_generator_py/svo_msgs/msg/_dense_input_with_features_s.c.o[0m
[5.106s] [ 87%] [32mBuilding C object CMakeFiles/svo_msgs__rosidl_generator_py.dir/rosidl_generator_py/svo_msgs/msg/_nbv_trajectory_s.c.o[0m
[5.108s] [ 88%] [32mBuilding C object CMakeFiles/svo_msgs__rosidl_generator_py.dir/rosidl_generator_py/svo_msgs/msg/_command_s.c.o[0m
[5.108s] [ 90%] [32mBuilding C object CMakeFiles/svo_msgs__rosidl_generator_py.dir/rosidl_generator_py/svo_msgs/msg/_info_s.c.o[0m
[5.211s] [ 91%] [32m[1mLinking C shared library rosidl_generator_py/svo_msgs/libsvo_msgs__rosidl_generator_py.so[0m
[5.272s] [ 91%] Built target svo_msgs__rosidl_generator_py
[5.295s] [ 92%] [32mBuilding C object CMakeFiles/svo_msgs__rosidl_typesupport_fastrtps_c__pyext.dir/rosidl_generator_py/svo_msgs/_svo_msgs_s.ep.rosidl_typesupport_fastrtps_c.c.o[0m
[5.297s] [ 95%] [32mBuilding C object CMakeFiles/svo_msgs__rosidl_typesupport_c__pyext.dir/rosidl_generator_py/svo_msgs/_svo_msgs_s.ep.rosidl_typesupport_c.c.o[0m
[5.297s] [ 95%] [32mBuilding C object CMakeFiles/svo_msgs__rosidl_typesupport_introspection_c__pyext.dir/rosidl_generator_py/svo_msgs/_svo_msgs_s.ep.rosidl_typesupport_introspection_c.c.o[0m
[5.402s] [ 97%] [32m[1mLinking C shared library rosidl_generator_py/svo_msgs/svo_msgs_s__rosidl_typesupport_introspection_c.cpython-310-x86_64-linux-gnu.so[0m
[5.403s] [ 98%] [32m[1mLinking C shared library rosidl_generator_py/svo_msgs/svo_msgs_s__rosidl_typesupport_c.cpython-310-x86_64-linux-gnu.so[0m
[5.403s] [100%] [32m[1mLinking C shared library rosidl_generator_py/svo_msgs/svo_msgs_s__rosidl_typesupport_fastrtps_c.cpython-310-x86_64-linux-gnu.so[0m
[5.450s] [100%] Built target svo_msgs__rosidl_typesupport_fastrtps_c__pyext
[5.452s] [100%] Built target svo_msgs__rosidl_typesupport_introspection_c__pyext
[5.453s] [100%] Built target svo_msgs__rosidl_typesupport_c__pyext
[5.472s] Invoked command in '/home/carbs/hdvio2.0/eigen_checks/build/svo_msgs' returned '0': CMAKE_PREFIX_PATH=${CMAKE_PREFIX_PATH}:/opt/ros/humble /usr/bin/cmake --build /home/carbs/hdvio2.0/eigen_checks/build/svo_msgs -- -j24 -l24
[5.473s] Invoking command in '/home/carbs/hdvio2.0/eigen_checks/build/svo_msgs': CMAKE_PREFIX_PATH=${CMAKE_PREFIX_PATH}:/opt/ros/humble /usr/bin/cmake --install /home/carbs/hdvio2.0/eigen_checks/build/svo_msgs
[5.481s] -- Install configuration: ""
[5.481s] -- Installing: /home/carbs/hdvio2.0/eigen_checks/install/svo_msgs/share/ament_index/resource_index/rosidl_interfaces/svo_msgs
[5.481s] -- Installing: /home/carbs/hdvio2.0/eigen_checks/install/svo_msgs/include/svo_msgs/svo_msgs
[5.481s] -- Installing: /home/carbs/hdvio2.0/eigen_checks/install/svo_msgs/include/svo_msgs/svo_msgs/msg
[5.481s] -- Installing: /home/carbs/hdvio2.0/eigen_checks/install/svo_msgs/include/svo_msgs/svo_msgs/msg/command.h
[5.482s] -- Installing: /home/carbs/hdvio2.0/eigen_checks/install/svo_msgs/include/svo_msgs/svo_msgs/msg/info.h
[5.482s] -- Installing: /home/carbs/hdvio2.0/eigen_checks/install/svo_msgs/include/svo_msgs/svo_msgs/msg/dense_input.h
[5.482s] -- Installing: /home/carbs/hdvio2.0/eigen_checks/install/svo_msgs/include/svo_msgs/svo_msgs/msg/rosidl_generator_c__visibility_control.h
[5.482s] -- Installing: /home/carbs/hdvio2.0/eigen_checks/install/svo_msgs/include/svo_msgs/svo_msgs/msg/nbv_trajectory.h
[5.482s] -- Installing: /home/carbs/hdvio2.0/eigen_checks/install/svo_msgs/include/svo_msgs/svo_msgs/msg/feature.h
[5.482s] -- Installing: /home/carbs/hdvio2.0/eigen_checks/install/svo_msgs/include/svo_msgs/svo_msgs/msg/detail
[5.482s] -- Installing: /home/carbs/hdvio2.0/eigen_checks/install/svo_msgs/include/svo_msgs/svo_msgs/msg/detail/feature__type_support.h
[5.482s] -- Installing: /home/carbs/hdvio2.0/eigen_checks/install/svo_msgs/include/svo_msgs/svo_msgs/msg/detail/dense_input__functions.h
[5.482s] -- Installing: /home/carbs/hdvio2.0/eigen_checks/install/svo_msgs/include/svo_msgs/svo_msgs/msg/detail/command__struct.h
[5.483s] -- Installing: /home/carbs/hdvio2.0/eigen_checks/install/svo_msgs/include/svo_msgs/svo_msgs/msg/detail/command__functions.c
[5.483s] -- Installing: /home/carbs/hdvio2.0/eigen_checks/install/svo_msgs/include/svo_msgs/svo_msgs/msg/detail/dense_input_with_features__functions.c
[5.483s] -- Installing: /home/carbs/hdvio2.0/eigen_checks/install/svo_msgs/include/svo_msgs/svo_msgs/msg/detail/dense_input__functions.c
[5.483s] -- Installing: /home/carbs/hdvio2.0/eigen_checks/install/svo_msgs/include/svo_msgs/svo_msgs/msg/detail/dense_input_with_features__functions.h
[5.483s] -- Installing: /home/carbs/hdvio2.0/eigen_checks/install/svo_msgs/include/svo_msgs/svo_msgs/msg/detail/feature__struct.h
[5.483s] -- Installing: /home/carbs/hdvio2.0/eigen_checks/install/svo_msgs/include/svo_msgs/svo_msgs/msg/detail/nbv_trajectory__functions.h
[5.483s] -- Installing: /home/carbs/hdvio2.0/eigen_checks/install/svo_msgs/include/svo_msgs/svo_msgs/msg/detail/info__type_support.h
[5.483s] -- Installing: /home/carbs/hdvio2.0/eigen_checks/install/svo_msgs/include/svo_msgs/svo_msgs/msg/detail/feature__functions.h
[5.484s] -- Installing: /home/carbs/hdvio2.0/eigen_checks/install/svo_msgs/include/svo_msgs/svo_msgs/msg/detail/info__functions.h
[5.484s] -- Installing: /home/carbs/hdvio2.0/eigen_checks/install/svo_msgs/include/svo_msgs/svo_msgs/msg/detail/dense_input__struct.h
[5.484s] -- Installing: /home/carbs/hdvio2.0/eigen_checks/install/svo_msgs/include/svo_msgs/svo_msgs/msg/detail/dense_input__type_support.h
[5.484s] -- Installing: /home/carbs/hdvio2.0/eigen_checks/install/svo_msgs/include/svo_msgs/svo_msgs/msg/detail/nbv_trajectory__struct.h
[5.484s] -- Installing: /home/carbs/hdvio2.0/eigen_checks/install/svo_msgs/include/svo_msgs/svo_msgs/msg/detail/info__struct.h
[5.484s] -- Installing: /home/carbs/hdvio2.0/eigen_checks/install/svo_msgs/include/svo_msgs/svo_msgs/msg/detail/dense_input_with_features__type_support.h
[5.484s] -- Installing: /home/carbs/hdvio2.0/eigen_checks/install/svo_msgs/include/svo_msgs/svo_msgs/msg/detail/command__functions.h
[5.484s] -- Installing: /home/carbs/hdvio2.0/eigen_checks/install/svo_msgs/include/svo_msgs/svo_msgs/msg/detail/info__functions.c
[5.485s] -- Installing: /home/carbs/hdvio2.0/eigen_checks/install/svo_msgs/include/svo_msgs/svo_msgs/msg/detail/nbv_trajectory__type_support.h
[5.485s] -- Installing: /home/carbs/hdvio2.0/eigen_checks/install/svo_msgs/include/svo_msgs/svo_msgs/msg/detail/feature__functions.c
[5.485s] -- Installing: /home/carbs/hdvio2.0/eigen_checks/install/svo_msgs/include/svo_msgs/svo_msgs/msg/detail/nbv_trajectory__functions.c
[5.485s] -- Installing: /home/carbs/hdvio2.0/eigen_checks/install/svo_msgs/include/svo_msgs/svo_msgs/msg/detail/dense_input_with_features__struct.h
[5.485s] -- Installing: /home/carbs/hdvio2.0/eigen_checks/install/svo_msgs/include/svo_msgs/svo_msgs/msg/detail/command__type_support.h
[5.485s] -- Installing: /home/carbs/hdvio2.0/eigen_checks/install/svo_msgs/include/svo_msgs/svo_msgs/msg/dense_input_with_features.h
[5.485s] -- Installing: /home/carbs/hdvio2.0/eigen_checks/install/svo_msgs/share/svo_msgs/environment/library_path.sh
[5.485s] -- Installing: /home/carbs/hdvio2.0/eigen_checks/install/svo_msgs/share/svo_msgs/environment/library_path.dsv
[5.486s] -- Installing: /home/carbs/hdvio2.0/eigen_checks/install/svo_msgs/lib/libsvo_msgs__rosidl_generator_c.so
[5.486s] -- Set runtime path of "/home/carbs/hdvio2.0/eigen_checks/install/svo_msgs/lib/libsvo_msgs__rosidl_generator_c.so" to ""
[5.486s] -- Up-to-date: /home/carbs/hdvio2.0/eigen_checks/install/svo_msgs/include/svo_msgs/svo_msgs
[5.486s] -- Up-to-date: /home/carbs/hdvio2.0/eigen_checks/install/svo_msgs/include/svo_msgs/svo_msgs/msg
[5.486s] -- Installing: /home/carbs/hdvio2.0/eigen_checks/install/svo_msgs/include/svo_msgs/svo_msgs/msg/rosidl_typesupport_fastrtps_c__visibility_control.h
[5.487s] -- Up-to-date: /home/carbs/hdvio2.0/eigen_checks/install/svo_msgs/include/svo_msgs/svo_msgs/msg/detail
[5.487s] -- Installing: /home/carbs/hdvio2.0/eigen_checks/install/svo_msgs/include/svo_msgs/svo_msgs/msg/detail/nbv_trajectory__rosidl_typesupport_fastrtps_c.h
[5.487s] -- Installing: /home/carbs/hdvio2.0/eigen_checks/install/svo_msgs/include/svo_msgs/svo_msgs/msg/detail/info__rosidl_typesupport_fastrtps_c.h
[5.487s] -- Installing: /home/carbs/hdvio2.0/eigen_checks/install/svo_msgs/include/svo_msgs/svo_msgs/msg/detail/feature__rosidl_typesupport_fastrtps_c.h
[5.487s] -- Installing: /home/carbs/hdvio2.0/eigen_checks/install/svo_msgs/include/svo_msgs/svo_msgs/msg/detail/dense_input_with_features__rosidl_typesupport_fastrtps_c.h
[5.487s] -- Installing: /home/carbs/hdvio2.0/eigen_checks/install/svo_msgs/include/svo_msgs/svo_msgs/msg/detail/dense_input__rosidl_typesupport_fastrtps_c.h
[5.487s] -- Installing: /home/carbs/hdvio2.0/eigen_checks/install/svo_msgs/include/svo_msgs/svo_msgs/msg/detail/command__rosidl_typesupport_fastrtps_c.h
[5.487s] -- Installing: /home/carbs/hdvio2.0/eigen_checks/install/svo_msgs/lib/libsvo_msgs__rosidl_typesupport_fastrtps_c.so
[5.488s] -- Set runtime path of "/home/carbs/hdvio2.0/eigen_checks/install/svo_msgs/lib/libsvo_msgs__rosidl_typesupport_fastrtps_c.so" to ""
[5.488s] -- Up-to-date: /home/carbs/hdvio2.0/eigen_checks/install/svo_msgs/include/svo_msgs/svo_msgs
[5.488s] -- Up-to-date: /home/carbs/hdvio2.0/eigen_checks/install/svo_msgs/include/svo_msgs/svo_msgs/msg
[5.488s] -- Installing: /home/carbs/hdvio2.0/eigen_checks/install/svo_msgs/include/svo_msgs/svo_msgs/msg/rosidl_typesupport_introspection_c__visibility_control.h
[5.488s] -- Up-to-date: /home/carbs/hdvio2.0/eigen_checks/install/svo_msgs/include/svo_msgs/svo_msgs/msg/detail
[5.488s] -- Installing: /home/carbs/hdvio2.0/eigen_checks/install/svo_msgs/include/svo_msgs/svo_msgs/msg/detail/dense_input__type_support.c
[5.488s] -- Installing: /home/carbs/hdvio2.0/eigen_checks/install/svo_msgs/include/svo_msgs/svo_msgs/msg/detail/feature__type_support.c
[5.488s] -- Installing: /home/carbs/hdvio2.0/eigen_checks/install/svo_msgs/include/svo_msgs/svo_msgs/msg/detail/command__rosidl_typesupport_introspection_c.h
[5.488s] -- Installing: /home/carbs/hdvio2.0/eigen_checks/install/svo_msgs/include/svo_msgs/svo_msgs/msg/detail/nbv_trajectory__type_support.c
[5.488s] -- Installing: /home/carbs/hdvio2.0/eigen_checks/install/svo_msgs/include/svo_msgs/svo_msgs/msg/detail/nbv_trajectory__rosidl_typesupport_introspection_c.h
[5.489s] -- Installing: /home/carbs/hdvio2.0/eigen_checks/install/svo_msgs/include/svo_msgs/svo_msgs/msg/detail/dense_input__rosidl_typesupport_introspection_c.h
[5.489s] -- Installing: /home/carbs/hdvio2.0/eigen_checks/install/svo_msgs/include/svo_msgs/svo_msgs/msg/detail/command__type_support.c
[5.489s] -- Installing: /home/carbs/hdvio2.0/eigen_checks/install/svo_msgs/include/svo_msgs/svo_msgs/msg/detail/dense_input_with_features__type_support.c
[5.489s] -- Installing: /home/carbs/hdvio2.0/eigen_checks/install/svo_msgs/include/svo_msgs/svo_msgs/msg/detail/feature__rosidl_typesupport_introspection_c.h
[5.489s] -- Installing: /home/carbs/hdvio2.0/eigen_checks/install/svo_msgs/include/svo_msgs/svo_msgs/msg/detail/info__rosidl_typesupport_introspection_c.h
[5.489s] -- Installing: /home/carbs/hdvio2.0/eigen_checks/install/svo_msgs/include/svo_msgs/svo_msgs/msg/detail/dense_input_with_features__rosidl_typesupport_introspection_c.h
[5.489s] -- Installing: /home/carbs/hdvio2.0/eigen_checks/install/svo_msgs/include/svo_msgs/svo_msgs/msg/detail/info__type_support.c
[5.489s] -- Installing: /home/carbs/hdvio2.0/eigen_checks/install/svo_msgs/lib/libsvo_msgs__rosidl_typesupport_introspection_c.so
[5.490s] -- Set runtime path of "/home/carbs/hdvio2.0/eigen_checks/install/svo_msgs/lib/libsvo_msgs__rosidl_typesupport_introspection_c.so" to ""
[5.490s] -- Installing: /home/carbs/hdvio2.0/eigen_checks/install/svo_msgs/lib/libsvo_msgs__rosidl_typesupport_c.so
[5.490s] -- Set runtime path of "/home/carbs/hdvio2.0/eigen_checks/install/svo_msgs/lib/libsvo_msgs__rosidl_typesupport_c.so" to ""
[5.490s] -- Up-to-date: /home/carbs/hdvio2.0/eigen_checks/install/svo_msgs/include/svo_msgs/svo_msgs
[5.490s] -- Up-to-date: /home/carbs/hdvio2.0/eigen_checks/install/svo_msgs/include/svo_msgs/svo_msgs/msg
[5.490s] -- Installing: /home/carbs/hdvio2.0/eigen_checks/install/svo_msgs/include/svo_msgs/svo_msgs/msg/command.hpp
[5.490s] -- Installing: /home/carbs/hdvio2.0/eigen_checks/install/svo_msgs/include/svo_msgs/svo_msgs/msg/feature.hpp
[5.491s] -- Installing: /home/carbs/hdvio2.0/eigen_checks/install/svo_msgs/include/svo_msgs/svo_msgs/msg/nbv_trajectory.hpp
[5.491s] -- Installing: /home/carbs/hdvio2.0/eigen_checks/install/svo_msgs/include/svo_msgs/svo_msgs/msg/dense_input_with_features.hpp
[5.491s] -- Installing: /home/carbs/hdvio2.0/eigen_checks/install/svo_msgs/include/svo_msgs/svo_msgs/msg/info.hpp
[5.491s] -- Installing: /home/carbs/hdvio2.0/eigen_checks/install/svo_msgs/include/svo_msgs/svo_msgs/msg/dense_input.hpp
[5.491s] -- Up-to-date: /home/carbs/hdvio2.0/eigen_checks/install/svo_msgs/include/svo_msgs/svo_msgs/msg/detail
[5.491s] -- Installing: /home/carbs/hdvio2.0/eigen_checks/install/svo_msgs/include/svo_msgs/svo_msgs/msg/detail/dense_input_with_features__struct.hpp
[5.491s] -- Installing: /home/carbs/hdvio2.0/eigen_checks/install/svo_msgs/include/svo_msgs/svo_msgs/msg/detail/dense_input__struct.hpp
[5.491s] -- Installing: /home/carbs/hdvio2.0/eigen_checks/install/svo_msgs/include/svo_msgs/svo_msgs/msg/detail/dense_input_with_features__traits.hpp
[5.491s] -- Installing: /home/carbs/hdvio2.0/eigen_checks/install/svo_msgs/include/svo_msgs/svo_msgs/msg/detail/feature__type_support.hpp
[5.492s] -- Installing: /home/carbs/hdvio2.0/eigen_checks/install/svo_msgs/include/svo_msgs/svo_msgs/msg/detail/dense_input__type_support.hpp
[5.492s] -- Installing: /home/carbs/hdvio2.0/eigen_checks/install/svo_msgs/include/svo_msgs/svo_msgs/msg/detail/nbv_trajectory__type_support.hpp
[5.492s] -- Installing: /home/carbs/hdvio2.0/eigen_checks/install/svo_msgs/include/svo_msgs/svo_msgs/msg/detail/info__type_support.hpp
[5.492s] -- Installing: /home/carbs/hdvio2.0/eigen_checks/install/svo_msgs/include/svo_msgs/svo_msgs/msg/detail/command__builder.hpp
[5.492s] -- Installing: /home/carbs/hdvio2.0/eigen_checks/install/svo_msgs/include/svo_msgs/svo_msgs/msg/detail/dense_input__builder.hpp
[5.492s] -- Installing: /home/carbs/hdvio2.0/eigen_checks/install/svo_msgs/include/svo_msgs/svo_msgs/msg/detail/dense_input_with_features__type_support.hpp
[5.492s] -- Installing: /home/carbs/hdvio2.0/eigen_checks/install/svo_msgs/include/svo_msgs/svo_msgs/msg/detail/feature__builder.hpp
[5.492s] -- Installing: /home/carbs/hdvio2.0/eigen_checks/install/svo_msgs/include/svo_msgs/svo_msgs/msg/detail/info__traits.hpp
[5.493s] -- Installing: /home/carbs/hdvio2.0/eigen_checks/install/svo_msgs/include/svo_msgs/svo_msgs/msg/detail/nbv_trajectory__traits.hpp
[5.493s] -- Installing: /home/carbs/hdvio2.0/eigen_checks/install/svo_msgs/include/svo_msgs/svo_msgs/msg/detail/command__traits.hpp
[5.493s] -- Installing: /home/carbs/hdvio2.0/eigen_checks/install/svo_msgs/include/svo_msgs/svo_msgs/msg/detail/nbv_trajectory__struct.hpp
[5.493s] -- Installing: /home/carbs/hdvio2.0/eigen_checks/install/svo_msgs/include/svo_msgs/svo_msgs/msg/detail/nbv_trajectory__builder.hpp
[5.493s] -- Installing: /home/carbs/hdvio2.0/eigen_checks/install/svo_msgs/include/svo_msgs/svo_msgs/msg/detail/dense_input_with_features__builder.hpp
[5.493s] -- Installing: /home/carbs/hdvio2.0/eigen_checks/install/svo_msgs/include/svo_msgs/svo_msgs/msg/detail/command__struct.hpp
[5.493s] -- Installing: /home/carbs/hdvio2.0/eigen_checks/install/svo_msgs/include/svo_msgs/svo_msgs/msg/detail/feature__traits.hpp
[5.493s] -- Installing: /home/carbs/hdvio2.0/eigen_checks/install/svo_msgs/include/svo_msgs/svo_msgs/msg/detail/info__builder.hpp
[5.494s] -- Installing: /home/carbs/hdvio2.0/eigen_checks/install/svo_msgs/include/svo_msgs/svo_msgs/msg/detail/dense_input__traits.hpp
[5.494s] -- Installing: /home/carbs/hdvio2.0/eigen_checks/install/svo_msgs/include/svo_msgs/svo_msgs/msg/detail/info__struct.hpp
[5.494s] -- Installing: /home/carbs/hdvio2.0/eigen_checks/install/svo_msgs/include/svo_msgs/svo_msgs/msg/detail/command__type_support.hpp
[5.494s] -- Installing: /home/carbs/hdvio2.0/eigen_checks/install/svo_msgs/include/svo_msgs/svo_msgs/msg/detail/feature__struct.hpp
[5.494s] -- Installing: /home/carbs/hdvio2.0/eigen_checks/install/svo_msgs/include/svo_msgs/svo_msgs/msg/rosidl_generator_cpp__visibility_control.hpp
[5.494s] -- Up-to-date: /home/carbs/hdvio2.0/eigen_checks/install/svo_msgs/include/svo_msgs/svo_msgs
[5.494s] -- Up-to-date: /home/carbs/hdvio2.0/eigen_checks/install/svo_msgs/include/svo_msgs/svo_msgs/msg
[5.494s] -- Installing: /home/carbs/hdvio2.0/eigen_checks/install/svo_msgs/include/svo_msgs/svo_msgs/msg/rosidl_typesupport_fastrtps_cpp__visibility_control.h
[5.495s] -- Up-to-date: /home/carbs/hdvio2.0/eigen_checks/install/svo_msgs/include/svo_msgs/svo_msgs/msg/detail
[5.495s] -- Installing: /home/carbs/hdvio2.0/eigen_checks/install/svo_msgs/include/svo_msgs/svo_msgs/msg/detail/dense_input__rosidl_typesupport_fastrtps_cpp.hpp
[5.495s] -- Installing: /home/carbs/hdvio2.0/eigen_checks/install/svo_msgs/include/svo_msgs/svo_msgs/msg/detail/feature__rosidl_typesupport_fastrtps_cpp.hpp
[5.495s] -- Installing: /home/carbs/hdvio2.0/eigen_checks/install/svo_msgs/include/svo_msgs/svo_msgs/msg/detail/command__rosidl_typesupport_fastrtps_cpp.hpp
[5.495s] -- Installing: /home/carbs/hdvio2.0/eigen_checks/install/svo_msgs/include/svo_msgs/svo_msgs/msg/detail/dds_fastrtps
[5.495s] -- Installing: /home/carbs/hdvio2.0/eigen_checks/install/svo_msgs/include/svo_msgs/svo_msgs/msg/detail/nbv_trajectory__rosidl_typesupport_fastrtps_cpp.hpp
[5.495s] -- Installing: /home/carbs/hdvio2.0/eigen_checks/install/svo_msgs/include/svo_msgs/svo_msgs/msg/detail/info__rosidl_typesupport_fastrtps_cpp.hpp
[5.495s] -- Installing: /home/carbs/hdvio2.0/eigen_checks/install/svo_msgs/include/svo_msgs/svo_msgs/msg/detail/dense_input_with_features__rosidl_typesupport_fastrtps_cpp.hpp
[5.495s] -- Installing: /home/carbs/hdvio2.0/eigen_checks/install/svo_msgs/lib/libsvo_msgs__rosidl_typesupport_fastrtps_cpp.so
[5.496s] -- Set runtime path of "/home/carbs/hdvio2.0/eigen_checks/install/svo_msgs/lib/libsvo_msgs__rosidl_typesupport_fastrtps_cpp.so" to ""
[5.496s] -- Up-to-date: /home/carbs/hdvio2.0/eigen_checks/install/svo_msgs/include/svo_msgs/svo_msgs
[5.496s] -- Up-to-date: /home/carbs/hdvio2.0/eigen_checks/install/svo_msgs/include/svo_msgs/svo_msgs/msg
[5.496s] -- Up-to-date: /home/carbs/hdvio2.0/eigen_checks/install/svo_msgs/include/svo_msgs/svo_msgs/msg/detail
[5.496s] -- Installing: /home/carbs/hdvio2.0/eigen_checks/install/svo_msgs/include/svo_msgs/svo_msgs/msg/detail/dense_input_with_features__type_support.cpp
[5.496s] -- Installing: /home/carbs/hdvio2.0/eigen_checks/install/svo_msgs/include/svo_msgs/svo_msgs/msg/detail/dense_input__type_support.cpp
[5.497s] -- Installing: /home/carbs/hdvio2.0/eigen_checks/install/svo_msgs/include/svo_msgs/svo_msgs/msg/detail/info__rosidl_typesupport_introspection_cpp.hpp
[5.497s] -- Installing: /home/carbs/hdvio2.0/eigen_checks/install/svo_msgs/include/svo_msgs/svo_msgs/msg/detail/command__rosidl_typesupport_introspection_cpp.hpp
[5.497s] -- Installing: /home/carbs/hdvio2.0/eigen_checks/install/svo_msgs/include/svo_msgs/svo_msgs/msg/detail/feature__rosidl_typesupport_introspection_cpp.hpp
[5.497s] -- Installing: /home/carbs/hdvio2.0/eigen_checks/install/svo_msgs/include/svo_msgs/svo_msgs/msg/detail/dense_input__rosidl_typesupport_introspection_cpp.hpp
[5.497s] -- Installing: /home/carbs/hdvio2.0/eigen_checks/install/svo_msgs/include/svo_msgs/svo_msgs/msg/detail/nbv_trajectory__rosidl_typesupport_introspection_cpp.hpp
[5.497s] -- Installing: /home/carbs/hdvio2.0/eigen_checks/install/svo_msgs/include/svo_msgs/svo_msgs/msg/detail/dense_input_with_features__rosidl_typesupport_introspection_cpp.hpp
[5.497s] -- Installing: /home/carbs/hdvio2.0/eigen_checks/install/svo_msgs/include/svo_msgs/svo_msgs/msg/detail/nbv_trajectory__type_support.cpp
[5.497s] -- Installing: /home/carbs/hdvio2.0/eigen_checks/install/svo_msgs/include/svo_msgs/svo_msgs/msg/detail/command__type_support.cpp
[5.497s] -- Installing: /home/carbs/hdvio2.0/eigen_checks/install/svo_msgs/include/svo_msgs/svo_msgs/msg/detail/info__type_support.cpp
[5.498s] -- Installing: /home/carbs/hdvio2.0/eigen_checks/install/svo_msgs/include/svo_msgs/svo_msgs/msg/detail/feature__type_support.cpp
[5.498s] -- Installing: /home/carbs/hdvio2.0/eigen_checks/install/svo_msgs/lib/libsvo_msgs__rosidl_typesupport_introspection_cpp.so
[5.498s] -- Set runtime path of "/home/carbs/hdvio2.0/eigen_checks/install/svo_msgs/lib/libsvo_msgs__rosidl_typesupport_introspection_cpp.so" to ""
[5.498s] -- Installing: /home/carbs/hdvio2.0/eigen_checks/install/svo_msgs/lib/libsvo_msgs__rosidl_typesupport_cpp.so
[5.499s] -- Set runtime path of "/home/carbs/hdvio2.0/eigen_checks/install/svo_msgs/lib/libsvo_msgs__rosidl_typesupport_cpp.so" to ""
[5.499s] -- Installing: /home/carbs/hdvio2.0/eigen_checks/install/svo_msgs/share/svo_msgs/environment/pythonpath.sh
[5.499s] -- Installing: /home/carbs/hdvio2.0/eigen_checks/install/svo_msgs/share/svo_msgs/environment/pythonpath.dsv
[5.499s] -- Installing: /home/carbs/hdvio2.0/eigen_checks/install/svo_msgs/local/lib/python3.10/dist-packages/svo_msgs-0.0.0-py3.10.egg-info
[5.499s] -- Installing: /home/carbs/hdvio2.0/eigen_checks/install/svo_msgs/local/lib/python3.10/dist-packages/svo_msgs-0.0.0-py3.10.egg-info/top_level.txt
[5.499s] -- Installing: /home/carbs/hdvio2.0/eigen_checks/install/svo_msgs/local/lib/python3.10/dist-packages/svo_msgs-0.0.0-py3.10.egg-info/dependency_links.txt
[5.499s] -- Installing: /home/carbs/hdvio2.0/eigen_checks/install/svo_msgs/local/lib/python3.10/dist-packages/svo_msgs-0.0.0-py3.10.egg-info/PKG-INFO
[5.500s] -- Installing: /home/carbs/hdvio2.0/eigen_checks/install/svo_msgs/local/lib/python3.10/dist-packages/svo_msgs-0.0.0-py3.10.egg-info/SOURCES.txt
[5.500s] -- Installing: /home/carbs/hdvio2.0/eigen_checks/install/svo_msgs/local/lib/python3.10/dist-packages/svo_msgs
[5.500s] -- Installing: /home/carbs/hdvio2.0/eigen_checks/install/svo_msgs/local/lib/python3.10/dist-packages/svo_msgs/svo_msgs_s__rosidl_typesupport_fastrtps_c.cpython-310-x86_64-linux-gnu.so
[5.500s] -- Installing: /home/carbs/hdvio2.0/eigen_checks/install/svo_msgs/local/lib/python3.10/dist-packages/svo_msgs/__init__.py
[5.500s] -- Installing: /home/carbs/hdvio2.0/eigen_checks/install/svo_msgs/local/lib/python3.10/dist-packages/svo_msgs/_svo_msgs_s.ep.rosidl_typesupport_fastrtps_c.c
[5.500s] -- Installing: /home/carbs/hdvio2.0/eigen_checks/install/svo_msgs/local/lib/python3.10/dist-packages/svo_msgs/libsvo_msgs__rosidl_generator_py.so
[5.500s] -- Installing: /home/carbs/hdvio2.0/eigen_checks/install/svo_msgs/local/lib/python3.10/dist-packages/svo_msgs/svo_msgs_s__rosidl_typesupport_introspection_c.cpython-310-x86_64-linux-gnu.so
[5.500s] -- Installing: /home/carbs/hdvio2.0/eigen_checks/install/svo_msgs/local/lib/python3.10/dist-packages/svo_msgs/_svo_msgs_s.ep.rosidl_typesupport_c.c
[5.501s] -- Installing: /home/carbs/hdvio2.0/eigen_checks/install/svo_msgs/local/lib/python3.10/dist-packages/svo_msgs/_svo_msgs_s.ep.rosidl_typesupport_introspection_c.c
[5.501s] -- Installing: /home/carbs/hdvio2.0/eigen_checks/install/svo_msgs/local/lib/python3.10/dist-packages/svo_msgs/svo_msgs_s__rosidl_typesupport_c.cpython-310-x86_64-linux-gnu.so
[5.501s] -- Installing: /home/carbs/hdvio2.0/eigen_checks/install/svo_msgs/local/lib/python3.10/dist-packages/svo_msgs/msg
[5.501s] -- Installing: /home/carbs/hdvio2.0/eigen_checks/install/svo_msgs/local/lib/python3.10/dist-packages/svo_msgs/msg/_command_s.c
[5.501s] -- Installing: /home/carbs/hdvio2.0/eigen_checks/install/svo_msgs/local/lib/python3.10/dist-packages/svo_msgs/msg/_feature_s.c
[5.501s] -- Installing: /home/carbs/hdvio2.0/eigen_checks/install/svo_msgs/local/lib/python3.10/dist-packages/svo_msgs/msg/_dense_input.py
[5.501s] -- Installing: /home/carbs/hdvio2.0/eigen_checks/install/svo_msgs/local/lib/python3.10/dist-packages/svo_msgs/msg/_dense_input_s.c
[5.502s] -- Installing: /home/carbs/hdvio2.0/eigen_checks/install/svo_msgs/local/lib/python3.10/dist-packages/svo_msgs/msg/_info.py
[5.502s] -- Installing: /home/carbs/hdvio2.0/eigen_checks/install/svo_msgs/local/lib/python3.10/dist-packages/svo_msgs/msg/__init__.py
[5.502s] -- Installing: /home/carbs/hdvio2.0/eigen_checks/install/svo_msgs/local/lib/python3.10/dist-packages/svo_msgs/msg/_dense_input_with_features_s.c
[5.502s] -- Installing: /home/carbs/hdvio2.0/eigen_checks/install/svo_msgs/local/lib/python3.10/dist-packages/svo_msgs/msg/_feature.py
[5.502s] -- Installing: /home/carbs/hdvio2.0/eigen_checks/install/svo_msgs/local/lib/python3.10/dist-packages/svo_msgs/msg/_dense_input_with_features.py
[5.502s] -- Installing: /home/carbs/hdvio2.0/eigen_checks/install/svo_msgs/local/lib/python3.10/dist-packages/svo_msgs/msg/_nbv_trajectory.py
[5.502s] -- Installing: /home/carbs/hdvio2.0/eigen_checks/install/svo_msgs/local/lib/python3.10/dist-packages/svo_msgs/msg/_nbv_trajectory_s.c
[5.502s] -- Installing: /home/carbs/hdvio2.0/eigen_checks/install/svo_msgs/local/lib/python3.10/dist-packages/svo_msgs/msg/_info_s.c
[5.503s] -- Installing: /home/carbs/hdvio2.0/eigen_checks/install/svo_msgs/local/lib/python3.10/dist-packages/svo_msgs/msg/_command.py
[5.535s] Listing '/home/carbs/hdvio2.0/eigen_checks/install/svo_msgs/local/lib/python3.10/dist-packages/svo_msgs'...
[5.535s] Compiling '/home/carbs/hdvio2.0/eigen_checks/install/svo_msgs/local/lib/python3.10/dist-packages/svo_msgs/__init__.py'...
[5.535s] Listing '/home/carbs/hdvio2.0/eigen_checks/install/svo_msgs/local/lib/python3.10/dist-packages/svo_msgs/msg'...
[5.535s] Compiling '/home/carbs/hdvio2.0/eigen_checks/install/svo_msgs/local/lib/python3.10/dist-packages/svo_msgs/msg/__init__.py'...
[5.535s] Compiling '/home/carbs/hdvio2.0/eigen_checks/install/svo_msgs/local/lib/python3.10/dist-packages/svo_msgs/msg/_command.py'...
[5.535s] Compiling '/home/carbs/hdvio2.0/eigen_checks/install/svo_msgs/local/lib/python3.10/dist-packages/svo_msgs/msg/_dense_input.py'...
[5.535s] Compiling '/home/carbs/hdvio2.0/eigen_checks/install/svo_msgs/local/lib/python3.10/dist-packages/svo_msgs/msg/_dense_input_with_features.py'...
[5.535s] Compiling '/home/carbs/hdvio2.0/eigen_checks/install/svo_msgs/local/lib/python3.10/dist-packages/svo_msgs/msg/_feature.py'...
[5.535s] Compiling '/home/carbs/hdvio2.0/eigen_checks/install/svo_msgs/local/lib/python3.10/dist-packages/svo_msgs/msg/_info.py'...
[5.536s] Compiling '/home/carbs/hdvio2.0/eigen_checks/install/svo_msgs/local/lib/python3.10/dist-packages/svo_msgs/msg/_nbv_trajectory.py'...
[5.538s] -- Installing: /home/carbs/hdvio2.0/eigen_checks/install/svo_msgs/local/lib/python3.10/dist-packages/svo_msgs/svo_msgs_s__rosidl_typesupport_fastrtps_c.cpython-310-x86_64-linux-gnu.so
[5.539s] -- Set runtime path of "/home/carbs/hdvio2.0/eigen_checks/install/svo_msgs/local/lib/python3.10/dist-packages/svo_msgs/svo_msgs_s__rosidl_typesupport_fastrtps_c.cpython-310-x86_64-linux-gnu.so" to ""
[5.539s] -- Installing: /home/carbs/hdvio2.0/eigen_checks/install/svo_msgs/local/lib/python3.10/dist-packages/svo_msgs/svo_msgs_s__rosidl_typesupport_introspection_c.cpython-310-x86_64-linux-gnu.so
[5.539s] -- Set runtime path of "/home/carbs/hdvio2.0/eigen_checks/install/svo_msgs/local/lib/python3.10/dist-packages/svo_msgs/svo_msgs_s__rosidl_typesupport_introspection_c.cpython-310-x86_64-linux-gnu.so" to ""
[5.539s] -- Installing: /home/carbs/hdvio2.0/eigen_checks/install/svo_msgs/local/lib/python3.10/dist-packages/svo_msgs/svo_msgs_s__rosidl_typesupport_c.cpython-310-x86_64-linux-gnu.so
[5.540s] -- Set runtime path of "/home/carbs/hdvio2.0/eigen_checks/install/svo_msgs/local/lib/python3.10/dist-packages/svo_msgs/svo_msgs_s__rosidl_typesupport_c.cpython-310-x86_64-linux-gnu.so" to ""
[5.540s] -- Installing: /home/carbs/hdvio2.0/eigen_checks/install/svo_msgs/lib/libsvo_msgs__rosidl_generator_py.so
[5.540s] -- Set runtime path of "/home/carbs/hdvio2.0/eigen_checks/install/svo_msgs/lib/libsvo_msgs__rosidl_generator_py.so" to ""
[5.540s] -- Installing: /home/carbs/hdvio2.0/eigen_checks/install/svo_msgs/share/svo_msgs/msg/Command.idl
[5.540s] -- Installing: /home/carbs/hdvio2.0/eigen_checks/install/svo_msgs/share/svo_msgs/msg/DenseInput.idl
[5.541s] -- Installing: /home/carbs/hdvio2.0/eigen_checks/install/svo_msgs/share/svo_msgs/msg/DenseInputWithFeatures.idl
[5.541s] -- Installing: /home/carbs/hdvio2.0/eigen_checks/install/svo_msgs/share/svo_msgs/msg/Feature.idl
[5.541s] -- Installing: /home/carbs/hdvio2.0/eigen_checks/install/svo_msgs/share/svo_msgs/msg/Info.idl
[5.541s] -- Installing: /home/carbs/hdvio2.0/eigen_checks/install/svo_msgs/share/svo_msgs/msg/NbvTrajectory.idl
[5.541s] -- Installing: /home/carbs/hdvio2.0/eigen_checks/install/svo_msgs/share/svo_msgs/msg/Command.msg
[5.541s] -- Installing: /home/carbs/hdvio2.0/eigen_checks/install/svo_msgs/share/svo_msgs/msg/DenseInput.msg
[5.541s] -- Installing: /home/carbs/hdvio2.0/eigen_checks/install/svo_msgs/share/svo_msgs/msg/DenseInputWithFeatures.msg
[5.542s] -- Installing: /home/carbs/hdvio2.0/eigen_checks/install/svo_msgs/share/svo_msgs/msg/Feature.msg
[5.542s] -- Installing: /home/carbs/hdvio2.0/eigen_checks/install/svo_msgs/share/svo_msgs/msg/Info.msg
[5.542s] -- Installing: /home/carbs/hdvio2.0/eigen_checks/install/svo_msgs/share/svo_msgs/msg/NbvTrajectory.msg
[5.542s] -- Installing: /home/carbs/hdvio2.0/eigen_checks/install/svo_msgs/share/ament_index/resource_index/package_run_dependencies/svo_msgs
[5.542s] -- Installing: /home/carbs/hdvio2.0/eigen_checks/install/svo_msgs/share/ament_index/resource_index/parent_prefix_path/svo_msgs
[5.542s] -- Installing: /home/carbs/hdvio2.0/eigen_checks/install/svo_msgs/share/svo_msgs/environment/ament_prefix_path.sh
[5.542s] -- Installing: /home/carbs/hdvio2.0/eigen_checks/install/svo_msgs/share/svo_msgs/environment/ament_prefix_path.dsv
[5.543s] -- Installing: /home/carbs/hdvio2.0/eigen_checks/install/svo_msgs/share/svo_msgs/environment/path.sh
[5.543s] -- Installing: /home/carbs/hdvio2.0/eigen_checks/install/svo_msgs/share/svo_msgs/environment/path.dsv
[5.543s] -- Installing: /home/carbs/hdvio2.0/eigen_checks/install/svo_msgs/share/svo_msgs/local_setup.bash
[5.543s] -- Installing: /home/carbs/hdvio2.0/eigen_checks/install/svo_msgs/share/svo_msgs/local_setup.sh
[5.543s] -- Installing: /home/carbs/hdvio2.0/eigen_checks/install/svo_msgs/share/svo_msgs/local_setup.zsh
[5.543s] -- Installing: /home/carbs/hdvio2.0/eigen_checks/install/svo_msgs/share/svo_msgs/local_setup.dsv
[5.543s] -- Installing: /home/carbs/hdvio2.0/eigen_checks/install/svo_msgs/share/svo_msgs/package.dsv
[5.544s] -- Installing: /home/carbs/hdvio2.0/eigen_checks/install/svo_msgs/share/ament_index/resource_index/packages/svo_msgs
[5.544s] -- Installing: /home/carbs/hdvio2.0/eigen_checks/install/svo_msgs/share/svo_msgs/cmake/export_svo_msgs__rosidl_generator_cExport.cmake
[5.544s] -- Installing: /home/carbs/hdvio2.0/eigen_checks/install/svo_msgs/share/svo_msgs/cmake/export_svo_msgs__rosidl_generator_cExport-noconfig.cmake
[5.544s] -- Installing: /home/carbs/hdvio2.0/eigen_checks/install/svo_msgs/share/svo_msgs/cmake/export_svo_msgs__rosidl_typesupport_fastrtps_cExport.cmake
[5.544s] -- Installing: /home/carbs/hdvio2.0/eigen_checks/install/svo_msgs/share/svo_msgs/cmake/export_svo_msgs__rosidl_typesupport_fastrtps_cExport-noconfig.cmake
[5.544s] -- Installing: /home/carbs/hdvio2.0/eigen_checks/install/svo_msgs/share/svo_msgs/cmake/svo_msgs__rosidl_typesupport_introspection_cExport.cmake
[5.545s] -- Installing: /home/carbs/hdvio2.0/eigen_checks/install/svo_msgs/share/svo_msgs/cmake/svo_msgs__rosidl_typesupport_introspection_cExport-noconfig.cmake
[5.545s] -- Installing: /home/carbs/hdvio2.0/eigen_checks/install/svo_msgs/share/svo_msgs/cmake/svo_msgs__rosidl_typesupport_cExport.cmake
[5.545s] -- Installing: /home/carbs/hdvio2.0/eigen_checks/install/svo_msgs/share/svo_msgs/cmake/svo_msgs__rosidl_typesupport_cExport-noconfig.cmake
[5.545s] -- Installing: /home/carbs/hdvio2.0/eigen_checks/install/svo_msgs/share/svo_msgs/cmake/export_svo_msgs__rosidl_generator_cppExport.cmake
[5.545s] -- Installing: /home/carbs/hdvio2.0/eigen_checks/install/svo_msgs/share/svo_msgs/cmake/export_svo_msgs__rosidl_typesupport_fastrtps_cppExport.cmake
[5.545s] -- Installing: /home/carbs/hdvio2.0/eigen_checks/install/svo_msgs/share/svo_msgs/cmake/export_svo_msgs__rosidl_typesupport_fastrtps_cppExport-noconfig.cmake
[5.545s] -- Installing: /home/carbs/hdvio2.0/eigen_checks/install/svo_msgs/share/svo_msgs/cmake/svo_msgs__rosidl_typesupport_introspection_cppExport.cmake
[5.546s] -- Installing: /home/carbs/hdvio2.0/eigen_checks/install/svo_msgs/share/svo_msgs/cmake/svo_msgs__rosidl_typesupport_introspection_cppExport-noconfig.cmake
[5.546s] -- Installing: /home/carbs/hdvio2.0/eigen_checks/install/svo_msgs/share/svo_msgs/cmake/svo_msgs__rosidl_typesupport_cppExport.cmake
[5.546s] -- Installing: /home/carbs/hdvio2.0/eigen_checks/install/svo_msgs/share/svo_msgs/cmake/svo_msgs__rosidl_typesupport_cppExport-noconfig.cmake
[5.546s] -- Installing: /home/carbs/hdvio2.0/eigen_checks/install/svo_msgs/share/svo_msgs/cmake/export_svo_msgs__rosidl_generator_pyExport.cmake
[5.546s] -- Installing: /home/carbs/hdvio2.0/eigen_checks/install/svo_msgs/share/svo_msgs/cmake/export_svo_msgs__rosidl_generator_pyExport-noconfig.cmake
[5.546s] -- Installing: /home/carbs/hdvio2.0/eigen_checks/install/svo_msgs/share/svo_msgs/cmake/rosidl_cmake-extras.cmake
[5.546s] -- Installing: /home/carbs/hdvio2.0/eigen_checks/install/svo_msgs/share/svo_msgs/cmake/ament_cmake_export_dependencies-extras.cmake
[5.547s] -- Installing: /home/carbs/hdvio2.0/eigen_checks/install/svo_msgs/share/svo_msgs/cmake/ament_cmake_export_include_directories-extras.cmake
[5.547s] -- Installing: /home/carbs/hdvio2.0/eigen_checks/install/svo_msgs/share/svo_msgs/cmake/ament_cmake_export_libraries-extras.cmake
[5.547s] -- Installing: /home/carbs/hdvio2.0/eigen_checks/install/svo_msgs/share/svo_msgs/cmake/ament_cmake_export_targets-extras.cmake
[5.547s] -- Installing: /home/carbs/hdvio2.0/eigen_checks/install/svo_msgs/share/svo_msgs/cmake/rosidl_cmake_export_typesupport_targets-extras.cmake
[5.547s] -- Installing: /home/carbs/hdvio2.0/eigen_checks/install/svo_msgs/share/svo_msgs/cmake/rosidl_cmake_export_typesupport_libraries-extras.cmake
[5.547s] -- Installing: /home/carbs/hdvio2.0/eigen_checks/install/svo_msgs/share/svo_msgs/cmake/svo_msgsConfig.cmake
[5.547s] -- Installing: /home/carbs/hdvio2.0/eigen_checks/install/svo_msgs/share/svo_msgs/cmake/svo_msgsConfig-version.cmake
[5.548s] -- Installing: /home/carbs/hdvio2.0/eigen_checks/install/svo_msgs/share/svo_msgs/package.xml
[5.551s] Invoked command in '/home/carbs/hdvio2.0/eigen_checks/build/svo_msgs' returned '0': CMAKE_PREFIX_PATH=${CMAKE_PREFIX_PATH}:/opt/ros/humble /usr/bin/cmake --install /home/carbs/hdvio2.0/eigen_checks/build/svo_msgs
