[0.010s] Invoking command in '/home/carbs/hdvio2.0/eigen_checks/build/eigen_checks': CMAKE_PREFIX_PATH=${CMAKE_PREFIX_PATH}:/opt/ros/humble /usr/bin/cmake --build /home/carbs/hdvio2.0/eigen_checks/build/eigen_checks -- -j24 -l24
[0.067s] [  7%] Built target eigen_checks
[0.069s] [ 15%] Built target gtest_main
[0.071s] [ 23%] Built target gtest
[0.094s] Consolidate compiler generated dependencies of target test_gtest_near
[0.095s] Consolidate compiler generated dependencies of target test_gtest_equal_double
[0.096s] Consolidate compiler generated dependencies of target test_glog_zero
[0.097s] Consolidate compiler generated dependencies of target test_gtest_equal
[0.097s] Consolidate compiler generated dependencies of target test_glog_near
[0.097s] Consolidate compiler generated dependencies of target test_gtest_zero
[0.098s] Consolidate compiler generated dependencies of target test_gtest_zero_sized_types
[0.098s] Consolidate compiler generated dependencies of target test_glog_zero_sized_types
[0.100s] Consolidate compiler generated dependencies of target test_glog_equal_double
[0.101s] Consolidate compiler generated dependencies of target test_glog_equal
[0.111s] [ 38%] Built target test_glog_zero
[0.111s] [ 38%] Built target test_gtest_equal
[0.112s] [ 46%] Built target test_glog_near
[0.114s] [ 53%] Built target test_gtest_equal_double
[0.114s] [ 61%] Built target test_gtest_near
[0.114s] [ 84%] Built target test_gtest_zero
[0.114s] [ 84%] Built target test_glog_zero_sized_types
[0.114s] [ 84%] Built target test_gtest_zero_sized_types
[0.115s] [ 92%] Built target test_glog_equal_double
[0.115s] [100%] Built target test_glog_equal
[0.131s] Invoked command in '/home/carbs/hdvio2.0/eigen_checks/build/eigen_checks' returned '0': CMAKE_PREFIX_PATH=${CMAKE_PREFIX_PATH}:/opt/ros/humble /usr/bin/cmake --build /home/carbs/hdvio2.0/eigen_checks/build/eigen_checks -- -j24 -l24
[0.141s] Invoking command in '/home/carbs/hdvio2.0/eigen_checks/build/eigen_checks': CMAKE_PREFIX_PATH=${CMAKE_PREFIX_PATH}:/opt/ros/humble /usr/bin/cmake --install /home/carbs/hdvio2.0/eigen_checks/build/eigen_checks
[0.149s] -- Install configuration: ""
[0.149s] -- Up-to-date: /home/carbs/hdvio2.0/eigen_checks/install/eigen_checks/lib/libeigen_checks.a
[0.149s] -- Up-to-date: /home/carbs/hdvio2.0/eigen_checks/install/eigen_checks/include
[0.149s] -- Up-to-date: /home/carbs/hdvio2.0/eigen_checks/install/eigen_checks/include/eigen-checks
[0.150s] -- Up-to-date: /home/carbs/hdvio2.0/eigen_checks/install/eigen_checks/include/eigen-checks/entrypoint.h
[0.150s] -- Up-to-date: /home/carbs/hdvio2.0/eigen_checks/install/eigen_checks/include/eigen-checks/internal
[0.150s] -- Up-to-date: /home/carbs/hdvio2.0/eigen_checks/install/eigen_checks/include/eigen-checks/internal/gtest-equal.h
[0.150s] -- Up-to-date: /home/carbs/hdvio2.0/eigen_checks/install/eigen_checks/include/eigen-checks/gtest.h
[0.150s] -- Up-to-date: /home/carbs/hdvio2.0/eigen_checks/install/eigen_checks/include/eigen-checks/glog.h
[0.150s] -- Up-to-date: /home/carbs/hdvio2.0/eigen_checks/install/eigen_checks/share/eigen_checks/environment/library_path.sh
[0.150s] -- Up-to-date: /home/carbs/hdvio2.0/eigen_checks/install/eigen_checks/share/eigen_checks/environment/library_path.dsv
[0.150s] -- Up-to-date: /home/carbs/hdvio2.0/eigen_checks/install/eigen_checks/share/ament_index/resource_index/package_run_dependencies/eigen_checks
[0.150s] -- Up-to-date: /home/carbs/hdvio2.0/eigen_checks/install/eigen_checks/share/ament_index/resource_index/parent_prefix_path/eigen_checks
[0.150s] -- Up-to-date: /home/carbs/hdvio2.0/eigen_checks/install/eigen_checks/share/eigen_checks/environment/ament_prefix_path.sh
[0.150s] -- Up-to-date: /home/carbs/hdvio2.0/eigen_checks/install/eigen_checks/share/eigen_checks/environment/ament_prefix_path.dsv
[0.150s] -- Up-to-date: /home/carbs/hdvio2.0/eigen_checks/install/eigen_checks/share/eigen_checks/environment/path.sh
[0.150s] -- Up-to-date: /home/carbs/hdvio2.0/eigen_checks/install/eigen_checks/share/eigen_checks/environment/path.dsv
[0.150s] -- Up-to-date: /home/carbs/hdvio2.0/eigen_checks/install/eigen_checks/share/eigen_checks/local_setup.bash
[0.150s] -- Up-to-date: /home/carbs/hdvio2.0/eigen_checks/install/eigen_checks/share/eigen_checks/local_setup.sh
[0.150s] -- Up-to-date: /home/carbs/hdvio2.0/eigen_checks/install/eigen_checks/share/eigen_checks/local_setup.zsh
[0.150s] -- Up-to-date: /home/carbs/hdvio2.0/eigen_checks/install/eigen_checks/share/eigen_checks/local_setup.dsv
[0.150s] -- Installing: /home/carbs/hdvio2.0/eigen_checks/install/eigen_checks/share/eigen_checks/package.dsv
[0.150s] -- Up-to-date: /home/carbs/hdvio2.0/eigen_checks/install/eigen_checks/share/ament_index/resource_index/packages/eigen_checks
[0.151s] -- Up-to-date: /home/carbs/hdvio2.0/eigen_checks/install/eigen_checks/share/eigen_checks/cmake/ament_cmake_export_include_directories-extras.cmake
[0.151s] -- Up-to-date: /home/carbs/hdvio2.0/eigen_checks/install/eigen_checks/share/eigen_checks/cmake/ament_cmake_export_libraries-extras.cmake
[0.151s] -- Up-to-date: /home/carbs/hdvio2.0/eigen_checks/install/eigen_checks/share/eigen_checks/cmake/ament_cmake_export_dependencies-extras.cmake
[0.151s] -- Up-to-date: /home/carbs/hdvio2.0/eigen_checks/install/eigen_checks/share/eigen_checks/cmake/eigen_checksConfig.cmake
[0.151s] -- Up-to-date: /home/carbs/hdvio2.0/eigen_checks/install/eigen_checks/share/eigen_checks/cmake/eigen_checksConfig-version.cmake
[0.151s] -- Up-to-date: /home/carbs/hdvio2.0/eigen_checks/install/eigen_checks/share/eigen_checks/package.xml
[0.152s] Invoked command in '/home/carbs/hdvio2.0/eigen_checks/build/eigen_checks' returned '0': CMAKE_PREFIX_PATH=${CMAKE_PREFIX_PATH}:/opt/ros/humble /usr/bin/cmake --install /home/carbs/hdvio2.0/eigen_checks/build/eigen_checks
