[0.010s] Invoking command in '/home/carbs/hdvio2.0/eigen_checks/build/eigen_checks': CMAKE_PREFIX_PATH=${CMAKE_PREFIX_PATH}:/opt/ros/humble /usr/bin/cmake /home/carbs/hdvio2.0/eigen_checks -DBUILD_TESTING=OFF -DCMAKE_INSTALL_PREFIX=/home/carbs/hdvio2.0/eigen_checks/install/eigen_checks
[0.026s] -- Found ament_cmake: 1.3.12 (/opt/ros/humble/share/ament_cmake/cmake)
[0.136s] -- Found eigen3_cmake_module: 0.1.1 (/opt/ros/humble/share/eigen3_cmake_module/cmake)
[0.203s] -- Configuring done
[0.211s] -- Generating done
[0.216s] -- Build files have been written to: /home/carbs/hdvio2.0/eigen_checks/build/eigen_checks
[0.220s] Invoked command in '/home/carbs/hdvio2.0/eigen_checks/build/eigen_checks' returned '0': CMAKE_PREFIX_PATH=${CMAKE_PREFIX_PATH}:/opt/ros/humble /usr/bin/cmake /home/carbs/hdvio2.0/eigen_checks -DBUILD_TESTING=OFF -DCMAKE_INSTALL_PREFIX=/home/carbs/hdvio2.0/eigen_checks/install/eigen_checks
[0.222s] Invoking command in '/home/carbs/hdvio2.0/eigen_checks/build/eigen_checks': CMAKE_PREFIX_PATH=${CMAKE_PREFIX_PATH}:/opt/ros/humble /usr/bin/cmake --build /home/carbs/hdvio2.0/eigen_checks/build/eigen_checks -- -j24 -l24
[0.275s] [35m[1mConsolidate compiler generated dependencies of target eigen_checks[0m
[0.290s] [100%] Built target eigen_checks
[0.303s] Invoked command in '/home/carbs/hdvio2.0/eigen_checks/build/eigen_checks' returned '0': CMAKE_PREFIX_PATH=${CMAKE_PREFIX_PATH}:/opt/ros/humble /usr/bin/cmake --build /home/carbs/hdvio2.0/eigen_checks/build/eigen_checks -- -j24 -l24
[0.318s] Invoking command in '/home/carbs/hdvio2.0/eigen_checks/build/eigen_checks': CMAKE_PREFIX_PATH=${CMAKE_PREFIX_PATH}:/opt/ros/humble /usr/bin/cmake --install /home/carbs/hdvio2.0/eigen_checks/build/eigen_checks
[0.329s] -- Install configuration: ""
[0.329s] -- Installing: /home/carbs/hdvio2.0/eigen_checks/install/eigen_checks/lib/libeigen_checks.a
[0.330s] -- Installing: /home/carbs/hdvio2.0/eigen_checks/install/eigen_checks/include
[0.330s] -- Installing: /home/carbs/hdvio2.0/eigen_checks/install/eigen_checks/include/eigen-checks
[0.330s] -- Installing: /home/carbs/hdvio2.0/eigen_checks/install/eigen_checks/include/eigen-checks/entrypoint.h
[0.330s] -- Installing: /home/carbs/hdvio2.0/eigen_checks/install/eigen_checks/include/eigen-checks/internal
[0.330s] -- Installing: /home/carbs/hdvio2.0/eigen_checks/install/eigen_checks/include/eigen-checks/internal/gtest-equal.h
[0.330s] -- Installing: /home/carbs/hdvio2.0/eigen_checks/install/eigen_checks/include/eigen-checks/gtest.h
[0.330s] -- Installing: /home/carbs/hdvio2.0/eigen_checks/install/eigen_checks/include/eigen-checks/glog.h
[0.331s] -- Installing: /home/carbs/hdvio2.0/eigen_checks/install/eigen_checks/share/eigen_checks/environment/library_path.sh
[0.331s] -- Installing: /home/carbs/hdvio2.0/eigen_checks/install/eigen_checks/share/eigen_checks/environment/library_path.dsv
[0.331s] -- Installing: /home/carbs/hdvio2.0/eigen_checks/install/eigen_checks/share/ament_index/resource_index/package_run_dependencies/eigen_checks
[0.332s] -- Installing: /home/carbs/hdvio2.0/eigen_checks/install/eigen_checks/share/ament_index/resource_index/parent_prefix_path/eigen_checks
[0.332s] -- Installing: /home/carbs/hdvio2.0/eigen_checks/install/eigen_checks/share/eigen_checks/environment/ament_prefix_path.sh
[0.332s] -- Installing: /home/carbs/hdvio2.0/eigen_checks/install/eigen_checks/share/eigen_checks/environment/ament_prefix_path.dsv
[0.332s] -- Installing: /home/carbs/hdvio2.0/eigen_checks/install/eigen_checks/share/eigen_checks/environment/path.sh
[0.332s] -- Installing: /home/carbs/hdvio2.0/eigen_checks/install/eigen_checks/share/eigen_checks/environment/path.dsv
[0.333s] -- Installing: /home/carbs/hdvio2.0/eigen_checks/install/eigen_checks/share/eigen_checks/local_setup.bash
[0.333s] -- Installing: /home/carbs/hdvio2.0/eigen_checks/install/eigen_checks/share/eigen_checks/local_setup.sh
[0.333s] -- Installing: /home/carbs/hdvio2.0/eigen_checks/install/eigen_checks/share/eigen_checks/local_setup.zsh
[0.333s] -- Installing: /home/carbs/hdvio2.0/eigen_checks/install/eigen_checks/share/eigen_checks/local_setup.dsv
[0.333s] -- Installing: /home/carbs/hdvio2.0/eigen_checks/install/eigen_checks/share/eigen_checks/package.dsv
[0.334s] -- Installing: /home/carbs/hdvio2.0/eigen_checks/install/eigen_checks/share/ament_index/resource_index/packages/eigen_checks
[0.334s] -- Installing: /home/carbs/hdvio2.0/eigen_checks/install/eigen_checks/share/eigen_checks/cmake/ament_cmake_export_include_directories-extras.cmake
[0.334s] -- Installing: /home/carbs/hdvio2.0/eigen_checks/install/eigen_checks/share/eigen_checks/cmake/ament_cmake_export_libraries-extras.cmake
[0.334s] -- Installing: /home/carbs/hdvio2.0/eigen_checks/install/eigen_checks/share/eigen_checks/cmake/ament_cmake_export_dependencies-extras.cmake
[0.335s] -- Installing: /home/carbs/hdvio2.0/eigen_checks/install/eigen_checks/share/eigen_checks/cmake/eigen_checksConfig.cmake
[0.335s] -- Installing: /home/carbs/hdvio2.0/eigen_checks/install/eigen_checks/share/eigen_checks/cmake/eigen_checksConfig-version.cmake
[0.335s] -- Installing: /home/carbs/hdvio2.0/eigen_checks/install/eigen_checks/share/eigen_checks/package.xml
[0.337s] Invoked command in '/home/carbs/hdvio2.0/eigen_checks/build/eigen_checks' returned '0': CMAKE_PREFIX_PATH=${CMAKE_PREFIX_PATH}:/opt/ros/humble /usr/bin/cmake --install /home/carbs/hdvio2.0/eigen_checks/build/eigen_checks
