-- Found ament_cmake: 1.3.12 (/opt/ros/humble/share/ament_cmake/cmake)
-- Found eigen3_cmake_module: 0.1.1 (/opt/ros/humble/share/eigen3_cmake_module/cmake)
-- Configuring done
-- Generating done
-- Build files have been written to: /home/carbs/hdvio2.0/eigen_checks/build/eigen_checks
[35m[1mConsolidate compiler generated dependencies of target eigen_checks[0m
[100%] Built target eigen_checks
-- Install configuration: ""
-- Installing: /home/carbs/hdvio2.0/eigen_checks/install/eigen_checks/lib/libeigen_checks.a
-- Installing: /home/carbs/hdvio2.0/eigen_checks/install/eigen_checks/include
-- Installing: /home/carbs/hdvio2.0/eigen_checks/install/eigen_checks/include/eigen-checks
-- Installing: /home/carbs/hdvio2.0/eigen_checks/install/eigen_checks/include/eigen-checks/entrypoint.h
-- Installing: /home/carbs/hdvio2.0/eigen_checks/install/eigen_checks/include/eigen-checks/internal
-- Installing: /home/carbs/hdvio2.0/eigen_checks/install/eigen_checks/include/eigen-checks/internal/gtest-equal.h
-- Installing: /home/carbs/hdvio2.0/eigen_checks/install/eigen_checks/include/eigen-checks/gtest.h
-- Installing: /home/carbs/hdvio2.0/eigen_checks/install/eigen_checks/include/eigen-checks/glog.h
-- Installing: /home/carbs/hdvio2.0/eigen_checks/install/eigen_checks/share/eigen_checks/environment/library_path.sh
-- Installing: /home/carbs/hdvio2.0/eigen_checks/install/eigen_checks/share/eigen_checks/environment/library_path.dsv
-- Installing: /home/carbs/hdvio2.0/eigen_checks/install/eigen_checks/share/ament_index/resource_index/package_run_dependencies/eigen_checks
-- Installing: /home/carbs/hdvio2.0/eigen_checks/install/eigen_checks/share/ament_index/resource_index/parent_prefix_path/eigen_checks
-- Installing: /home/carbs/hdvio2.0/eigen_checks/install/eigen_checks/share/eigen_checks/environment/ament_prefix_path.sh
-- Installing: /home/carbs/hdvio2.0/eigen_checks/install/eigen_checks/share/eigen_checks/environment/ament_prefix_path.dsv
-- Installing: /home/carbs/hdvio2.0/eigen_checks/install/eigen_checks/share/eigen_checks/environment/path.sh
-- Installing: /home/carbs/hdvio2.0/eigen_checks/install/eigen_checks/share/eigen_checks/environment/path.dsv
-- Installing: /home/carbs/hdvio2.0/eigen_checks/install/eigen_checks/share/eigen_checks/local_setup.bash
-- Installing: /home/carbs/hdvio2.0/eigen_checks/install/eigen_checks/share/eigen_checks/local_setup.sh
-- Installing: /home/carbs/hdvio2.0/eigen_checks/install/eigen_checks/share/eigen_checks/local_setup.zsh
-- Installing: /home/carbs/hdvio2.0/eigen_checks/install/eigen_checks/share/eigen_checks/local_setup.dsv
-- Installing: /home/carbs/hdvio2.0/eigen_checks/install/eigen_checks/share/eigen_checks/package.dsv
-- Installing: /home/carbs/hdvio2.0/eigen_checks/install/eigen_checks/share/ament_index/resource_index/packages/eigen_checks
-- Installing: /home/carbs/hdvio2.0/eigen_checks/install/eigen_checks/share/eigen_checks/cmake/ament_cmake_export_include_directories-extras.cmake
-- Installing: /home/carbs/hdvio2.0/eigen_checks/install/eigen_checks/share/eigen_checks/cmake/ament_cmake_export_libraries-extras.cmake
-- Installing: /home/carbs/hdvio2.0/eigen_checks/install/eigen_checks/share/eigen_checks/cmake/ament_cmake_export_dependencies-extras.cmake
-- Installing: /home/carbs/hdvio2.0/eigen_checks/install/eigen_checks/share/eigen_checks/cmake/eigen_checksConfig.cmake
-- Installing: /home/carbs/hdvio2.0/eigen_checks/install/eigen_checks/share/eigen_checks/cmake/eigen_checksConfig-version.cmake
-- Installing: /home/carbs/hdvio2.0/eigen_checks/install/eigen_checks/share/eigen_checks/package.xml
