[0.010s] Invoking command in '/home/carbs/hdvio2.0/eigen_checks/build/minkindr': CMAKE_PREFIX_PATH=/home/carbs/hdvio2.0/eigen_checks/install/eigen_checks:/home/carbs/hdvio2.0/eigen_checks/install/minkindr:/home/carbs/hdvio2.0/install/svo_msgs:/home/carbs/hdvio2.0/install/svo_cmake:/opt/ros/humble /usr/bin/cmake --build /home/carbs/hdvio2.0/eigen_checks/build/minkindr -- -j24 -l24
[0.059s] Invoked command in '/home/carbs/hdvio2.0/eigen_checks/build/minkindr' returned '0': CMAKE_PREFIX_PATH=/home/carbs/hdvio2.0/eigen_checks/install/eigen_checks:/home/carbs/hdvio2.0/eigen_checks/install/minkindr:/home/carbs/hdvio2.0/install/svo_msgs:/home/carbs/hdvio2.0/install/svo_cmake:/opt/ros/humble /usr/bin/cmake --build /home/carbs/hdvio2.0/eigen_checks/build/minkindr -- -j24 -l24
[0.060s] Invoking command in '/home/carbs/hdvio2.0/eigen_checks/build/minkindr': CMAKE_PREFIX_PATH=/home/carbs/hdvio2.0/eigen_checks/install/eigen_checks:/home/carbs/hdvio2.0/eigen_checks/install/minkindr:/home/carbs/hdvio2.0/install/svo_msgs:/home/carbs/hdvio2.0/install/svo_cmake:/opt/ros/humble /usr/bin/cmake --install /home/carbs/hdvio2.0/eigen_checks/build/minkindr
[0.071s] -- Install configuration: ""
[0.071s] -- Up-to-date: /home/carbs/hdvio2.0/eigen_checks/install/minkindr/include
[0.072s] -- Up-to-date: /home/carbs/hdvio2.0/eigen_checks/install/minkindr/include/kindr
[0.072s] -- Up-to-date: /home/carbs/hdvio2.0/eigen_checks/install/minkindr/include/kindr/minimal
[0.072s] -- Up-to-date: /home/carbs/hdvio2.0/eigen_checks/install/minkindr/include/kindr/minimal/rotation-quaternion.h
[0.072s] -- Up-to-date: /home/carbs/hdvio2.0/eigen_checks/install/minkindr/include/kindr/minimal/position.h
[0.072s] -- Up-to-date: /home/carbs/hdvio2.0/eigen_checks/install/minkindr/include/kindr/minimal/transform-2d.h
[0.072s] -- Up-to-date: /home/carbs/hdvio2.0/eigen_checks/install/minkindr/include/kindr/minimal/implementation
[0.073s] -- Up-to-date: /home/carbs/hdvio2.0/eigen_checks/install/minkindr/include/kindr/minimal/implementation/quat-sim-transform-inl.h
[0.073s] -- Up-to-date: /home/carbs/hdvio2.0/eigen_checks/install/minkindr/include/kindr/minimal/implementation/angle-axis-inl.h
[0.073s] -- Up-to-date: /home/carbs/hdvio2.0/eigen_checks/install/minkindr/include/kindr/minimal/implementation/transform-2d-inl.h
[0.073s] -- Up-to-date: /home/carbs/hdvio2.0/eigen_checks/install/minkindr/include/kindr/minimal/implementation/rotation-quaternion-inl.h
[0.073s] -- Up-to-date: /home/carbs/hdvio2.0/eigen_checks/install/minkindr/include/kindr/minimal/implementation/quat-transformation-inl.h
[0.073s] -- Up-to-date: /home/carbs/hdvio2.0/eigen_checks/install/minkindr/include/kindr/minimal/angle-axis.h
[0.074s] -- Up-to-date: /home/carbs/hdvio2.0/eigen_checks/install/minkindr/include/kindr/minimal/quat-transformation.h
[0.074s] -- Up-to-date: /home/carbs/hdvio2.0/eigen_checks/install/minkindr/include/kindr/minimal/quat-sim-transform.h
[0.074s] -- Up-to-date: /home/carbs/hdvio2.0/eigen_checks/install/minkindr/include/kindr/minimal/common.h
[0.074s] -- Up-to-date: /home/carbs/hdvio2.0/eigen_checks/install/minkindr/share/ament_index/resource_index/package_run_dependencies/minkindr
[0.074s] -- Up-to-date: /home/carbs/hdvio2.0/eigen_checks/install/minkindr/share/ament_index/resource_index/parent_prefix_path/minkindr
[0.074s] -- Up-to-date: /home/carbs/hdvio2.0/eigen_checks/install/minkindr/share/minkindr/environment/ament_prefix_path.sh
[0.074s] -- Up-to-date: /home/carbs/hdvio2.0/eigen_checks/install/minkindr/share/minkindr/environment/ament_prefix_path.dsv
[0.074s] -- Up-to-date: /home/carbs/hdvio2.0/eigen_checks/install/minkindr/share/minkindr/environment/path.sh
[0.074s] -- Up-to-date: /home/carbs/hdvio2.0/eigen_checks/install/minkindr/share/minkindr/environment/path.dsv
[0.075s] -- Up-to-date: /home/carbs/hdvio2.0/eigen_checks/install/minkindr/share/minkindr/local_setup.bash
[0.075s] -- Up-to-date: /home/carbs/hdvio2.0/eigen_checks/install/minkindr/share/minkindr/local_setup.sh
[0.075s] -- Up-to-date: /home/carbs/hdvio2.0/eigen_checks/install/minkindr/share/minkindr/local_setup.zsh
[0.075s] -- Up-to-date: /home/carbs/hdvio2.0/eigen_checks/install/minkindr/share/minkindr/local_setup.dsv
[0.075s] -- Up-to-date: /home/carbs/hdvio2.0/eigen_checks/install/minkindr/share/minkindr/package.dsv
[0.075s] -- Up-to-date: /home/carbs/hdvio2.0/eigen_checks/install/minkindr/share/ament_index/resource_index/packages/minkindr
[0.075s] -- Up-to-date: /home/carbs/hdvio2.0/eigen_checks/install/minkindr/share/minkindr/cmake/ament_cmake_export_include_directories-extras.cmake
[0.075s] -- Up-to-date: /home/carbs/hdvio2.0/eigen_checks/install/minkindr/share/minkindr/cmake/ament_cmake_export_dependencies-extras.cmake
[0.075s] -- Up-to-date: /home/carbs/hdvio2.0/eigen_checks/install/minkindr/share/minkindr/cmake/minkindrConfig.cmake
[0.075s] -- Up-to-date: /home/carbs/hdvio2.0/eigen_checks/install/minkindr/share/minkindr/cmake/minkindrConfig-version.cmake
[0.076s] -- Up-to-date: /home/carbs/hdvio2.0/eigen_checks/install/minkindr/share/minkindr/package.xml
[0.077s] Invoked command in '/home/carbs/hdvio2.0/eigen_checks/build/minkindr' returned '0': CMAKE_PREFIX_PATH=/home/carbs/hdvio2.0/eigen_checks/install/eigen_checks:/home/carbs/hdvio2.0/eigen_checks/install/minkindr:/home/carbs/hdvio2.0/install/svo_msgs:/home/carbs/hdvio2.0/install/svo_cmake:/opt/ros/humble /usr/bin/cmake --install /home/carbs/hdvio2.0/eigen_checks/build/minkindr
