-- The C compiler identification is GNU 11.4.0
-- The CXX compiler identification is GNU 11.4.0
-- Detecting C compiler ABI info
-- Detecting C compiler ABI info - done
-- Check for working C compiler: /usr/bin/cc - skipped
-- Detecting C compile features
-- Detecting C compile features - done
-- Detecting CXX compiler ABI info
-- Detecting CXX compiler ABI info - done
-- Check for working CXX compiler: /usr/bin/c++ - skipped
-- Detecting CXX compile features
-- Detecting CXX compile features - done
-- Found ament_cmake: 1.3.12 (/opt/ros/humble/share/ament_cmake/cmake)
-- Found Python3: /usr/bin/python3 (found version "3.10.12") found components: Interpreter 
-- Found eigen3_cmake_module: 0.1.1 (/opt/ros/humble/share/eigen3_cmake_module/cmake)
-- Found Eigen3: TRUE (found version "3.4.0") 
-- Looking for pthread.h
-- Looking for pthread.h - found
-- Performing Test CMAKE_HAVE_LIBC_PTHREAD
-- Performing Test CMAKE_HAVE_LIBC_PTHREAD - Success
-- Found Threads: TRUE  
-- Found ament_cmake_gtest: 1.3.12 (/opt/ros/humble/share/ament_cmake_gtest/cmake)
-- Found gtest sources under '/opt/ros/humble/src/gtest_vendor': C++ tests using 'Google Test' will be built
-- Configuring done
-- Generating done
-- Build files have been written to: /home/carbs/hdvio2.0/eigen_checks/build/eigen_checks
[  3%] [32mBuilding CXX object CMakeFiles/eigen_checks.dir/src/eigen-checks.cc.o[0m
[  7%] [32mBuilding CXX object gtest/CMakeFiles/gtest.dir/src/gtest-all.cc.o[0m
[ 11%] [32mBuilding CXX object gtest/CMakeFiles/gtest_main.dir/src/gtest_main.cc.o[0m
[ 15%] [32m[1mLinking CXX static library libeigen_checks.a[0m
[ 15%] Built target eigen_checks
[ 19%] [32m[1mLinking CXX static library libgtest_main.a[0m
[ 19%] Built target gtest_main
[ 23%] [32m[1mLinking CXX static library libgtest.a[0m
[ 23%] Built target gtest
[ 30%] [32mBuilding CXX object CMakeFiles/test_gtest_near.dir/test/test_gtest-near.cc.o[0m
[ 34%] [32mBuilding CXX object CMakeFiles/test_gtest_equal.dir/test/test_gtest-equal.cc.o[0m
[ 34%] [32mBuilding CXX object CMakeFiles/test_gtest_equal_double.dir/test/test_gtest-equal-double.cc.o[0m
[ 38%] [32mBuilding CXX object CMakeFiles/test_glog_equal_double.dir/test/test_glog-equal-double.cc.o[0m
[ 42%] [32mBuilding CXX object CMakeFiles/test_glog_near.dir/test/test_glog-near.cc.o[0m
[ 46%] [32mBuilding CXX object CMakeFiles/test_gtest_zero_sized_types.dir/test/test_gtest-zero-sized-types.cc.o[0m
[ 50%] [32mBuilding CXX object CMakeFiles/test_glog_zero.dir/test/test_glog-zero.cc.o[0m
[ 53%] [32mBuilding CXX object CMakeFiles/test_glog_zero_sized_types.dir/test/test_glog-zero-sized-types.cc.o[0m
[ 57%] [32mBuilding CXX object CMakeFiles/test_glog_equal.dir/test/test_glog-equal.cc.o[0m
[ 61%] [32mBuilding CXX object CMakeFiles/test_gtest_zero.dir/test/test_gtest-zero.cc.o[0m
[ 65%] [32m[1mLinking CXX executable test_gtest_zero_sized_types[0m
[ 65%] Built target test_gtest_zero_sized_types
[ 69%] [32m[1mLinking CXX executable test_gtest_equal_double[0m
[ 73%] [32m[1mLinking CXX executable test_gtest_equal[0m
[ 73%] Built target test_gtest_equal_double
[ 73%] Built target test_gtest_equal
[ 76%] [32m[1mLinking CXX executable test_gtest_near[0m
[ 80%] [32m[1mLinking CXX executable test_gtest_zero[0m
[ 80%] Built target test_gtest_near
[ 80%] Built target test_gtest_zero
