-- Install configuration: ""
-- Up-to-date: /home/carbs/hdvio2.0/minkindr_ros/install/minkindr_conversions/include
-- Up-to-date: /home/carbs/hdvio2.0/minkindr_ros/install/minkindr_conversions/include/minkindr_conversions
-- Installing: /home/carbs/hdvio2.0/minkindr_ros/install/minkindr_conversions/include/minkindr_conversions/kindr_tf.h
-- Up-to-date: /home/carbs/hdvio2.0/minkindr_ros/install/minkindr_conversions/include/minkindr_conversions/log
-- Up-to-date: /home/carbs/hdvio2.0/minkindr_ros/install/minkindr_conversions/include/minkindr_conversions/log/build_2025-11-04_20-16-22
-- Up-to-date: /home/carbs/hdvio2.0/minkindr_ros/install/minkindr_conversions/include/minkindr_conversions/log/build_2025-11-04_20-16-22/events.log
-- Up-to-date: /home/carbs/hdvio2.0/minkindr_ros/install/minkindr_conversions/include/minkindr_conversions/log/build_2025-11-04_20-16-22/logger_all.log
-- Up-to-date: /home/carbs/hdvio2.0/minkindr_ros/install/minkindr_conversions/include/minkindr_conversions/log/build_2025-11-04_20-18-17
-- Up-to-date: /home/carbs/hdvio2.0/minkindr_ros/install/minkindr_conversions/include/minkindr_conversions/log/build_2025-11-04_20-18-17/events.log
-- Up-to-date: /home/carbs/hdvio2.0/minkindr_ros/install/minkindr_conversions/include/minkindr_conversions/log/build_2025-11-04_20-18-17/logger_all.log
-- Up-to-date: /home/carbs/hdvio2.0/minkindr_ros/install/minkindr_conversions/include/minkindr_conversions/log/COLCON_IGNORE
-- Up-to-date: /home/carbs/hdvio2.0/minkindr_ros/install/minkindr_conversions/include/minkindr_conversions/log/latest
-- Up-to-date: /home/carbs/hdvio2.0/minkindr_ros/install/minkindr_conversions/include/minkindr_conversions/log/latest_build
-- Installing: /home/carbs/hdvio2.0/minkindr_ros/install/minkindr_conversions/include/minkindr_conversions/kindr_msg.h
-- Up-to-date: /home/carbs/hdvio2.0/minkindr_ros/install/minkindr_conversions/include/minkindr_conversions/kindr_xml.h
-- Up-to-date: /home/carbs/hdvio2.0/minkindr_ros/install/minkindr_conversions/include/minkindr_conversions/build
-- Up-to-date: /home/carbs/hdvio2.0/minkindr_ros/install/minkindr_conversions/include/minkindr_conversions/build/COLCON_IGNORE
-- Up-to-date: /home/carbs/hdvio2.0/minkindr_ros/install/minkindr_conversions/include/minkindr_conversions/build/.built_by
-- Up-to-date: /home/carbs/hdvio2.0/minkindr_ros/install/minkindr_conversions/include/minkindr_conversions/install
-- Up-to-date: /home/carbs/hdvio2.0/minkindr_ros/install/minkindr_conversions/include/minkindr_conversions/install/local_setup.bash
-- Up-to-date: /home/carbs/hdvio2.0/minkindr_ros/install/minkindr_conversions/include/minkindr_conversions/install/setup.zsh
-- Up-to-date: /home/carbs/hdvio2.0/minkindr_ros/install/minkindr_conversions/include/minkindr_conversions/install/setup.ps1
-- Up-to-date: /home/carbs/hdvio2.0/minkindr_ros/install/minkindr_conversions/include/minkindr_conversions/install/COLCON_IGNORE
-- Up-to-date: /home/carbs/hdvio2.0/minkindr_ros/install/minkindr_conversions/include/minkindr_conversions/install/local_setup.ps1
-- Up-to-date: /home/carbs/hdvio2.0/minkindr_ros/install/minkindr_conversions/include/minkindr_conversions/install/local_setup.zsh
-- Up-to-date: /home/carbs/hdvio2.0/minkindr_ros/install/minkindr_conversions/include/minkindr_conversions/install/_local_setup_util_sh.py
-- Up-to-date: /home/carbs/hdvio2.0/minkindr_ros/install/minkindr_conversions/include/minkindr_conversions/install/_local_setup_util_ps1.py
-- Up-to-date: /home/carbs/hdvio2.0/minkindr_ros/install/minkindr_conversions/include/minkindr_conversions/install/setup.bash
-- Up-to-date: /home/carbs/hdvio2.0/minkindr_ros/install/minkindr_conversions/include/minkindr_conversions/install/setup.sh
-- Up-to-date: /home/carbs/hdvio2.0/minkindr_ros/install/minkindr_conversions/include/minkindr_conversions/install/.colcon_install_layout
-- Up-to-date: /home/carbs/hdvio2.0/minkindr_ros/install/minkindr_conversions/include/minkindr_conversions/install/local_setup.sh
-- Up-to-date: /home/carbs/hdvio2.0/minkindr_ros/install/minkindr_conversions/share/minkindr_conversions/environment/library_path.sh
-- Up-to-date: /home/carbs/hdvio2.0/minkindr_ros/install/minkindr_conversions/share/minkindr_conversions/environment/library_path.dsv
-- Up-to-date: /home/carbs/hdvio2.0/minkindr_ros/install/minkindr_conversions/share/ament_index/resource_index/package_run_dependencies/minkindr_conversions
-- Up-to-date: /home/carbs/hdvio2.0/minkindr_ros/install/minkindr_conversions/share/ament_index/resource_index/parent_prefix_path/minkindr_conversions
-- Up-to-date: /home/carbs/hdvio2.0/minkindr_ros/install/minkindr_conversions/share/minkindr_conversions/environment/ament_prefix_path.sh
-- Up-to-date: /home/carbs/hdvio2.0/minkindr_ros/install/minkindr_conversions/share/minkindr_conversions/environment/ament_prefix_path.dsv
-- Up-to-date: /home/carbs/hdvio2.0/minkindr_ros/install/minkindr_conversions/share/minkindr_conversions/environment/path.sh
-- Up-to-date: /home/carbs/hdvio2.0/minkindr_ros/install/minkindr_conversions/share/minkindr_conversions/environment/path.dsv
-- Up-to-date: /home/carbs/hdvio2.0/minkindr_ros/install/minkindr_conversions/share/minkindr_conversions/local_setup.bash
-- Up-to-date: /home/carbs/hdvio2.0/minkindr_ros/install/minkindr_conversions/share/minkindr_conversions/local_setup.sh
-- Up-to-date: /home/carbs/hdvio2.0/minkindr_ros/install/minkindr_conversions/share/minkindr_conversions/local_setup.zsh
-- Up-to-date: /home/carbs/hdvio2.0/minkindr_ros/install/minkindr_conversions/share/minkindr_conversions/local_setup.dsv
-- Installing: /home/carbs/hdvio2.0/minkindr_ros/install/minkindr_conversions/share/minkindr_conversions/package.dsv
-- Up-to-date: /home/carbs/hdvio2.0/minkindr_ros/install/minkindr_conversions/share/ament_index/resource_index/packages/minkindr_conversions
-- Up-to-date: /home/carbs/hdvio2.0/minkindr_ros/install/minkindr_conversions/share/minkindr_conversions/cmake/minkindr_conversionsTargetsExport.cmake
-- Up-to-date: /home/carbs/hdvio2.0/minkindr_ros/install/minkindr_conversions/share/minkindr_conversions/cmake/ament_cmake_export_targets-extras.cmake
-- Up-to-date: /home/carbs/hdvio2.0/minkindr_ros/install/minkindr_conversions/share/minkindr_conversions/cmake/ament_cmake_export_dependencies-extras.cmake
-- Up-to-date: /home/carbs/hdvio2.0/minkindr_ros/install/minkindr_conversions/share/minkindr_conversions/cmake/minkindr_conversionsConfig.cmake
-- Up-to-date: /home/carbs/hdvio2.0/minkindr_ros/install/minkindr_conversions/share/minkindr_conversions/cmake/minkindr_conversionsConfig-version.cmake
-- Up-to-date: /home/carbs/hdvio2.0/minkindr_ros/install/minkindr_conversions/share/minkindr_conversions/package.xml
