[0.072s] DEBUG:colcon:Command line arguments: ['/usr/bin/colcon', 'list', '--base-paths', '/home/carbs/hdvio2.0']
[0.072s] DEBUG:colcon:Parsed command line arguments: Namespace(log_base=None, log_level=None, verb_name='list', build_base='build', ignore_user_meta=False, metas=['./colcon.meta'], base_paths=['/home/carbs/hdvio2.0'], packages_ignore=None, packages_ignore_regex=None, paths=None, packages_up_to=None, packages_up_to_regex=None, packages_above=None, packages_above_and_dependencies=None, packages_above_depth=None, packages_select_by_dep=None, packages_skip_by_dep=None, packages_skip_up_to=None, packages_select_build_failed=False, packages_skip_build_finished=False, packages_select_test_failures=False, packages_skip_test_passed=False, packages_select=None, packages_skip=None, packages_select_regex=None, packages_skip_regex=None, packages_start=None, packages_end=None, allow_overriding=[], topological_order=False, names_only=False, paths_only=False, topological_graph=False, topological_graph_dot=False, topological_graph_density=False, topological_graph_legend=False, topological_graph_dot_cluster=False, topological_graph_dot_include_skipped=False, mixin_files=None, mixin=None, verb_parser=<colcon_mixin.mixin.mixin_argument.MixinArgumentDecorator object at 0x7213f919c430>, verb_extension=<colcon_package_information.verb.list.ListVerb object at 0x7213f92ac730>, main=<bound method ListVerb.main of <colcon_package_information.verb.list.ListVerb object at 0x7213f92ac730>>, mixin_verb=('list',))
[0.102s] Level 1:colcon.colcon_core.package_discovery:discover_packages(colcon_meta) check parameters
[0.102s] Level 1:colcon.colcon_core.package_discovery:discover_packages(recursive) check parameters
[0.102s] Level 1:colcon.colcon_core.package_discovery:discover_packages(ignore) check parameters
[0.102s] Level 1:colcon.colcon_core.package_discovery:discover_packages(path) check parameters
[0.102s] Level 1:colcon.colcon_core.package_discovery:discover_packages(recursive) discover
[0.102s] INFO:colcon.colcon_core.package_discovery:Crawling recursively for packages in '/home/carbs/hdvio2.0'
[0.102s] Level 1:colcon.colcon_core.package_identification:_identify(/home/carbs/hdvio2.0) by extensions ['ignore', 'ignore_ament_install']
[0.102s] Level 1:colcon.colcon_core.package_identification:_identify(/home/carbs/hdvio2.0) by extension 'ignore'
[0.102s] Level 1:colcon.colcon_core.package_identification:_identify(/home/carbs/hdvio2.0) by extension 'ignore_ament_install'
[0.102s] Level 1:colcon.colcon_core.package_identification:_identify(/home/carbs/hdvio2.0) by extensions ['colcon_pkg']
[0.102s] Level 1:colcon.colcon_core.package_identification:_identify(/home/carbs/hdvio2.0) by extension 'colcon_pkg'
[0.102s] Level 1:colcon.colcon_core.package_identification:_identify(/home/carbs/hdvio2.0) by extensions ['colcon_meta']
[0.102s] Level 1:colcon.colcon_core.package_identification:_identify(/home/carbs/hdvio2.0) by extension 'colcon_meta'
[0.102s] Level 1:colcon.colcon_core.package_identification:_identify(/home/carbs/hdvio2.0) by extensions ['ros']
[0.102s] Level 1:colcon.colcon_core.package_identification:_identify(/home/carbs/hdvio2.0) by extension 'ros'
[0.113s] Level 1:colcon.colcon_core.package_identification:_identify(/home/carbs/hdvio2.0) by extensions ['cmake', 'python']
[0.113s] Level 1:colcon.colcon_core.package_identification:_identify(/home/carbs/hdvio2.0) by extension 'cmake'
[0.113s] Level 1:colcon.colcon_core.package_identification:_identify(/home/carbs/hdvio2.0) by extension 'python'
[0.113s] Level 1:colcon.colcon_core.package_identification:_identify(/home/carbs/hdvio2.0) by extensions ['python_setup_py']
[0.113s] Level 1:colcon.colcon_core.package_identification:_identify(/home/carbs/hdvio2.0) by extension 'python_setup_py'
[0.113s] Level 1:colcon.colcon_core.package_identification:_identify(/home/carbs/hdvio2.0/build) by extensions ['ignore', 'ignore_ament_install']
[0.113s] Level 1:colcon.colcon_core.package_identification:_identify(/home/carbs/hdvio2.0/build) by extension 'ignore'
[0.113s] Level 1:colcon.colcon_core.package_identification:_identify(/home/carbs/hdvio2.0/build) ignored
[0.114s] Level 1:colcon.colcon_core.package_identification:_identify(/home/carbs/hdvio2.0/catkin_simple) by extensions ['ignore', 'ignore_ament_install']
[0.114s] Level 1:colcon.colcon_core.package_identification:_identify(/home/carbs/hdvio2.0/catkin_simple) by extension 'ignore'
[0.114s] Level 1:colcon.colcon_core.package_identification:_identify(/home/carbs/hdvio2.0/catkin_simple) by extension 'ignore_ament_install'
[0.114s] Level 1:colcon.colcon_core.package_identification:_identify(/home/carbs/hdvio2.0/catkin_simple) by extensions ['colcon_pkg']
[0.114s] Level 1:colcon.colcon_core.package_identification:_identify(/home/carbs/hdvio2.0/catkin_simple) by extension 'colcon_pkg'
[0.114s] Level 1:colcon.colcon_core.package_identification:_identify(/home/carbs/hdvio2.0/catkin_simple) by extensions ['colcon_meta']
[0.114s] Level 1:colcon.colcon_core.package_identification:_identify(/home/carbs/hdvio2.0/catkin_simple) by extension 'colcon_meta'
[0.114s] Level 1:colcon.colcon_core.package_identification:_identify(/home/carbs/hdvio2.0/catkin_simple) by extensions ['ros']
[0.114s] Level 1:colcon.colcon_core.package_identification:_identify(/home/carbs/hdvio2.0/catkin_simple) by extension 'ros'
[0.115s] DEBUG:colcon.colcon_core.package_identification:Package '/home/carbs/hdvio2.0/catkin_simple' with type 'ros.catkin' and name 'catkin_simple'
[0.115s] Level 1:colcon.colcon_core.package_identification:_identify(/home/carbs/hdvio2.0/ceres_catkin) by extensions ['ignore', 'ignore_ament_install']
[0.116s] Level 1:colcon.colcon_core.package_identification:_identify(/home/carbs/hdvio2.0/ceres_catkin) by extension 'ignore'
[0.116s] Level 1:colcon.colcon_core.package_identification:_identify(/home/carbs/hdvio2.0/ceres_catkin) by extension 'ignore_ament_install'
[0.116s] Level 1:colcon.colcon_core.package_identification:_identify(/home/carbs/hdvio2.0/ceres_catkin) by extensions ['colcon_pkg']
[0.116s] Level 1:colcon.colcon_core.package_identification:_identify(/home/carbs/hdvio2.0/ceres_catkin) by extension 'colcon_pkg'
[0.116s] Level 1:colcon.colcon_core.package_identification:_identify(/home/carbs/hdvio2.0/ceres_catkin) by extensions ['colcon_meta']
[0.116s] Level 1:colcon.colcon_core.package_identification:_identify(/home/carbs/hdvio2.0/ceres_catkin) by extension 'colcon_meta'
[0.116s] Level 1:colcon.colcon_core.package_identification:_identify(/home/carbs/hdvio2.0/ceres_catkin) by extensions ['ros']
[0.116s] Level 1:colcon.colcon_core.package_identification:_identify(/home/carbs/hdvio2.0/ceres_catkin) by extension 'ros'
[0.116s] DEBUG:colcon.colcon_core.package_identification:Package '/home/carbs/hdvio2.0/ceres_catkin' with type 'ros.catkin' and name 'ceres_catkin'
[0.116s] Level 1:colcon.colcon_core.package_identification:_identify(/home/carbs/hdvio2.0/eigen_catkin) by extensions ['ignore', 'ignore_ament_install']
[0.116s] Level 1:colcon.colcon_core.package_identification:_identify(/home/carbs/hdvio2.0/eigen_catkin) by extension 'ignore'
[0.116s] Level 1:colcon.colcon_core.package_identification:_identify(/home/carbs/hdvio2.0/eigen_catkin) by extension 'ignore_ament_install'
[0.116s] Level 1:colcon.colcon_core.package_identification:_identify(/home/carbs/hdvio2.0/eigen_catkin) by extensions ['colcon_pkg']
[0.116s] Level 1:colcon.colcon_core.package_identification:_identify(/home/carbs/hdvio2.0/eigen_catkin) by extension 'colcon_pkg'
[0.116s] Level 1:colcon.colcon_core.package_identification:_identify(/home/carbs/hdvio2.0/eigen_catkin) by extensions ['colcon_meta']
[0.116s] Level 1:colcon.colcon_core.package_identification:_identify(/home/carbs/hdvio2.0/eigen_catkin) by extension 'colcon_meta'
[0.117s] Level 1:colcon.colcon_core.package_identification:_identify(/home/carbs/hdvio2.0/eigen_catkin) by extensions ['ros']
[0.117s] Level 1:colcon.colcon_core.package_identification:_identify(/home/carbs/hdvio2.0/eigen_catkin) by extension 'ros'
[0.117s] DEBUG:colcon.colcon_core.package_identification:Package '/home/carbs/hdvio2.0/eigen_catkin' with type 'ros.catkin' and name 'eigen_catkin'
[0.117s] Level 1:colcon.colcon_core.package_identification:_identify(/home/carbs/hdvio2.0/eigen_checks) by extensions ['ignore', 'ignore_ament_install']
[0.117s] Level 1:colcon.colcon_core.package_identification:_identify(/home/carbs/hdvio2.0/eigen_checks) by extension 'ignore'
[0.117s] Level 1:colcon.colcon_core.package_identification:_identify(/home/carbs/hdvio2.0/eigen_checks) by extension 'ignore_ament_install'
[0.117s] Level 1:colcon.colcon_core.package_identification:_identify(/home/carbs/hdvio2.0/eigen_checks) by extensions ['colcon_pkg']
[0.117s] Level 1:colcon.colcon_core.package_identification:_identify(/home/carbs/hdvio2.0/eigen_checks) by extension 'colcon_pkg'
[0.117s] Level 1:colcon.colcon_core.package_identification:_identify(/home/carbs/hdvio2.0/eigen_checks) by extensions ['colcon_meta']
[0.117s] Level 1:colcon.colcon_core.package_identification:_identify(/home/carbs/hdvio2.0/eigen_checks) by extension 'colcon_meta'
[0.117s] Level 1:colcon.colcon_core.package_identification:_identify(/home/carbs/hdvio2.0/eigen_checks) by extensions ['ros']
[0.117s] Level 1:colcon.colcon_core.package_identification:_identify(/home/carbs/hdvio2.0/eigen_checks) by extension 'ros'
[0.118s] DEBUG:colcon.colcon_core.package_identification:Package '/home/carbs/hdvio2.0/eigen_checks' with type 'ros.ament_cmake' and name 'eigen_checks'
[0.118s] Level 1:colcon.colcon_core.package_identification:_identify(/home/carbs/hdvio2.0/fast_neon) by extensions ['ignore', 'ignore_ament_install']
[0.118s] Level 1:colcon.colcon_core.package_identification:_identify(/home/carbs/hdvio2.0/fast_neon) by extension 'ignore'
[0.118s] Level 1:colcon.colcon_core.package_identification:_identify(/home/carbs/hdvio2.0/fast_neon) by extension 'ignore_ament_install'
[0.118s] Level 1:colcon.colcon_core.package_identification:_identify(/home/carbs/hdvio2.0/fast_neon) by extensions ['colcon_pkg']
[0.118s] Level 1:colcon.colcon_core.package_identification:_identify(/home/carbs/hdvio2.0/fast_neon) by extension 'colcon_pkg'
[0.118s] Level 1:colcon.colcon_core.package_identification:_identify(/home/carbs/hdvio2.0/fast_neon) by extensions ['colcon_meta']
[0.118s] Level 1:colcon.colcon_core.package_identification:_identify(/home/carbs/hdvio2.0/fast_neon) by extension 'colcon_meta'
[0.118s] Level 1:colcon.colcon_core.package_identification:_identify(/home/carbs/hdvio2.0/fast_neon) by extensions ['ros']
[0.118s] Level 1:colcon.colcon_core.package_identification:_identify(/home/carbs/hdvio2.0/fast_neon) by extension 'ros'
[0.118s] DEBUG:colcon.colcon_core.package_identification:Package '/home/carbs/hdvio2.0/fast_neon' with type 'ros.catkin' and name 'fast'
[0.119s] Level 1:colcon.colcon_core.package_identification:_identify(/home/carbs/hdvio2.0/gflags_catkin) by extensions ['ignore', 'ignore_ament_install']
[0.119s] Level 1:colcon.colcon_core.package_identification:_identify(/home/carbs/hdvio2.0/gflags_catkin) by extension 'ignore'
[0.119s] Level 1:colcon.colcon_core.package_identification:_identify(/home/carbs/hdvio2.0/gflags_catkin) by extension 'ignore_ament_install'
[0.119s] Level 1:colcon.colcon_core.package_identification:_identify(/home/carbs/hdvio2.0/gflags_catkin) by extensions ['colcon_pkg']
[0.119s] Level 1:colcon.colcon_core.package_identification:_identify(/home/carbs/hdvio2.0/gflags_catkin) by extension 'colcon_pkg'
[0.119s] Level 1:colcon.colcon_core.package_identification:_identify(/home/carbs/hdvio2.0/gflags_catkin) by extensions ['colcon_meta']
[0.119s] Level 1:colcon.colcon_core.package_identification:_identify(/home/carbs/hdvio2.0/gflags_catkin) by extension 'colcon_meta'
[0.119s] Level 1:colcon.colcon_core.package_identification:_identify(/home/carbs/hdvio2.0/gflags_catkin) by extensions ['ros']
[0.119s] Level 1:colcon.colcon_core.package_identification:_identify(/home/carbs/hdvio2.0/gflags_catkin) by extension 'ros'
[0.119s] DEBUG:colcon.colcon_core.package_identification:Package '/home/carbs/hdvio2.0/gflags_catkin' with type 'ros.catkin' and name 'gflags_catkin'
[0.119s] Level 1:colcon.colcon_core.package_identification:_identify(/home/carbs/hdvio2.0/glog_catkin) by extensions ['ignore', 'ignore_ament_install']
[0.119s] Level 1:colcon.colcon_core.package_identification:_identify(/home/carbs/hdvio2.0/glog_catkin) by extension 'ignore'
[0.119s] Level 1:colcon.colcon_core.package_identification:_identify(/home/carbs/hdvio2.0/glog_catkin) by extension 'ignore_ament_install'
[0.119s] Level 1:colcon.colcon_core.package_identification:_identify(/home/carbs/hdvio2.0/glog_catkin) by extensions ['colcon_pkg']
[0.119s] Level 1:colcon.colcon_core.package_identification:_identify(/home/carbs/hdvio2.0/glog_catkin) by extension 'colcon_pkg'
[0.119s] Level 1:colcon.colcon_core.package_identification:_identify(/home/carbs/hdvio2.0/glog_catkin) by extensions ['colcon_meta']
[0.119s] Level 1:colcon.colcon_core.package_identification:_identify(/home/carbs/hdvio2.0/glog_catkin) by extension 'colcon_meta'
[0.119s] Level 1:colcon.colcon_core.package_identification:_identify(/home/carbs/hdvio2.0/glog_catkin) by extensions ['ros']
[0.119s] Level 1:colcon.colcon_core.package_identification:_identify(/home/carbs/hdvio2.0/glog_catkin) by extension 'ros'
[0.120s] DEBUG:colcon.colcon_core.package_identification:Package '/home/carbs/hdvio2.0/glog_catkin' with type 'ros.catkin' and name 'glog_catkin'
[0.120s] Level 1:colcon.colcon_core.package_identification:_identify(/home/carbs/hdvio2.0/hdvio2) by extensions ['ignore', 'ignore_ament_install']
[0.120s] Level 1:colcon.colcon_core.package_identification:_identify(/home/carbs/hdvio2.0/hdvio2) by extension 'ignore'
[0.120s] Level 1:colcon.colcon_core.package_identification:_identify(/home/carbs/hdvio2.0/hdvio2) by extension 'ignore_ament_install'
[0.120s] Level 1:colcon.colcon_core.package_identification:_identify(/home/carbs/hdvio2.0/hdvio2) by extensions ['colcon_pkg']
[0.120s] Level 1:colcon.colcon_core.package_identification:_identify(/home/carbs/hdvio2.0/hdvio2) by extension 'colcon_pkg'
[0.120s] Level 1:colcon.colcon_core.package_identification:_identify(/home/carbs/hdvio2.0/hdvio2) by extensions ['colcon_meta']
[0.120s] Level 1:colcon.colcon_core.package_identification:_identify(/home/carbs/hdvio2.0/hdvio2) by extension 'colcon_meta'
[0.120s] Level 1:colcon.colcon_core.package_identification:_identify(/home/carbs/hdvio2.0/hdvio2) by extensions ['ros']
[0.120s] Level 1:colcon.colcon_core.package_identification:_identify(/home/carbs/hdvio2.0/hdvio2) by extension 'ros'
[0.122s] DEBUG:colcon.colcon_core.package_identification:Package '/home/carbs/hdvio2.0/hdvio2' with type 'ros.catkin' and name 'hdvio2'
[0.122s] Level 1:colcon.colcon_core.package_identification:_identify(/home/carbs/hdvio2.0/img) by extensions ['ignore', 'ignore_ament_install']
[0.122s] Level 1:colcon.colcon_core.package_identification:_identify(/home/carbs/hdvio2.0/img) by extension 'ignore'
[0.122s] Level 1:colcon.colcon_core.package_identification:_identify(/home/carbs/hdvio2.0/img) by extension 'ignore_ament_install'
[0.122s] Level 1:colcon.colcon_core.package_identification:_identify(/home/carbs/hdvio2.0/img) by extensions ['colcon_pkg']
[0.122s] Level 1:colcon.colcon_core.package_identification:_identify(/home/carbs/hdvio2.0/img) by extension 'colcon_pkg'
[0.122s] Level 1:colcon.colcon_core.package_identification:_identify(/home/carbs/hdvio2.0/img) by extensions ['colcon_meta']
[0.122s] Level 1:colcon.colcon_core.package_identification:_identify(/home/carbs/hdvio2.0/img) by extension 'colcon_meta'
[0.122s] Level 1:colcon.colcon_core.package_identification:_identify(/home/carbs/hdvio2.0/img) by extensions ['ros']
[0.122s] Level 1:colcon.colcon_core.package_identification:_identify(/home/carbs/hdvio2.0/img) by extension 'ros'
[0.122s] Level 1:colcon.colcon_core.package_identification:_identify(/home/carbs/hdvio2.0/img) by extensions ['cmake', 'python']
[0.122s] Level 1:colcon.colcon_core.package_identification:_identify(/home/carbs/hdvio2.0/img) by extension 'cmake'
[0.122s] Level 1:colcon.colcon_core.package_identification:_identify(/home/carbs/hdvio2.0/img) by extension 'python'
[0.123s] Level 1:colcon.colcon_core.package_identification:_identify(/home/carbs/hdvio2.0/img) by extensions ['python_setup_py']
[0.123s] Level 1:colcon.colcon_core.package_identification:_identify(/home/carbs/hdvio2.0/img) by extension 'python_setup_py'
[0.123s] Level 1:colcon.colcon_core.package_identification:_identify(/home/carbs/hdvio2.0/install) by extensions ['ignore', 'ignore_ament_install']
[0.123s] Level 1:colcon.colcon_core.package_identification:_identify(/home/carbs/hdvio2.0/install) by extension 'ignore'
[0.123s] Level 1:colcon.colcon_core.package_identification:_identify(/home/carbs/hdvio2.0/install) ignored
[0.123s] Level 1:colcon.colcon_core.package_identification:_identify(/home/carbs/hdvio2.0/log) by extensions ['ignore', 'ignore_ament_install']
[0.123s] Level 1:colcon.colcon_core.package_identification:_identify(/home/carbs/hdvio2.0/log) by extension 'ignore'
[0.123s] Level 1:colcon.colcon_core.package_identification:_identify(/home/carbs/hdvio2.0/log) ignored
[0.123s] Level 1:colcon.colcon_core.package_identification:_identify(/home/carbs/hdvio2.0/minkindr) by extensions ['ignore', 'ignore_ament_install']
[0.123s] Level 1:colcon.colcon_core.package_identification:_identify(/home/carbs/hdvio2.0/minkindr) by extension 'ignore'
[0.123s] Level 1:colcon.colcon_core.package_identification:_identify(/home/carbs/hdvio2.0/minkindr) by extension 'ignore_ament_install'
[0.123s] Level 1:colcon.colcon_core.package_identification:_identify(/home/carbs/hdvio2.0/minkindr) by extensions ['colcon_pkg']
[0.123s] Level 1:colcon.colcon_core.package_identification:_identify(/home/carbs/hdvio2.0/minkindr) by extension 'colcon_pkg'
[0.123s] Level 1:colcon.colcon_core.package_identification:_identify(/home/carbs/hdvio2.0/minkindr) by extensions ['colcon_meta']
[0.123s] Level 1:colcon.colcon_core.package_identification:_identify(/home/carbs/hdvio2.0/minkindr) by extension 'colcon_meta'
[0.123s] Level 1:colcon.colcon_core.package_identification:_identify(/home/carbs/hdvio2.0/minkindr) by extensions ['ros']
[0.123s] Level 1:colcon.colcon_core.package_identification:_identify(/home/carbs/hdvio2.0/minkindr) by extension 'ros'
[0.123s] Level 1:colcon.colcon_core.package_identification:_identify(/home/carbs/hdvio2.0/minkindr) by extensions ['cmake', 'python']
[0.123s] Level 1:colcon.colcon_core.package_identification:_identify(/home/carbs/hdvio2.0/minkindr) by extension 'cmake'
[0.123s] Level 1:colcon.colcon_core.package_identification:_identify(/home/carbs/hdvio2.0/minkindr) by extension 'python'
[0.123s] Level 1:colcon.colcon_core.package_identification:_identify(/home/carbs/hdvio2.0/minkindr) by extensions ['python_setup_py']
[0.123s] Level 1:colcon.colcon_core.package_identification:_identify(/home/carbs/hdvio2.0/minkindr) by extension 'python_setup_py'
[0.124s] Level 1:colcon.colcon_core.package_identification:_identify(/home/carbs/hdvio2.0/minkindr/minkindr) by extensions ['ignore', 'ignore_ament_install']
[0.124s] Level 1:colcon.colcon_core.package_identification:_identify(/home/carbs/hdvio2.0/minkindr/minkindr) by extension 'ignore'
[0.124s] Level 1:colcon.colcon_core.package_identification:_identify(/home/carbs/hdvio2.0/minkindr/minkindr) by extension 'ignore_ament_install'
[0.124s] Level 1:colcon.colcon_core.package_identification:_identify(/home/carbs/hdvio2.0/minkindr/minkindr) by extensions ['colcon_pkg']
[0.124s] Level 1:colcon.colcon_core.package_identification:_identify(/home/carbs/hdvio2.0/minkindr/minkindr) by extension 'colcon_pkg'
[0.124s] Level 1:colcon.colcon_core.package_identification:_identify(/home/carbs/hdvio2.0/minkindr/minkindr) by extensions ['colcon_meta']
[0.124s] Level 1:colcon.colcon_core.package_identification:_identify(/home/carbs/hdvio2.0/minkindr/minkindr) by extension 'colcon_meta'
[0.124s] Level 1:colcon.colcon_core.package_identification:_identify(/home/carbs/hdvio2.0/minkindr/minkindr) by extensions ['ros']
[0.124s] Level 1:colcon.colcon_core.package_identification:_identify(/home/carbs/hdvio2.0/minkindr/minkindr) by extension 'ros'
[0.124s] DEBUG:colcon.colcon_core.package_identification:Package '/home/carbs/hdvio2.0/minkindr/minkindr' with type 'ros.ament_cmake' and name 'minkindr'
[0.124s] Level 1:colcon.colcon_core.package_identification:_identify(/home/carbs/hdvio2.0/minkindr/minkindr_python) by extensions ['ignore', 'ignore_ament_install']
[0.124s] Level 1:colcon.colcon_core.package_identification:_identify(/home/carbs/hdvio2.0/minkindr/minkindr_python) by extension 'ignore'
[0.124s] Level 1:colcon.colcon_core.package_identification:_identify(/home/carbs/hdvio2.0/minkindr/minkindr_python) by extension 'ignore_ament_install'
[0.124s] Level 1:colcon.colcon_core.package_identification:_identify(/home/carbs/hdvio2.0/minkindr/minkindr_python) by extensions ['colcon_pkg']
[0.124s] Level 1:colcon.colcon_core.package_identification:_identify(/home/carbs/hdvio2.0/minkindr/minkindr_python) by extension 'colcon_pkg'
[0.125s] Level 1:colcon.colcon_core.package_identification:_identify(/home/carbs/hdvio2.0/minkindr/minkindr_python) by extensions ['colcon_meta']
[0.125s] Level 1:colcon.colcon_core.package_identification:_identify(/home/carbs/hdvio2.0/minkindr/minkindr_python) by extension 'colcon_meta'
[0.125s] Level 1:colcon.colcon_core.package_identification:_identify(/home/carbs/hdvio2.0/minkindr/minkindr_python) by extensions ['ros']
[0.125s] Level 1:colcon.colcon_core.package_identification:_identify(/home/carbs/hdvio2.0/minkindr/minkindr_python) by extension 'ros'
[0.125s] DEBUG:colcon.colcon_core.package_identification:Package '/home/carbs/hdvio2.0/minkindr/minkindr_python' with type 'ros.catkin' and name 'minkindr_python'
[0.125s] Level 1:colcon.colcon_core.package_identification:_identify(/home/carbs/hdvio2.0/minkindr_ros) by extensions ['ignore', 'ignore_ament_install']
[0.125s] Level 1:colcon.colcon_core.package_identification:_identify(/home/carbs/hdvio2.0/minkindr_ros) by extension 'ignore'
[0.125s] Level 1:colcon.colcon_core.package_identification:_identify(/home/carbs/hdvio2.0/minkindr_ros) by extension 'ignore_ament_install'
[0.125s] Level 1:colcon.colcon_core.package_identification:_identify(/home/carbs/hdvio2.0/minkindr_ros) by extensions ['colcon_pkg']
[0.125s] Level 1:colcon.colcon_core.package_identification:_identify(/home/carbs/hdvio2.0/minkindr_ros) by extension 'colcon_pkg'
[0.125s] Level 1:colcon.colcon_core.package_identification:_identify(/home/carbs/hdvio2.0/minkindr_ros) by extensions ['colcon_meta']
[0.125s] Level 1:colcon.colcon_core.package_identification:_identify(/home/carbs/hdvio2.0/minkindr_ros) by extension 'colcon_meta'
[0.125s] Level 1:colcon.colcon_core.package_identification:_identify(/home/carbs/hdvio2.0/minkindr_ros) by extensions ['ros']
[0.125s] Level 1:colcon.colcon_core.package_identification:_identify(/home/carbs/hdvio2.0/minkindr_ros) by extension 'ros'
[0.126s] Level 1:colcon.colcon_core.package_identification:_identify(/home/carbs/hdvio2.0/minkindr_ros) by extensions ['cmake', 'python']
[0.126s] Level 1:colcon.colcon_core.package_identification:_identify(/home/carbs/hdvio2.0/minkindr_ros) by extension 'cmake'
[0.126s] Level 1:colcon.colcon_core.package_identification:_identify(/home/carbs/hdvio2.0/minkindr_ros) by extension 'python'
[0.126s] Level 1:colcon.colcon_core.package_identification:_identify(/home/carbs/hdvio2.0/minkindr_ros) by extensions ['python_setup_py']
[0.126s] Level 1:colcon.colcon_core.package_identification:_identify(/home/carbs/hdvio2.0/minkindr_ros) by extension 'python_setup_py'
[0.126s] Level 1:colcon.colcon_core.package_identification:_identify(/home/carbs/hdvio2.0/minkindr_ros/minkindr_conversions) by extensions ['ignore', 'ignore_ament_install']
[0.126s] Level 1:colcon.colcon_core.package_identification:_identify(/home/carbs/hdvio2.0/minkindr_ros/minkindr_conversions) by extension 'ignore'
[0.126s] Level 1:colcon.colcon_core.package_identification:_identify(/home/carbs/hdvio2.0/minkindr_ros/minkindr_conversions) by extension 'ignore_ament_install'
[0.126s] Level 1:colcon.colcon_core.package_identification:_identify(/home/carbs/hdvio2.0/minkindr_ros/minkindr_conversions) by extensions ['colcon_pkg']
[0.126s] Level 1:colcon.colcon_core.package_identification:_identify(/home/carbs/hdvio2.0/minkindr_ros/minkindr_conversions) by extension 'colcon_pkg'
[0.126s] Level 1:colcon.colcon_core.package_identification:_identify(/home/carbs/hdvio2.0/minkindr_ros/minkindr_conversions) by extensions ['colcon_meta']
[0.126s] Level 1:colcon.colcon_core.package_identification:_identify(/home/carbs/hdvio2.0/minkindr_ros/minkindr_conversions) by extension 'colcon_meta'
[0.126s] Level 1:colcon.colcon_core.package_identification:_identify(/home/carbs/hdvio2.0/minkindr_ros/minkindr_conversions) by extensions ['ros']
[0.126s] Level 1:colcon.colcon_core.package_identification:_identify(/home/carbs/hdvio2.0/minkindr_ros/minkindr_conversions) by extension 'ros'
[0.127s] DEBUG:colcon.colcon_core.package_identification:Package '/home/carbs/hdvio2.0/minkindr_ros/minkindr_conversions' with type 'ros.catkin' and name 'minkindr_conversions'
[0.127s] Level 1:colcon.colcon_core.package_identification:_identify(/home/carbs/hdvio2.0/opengv) by extensions ['ignore', 'ignore_ament_install']
[0.127s] Level 1:colcon.colcon_core.package_identification:_identify(/home/carbs/hdvio2.0/opengv) by extension 'ignore'
[0.127s] Level 1:colcon.colcon_core.package_identification:_identify(/home/carbs/hdvio2.0/opengv) by extension 'ignore_ament_install'
[0.127s] Level 1:colcon.colcon_core.package_identification:_identify(/home/carbs/hdvio2.0/opengv) by extensions ['colcon_pkg']
[0.127s] Level 1:colcon.colcon_core.package_identification:_identify(/home/carbs/hdvio2.0/opengv) by extension 'colcon_pkg'
[0.127s] Level 1:colcon.colcon_core.package_identification:_identify(/home/carbs/hdvio2.0/opengv) by extensions ['colcon_meta']
[0.127s] Level 1:colcon.colcon_core.package_identification:_identify(/home/carbs/hdvio2.0/opengv) by extension 'colcon_meta'
[0.127s] Level 1:colcon.colcon_core.package_identification:_identify(/home/carbs/hdvio2.0/opengv) by extensions ['ros']
[0.127s] Level 1:colcon.colcon_core.package_identification:_identify(/home/carbs/hdvio2.0/opengv) by extension 'ros'
[0.127s] DEBUG:colcon.colcon_core.package_identification:Package '/home/carbs/hdvio2.0/opengv' with type 'ros.catkin' and name 'opengv'
[0.127s] Level 1:colcon.colcon_core.package_identification:_identify(/home/carbs/hdvio2.0/rpg_common) by extensions ['ignore', 'ignore_ament_install']
[0.128s] Level 1:colcon.colcon_core.package_identification:_identify(/home/carbs/hdvio2.0/rpg_common) by extension 'ignore'
[0.128s] Level 1:colcon.colcon_core.package_identification:_identify(/home/carbs/hdvio2.0/rpg_common) by extension 'ignore_ament_install'
[0.128s] Level 1:colcon.colcon_core.package_identification:_identify(/home/carbs/hdvio2.0/rpg_common) by extensions ['colcon_pkg']
[0.128s] Level 1:colcon.colcon_core.package_identification:_identify(/home/carbs/hdvio2.0/rpg_common) by extension 'colcon_pkg'
[0.128s] Level 1:colcon.colcon_core.package_identification:_identify(/home/carbs/hdvio2.0/rpg_common) by extensions ['colcon_meta']
[0.128s] Level 1:colcon.colcon_core.package_identification:_identify(/home/carbs/hdvio2.0/rpg_common) by extension 'colcon_meta'
[0.128s] Level 1:colcon.colcon_core.package_identification:_identify(/home/carbs/hdvio2.0/rpg_common) by extensions ['ros']
[0.128s] Level 1:colcon.colcon_core.package_identification:_identify(/home/carbs/hdvio2.0/rpg_common) by extension 'ros'
[0.128s] DEBUG:colcon.colcon_core.package_identification:Package '/home/carbs/hdvio2.0/rpg_common' with type 'ros.catkin' and name 'rpg_common'
[0.128s] Level 1:colcon.colcon_core.package_identification:_identify(/home/carbs/hdvio2.0/svo) by extensions ['ignore', 'ignore_ament_install']
[0.128s] Level 1:colcon.colcon_core.package_identification:_identify(/home/carbs/hdvio2.0/svo) by extension 'ignore'
[0.128s] Level 1:colcon.colcon_core.package_identification:_identify(/home/carbs/hdvio2.0/svo) by extension 'ignore_ament_install'
[0.129s] Level 1:colcon.colcon_core.package_identification:_identify(/home/carbs/hdvio2.0/svo) by extensions ['colcon_pkg']
[0.129s] Level 1:colcon.colcon_core.package_identification:_identify(/home/carbs/hdvio2.0/svo) by extension 'colcon_pkg'
[0.129s] Level 1:colcon.colcon_core.package_identification:_identify(/home/carbs/hdvio2.0/svo) by extensions ['colcon_meta']
[0.129s] Level 1:colcon.colcon_core.package_identification:_identify(/home/carbs/hdvio2.0/svo) by extension 'colcon_meta'
[0.129s] Level 1:colcon.colcon_core.package_identification:_identify(/home/carbs/hdvio2.0/svo) by extensions ['ros']
[0.129s] Level 1:colcon.colcon_core.package_identification:_identify(/home/carbs/hdvio2.0/svo) by extension 'ros'
[0.130s] DEBUG:colcon.colcon_core.package_identification:Package '/home/carbs/hdvio2.0/svo' with type 'ros.catkin' and name 'svo'
[0.130s] Level 1:colcon.colcon_core.package_identification:_identify(/home/carbs/hdvio2.0/svo_benchmarking) by extensions ['ignore', 'ignore_ament_install']
[0.130s] Level 1:colcon.colcon_core.package_identification:_identify(/home/carbs/hdvio2.0/svo_benchmarking) by extension 'ignore'
[0.130s] Level 1:colcon.colcon_core.package_identification:_identify(/home/carbs/hdvio2.0/svo_benchmarking) by extension 'ignore_ament_install'
[0.130s] Level 1:colcon.colcon_core.package_identification:_identify(/home/carbs/hdvio2.0/svo_benchmarking) by extensions ['colcon_pkg']
[0.130s] Level 1:colcon.colcon_core.package_identification:_identify(/home/carbs/hdvio2.0/svo_benchmarking) by extension 'colcon_pkg'
[0.130s] Level 1:colcon.colcon_core.package_identification:_identify(/home/carbs/hdvio2.0/svo_benchmarking) by extensions ['colcon_meta']
[0.131s] Level 1:colcon.colcon_core.package_identification:_identify(/home/carbs/hdvio2.0/svo_benchmarking) by extension 'colcon_meta'
[0.131s] Level 1:colcon.colcon_core.package_identification:_identify(/home/carbs/hdvio2.0/svo_benchmarking) by extensions ['ros']
[0.131s] Level 1:colcon.colcon_core.package_identification:_identify(/home/carbs/hdvio2.0/svo_benchmarking) by extension 'ros'
[0.131s] DEBUG:colcon.colcon_core.package_identification:Package '/home/carbs/hdvio2.0/svo_benchmarking' with type 'ros.catkin' and name 'svo_benchmarking'
[0.131s] Level 1:colcon.colcon_core.package_identification:_identify(/home/carbs/hdvio2.0/svo_ceres_backend) by extensions ['ignore', 'ignore_ament_install']
[0.131s] Level 1:colcon.colcon_core.package_identification:_identify(/home/carbs/hdvio2.0/svo_ceres_backend) by extension 'ignore'
[0.131s] Level 1:colcon.colcon_core.package_identification:_identify(/home/carbs/hdvio2.0/svo_ceres_backend) by extension 'ignore_ament_install'
[0.132s] Level 1:colcon.colcon_core.package_identification:_identify(/home/carbs/hdvio2.0/svo_ceres_backend) by extensions ['colcon_pkg']
[0.132s] Level 1:colcon.colcon_core.package_identification:_identify(/home/carbs/hdvio2.0/svo_ceres_backend) by extension 'colcon_pkg'
[0.132s] Level 1:colcon.colcon_core.package_identification:_identify(/home/carbs/hdvio2.0/svo_ceres_backend) by extensions ['colcon_meta']
[0.132s] Level 1:colcon.colcon_core.package_identification:_identify(/home/carbs/hdvio2.0/svo_ceres_backend) by extension 'colcon_meta'
[0.132s] Level 1:colcon.colcon_core.package_identification:_identify(/home/carbs/hdvio2.0/svo_ceres_backend) by extensions ['ros']
[0.132s] Level 1:colcon.colcon_core.package_identification:_identify(/home/carbs/hdvio2.0/svo_ceres_backend) by extension 'ros'
[0.132s] DEBUG:colcon.colcon_core.package_identification:Package '/home/carbs/hdvio2.0/svo_ceres_backend' with type 'ros.catkin' and name 'svo_ceres_backend'
[0.132s] Level 1:colcon.colcon_core.package_identification:_identify(/home/carbs/hdvio2.0/svo_cmake) by extensions ['ignore', 'ignore_ament_install']
[0.132s] Level 1:colcon.colcon_core.package_identification:_identify(/home/carbs/hdvio2.0/svo_cmake) by extension 'ignore'
[0.132s] Level 1:colcon.colcon_core.package_identification:_identify(/home/carbs/hdvio2.0/svo_cmake) by extension 'ignore_ament_install'
[0.133s] Level 1:colcon.colcon_core.package_identification:_identify(/home/carbs/hdvio2.0/svo_cmake) by extensions ['colcon_pkg']
[0.133s] Level 1:colcon.colcon_core.package_identification:_identify(/home/carbs/hdvio2.0/svo_cmake) by extension 'colcon_pkg'
[0.133s] Level 1:colcon.colcon_core.package_identification:_identify(/home/carbs/hdvio2.0/svo_cmake) by extensions ['colcon_meta']
[0.133s] Level 1:colcon.colcon_core.package_identification:_identify(/home/carbs/hdvio2.0/svo_cmake) by extension 'colcon_meta'
[0.133s] Level 1:colcon.colcon_core.package_identification:_identify(/home/carbs/hdvio2.0/svo_cmake) by extensions ['ros']
[0.133s] Level 1:colcon.colcon_core.package_identification:_identify(/home/carbs/hdvio2.0/svo_cmake) by extension 'ros'
[0.133s] DEBUG:colcon.colcon_core.package_identification:Package '/home/carbs/hdvio2.0/svo_cmake' with type 'ros.ament_cmake' and name 'svo_cmake'
[0.133s] Level 1:colcon.colcon_core.package_identification:_identify(/home/carbs/hdvio2.0/svo_common) by extensions ['ignore', 'ignore_ament_install']
[0.133s] Level 1:colcon.colcon_core.package_identification:_identify(/home/carbs/hdvio2.0/svo_common) by extension 'ignore'
[0.133s] Level 1:colcon.colcon_core.package_identification:_identify(/home/carbs/hdvio2.0/svo_common) by extension 'ignore_ament_install'
[0.133s] Level 1:colcon.colcon_core.package_identification:_identify(/home/carbs/hdvio2.0/svo_common) by extensions ['colcon_pkg']
[0.133s] Level 1:colcon.colcon_core.package_identification:_identify(/home/carbs/hdvio2.0/svo_common) by extension 'colcon_pkg'
[0.133s] Level 1:colcon.colcon_core.package_identification:_identify(/home/carbs/hdvio2.0/svo_common) by extensions ['colcon_meta']
[0.133s] Level 1:colcon.colcon_core.package_identification:_identify(/home/carbs/hdvio2.0/svo_common) by extension 'colcon_meta'
[0.133s] Level 1:colcon.colcon_core.package_identification:_identify(/home/carbs/hdvio2.0/svo_common) by extensions ['ros']
[0.133s] Level 1:colcon.colcon_core.package_identification:_identify(/home/carbs/hdvio2.0/svo_common) by extension 'ros'
[0.134s] DEBUG:colcon.colcon_core.package_identification:Package '/home/carbs/hdvio2.0/svo_common' with type 'ros.catkin' and name 'svo_common'
[0.134s] Level 1:colcon.colcon_core.package_identification:_identify(/home/carbs/hdvio2.0/svo_direct) by extensions ['ignore', 'ignore_ament_install']
[0.134s] Level 1:colcon.colcon_core.package_identification:_identify(/home/carbs/hdvio2.0/svo_direct) by extension 'ignore'
[0.134s] Level 1:colcon.colcon_core.package_identification:_identify(/home/carbs/hdvio2.0/svo_direct) by extension 'ignore_ament_install'
[0.134s] Level 1:colcon.colcon_core.package_identification:_identify(/home/carbs/hdvio2.0/svo_direct) by extensions ['colcon_pkg']
[0.134s] Level 1:colcon.colcon_core.package_identification:_identify(/home/carbs/hdvio2.0/svo_direct) by extension 'colcon_pkg'
[0.134s] Level 1:colcon.colcon_core.package_identification:_identify(/home/carbs/hdvio2.0/svo_direct) by extensions ['colcon_meta']
[0.134s] Level 1:colcon.colcon_core.package_identification:_identify(/home/carbs/hdvio2.0/svo_direct) by extension 'colcon_meta'
[0.134s] Level 1:colcon.colcon_core.package_identification:_identify(/home/carbs/hdvio2.0/svo_direct) by extensions ['ros']
[0.134s] Level 1:colcon.colcon_core.package_identification:_identify(/home/carbs/hdvio2.0/svo_direct) by extension 'ros'
[0.135s] DEBUG:colcon.colcon_core.package_identification:Package '/home/carbs/hdvio2.0/svo_direct' with type 'ros.catkin' and name 'svo_direct'
[0.135s] Level 1:colcon.colcon_core.package_identification:_identify(/home/carbs/hdvio2.0/svo_img_align) by extensions ['ignore', 'ignore_ament_install']
[0.135s] Level 1:colcon.colcon_core.package_identification:_identify(/home/carbs/hdvio2.0/svo_img_align) by extension 'ignore'
[0.135s] Level 1:colcon.colcon_core.package_identification:_identify(/home/carbs/hdvio2.0/svo_img_align) by extension 'ignore_ament_install'
[0.135s] Level 1:colcon.colcon_core.package_identification:_identify(/home/carbs/hdvio2.0/svo_img_align) by extensions ['colcon_pkg']
[0.135s] Level 1:colcon.colcon_core.package_identification:_identify(/home/carbs/hdvio2.0/svo_img_align) by extension 'colcon_pkg'
[0.135s] Level 1:colcon.colcon_core.package_identification:_identify(/home/carbs/hdvio2.0/svo_img_align) by extensions ['colcon_meta']
[0.135s] Level 1:colcon.colcon_core.package_identification:_identify(/home/carbs/hdvio2.0/svo_img_align) by extension 'colcon_meta'
[0.136s] Level 1:colcon.colcon_core.package_identification:_identify(/home/carbs/hdvio2.0/svo_img_align) by extensions ['ros']
[0.136s] Level 1:colcon.colcon_core.package_identification:_identify(/home/carbs/hdvio2.0/svo_img_align) by extension 'ros'
[0.136s] DEBUG:colcon.colcon_core.package_identification:Package '/home/carbs/hdvio2.0/svo_img_align' with type 'ros.catkin' and name 'svo_img_align'
[0.136s] Level 1:colcon.colcon_core.package_identification:_identify(/home/carbs/hdvio2.0/svo_msgs) by extensions ['ignore', 'ignore_ament_install']
[0.136s] Level 1:colcon.colcon_core.package_identification:_identify(/home/carbs/hdvio2.0/svo_msgs) by extension 'ignore'
[0.136s] Level 1:colcon.colcon_core.package_identification:_identify(/home/carbs/hdvio2.0/svo_msgs) by extension 'ignore_ament_install'
[0.136s] Level 1:colcon.colcon_core.package_identification:_identify(/home/carbs/hdvio2.0/svo_msgs) by extensions ['colcon_pkg']
[0.136s] Level 1:colcon.colcon_core.package_identification:_identify(/home/carbs/hdvio2.0/svo_msgs) by extension 'colcon_pkg'
[0.137s] Level 1:colcon.colcon_core.package_identification:_identify(/home/carbs/hdvio2.0/svo_msgs) by extensions ['colcon_meta']
[0.137s] Level 1:colcon.colcon_core.package_identification:_identify(/home/carbs/hdvio2.0/svo_msgs) by extension 'colcon_meta'
[0.137s] Level 1:colcon.colcon_core.package_identification:_identify(/home/carbs/hdvio2.0/svo_msgs) by extensions ['ros']
[0.137s] Level 1:colcon.colcon_core.package_identification:_identify(/home/carbs/hdvio2.0/svo_msgs) by extension 'ros'
[0.137s] DEBUG:colcon.colcon_core.package_identification:Package '/home/carbs/hdvio2.0/svo_msgs' with type 'ros.ament_cmake' and name 'svo_msgs'
[0.137s] Level 1:colcon.colcon_core.package_identification:_identify(/home/carbs/hdvio2.0/svo_test_utils) by extensions ['ignore', 'ignore_ament_install']
[0.137s] Level 1:colcon.colcon_core.package_identification:_identify(/home/carbs/hdvio2.0/svo_test_utils) by extension 'ignore'
[0.137s] Level 1:colcon.colcon_core.package_identification:_identify(/home/carbs/hdvio2.0/svo_test_utils) by extension 'ignore_ament_install'
[0.137s] Level 1:colcon.colcon_core.package_identification:_identify(/home/carbs/hdvio2.0/svo_test_utils) by extensions ['colcon_pkg']
[0.137s] Level 1:colcon.colcon_core.package_identification:_identify(/home/carbs/hdvio2.0/svo_test_utils) by extension 'colcon_pkg'
[0.137s] Level 1:colcon.colcon_core.package_identification:_identify(/home/carbs/hdvio2.0/svo_test_utils) by extensions ['colcon_meta']
[0.137s] Level 1:colcon.colcon_core.package_identification:_identify(/home/carbs/hdvio2.0/svo_test_utils) by extension 'colcon_meta'
[0.137s] Level 1:colcon.colcon_core.package_identification:_identify(/home/carbs/hdvio2.0/svo_test_utils) by extensions ['ros']
[0.137s] Level 1:colcon.colcon_core.package_identification:_identify(/home/carbs/hdvio2.0/svo_test_utils) by extension 'ros'
[0.138s] DEBUG:colcon.colcon_core.package_identification:Package '/home/carbs/hdvio2.0/svo_test_utils' with type 'ros.catkin' and name 'svo_test_utils'
[0.138s] Level 1:colcon.colcon_core.package_identification:_identify(/home/carbs/hdvio2.0/svo_tracker) by extensions ['ignore', 'ignore_ament_install']
[0.138s] Level 1:colcon.colcon_core.package_identification:_identify(/home/carbs/hdvio2.0/svo_tracker) by extension 'ignore'
[0.138s] Level 1:colcon.colcon_core.package_identification:_identify(/home/carbs/hdvio2.0/svo_tracker) by extension 'ignore_ament_install'
[0.138s] Level 1:colcon.colcon_core.package_identification:_identify(/home/carbs/hdvio2.0/svo_tracker) by extensions ['colcon_pkg']
[0.138s] Level 1:colcon.colcon_core.package_identification:_identify(/home/carbs/hdvio2.0/svo_tracker) by extension 'colcon_pkg'
[0.138s] Level 1:colcon.colcon_core.package_identification:_identify(/home/carbs/hdvio2.0/svo_tracker) by extensions ['colcon_meta']
[0.138s] Level 1:colcon.colcon_core.package_identification:_identify(/home/carbs/hdvio2.0/svo_tracker) by extension 'colcon_meta'
[0.139s] Level 1:colcon.colcon_core.package_identification:_identify(/home/carbs/hdvio2.0/svo_tracker) by extensions ['ros']
[0.139s] Level 1:colcon.colcon_core.package_identification:_identify(/home/carbs/hdvio2.0/svo_tracker) by extension 'ros'
[0.139s] DEBUG:colcon.colcon_core.package_identification:Package '/home/carbs/hdvio2.0/svo_tracker' with type 'ros.catkin' and name 'svo_tracker'
[0.139s] Level 1:colcon.colcon_core.package_identification:_identify(/home/carbs/hdvio2.0/svo_vio_common) by extensions ['ignore', 'ignore_ament_install']
[0.139s] Level 1:colcon.colcon_core.package_identification:_identify(/home/carbs/hdvio2.0/svo_vio_common) by extension 'ignore'
[0.139s] Level 1:colcon.colcon_core.package_identification:_identify(/home/carbs/hdvio2.0/svo_vio_common) by extension 'ignore_ament_install'
[0.139s] Level 1:colcon.colcon_core.package_identification:_identify(/home/carbs/hdvio2.0/svo_vio_common) by extensions ['colcon_pkg']
[0.139s] Level 1:colcon.colcon_core.package_identification:_identify(/home/carbs/hdvio2.0/svo_vio_common) by extension 'colcon_pkg'
[0.139s] Level 1:colcon.colcon_core.package_identification:_identify(/home/carbs/hdvio2.0/svo_vio_common) by extensions ['colcon_meta']
[0.139s] Level 1:colcon.colcon_core.package_identification:_identify(/home/carbs/hdvio2.0/svo_vio_common) by extension 'colcon_meta'
[0.140s] Level 1:colcon.colcon_core.package_identification:_identify(/home/carbs/hdvio2.0/svo_vio_common) by extensions ['ros']
[0.140s] Level 1:colcon.colcon_core.package_identification:_identify(/home/carbs/hdvio2.0/svo_vio_common) by extension 'ros'
[0.140s] DEBUG:colcon.colcon_core.package_identification:Package '/home/carbs/hdvio2.0/svo_vio_common' with type 'ros.catkin' and name 'svo_vio_common'
[0.140s] Level 1:colcon.colcon_core.package_identification:_identify(/home/carbs/hdvio2.0/vikit) by extensions ['ignore', 'ignore_ament_install']
[0.140s] Level 1:colcon.colcon_core.package_identification:_identify(/home/carbs/hdvio2.0/vikit) by extension 'ignore'
[0.140s] Level 1:colcon.colcon_core.package_identification:_identify(/home/carbs/hdvio2.0/vikit) by extension 'ignore_ament_install'
[0.140s] Level 1:colcon.colcon_core.package_identification:_identify(/home/carbs/hdvio2.0/vikit) by extensions ['colcon_pkg']
[0.140s] Level 1:colcon.colcon_core.package_identification:_identify(/home/carbs/hdvio2.0/vikit) by extension 'colcon_pkg'
[0.140s] Level 1:colcon.colcon_core.package_identification:_identify(/home/carbs/hdvio2.0/vikit) by extensions ['colcon_meta']
[0.140s] Level 1:colcon.colcon_core.package_identification:_identify(/home/carbs/hdvio2.0/vikit) by extension 'colcon_meta'
[0.141s] Level 1:colcon.colcon_core.package_identification:_identify(/home/carbs/hdvio2.0/vikit) by extensions ['ros']
[0.141s] Level 1:colcon.colcon_core.package_identification:_identify(/home/carbs/hdvio2.0/vikit) by extension 'ros'
[0.141s] Level 1:colcon.colcon_core.package_identification:_identify(/home/carbs/hdvio2.0/vikit) by extensions ['cmake', 'python']
[0.141s] Level 1:colcon.colcon_core.package_identification:_identify(/home/carbs/hdvio2.0/vikit) by extension 'cmake'
[0.141s] Level 1:colcon.colcon_core.package_identification:_identify(/home/carbs/hdvio2.0/vikit) by extension 'python'
[0.141s] Level 1:colcon.colcon_core.package_identification:_identify(/home/carbs/hdvio2.0/vikit) by extensions ['python_setup_py']
[0.141s] Level 1:colcon.colcon_core.package_identification:_identify(/home/carbs/hdvio2.0/vikit) by extension 'python_setup_py'
[0.141s] Level 1:colcon.colcon_core.package_identification:_identify(/home/carbs/hdvio2.0/vikit/vikit_cameras) by extensions ['ignore', 'ignore_ament_install']
[0.141s] Level 1:colcon.colcon_core.package_identification:_identify(/home/carbs/hdvio2.0/vikit/vikit_cameras) by extension 'ignore'
[0.141s] Level 1:colcon.colcon_core.package_identification:_identify(/home/carbs/hdvio2.0/vikit/vikit_cameras) by extension 'ignore_ament_install'
[0.141s] Level 1:colcon.colcon_core.package_identification:_identify(/home/carbs/hdvio2.0/vikit/vikit_cameras) by extensions ['colcon_pkg']
[0.141s] Level 1:colcon.colcon_core.package_identification:_identify(/home/carbs/hdvio2.0/vikit/vikit_cameras) by extension 'colcon_pkg'
[0.141s] Level 1:colcon.colcon_core.package_identification:_identify(/home/carbs/hdvio2.0/vikit/vikit_cameras) by extensions ['colcon_meta']
[0.141s] Level 1:colcon.colcon_core.package_identification:_identify(/home/carbs/hdvio2.0/vikit/vikit_cameras) by extension 'colcon_meta'
[0.141s] Level 1:colcon.colcon_core.package_identification:_identify(/home/carbs/hdvio2.0/vikit/vikit_cameras) by extensions ['ros']
[0.141s] Level 1:colcon.colcon_core.package_identification:_identify(/home/carbs/hdvio2.0/vikit/vikit_cameras) by extension 'ros'
[0.142s] DEBUG:colcon.colcon_core.package_identification:Package '/home/carbs/hdvio2.0/vikit/vikit_cameras' with type 'ros.catkin' and name 'vikit_cameras'
[0.142s] Level 1:colcon.colcon_core.package_identification:_identify(/home/carbs/hdvio2.0/vikit/vikit_common) by extensions ['ignore', 'ignore_ament_install']
[0.142s] Level 1:colcon.colcon_core.package_identification:_identify(/home/carbs/hdvio2.0/vikit/vikit_common) by extension 'ignore'
[0.142s] Level 1:colcon.colcon_core.package_identification:_identify(/home/carbs/hdvio2.0/vikit/vikit_common) by extension 'ignore_ament_install'
[0.142s] Level 1:colcon.colcon_core.package_identification:_identify(/home/carbs/hdvio2.0/vikit/vikit_common) by extensions ['colcon_pkg']
[0.142s] Level 1:colcon.colcon_core.package_identification:_identify(/home/carbs/hdvio2.0/vikit/vikit_common) by extension 'colcon_pkg'
[0.142s] Level 1:colcon.colcon_core.package_identification:_identify(/home/carbs/hdvio2.0/vikit/vikit_common) by extensions ['colcon_meta']
[0.142s] Level 1:colcon.colcon_core.package_identification:_identify(/home/carbs/hdvio2.0/vikit/vikit_common) by extension 'colcon_meta'
[0.142s] Level 1:colcon.colcon_core.package_identification:_identify(/home/carbs/hdvio2.0/vikit/vikit_common) by extensions ['ros']
[0.142s] Level 1:colcon.colcon_core.package_identification:_identify(/home/carbs/hdvio2.0/vikit/vikit_common) by extension 'ros'
[0.143s] DEBUG:colcon.colcon_core.package_identification:Package '/home/carbs/hdvio2.0/vikit/vikit_common' with type 'ros.catkin' and name 'vikit_common'
[0.143s] Level 1:colcon.colcon_core.package_identification:_identify(/home/carbs/hdvio2.0/vikit/vikit_py) by extensions ['ignore', 'ignore_ament_install']
[0.143s] Level 1:colcon.colcon_core.package_identification:_identify(/home/carbs/hdvio2.0/vikit/vikit_py) by extension 'ignore'
[0.143s] Level 1:colcon.colcon_core.package_identification:_identify(/home/carbs/hdvio2.0/vikit/vikit_py) by extension 'ignore_ament_install'
[0.143s] Level 1:colcon.colcon_core.package_identification:_identify(/home/carbs/hdvio2.0/vikit/vikit_py) by extensions ['colcon_pkg']
[0.143s] Level 1:colcon.colcon_core.package_identification:_identify(/home/carbs/hdvio2.0/vikit/vikit_py) by extension 'colcon_pkg'
[0.143s] Level 1:colcon.colcon_core.package_identification:_identify(/home/carbs/hdvio2.0/vikit/vikit_py) by extensions ['colcon_meta']
[0.143s] Level 1:colcon.colcon_core.package_identification:_identify(/home/carbs/hdvio2.0/vikit/vikit_py) by extension 'colcon_meta'
[0.143s] Level 1:colcon.colcon_core.package_identification:_identify(/home/carbs/hdvio2.0/vikit/vikit_py) by extensions ['ros']
[0.143s] Level 1:colcon.colcon_core.package_identification:_identify(/home/carbs/hdvio2.0/vikit/vikit_py) by extension 'ros'
[0.144s] DEBUG:colcon.colcon_core.package_identification:Package '/home/carbs/hdvio2.0/vikit/vikit_py' with type 'ros.catkin' and name 'vikit_py'
[0.144s] Level 1:colcon.colcon_core.package_identification:_identify(/home/carbs/hdvio2.0/vikit/vikit_ros) by extensions ['ignore', 'ignore_ament_install']
[0.144s] Level 1:colcon.colcon_core.package_identification:_identify(/home/carbs/hdvio2.0/vikit/vikit_ros) by extension 'ignore'
[0.144s] Level 1:colcon.colcon_core.package_identification:_identify(/home/carbs/hdvio2.0/vikit/vikit_ros) by extension 'ignore_ament_install'
[0.144s] Level 1:colcon.colcon_core.package_identification:_identify(/home/carbs/hdvio2.0/vikit/vikit_ros) by extensions ['colcon_pkg']
[0.144s] Level 1:colcon.colcon_core.package_identification:_identify(/home/carbs/hdvio2.0/vikit/vikit_ros) by extension 'colcon_pkg'
[0.144s] Level 1:colcon.colcon_core.package_identification:_identify(/home/carbs/hdvio2.0/vikit/vikit_ros) by extensions ['colcon_meta']
[0.144s] Level 1:colcon.colcon_core.package_identification:_identify(/home/carbs/hdvio2.0/vikit/vikit_ros) by extension 'colcon_meta'
[0.144s] Level 1:colcon.colcon_core.package_identification:_identify(/home/carbs/hdvio2.0/vikit/vikit_ros) by extensions ['ros']
[0.144s] Level 1:colcon.colcon_core.package_identification:_identify(/home/carbs/hdvio2.0/vikit/vikit_ros) by extension 'ros'
[0.145s] DEBUG:colcon.colcon_core.package_identification:Package '/home/carbs/hdvio2.0/vikit/vikit_ros' with type 'ros.catkin' and name 'vikit_ros'
[0.145s] Level 1:colcon.colcon_core.package_identification:_identify(/home/carbs/hdvio2.0/vikit/vikit_solver) by extensions ['ignore', 'ignore_ament_install']
[0.145s] Level 1:colcon.colcon_core.package_identification:_identify(/home/carbs/hdvio2.0/vikit/vikit_solver) by extension 'ignore'
[0.145s] Level 1:colcon.colcon_core.package_identification:_identify(/home/carbs/hdvio2.0/vikit/vikit_solver) by extension 'ignore_ament_install'
[0.145s] Level 1:colcon.colcon_core.package_identification:_identify(/home/carbs/hdvio2.0/vikit/vikit_solver) by extensions ['colcon_pkg']
[0.145s] Level 1:colcon.colcon_core.package_identification:_identify(/home/carbs/hdvio2.0/vikit/vikit_solver) by extension 'colcon_pkg'
[0.145s] Level 1:colcon.colcon_core.package_identification:_identify(/home/carbs/hdvio2.0/vikit/vikit_solver) by extensions ['colcon_meta']
[0.145s] Level 1:colcon.colcon_core.package_identification:_identify(/home/carbs/hdvio2.0/vikit/vikit_solver) by extension 'colcon_meta'
[0.145s] Level 1:colcon.colcon_core.package_identification:_identify(/home/carbs/hdvio2.0/vikit/vikit_solver) by extensions ['ros']
[0.145s] Level 1:colcon.colcon_core.package_identification:_identify(/home/carbs/hdvio2.0/vikit/vikit_solver) by extension 'ros'
[0.146s] DEBUG:colcon.colcon_core.package_identification:Package '/home/carbs/hdvio2.0/vikit/vikit_solver' with type 'ros.catkin' and name 'vikit_solver'
[0.146s] Level 1:colcon.colcon_core.package_discovery:discover_packages(recursive) using defaults
