[0.078s] DEBUG:colcon:Command line arguments: ['/usr/bin/colcon', 'build', '--base-paths', '/home/carbs/hdvio2.0', '--packages-select', 'svo_cmake', 'svo_msgs', 'eigen_checks', 'minkindr', '--cmake-args', '-DBUILD_TESTING=OFF']
[0.078s] DEBUG:colcon:Parsed command line arguments: Namespace(log_base=None, log_level=None, verb_name='build', build_base='build', install_base='install', merge_install=False, symlink_install=False, test_result_base=None, continue_on_error=False, executor='parallel', parallel_workers=24, event_handlers=None, ignore_user_meta=False, metas=['./colcon.meta'], base_paths=['/home/carbs/hdvio2.0'], packages_ignore=None, packages_ignore_regex=None, paths=None, packages_up_to=None, packages_up_to_regex=None, packages_above=None, packages_above_and_dependencies=None, packages_above_depth=None, packages_select_by_dep=None, packages_skip_by_dep=None, packages_skip_up_to=None, packages_select_build_failed=False, packages_skip_build_finished=False, packages_select_test_failures=False, packages_skip_test_passed=False, packages_select=['svo_cmake', 'svo_msgs', 'eigen_checks', 'minkindr'], packages_skip=None, packages_select_regex=None, packages_skip_regex=None, packages_start=None, packages_end=None, allow_overriding=[], cmake_args=['-DBUILD_TESTING=OFF'], cmake_target=None, cmake_target_skip_unavailable=False, cmake_clean_cache=False, cmake_clean_first=False, cmake_force_configure=False, ament_cmake_args=None, catkin_cmake_args=None, catkin_skip_building_tests=False, mixin_files=None, mixin=None, verb_parser=<colcon_mixin.mixin.mixin_argument.MixinArgumentDecorator object at 0x7b8ea266b970>, verb_extension=<colcon_core.verb.build.BuildVerb object at 0x7b8ea266b4c0>, main=<bound method BuildVerb.main of <colcon_core.verb.build.BuildVerb object at 0x7b8ea266b4c0>>, mixin_verb=('build',))
[0.107s] Level 1:colcon.colcon_core.package_discovery:discover_packages(colcon_meta) check parameters
[0.107s] Level 1:colcon.colcon_core.package_discovery:discover_packages(recursive) check parameters
[0.107s] Level 1:colcon.colcon_core.package_discovery:discover_packages(ignore) check parameters
[0.107s] Level 1:colcon.colcon_core.package_discovery:discover_packages(path) check parameters
[0.107s] Level 1:colcon.colcon_core.package_discovery:discover_packages(recursive) discover
[0.107s] INFO:colcon.colcon_core.package_discovery:Crawling recursively for packages in '/home/carbs/hdvio2.0'
[0.107s] Level 1:colcon.colcon_core.package_identification:_identify(/home/carbs/hdvio2.0) by extensions ['ignore', 'ignore_ament_install']
[0.107s] Level 1:colcon.colcon_core.package_identification:_identify(/home/carbs/hdvio2.0) by extension 'ignore'
[0.107s] Level 1:colcon.colcon_core.package_identification:_identify(/home/carbs/hdvio2.0) by extension 'ignore_ament_install'
[0.107s] Level 1:colcon.colcon_core.package_identification:_identify(/home/carbs/hdvio2.0) by extensions ['colcon_pkg']
[0.107s] Level 1:colcon.colcon_core.package_identification:_identify(/home/carbs/hdvio2.0) by extension 'colcon_pkg'
[0.107s] Level 1:colcon.colcon_core.package_identification:_identify(/home/carbs/hdvio2.0) by extensions ['colcon_meta']
[0.107s] Level 1:colcon.colcon_core.package_identification:_identify(/home/carbs/hdvio2.0) by extension 'colcon_meta'
[0.107s] Level 1:colcon.colcon_core.package_identification:_identify(/home/carbs/hdvio2.0) by extensions ['ros']
[0.107s] Level 1:colcon.colcon_core.package_identification:_identify(/home/carbs/hdvio2.0) by extension 'ros'
[0.118s] Level 1:colcon.colcon_core.package_identification:_identify(/home/carbs/hdvio2.0) by extensions ['cmake', 'python']
[0.119s] Level 1:colcon.colcon_core.package_identification:_identify(/home/carbs/hdvio2.0) by extension 'cmake'
[0.119s] Level 1:colcon.colcon_core.package_identification:_identify(/home/carbs/hdvio2.0) by extension 'python'
[0.119s] Level 1:colcon.colcon_core.package_identification:_identify(/home/carbs/hdvio2.0) by extensions ['python_setup_py']
[0.119s] Level 1:colcon.colcon_core.package_identification:_identify(/home/carbs/hdvio2.0) by extension 'python_setup_py'
[0.119s] Level 1:colcon.colcon_core.package_identification:_identify(/home/carbs/hdvio2.0/build) by extensions ['ignore', 'ignore_ament_install']
[0.119s] Level 1:colcon.colcon_core.package_identification:_identify(/home/carbs/hdvio2.0/build) by extension 'ignore'
[0.119s] Level 1:colcon.colcon_core.package_identification:_identify(/home/carbs/hdvio2.0/build) ignored
[0.119s] Level 1:colcon.colcon_core.package_identification:_identify(/home/carbs/hdvio2.0/catkin_simple) by extensions ['ignore', 'ignore_ament_install']
[0.119s] Level 1:colcon.colcon_core.package_identification:_identify(/home/carbs/hdvio2.0/catkin_simple) by extension 'ignore'
[0.119s] Level 1:colcon.colcon_core.package_identification:_identify(/home/carbs/hdvio2.0/catkin_simple) by extension 'ignore_ament_install'
[0.119s] Level 1:colcon.colcon_core.package_identification:_identify(/home/carbs/hdvio2.0/catkin_simple) by extensions ['colcon_pkg']
[0.119s] Level 1:colcon.colcon_core.package_identification:_identify(/home/carbs/hdvio2.0/catkin_simple) by extension 'colcon_pkg'
[0.119s] Level 1:colcon.colcon_core.package_identification:_identify(/home/carbs/hdvio2.0/catkin_simple) by extensions ['colcon_meta']
[0.119s] Level 1:colcon.colcon_core.package_identification:_identify(/home/carbs/hdvio2.0/catkin_simple) by extension 'colcon_meta'
[0.119s] Level 1:colcon.colcon_core.package_identification:_identify(/home/carbs/hdvio2.0/catkin_simple) by extensions ['ros']
[0.119s] Level 1:colcon.colcon_core.package_identification:_identify(/home/carbs/hdvio2.0/catkin_simple) by extension 'ros'
[0.121s] DEBUG:colcon.colcon_core.package_identification:Package '/home/carbs/hdvio2.0/catkin_simple' with type 'ros.catkin' and name 'catkin_simple'
[0.121s] Level 1:colcon.colcon_core.package_identification:_identify(/home/carbs/hdvio2.0/ceres_catkin) by extensions ['ignore', 'ignore_ament_install']
[0.121s] Level 1:colcon.colcon_core.package_identification:_identify(/home/carbs/hdvio2.0/ceres_catkin) by extension 'ignore'
[0.121s] Level 1:colcon.colcon_core.package_identification:_identify(/home/carbs/hdvio2.0/ceres_catkin) by extension 'ignore_ament_install'
[0.121s] Level 1:colcon.colcon_core.package_identification:_identify(/home/carbs/hdvio2.0/ceres_catkin) by extensions ['colcon_pkg']
[0.121s] Level 1:colcon.colcon_core.package_identification:_identify(/home/carbs/hdvio2.0/ceres_catkin) by extension 'colcon_pkg'
[0.121s] Level 1:colcon.colcon_core.package_identification:_identify(/home/carbs/hdvio2.0/ceres_catkin) by extensions ['colcon_meta']
[0.121s] Level 1:colcon.colcon_core.package_identification:_identify(/home/carbs/hdvio2.0/ceres_catkin) by extension 'colcon_meta'
[0.121s] Level 1:colcon.colcon_core.package_identification:_identify(/home/carbs/hdvio2.0/ceres_catkin) by extensions ['ros']
[0.121s] Level 1:colcon.colcon_core.package_identification:_identify(/home/carbs/hdvio2.0/ceres_catkin) by extension 'ros'
[0.122s] DEBUG:colcon.colcon_core.package_identification:Package '/home/carbs/hdvio2.0/ceres_catkin' with type 'ros.catkin' and name 'ceres_catkin'
[0.122s] Level 1:colcon.colcon_core.package_identification:_identify(/home/carbs/hdvio2.0/eigen_catkin) by extensions ['ignore', 'ignore_ament_install']
[0.122s] Level 1:colcon.colcon_core.package_identification:_identify(/home/carbs/hdvio2.0/eigen_catkin) by extension 'ignore'
[0.122s] Level 1:colcon.colcon_core.package_identification:_identify(/home/carbs/hdvio2.0/eigen_catkin) by extension 'ignore_ament_install'
[0.122s] Level 1:colcon.colcon_core.package_identification:_identify(/home/carbs/hdvio2.0/eigen_catkin) by extensions ['colcon_pkg']
[0.122s] Level 1:colcon.colcon_core.package_identification:_identify(/home/carbs/hdvio2.0/eigen_catkin) by extension 'colcon_pkg'
[0.122s] Level 1:colcon.colcon_core.package_identification:_identify(/home/carbs/hdvio2.0/eigen_catkin) by extensions ['colcon_meta']
[0.122s] Level 1:colcon.colcon_core.package_identification:_identify(/home/carbs/hdvio2.0/eigen_catkin) by extension 'colcon_meta'
[0.122s] Level 1:colcon.colcon_core.package_identification:_identify(/home/carbs/hdvio2.0/eigen_catkin) by extensions ['ros']
[0.122s] Level 1:colcon.colcon_core.package_identification:_identify(/home/carbs/hdvio2.0/eigen_catkin) by extension 'ros'
[0.122s] DEBUG:colcon.colcon_core.package_identification:Package '/home/carbs/hdvio2.0/eigen_catkin' with type 'ros.catkin' and name 'eigen_catkin'
[0.122s] Level 1:colcon.colcon_core.package_identification:_identify(/home/carbs/hdvio2.0/eigen_checks) by extensions ['ignore', 'ignore_ament_install']
[0.122s] Level 1:colcon.colcon_core.package_identification:_identify(/home/carbs/hdvio2.0/eigen_checks) by extension 'ignore'
[0.123s] Level 1:colcon.colcon_core.package_identification:_identify(/home/carbs/hdvio2.0/eigen_checks) by extension 'ignore_ament_install'
[0.123s] Level 1:colcon.colcon_core.package_identification:_identify(/home/carbs/hdvio2.0/eigen_checks) by extensions ['colcon_pkg']
[0.123s] Level 1:colcon.colcon_core.package_identification:_identify(/home/carbs/hdvio2.0/eigen_checks) by extension 'colcon_pkg'
[0.123s] Level 1:colcon.colcon_core.package_identification:_identify(/home/carbs/hdvio2.0/eigen_checks) by extensions ['colcon_meta']
[0.123s] Level 1:colcon.colcon_core.package_identification:_identify(/home/carbs/hdvio2.0/eigen_checks) by extension 'colcon_meta'
[0.123s] Level 1:colcon.colcon_core.package_identification:_identify(/home/carbs/hdvio2.0/eigen_checks) by extensions ['ros']
[0.123s] Level 1:colcon.colcon_core.package_identification:_identify(/home/carbs/hdvio2.0/eigen_checks) by extension 'ros'
[0.123s] DEBUG:colcon.colcon_core.package_identification:Package '/home/carbs/hdvio2.0/eigen_checks' with type 'ros.ament_cmake' and name 'eigen_checks'
[0.123s] Level 1:colcon.colcon_core.package_identification:_identify(/home/carbs/hdvio2.0/fast_neon) by extensions ['ignore', 'ignore_ament_install']
[0.123s] Level 1:colcon.colcon_core.package_identification:_identify(/home/carbs/hdvio2.0/fast_neon) by extension 'ignore'
[0.123s] Level 1:colcon.colcon_core.package_identification:_identify(/home/carbs/hdvio2.0/fast_neon) by extension 'ignore_ament_install'
[0.123s] Level 1:colcon.colcon_core.package_identification:_identify(/home/carbs/hdvio2.0/fast_neon) by extensions ['colcon_pkg']
[0.123s] Level 1:colcon.colcon_core.package_identification:_identify(/home/carbs/hdvio2.0/fast_neon) by extension 'colcon_pkg'
[0.123s] Level 1:colcon.colcon_core.package_identification:_identify(/home/carbs/hdvio2.0/fast_neon) by extensions ['colcon_meta']
[0.123s] Level 1:colcon.colcon_core.package_identification:_identify(/home/carbs/hdvio2.0/fast_neon) by extension 'colcon_meta'
[0.124s] Level 1:colcon.colcon_core.package_identification:_identify(/home/carbs/hdvio2.0/fast_neon) by extensions ['ros']
[0.124s] Level 1:colcon.colcon_core.package_identification:_identify(/home/carbs/hdvio2.0/fast_neon) by extension 'ros'
[0.124s] DEBUG:colcon.colcon_core.package_identification:Package '/home/carbs/hdvio2.0/fast_neon' with type 'ros.catkin' and name 'fast'
[0.124s] Level 1:colcon.colcon_core.package_identification:_identify(/home/carbs/hdvio2.0/gflags_catkin) by extensions ['ignore', 'ignore_ament_install']
[0.124s] Level 1:colcon.colcon_core.package_identification:_identify(/home/carbs/hdvio2.0/gflags_catkin) by extension 'ignore'
[0.124s] Level 1:colcon.colcon_core.package_identification:_identify(/home/carbs/hdvio2.0/gflags_catkin) by extension 'ignore_ament_install'
[0.124s] Level 1:colcon.colcon_core.package_identification:_identify(/home/carbs/hdvio2.0/gflags_catkin) by extensions ['colcon_pkg']
[0.124s] Level 1:colcon.colcon_core.package_identification:_identify(/home/carbs/hdvio2.0/gflags_catkin) by extension 'colcon_pkg'
[0.124s] Level 1:colcon.colcon_core.package_identification:_identify(/home/carbs/hdvio2.0/gflags_catkin) by extensions ['colcon_meta']
[0.124s] Level 1:colcon.colcon_core.package_identification:_identify(/home/carbs/hdvio2.0/gflags_catkin) by extension 'colcon_meta'
[0.124s] Level 1:colcon.colcon_core.package_identification:_identify(/home/carbs/hdvio2.0/gflags_catkin) by extensions ['ros']
[0.124s] Level 1:colcon.colcon_core.package_identification:_identify(/home/carbs/hdvio2.0/gflags_catkin) by extension 'ros'
[0.124s] DEBUG:colcon.colcon_core.package_identification:Package '/home/carbs/hdvio2.0/gflags_catkin' with type 'ros.catkin' and name 'gflags_catkin'
[0.125s] Level 1:colcon.colcon_core.package_identification:_identify(/home/carbs/hdvio2.0/glog_catkin) by extensions ['ignore', 'ignore_ament_install']
[0.125s] Level 1:colcon.colcon_core.package_identification:_identify(/home/carbs/hdvio2.0/glog_catkin) by extension 'ignore'
[0.125s] Level 1:colcon.colcon_core.package_identification:_identify(/home/carbs/hdvio2.0/glog_catkin) by extension 'ignore_ament_install'
[0.125s] Level 1:colcon.colcon_core.package_identification:_identify(/home/carbs/hdvio2.0/glog_catkin) by extensions ['colcon_pkg']
[0.125s] Level 1:colcon.colcon_core.package_identification:_identify(/home/carbs/hdvio2.0/glog_catkin) by extension 'colcon_pkg'
[0.125s] Level 1:colcon.colcon_core.package_identification:_identify(/home/carbs/hdvio2.0/glog_catkin) by extensions ['colcon_meta']
[0.125s] Level 1:colcon.colcon_core.package_identification:_identify(/home/carbs/hdvio2.0/glog_catkin) by extension 'colcon_meta'
[0.125s] Level 1:colcon.colcon_core.package_identification:_identify(/home/carbs/hdvio2.0/glog_catkin) by extensions ['ros']
[0.125s] Level 1:colcon.colcon_core.package_identification:_identify(/home/carbs/hdvio2.0/glog_catkin) by extension 'ros'
[0.125s] DEBUG:colcon.colcon_core.package_identification:Package '/home/carbs/hdvio2.0/glog_catkin' with type 'ros.catkin' and name 'glog_catkin'
[0.125s] Level 1:colcon.colcon_core.package_identification:_identify(/home/carbs/hdvio2.0/hdvio2) by extensions ['ignore', 'ignore_ament_install']
[0.125s] Level 1:colcon.colcon_core.package_identification:_identify(/home/carbs/hdvio2.0/hdvio2) by extension 'ignore'
[0.125s] Level 1:colcon.colcon_core.package_identification:_identify(/home/carbs/hdvio2.0/hdvio2) by extension 'ignore_ament_install'
[0.125s] Level 1:colcon.colcon_core.package_identification:_identify(/home/carbs/hdvio2.0/hdvio2) by extensions ['colcon_pkg']
[0.126s] Level 1:colcon.colcon_core.package_identification:_identify(/home/carbs/hdvio2.0/hdvio2) by extension 'colcon_pkg'
[0.126s] Level 1:colcon.colcon_core.package_identification:_identify(/home/carbs/hdvio2.0/hdvio2) by extensions ['colcon_meta']
[0.126s] Level 1:colcon.colcon_core.package_identification:_identify(/home/carbs/hdvio2.0/hdvio2) by extension 'colcon_meta'
[0.126s] Level 1:colcon.colcon_core.package_identification:_identify(/home/carbs/hdvio2.0/hdvio2) by extensions ['ros']
[0.126s] Level 1:colcon.colcon_core.package_identification:_identify(/home/carbs/hdvio2.0/hdvio2) by extension 'ros'
[0.127s] DEBUG:colcon.colcon_core.package_identification:Package '/home/carbs/hdvio2.0/hdvio2' with type 'ros.catkin' and name 'hdvio2'
[0.127s] Level 1:colcon.colcon_core.package_identification:_identify(/home/carbs/hdvio2.0/img) by extensions ['ignore', 'ignore_ament_install']
[0.128s] Level 1:colcon.colcon_core.package_identification:_identify(/home/carbs/hdvio2.0/img) by extension 'ignore'
[0.128s] Level 1:colcon.colcon_core.package_identification:_identify(/home/carbs/hdvio2.0/img) by extension 'ignore_ament_install'
[0.128s] Level 1:colcon.colcon_core.package_identification:_identify(/home/carbs/hdvio2.0/img) by extensions ['colcon_pkg']
[0.128s] Level 1:colcon.colcon_core.package_identification:_identify(/home/carbs/hdvio2.0/img) by extension 'colcon_pkg'
[0.128s] Level 1:colcon.colcon_core.package_identification:_identify(/home/carbs/hdvio2.0/img) by extensions ['colcon_meta']
[0.128s] Level 1:colcon.colcon_core.package_identification:_identify(/home/carbs/hdvio2.0/img) by extension 'colcon_meta'
[0.128s] Level 1:colcon.colcon_core.package_identification:_identify(/home/carbs/hdvio2.0/img) by extensions ['ros']
[0.128s] Level 1:colcon.colcon_core.package_identification:_identify(/home/carbs/hdvio2.0/img) by extension 'ros'
[0.128s] Level 1:colcon.colcon_core.package_identification:_identify(/home/carbs/hdvio2.0/img) by extensions ['cmake', 'python']
[0.128s] Level 1:colcon.colcon_core.package_identification:_identify(/home/carbs/hdvio2.0/img) by extension 'cmake'
[0.128s] Level 1:colcon.colcon_core.package_identification:_identify(/home/carbs/hdvio2.0/img) by extension 'python'
[0.128s] Level 1:colcon.colcon_core.package_identification:_identify(/home/carbs/hdvio2.0/img) by extensions ['python_setup_py']
[0.128s] Level 1:colcon.colcon_core.package_identification:_identify(/home/carbs/hdvio2.0/img) by extension 'python_setup_py'
[0.128s] Level 1:colcon.colcon_core.package_identification:_identify(/home/carbs/hdvio2.0/install) by extensions ['ignore', 'ignore_ament_install']
[0.128s] Level 1:colcon.colcon_core.package_identification:_identify(/home/carbs/hdvio2.0/install) by extension 'ignore'
[0.128s] Level 1:colcon.colcon_core.package_identification:_identify(/home/carbs/hdvio2.0/install) ignored
[0.128s] Level 1:colcon.colcon_core.package_identification:_identify(/home/carbs/hdvio2.0/log) by extensions ['ignore', 'ignore_ament_install']
[0.128s] Level 1:colcon.colcon_core.package_identification:_identify(/home/carbs/hdvio2.0/log) by extension 'ignore'
[0.128s] Level 1:colcon.colcon_core.package_identification:_identify(/home/carbs/hdvio2.0/log) ignored
[0.128s] Level 1:colcon.colcon_core.package_identification:_identify(/home/carbs/hdvio2.0/minkindr) by extensions ['ignore', 'ignore_ament_install']
[0.128s] Level 1:colcon.colcon_core.package_identification:_identify(/home/carbs/hdvio2.0/minkindr) by extension 'ignore'
[0.128s] Level 1:colcon.colcon_core.package_identification:_identify(/home/carbs/hdvio2.0/minkindr) by extension 'ignore_ament_install'
[0.129s] Level 1:colcon.colcon_core.package_identification:_identify(/home/carbs/hdvio2.0/minkindr) by extensions ['colcon_pkg']
[0.129s] Level 1:colcon.colcon_core.package_identification:_identify(/home/carbs/hdvio2.0/minkindr) by extension 'colcon_pkg'
[0.129s] Level 1:colcon.colcon_core.package_identification:_identify(/home/carbs/hdvio2.0/minkindr) by extensions ['colcon_meta']
[0.129s] Level 1:colcon.colcon_core.package_identification:_identify(/home/carbs/hdvio2.0/minkindr) by extension 'colcon_meta'
[0.129s] Level 1:colcon.colcon_core.package_identification:_identify(/home/carbs/hdvio2.0/minkindr) by extensions ['ros']
[0.129s] Level 1:colcon.colcon_core.package_identification:_identify(/home/carbs/hdvio2.0/minkindr) by extension 'ros'
[0.129s] Level 1:colcon.colcon_core.package_identification:_identify(/home/carbs/hdvio2.0/minkindr) by extensions ['cmake', 'python']
[0.129s] Level 1:colcon.colcon_core.package_identification:_identify(/home/carbs/hdvio2.0/minkindr) by extension 'cmake'
[0.129s] Level 1:colcon.colcon_core.package_identification:_identify(/home/carbs/hdvio2.0/minkindr) by extension 'python'
[0.129s] Level 1:colcon.colcon_core.package_identification:_identify(/home/carbs/hdvio2.0/minkindr) by extensions ['python_setup_py']
[0.129s] Level 1:colcon.colcon_core.package_identification:_identify(/home/carbs/hdvio2.0/minkindr) by extension 'python_setup_py'
[0.129s] Level 1:colcon.colcon_core.package_identification:_identify(/home/carbs/hdvio2.0/minkindr/minkindr) by extensions ['ignore', 'ignore_ament_install']
[0.129s] Level 1:colcon.colcon_core.package_identification:_identify(/home/carbs/hdvio2.0/minkindr/minkindr) by extension 'ignore'
[0.129s] Level 1:colcon.colcon_core.package_identification:_identify(/home/carbs/hdvio2.0/minkindr/minkindr) by extension 'ignore_ament_install'
[0.129s] Level 1:colcon.colcon_core.package_identification:_identify(/home/carbs/hdvio2.0/minkindr/minkindr) by extensions ['colcon_pkg']
[0.129s] Level 1:colcon.colcon_core.package_identification:_identify(/home/carbs/hdvio2.0/minkindr/minkindr) by extension 'colcon_pkg'
[0.129s] Level 1:colcon.colcon_core.package_identification:_identify(/home/carbs/hdvio2.0/minkindr/minkindr) by extensions ['colcon_meta']
[0.129s] Level 1:colcon.colcon_core.package_identification:_identify(/home/carbs/hdvio2.0/minkindr/minkindr) by extension 'colcon_meta'
[0.129s] Level 1:colcon.colcon_core.package_identification:_identify(/home/carbs/hdvio2.0/minkindr/minkindr) by extensions ['ros']
[0.129s] Level 1:colcon.colcon_core.package_identification:_identify(/home/carbs/hdvio2.0/minkindr/minkindr) by extension 'ros'
[0.130s] DEBUG:colcon.colcon_core.package_identification:Package '/home/carbs/hdvio2.0/minkindr/minkindr' with type 'ros.ament_cmake' and name 'minkindr'
[0.130s] Level 1:colcon.colcon_core.package_identification:_identify(/home/carbs/hdvio2.0/minkindr/minkindr_python) by extensions ['ignore', 'ignore_ament_install']
[0.130s] Level 1:colcon.colcon_core.package_identification:_identify(/home/carbs/hdvio2.0/minkindr/minkindr_python) by extension 'ignore'
[0.130s] Level 1:colcon.colcon_core.package_identification:_identify(/home/carbs/hdvio2.0/minkindr/minkindr_python) by extension 'ignore_ament_install'
[0.130s] Level 1:colcon.colcon_core.package_identification:_identify(/home/carbs/hdvio2.0/minkindr/minkindr_python) by extensions ['colcon_pkg']
[0.130s] Level 1:colcon.colcon_core.package_identification:_identify(/home/carbs/hdvio2.0/minkindr/minkindr_python) by extension 'colcon_pkg'
[0.130s] Level 1:colcon.colcon_core.package_identification:_identify(/home/carbs/hdvio2.0/minkindr/minkindr_python) by extensions ['colcon_meta']
[0.130s] Level 1:colcon.colcon_core.package_identification:_identify(/home/carbs/hdvio2.0/minkindr/minkindr_python) by extension 'colcon_meta'
[0.130s] Level 1:colcon.colcon_core.package_identification:_identify(/home/carbs/hdvio2.0/minkindr/minkindr_python) by extensions ['ros']
[0.130s] Level 1:colcon.colcon_core.package_identification:_identify(/home/carbs/hdvio2.0/minkindr/minkindr_python) by extension 'ros'
[0.131s] DEBUG:colcon.colcon_core.package_identification:Package '/home/carbs/hdvio2.0/minkindr/minkindr_python' with type 'ros.catkin' and name 'minkindr_python'
[0.131s] Level 1:colcon.colcon_core.package_identification:_identify(/home/carbs/hdvio2.0/minkindr_ros) by extensions ['ignore', 'ignore_ament_install']
[0.131s] Level 1:colcon.colcon_core.package_identification:_identify(/home/carbs/hdvio2.0/minkindr_ros) by extension 'ignore'
[0.131s] Level 1:colcon.colcon_core.package_identification:_identify(/home/carbs/hdvio2.0/minkindr_ros) by extension 'ignore_ament_install'
[0.131s] Level 1:colcon.colcon_core.package_identification:_identify(/home/carbs/hdvio2.0/minkindr_ros) by extensions ['colcon_pkg']
[0.131s] Level 1:colcon.colcon_core.package_identification:_identify(/home/carbs/hdvio2.0/minkindr_ros) by extension 'colcon_pkg'
[0.131s] Level 1:colcon.colcon_core.package_identification:_identify(/home/carbs/hdvio2.0/minkindr_ros) by extensions ['colcon_meta']
[0.131s] Level 1:colcon.colcon_core.package_identification:_identify(/home/carbs/hdvio2.0/minkindr_ros) by extension 'colcon_meta'
[0.131s] Level 1:colcon.colcon_core.package_identification:_identify(/home/carbs/hdvio2.0/minkindr_ros) by extensions ['ros']
[0.131s] Level 1:colcon.colcon_core.package_identification:_identify(/home/carbs/hdvio2.0/minkindr_ros) by extension 'ros'
[0.131s] Level 1:colcon.colcon_core.package_identification:_identify(/home/carbs/hdvio2.0/minkindr_ros) by extensions ['cmake', 'python']
[0.131s] Level 1:colcon.colcon_core.package_identification:_identify(/home/carbs/hdvio2.0/minkindr_ros) by extension 'cmake'
[0.131s] Level 1:colcon.colcon_core.package_identification:_identify(/home/carbs/hdvio2.0/minkindr_ros) by extension 'python'
[0.131s] Level 1:colcon.colcon_core.package_identification:_identify(/home/carbs/hdvio2.0/minkindr_ros) by extensions ['python_setup_py']
[0.131s] Level 1:colcon.colcon_core.package_identification:_identify(/home/carbs/hdvio2.0/minkindr_ros) by extension 'python_setup_py'
[0.131s] Level 1:colcon.colcon_core.package_identification:_identify(/home/carbs/hdvio2.0/minkindr_ros/minkindr_conversions) by extensions ['ignore', 'ignore_ament_install']
[0.131s] Level 1:colcon.colcon_core.package_identification:_identify(/home/carbs/hdvio2.0/minkindr_ros/minkindr_conversions) by extension 'ignore'
[0.131s] Level 1:colcon.colcon_core.package_identification:_identify(/home/carbs/hdvio2.0/minkindr_ros/minkindr_conversions) by extension 'ignore_ament_install'
[0.131s] Level 1:colcon.colcon_core.package_identification:_identify(/home/carbs/hdvio2.0/minkindr_ros/minkindr_conversions) by extensions ['colcon_pkg']
[0.131s] Level 1:colcon.colcon_core.package_identification:_identify(/home/carbs/hdvio2.0/minkindr_ros/minkindr_conversions) by extension 'colcon_pkg'
[0.131s] Level 1:colcon.colcon_core.package_identification:_identify(/home/carbs/hdvio2.0/minkindr_ros/minkindr_conversions) by extensions ['colcon_meta']
[0.131s] Level 1:colcon.colcon_core.package_identification:_identify(/home/carbs/hdvio2.0/minkindr_ros/minkindr_conversions) by extension 'colcon_meta'
[0.131s] Level 1:colcon.colcon_core.package_identification:_identify(/home/carbs/hdvio2.0/minkindr_ros/minkindr_conversions) by extensions ['ros']
[0.132s] Level 1:colcon.colcon_core.package_identification:_identify(/home/carbs/hdvio2.0/minkindr_ros/minkindr_conversions) by extension 'ros'
[0.132s] DEBUG:colcon.colcon_core.package_identification:Package '/home/carbs/hdvio2.0/minkindr_ros/minkindr_conversions' with type 'ros.catkin' and name 'minkindr_conversions'
[0.132s] Level 1:colcon.colcon_core.package_identification:_identify(/home/carbs/hdvio2.0/opengv) by extensions ['ignore', 'ignore_ament_install']
[0.132s] Level 1:colcon.colcon_core.package_identification:_identify(/home/carbs/hdvio2.0/opengv) by extension 'ignore'
[0.132s] Level 1:colcon.colcon_core.package_identification:_identify(/home/carbs/hdvio2.0/opengv) by extension 'ignore_ament_install'
[0.132s] Level 1:colcon.colcon_core.package_identification:_identify(/home/carbs/hdvio2.0/opengv) by extensions ['colcon_pkg']
[0.132s] Level 1:colcon.colcon_core.package_identification:_identify(/home/carbs/hdvio2.0/opengv) by extension 'colcon_pkg'
[0.132s] Level 1:colcon.colcon_core.package_identification:_identify(/home/carbs/hdvio2.0/opengv) by extensions ['colcon_meta']
[0.132s] Level 1:colcon.colcon_core.package_identification:_identify(/home/carbs/hdvio2.0/opengv) by extension 'colcon_meta'
[0.132s] Level 1:colcon.colcon_core.package_identification:_identify(/home/carbs/hdvio2.0/opengv) by extensions ['ros']
[0.132s] Level 1:colcon.colcon_core.package_identification:_identify(/home/carbs/hdvio2.0/opengv) by extension 'ros'
[0.133s] DEBUG:colcon.colcon_core.package_identification:Package '/home/carbs/hdvio2.0/opengv' with type 'ros.catkin' and name 'opengv'
[0.133s] Level 1:colcon.colcon_core.package_identification:_identify(/home/carbs/hdvio2.0/rpg_common) by extensions ['ignore', 'ignore_ament_install']
[0.133s] Level 1:colcon.colcon_core.package_identification:_identify(/home/carbs/hdvio2.0/rpg_common) by extension 'ignore'
[0.133s] Level 1:colcon.colcon_core.package_identification:_identify(/home/carbs/hdvio2.0/rpg_common) by extension 'ignore_ament_install'
[0.133s] Level 1:colcon.colcon_core.package_identification:_identify(/home/carbs/hdvio2.0/rpg_common) by extensions ['colcon_pkg']
[0.133s] Level 1:colcon.colcon_core.package_identification:_identify(/home/carbs/hdvio2.0/rpg_common) by extension 'colcon_pkg'
[0.133s] Level 1:colcon.colcon_core.package_identification:_identify(/home/carbs/hdvio2.0/rpg_common) by extensions ['colcon_meta']
[0.133s] Level 1:colcon.colcon_core.package_identification:_identify(/home/carbs/hdvio2.0/rpg_common) by extension 'colcon_meta'
[0.133s] Level 1:colcon.colcon_core.package_identification:_identify(/home/carbs/hdvio2.0/rpg_common) by extensions ['ros']
[0.133s] Level 1:colcon.colcon_core.package_identification:_identify(/home/carbs/hdvio2.0/rpg_common) by extension 'ros'
[0.134s] DEBUG:colcon.colcon_core.package_identification:Package '/home/carbs/hdvio2.0/rpg_common' with type 'ros.catkin' and name 'rpg_common'
[0.134s] Level 1:colcon.colcon_core.package_identification:_identify(/home/carbs/hdvio2.0/svo) by extensions ['ignore', 'ignore_ament_install']
[0.134s] Level 1:colcon.colcon_core.package_identification:_identify(/home/carbs/hdvio2.0/svo) by extension 'ignore'
[0.134s] Level 1:colcon.colcon_core.package_identification:_identify(/home/carbs/hdvio2.0/svo) by extension 'ignore_ament_install'
[0.134s] Level 1:colcon.colcon_core.package_identification:_identify(/home/carbs/hdvio2.0/svo) by extensions ['colcon_pkg']
[0.134s] Level 1:colcon.colcon_core.package_identification:_identify(/home/carbs/hdvio2.0/svo) by extension 'colcon_pkg'
[0.134s] Level 1:colcon.colcon_core.package_identification:_identify(/home/carbs/hdvio2.0/svo) by extensions ['colcon_meta']
[0.134s] Level 1:colcon.colcon_core.package_identification:_identify(/home/carbs/hdvio2.0/svo) by extension 'colcon_meta'
[0.134s] Level 1:colcon.colcon_core.package_identification:_identify(/home/carbs/hdvio2.0/svo) by extensions ['ros']
[0.134s] Level 1:colcon.colcon_core.package_identification:_identify(/home/carbs/hdvio2.0/svo) by extension 'ros'
[0.136s] DEBUG:colcon.colcon_core.package_identification:Package '/home/carbs/hdvio2.0/svo' with type 'ros.catkin' and name 'svo'
[0.136s] Level 1:colcon.colcon_core.package_identification:_identify(/home/carbs/hdvio2.0/svo_benchmarking) by extensions ['ignore', 'ignore_ament_install']
[0.136s] Level 1:colcon.colcon_core.package_identification:_identify(/home/carbs/hdvio2.0/svo_benchmarking) by extension 'ignore'
[0.136s] Level 1:colcon.colcon_core.package_identification:_identify(/home/carbs/hdvio2.0/svo_benchmarking) by extension 'ignore_ament_install'
[0.136s] Level 1:colcon.colcon_core.package_identification:_identify(/home/carbs/hdvio2.0/svo_benchmarking) by extensions ['colcon_pkg']
[0.136s] Level 1:colcon.colcon_core.package_identification:_identify(/home/carbs/hdvio2.0/svo_benchmarking) by extension 'colcon_pkg'
[0.136s] Level 1:colcon.colcon_core.package_identification:_identify(/home/carbs/hdvio2.0/svo_benchmarking) by extensions ['colcon_meta']
[0.136s] Level 1:colcon.colcon_core.package_identification:_identify(/home/carbs/hdvio2.0/svo_benchmarking) by extension 'colcon_meta'
[0.136s] Level 1:colcon.colcon_core.package_identification:_identify(/home/carbs/hdvio2.0/svo_benchmarking) by extensions ['ros']
[0.136s] Level 1:colcon.colcon_core.package_identification:_identify(/home/carbs/hdvio2.0/svo_benchmarking) by extension 'ros'
[0.137s] DEBUG:colcon.colcon_core.package_identification:Package '/home/carbs/hdvio2.0/svo_benchmarking' with type 'ros.catkin' and name 'svo_benchmarking'
[0.137s] Level 1:colcon.colcon_core.package_identification:_identify(/home/carbs/hdvio2.0/svo_ceres_backend) by extensions ['ignore', 'ignore_ament_install']
[0.137s] Level 1:colcon.colcon_core.package_identification:_identify(/home/carbs/hdvio2.0/svo_ceres_backend) by extension 'ignore'
[0.137s] Level 1:colcon.colcon_core.package_identification:_identify(/home/carbs/hdvio2.0/svo_ceres_backend) by extension 'ignore_ament_install'
[0.137s] Level 1:colcon.colcon_core.package_identification:_identify(/home/carbs/hdvio2.0/svo_ceres_backend) by extensions ['colcon_pkg']
[0.137s] Level 1:colcon.colcon_core.package_identification:_identify(/home/carbs/hdvio2.0/svo_ceres_backend) by extension 'colcon_pkg'
[0.137s] Level 1:colcon.colcon_core.package_identification:_identify(/home/carbs/hdvio2.0/svo_ceres_backend) by extensions ['colcon_meta']
[0.137s] Level 1:colcon.colcon_core.package_identification:_identify(/home/carbs/hdvio2.0/svo_ceres_backend) by extension 'colcon_meta'
[0.137s] Level 1:colcon.colcon_core.package_identification:_identify(/home/carbs/hdvio2.0/svo_ceres_backend) by extensions ['ros']
[0.137s] Level 1:colcon.colcon_core.package_identification:_identify(/home/carbs/hdvio2.0/svo_ceres_backend) by extension 'ros'
[0.138s] DEBUG:colcon.colcon_core.package_identification:Package '/home/carbs/hdvio2.0/svo_ceres_backend' with type 'ros.catkin' and name 'svo_ceres_backend'
[0.138s] Level 1:colcon.colcon_core.package_identification:_identify(/home/carbs/hdvio2.0/svo_cmake) by extensions ['ignore', 'ignore_ament_install']
[0.138s] Level 1:colcon.colcon_core.package_identification:_identify(/home/carbs/hdvio2.0/svo_cmake) by extension 'ignore'
[0.138s] Level 1:colcon.colcon_core.package_identification:_identify(/home/carbs/hdvio2.0/svo_cmake) by extension 'ignore_ament_install'
[0.138s] Level 1:colcon.colcon_core.package_identification:_identify(/home/carbs/hdvio2.0/svo_cmake) by extensions ['colcon_pkg']
[0.138s] Level 1:colcon.colcon_core.package_identification:_identify(/home/carbs/hdvio2.0/svo_cmake) by extension 'colcon_pkg'
[0.138s] Level 1:colcon.colcon_core.package_identification:_identify(/home/carbs/hdvio2.0/svo_cmake) by extensions ['colcon_meta']
[0.138s] Level 1:colcon.colcon_core.package_identification:_identify(/home/carbs/hdvio2.0/svo_cmake) by extension 'colcon_meta'
[0.138s] Level 1:colcon.colcon_core.package_identification:_identify(/home/carbs/hdvio2.0/svo_cmake) by extensions ['ros']
[0.138s] Level 1:colcon.colcon_core.package_identification:_identify(/home/carbs/hdvio2.0/svo_cmake) by extension 'ros'
[0.139s] DEBUG:colcon.colcon_core.package_identification:Package '/home/carbs/hdvio2.0/svo_cmake' with type 'ros.ament_cmake' and name 'svo_cmake'
[0.139s] Level 1:colcon.colcon_core.package_identification:_identify(/home/carbs/hdvio2.0/svo_common) by extensions ['ignore', 'ignore_ament_install']
[0.139s] Level 1:colcon.colcon_core.package_identification:_identify(/home/carbs/hdvio2.0/svo_common) by extension 'ignore'
[0.139s] Level 1:colcon.colcon_core.package_identification:_identify(/home/carbs/hdvio2.0/svo_common) by extension 'ignore_ament_install'
[0.139s] Level 1:colcon.colcon_core.package_identification:_identify(/home/carbs/hdvio2.0/svo_common) by extensions ['colcon_pkg']
[0.139s] Level 1:colcon.colcon_core.package_identification:_identify(/home/carbs/hdvio2.0/svo_common) by extension 'colcon_pkg'
[0.139s] Level 1:colcon.colcon_core.package_identification:_identify(/home/carbs/hdvio2.0/svo_common) by extensions ['colcon_meta']
[0.139s] Level 1:colcon.colcon_core.package_identification:_identify(/home/carbs/hdvio2.0/svo_common) by extension 'colcon_meta'
[0.139s] Level 1:colcon.colcon_core.package_identification:_identify(/home/carbs/hdvio2.0/svo_common) by extensions ['ros']
[0.139s] Level 1:colcon.colcon_core.package_identification:_identify(/home/carbs/hdvio2.0/svo_common) by extension 'ros'
[0.140s] DEBUG:colcon.colcon_core.package_identification:Package '/home/carbs/hdvio2.0/svo_common' with type 'ros.catkin' and name 'svo_common'
[0.140s] Level 1:colcon.colcon_core.package_identification:_identify(/home/carbs/hdvio2.0/svo_direct) by extensions ['ignore', 'ignore_ament_install']
[0.140s] Level 1:colcon.colcon_core.package_identification:_identify(/home/carbs/hdvio2.0/svo_direct) by extension 'ignore'
[0.140s] Level 1:colcon.colcon_core.package_identification:_identify(/home/carbs/hdvio2.0/svo_direct) by extension 'ignore_ament_install'
[0.140s] Level 1:colcon.colcon_core.package_identification:_identify(/home/carbs/hdvio2.0/svo_direct) by extensions ['colcon_pkg']
[0.140s] Level 1:colcon.colcon_core.package_identification:_identify(/home/carbs/hdvio2.0/svo_direct) by extension 'colcon_pkg'
[0.140s] Level 1:colcon.colcon_core.package_identification:_identify(/home/carbs/hdvio2.0/svo_direct) by extensions ['colcon_meta']
[0.140s] Level 1:colcon.colcon_core.package_identification:_identify(/home/carbs/hdvio2.0/svo_direct) by extension 'colcon_meta'
[0.140s] Level 1:colcon.colcon_core.package_identification:_identify(/home/carbs/hdvio2.0/svo_direct) by extensions ['ros']
[0.140s] Level 1:colcon.colcon_core.package_identification:_identify(/home/carbs/hdvio2.0/svo_direct) by extension 'ros'
[0.141s] DEBUG:colcon.colcon_core.package_identification:Package '/home/carbs/hdvio2.0/svo_direct' with type 'ros.catkin' and name 'svo_direct'
[0.141s] Level 1:colcon.colcon_core.package_identification:_identify(/home/carbs/hdvio2.0/svo_img_align) by extensions ['ignore', 'ignore_ament_install']
[0.141s] Level 1:colcon.colcon_core.package_identification:_identify(/home/carbs/hdvio2.0/svo_img_align) by extension 'ignore'
[0.141s] Level 1:colcon.colcon_core.package_identification:_identify(/home/carbs/hdvio2.0/svo_img_align) by extension 'ignore_ament_install'
[0.141s] Level 1:colcon.colcon_core.package_identification:_identify(/home/carbs/hdvio2.0/svo_img_align) by extensions ['colcon_pkg']
[0.141s] Level 1:colcon.colcon_core.package_identification:_identify(/home/carbs/hdvio2.0/svo_img_align) by extension 'colcon_pkg'
[0.141s] Level 1:colcon.colcon_core.package_identification:_identify(/home/carbs/hdvio2.0/svo_img_align) by extensions ['colcon_meta']
[0.141s] Level 1:colcon.colcon_core.package_identification:_identify(/home/carbs/hdvio2.0/svo_img_align) by extension 'colcon_meta'
[0.141s] Level 1:colcon.colcon_core.package_identification:_identify(/home/carbs/hdvio2.0/svo_img_align) by extensions ['ros']
[0.141s] Level 1:colcon.colcon_core.package_identification:_identify(/home/carbs/hdvio2.0/svo_img_align) by extension 'ros'
[0.142s] DEBUG:colcon.colcon_core.package_identification:Package '/home/carbs/hdvio2.0/svo_img_align' with type 'ros.catkin' and name 'svo_img_align'
[0.142s] Level 1:colcon.colcon_core.package_identification:_identify(/home/carbs/hdvio2.0/svo_msgs) by extensions ['ignore', 'ignore_ament_install']
[0.142s] Level 1:colcon.colcon_core.package_identification:_identify(/home/carbs/hdvio2.0/svo_msgs) by extension 'ignore'
[0.142s] Level 1:colcon.colcon_core.package_identification:_identify(/home/carbs/hdvio2.0/svo_msgs) by extension 'ignore_ament_install'
[0.142s] Level 1:colcon.colcon_core.package_identification:_identify(/home/carbs/hdvio2.0/svo_msgs) by extensions ['colcon_pkg']
[0.142s] Level 1:colcon.colcon_core.package_identification:_identify(/home/carbs/hdvio2.0/svo_msgs) by extension 'colcon_pkg'
[0.142s] Level 1:colcon.colcon_core.package_identification:_identify(/home/carbs/hdvio2.0/svo_msgs) by extensions ['colcon_meta']
[0.142s] Level 1:colcon.colcon_core.package_identification:_identify(/home/carbs/hdvio2.0/svo_msgs) by extension 'colcon_meta'
[0.142s] Level 1:colcon.colcon_core.package_identification:_identify(/home/carbs/hdvio2.0/svo_msgs) by extensions ['ros']
[0.142s] Level 1:colcon.colcon_core.package_identification:_identify(/home/carbs/hdvio2.0/svo_msgs) by extension 'ros'
[0.143s] DEBUG:colcon.colcon_core.package_identification:Package '/home/carbs/hdvio2.0/svo_msgs' with type 'ros.ament_cmake' and name 'svo_msgs'
[0.143s] Level 1:colcon.colcon_core.package_identification:_identify(/home/carbs/hdvio2.0/svo_test_utils) by extensions ['ignore', 'ignore_ament_install']
[0.143s] Level 1:colcon.colcon_core.package_identification:_identify(/home/carbs/hdvio2.0/svo_test_utils) by extension 'ignore'
[0.143s] Level 1:colcon.colcon_core.package_identification:_identify(/home/carbs/hdvio2.0/svo_test_utils) by extension 'ignore_ament_install'
[0.143s] Level 1:colcon.colcon_core.package_identification:_identify(/home/carbs/hdvio2.0/svo_test_utils) by extensions ['colcon_pkg']
[0.143s] Level 1:colcon.colcon_core.package_identification:_identify(/home/carbs/hdvio2.0/svo_test_utils) by extension 'colcon_pkg'
[0.143s] Level 1:colcon.colcon_core.package_identification:_identify(/home/carbs/hdvio2.0/svo_test_utils) by extensions ['colcon_meta']
[0.143s] Level 1:colcon.colcon_core.package_identification:_identify(/home/carbs/hdvio2.0/svo_test_utils) by extension 'colcon_meta'
[0.143s] Level 1:colcon.colcon_core.package_identification:_identify(/home/carbs/hdvio2.0/svo_test_utils) by extensions ['ros']
[0.143s] Level 1:colcon.colcon_core.package_identification:_identify(/home/carbs/hdvio2.0/svo_test_utils) by extension 'ros'
[0.144s] DEBUG:colcon.colcon_core.package_identification:Package '/home/carbs/hdvio2.0/svo_test_utils' with type 'ros.catkin' and name 'svo_test_utils'
[0.144s] Level 1:colcon.colcon_core.package_identification:_identify(/home/carbs/hdvio2.0/svo_tracker) by extensions ['ignore', 'ignore_ament_install']
[0.144s] Level 1:colcon.colcon_core.package_identification:_identify(/home/carbs/hdvio2.0/svo_tracker) by extension 'ignore'
[0.144s] Level 1:colcon.colcon_core.package_identification:_identify(/home/carbs/hdvio2.0/svo_tracker) by extension 'ignore_ament_install'
[0.144s] Level 1:colcon.colcon_core.package_identification:_identify(/home/carbs/hdvio2.0/svo_tracker) by extensions ['colcon_pkg']
[0.144s] Level 1:colcon.colcon_core.package_identification:_identify(/home/carbs/hdvio2.0/svo_tracker) by extension 'colcon_pkg'
[0.144s] Level 1:colcon.colcon_core.package_identification:_identify(/home/carbs/hdvio2.0/svo_tracker) by extensions ['colcon_meta']
[0.144s] Level 1:colcon.colcon_core.package_identification:_identify(/home/carbs/hdvio2.0/svo_tracker) by extension 'colcon_meta'
[0.144s] Level 1:colcon.colcon_core.package_identification:_identify(/home/carbs/hdvio2.0/svo_tracker) by extensions ['ros']
[0.144s] Level 1:colcon.colcon_core.package_identification:_identify(/home/carbs/hdvio2.0/svo_tracker) by extension 'ros'
[0.145s] DEBUG:colcon.colcon_core.package_identification:Package '/home/carbs/hdvio2.0/svo_tracker' with type 'ros.catkin' and name 'svo_tracker'
[0.145s] Level 1:colcon.colcon_core.package_identification:_identify(/home/carbs/hdvio2.0/svo_vio_common) by extensions ['ignore', 'ignore_ament_install']
[0.145s] Level 1:colcon.colcon_core.package_identification:_identify(/home/carbs/hdvio2.0/svo_vio_common) by extension 'ignore'
[0.145s] Level 1:colcon.colcon_core.package_identification:_identify(/home/carbs/hdvio2.0/svo_vio_common) by extension 'ignore_ament_install'
[0.145s] Level 1:colcon.colcon_core.package_identification:_identify(/home/carbs/hdvio2.0/svo_vio_common) by extensions ['colcon_pkg']
[0.145s] Level 1:colcon.colcon_core.package_identification:_identify(/home/carbs/hdvio2.0/svo_vio_common) by extension 'colcon_pkg'
[0.145s] Level 1:colcon.colcon_core.package_identification:_identify(/home/carbs/hdvio2.0/svo_vio_common) by extensions ['colcon_meta']
[0.145s] Level 1:colcon.colcon_core.package_identification:_identify(/home/carbs/hdvio2.0/svo_vio_common) by extension 'colcon_meta'
[0.145s] Level 1:colcon.colcon_core.package_identification:_identify(/home/carbs/hdvio2.0/svo_vio_common) by extensions ['ros']
[0.145s] Level 1:colcon.colcon_core.package_identification:_identify(/home/carbs/hdvio2.0/svo_vio_common) by extension 'ros'
[0.146s] DEBUG:colcon.colcon_core.package_identification:Package '/home/carbs/hdvio2.0/svo_vio_common' with type 'ros.catkin' and name 'svo_vio_common'
[0.146s] Level 1:colcon.colcon_core.package_identification:_identify(/home/carbs/hdvio2.0/vikit) by extensions ['ignore', 'ignore_ament_install']
[0.146s] Level 1:colcon.colcon_core.package_identification:_identify(/home/carbs/hdvio2.0/vikit) by extension 'ignore'
[0.146s] Level 1:colcon.colcon_core.package_identification:_identify(/home/carbs/hdvio2.0/vikit) by extension 'ignore_ament_install'
[0.146s] Level 1:colcon.colcon_core.package_identification:_identify(/home/carbs/hdvio2.0/vikit) by extensions ['colcon_pkg']
[0.146s] Level 1:colcon.colcon_core.package_identification:_identify(/home/carbs/hdvio2.0/vikit) by extension 'colcon_pkg'
[0.146s] Level 1:colcon.colcon_core.package_identification:_identify(/home/carbs/hdvio2.0/vikit) by extensions ['colcon_meta']
[0.146s] Level 1:colcon.colcon_core.package_identification:_identify(/home/carbs/hdvio2.0/vikit) by extension 'colcon_meta'
[0.146s] Level 1:colcon.colcon_core.package_identification:_identify(/home/carbs/hdvio2.0/vikit) by extensions ['ros']
[0.146s] Level 1:colcon.colcon_core.package_identification:_identify(/home/carbs/hdvio2.0/vikit) by extension 'ros'
[0.146s] Level 1:colcon.colcon_core.package_identification:_identify(/home/carbs/hdvio2.0/vikit) by extensions ['cmake', 'python']
[0.146s] Level 1:colcon.colcon_core.package_identification:_identify(/home/carbs/hdvio2.0/vikit) by extension 'cmake'
[0.146s] Level 1:colcon.colcon_core.package_identification:_identify(/home/carbs/hdvio2.0/vikit) by extension 'python'
[0.147s] Level 1:colcon.colcon_core.package_identification:_identify(/home/carbs/hdvio2.0/vikit) by extensions ['python_setup_py']
[0.147s] Level 1:colcon.colcon_core.package_identification:_identify(/home/carbs/hdvio2.0/vikit) by extension 'python_setup_py'
[0.147s] Level 1:colcon.colcon_core.package_identification:_identify(/home/carbs/hdvio2.0/vikit/vikit_cameras) by extensions ['ignore', 'ignore_ament_install']
[0.147s] Level 1:colcon.colcon_core.package_identification:_identify(/home/carbs/hdvio2.0/vikit/vikit_cameras) by extension 'ignore'
[0.147s] Level 1:colcon.colcon_core.package_identification:_identify(/home/carbs/hdvio2.0/vikit/vikit_cameras) by extension 'ignore_ament_install'
[0.147s] Level 1:colcon.colcon_core.package_identification:_identify(/home/carbs/hdvio2.0/vikit/vikit_cameras) by extensions ['colcon_pkg']
[0.147s] Level 1:colcon.colcon_core.package_identification:_identify(/home/carbs/hdvio2.0/vikit/vikit_cameras) by extension 'colcon_pkg'
[0.147s] Level 1:colcon.colcon_core.package_identification:_identify(/home/carbs/hdvio2.0/vikit/vikit_cameras) by extensions ['colcon_meta']
[0.147s] Level 1:colcon.colcon_core.package_identification:_identify(/home/carbs/hdvio2.0/vikit/vikit_cameras) by extension 'colcon_meta'
[0.147s] Level 1:colcon.colcon_core.package_identification:_identify(/home/carbs/hdvio2.0/vikit/vikit_cameras) by extensions ['ros']
[0.147s] Level 1:colcon.colcon_core.package_identification:_identify(/home/carbs/hdvio2.0/vikit/vikit_cameras) by extension 'ros'
[0.148s] DEBUG:colcon.colcon_core.package_identification:Package '/home/carbs/hdvio2.0/vikit/vikit_cameras' with type 'ros.catkin' and name 'vikit_cameras'
[0.148s] Level 1:colcon.colcon_core.package_identification:_identify(/home/carbs/hdvio2.0/vikit/vikit_common) by extensions ['ignore', 'ignore_ament_install']
[0.148s] Level 1:colcon.colcon_core.package_identification:_identify(/home/carbs/hdvio2.0/vikit/vikit_common) by extension 'ignore'
[0.148s] Level 1:colcon.colcon_core.package_identification:_identify(/home/carbs/hdvio2.0/vikit/vikit_common) by extension 'ignore_ament_install'
[0.148s] Level 1:colcon.colcon_core.package_identification:_identify(/home/carbs/hdvio2.0/vikit/vikit_common) by extensions ['colcon_pkg']
[0.148s] Level 1:colcon.colcon_core.package_identification:_identify(/home/carbs/hdvio2.0/vikit/vikit_common) by extension 'colcon_pkg'
[0.148s] Level 1:colcon.colcon_core.package_identification:_identify(/home/carbs/hdvio2.0/vikit/vikit_common) by extensions ['colcon_meta']
[0.148s] Level 1:colcon.colcon_core.package_identification:_identify(/home/carbs/hdvio2.0/vikit/vikit_common) by extension 'colcon_meta'
[0.148s] Level 1:colcon.colcon_core.package_identification:_identify(/home/carbs/hdvio2.0/vikit/vikit_common) by extensions ['ros']
[0.148s] Level 1:colcon.colcon_core.package_identification:_identify(/home/carbs/hdvio2.0/vikit/vikit_common) by extension 'ros'
[0.149s] DEBUG:colcon.colcon_core.package_identification:Package '/home/carbs/hdvio2.0/vikit/vikit_common' with type 'ros.catkin' and name 'vikit_common'
[0.149s] Level 1:colcon.colcon_core.package_identification:_identify(/home/carbs/hdvio2.0/vikit/vikit_py) by extensions ['ignore', 'ignore_ament_install']
[0.149s] Level 1:colcon.colcon_core.package_identification:_identify(/home/carbs/hdvio2.0/vikit/vikit_py) by extension 'ignore'
[0.149s] Level 1:colcon.colcon_core.package_identification:_identify(/home/carbs/hdvio2.0/vikit/vikit_py) by extension 'ignore_ament_install'
[0.149s] Level 1:colcon.colcon_core.package_identification:_identify(/home/carbs/hdvio2.0/vikit/vikit_py) by extensions ['colcon_pkg']
[0.149s] Level 1:colcon.colcon_core.package_identification:_identify(/home/carbs/hdvio2.0/vikit/vikit_py) by extension 'colcon_pkg'
[0.149s] Level 1:colcon.colcon_core.package_identification:_identify(/home/carbs/hdvio2.0/vikit/vikit_py) by extensions ['colcon_meta']
[0.149s] Level 1:colcon.colcon_core.package_identification:_identify(/home/carbs/hdvio2.0/vikit/vikit_py) by extension 'colcon_meta'
[0.149s] Level 1:colcon.colcon_core.package_identification:_identify(/home/carbs/hdvio2.0/vikit/vikit_py) by extensions ['ros']
[0.149s] Level 1:colcon.colcon_core.package_identification:_identify(/home/carbs/hdvio2.0/vikit/vikit_py) by extension 'ros'
[0.150s] DEBUG:colcon.colcon_core.package_identification:Package '/home/carbs/hdvio2.0/vikit/vikit_py' with type 'ros.catkin' and name 'vikit_py'
[0.150s] Level 1:colcon.colcon_core.package_identification:_identify(/home/carbs/hdvio2.0/vikit/vikit_ros) by extensions ['ignore', 'ignore_ament_install']
[0.150s] Level 1:colcon.colcon_core.package_identification:_identify(/home/carbs/hdvio2.0/vikit/vikit_ros) by extension 'ignore'
[0.150s] Level 1:colcon.colcon_core.package_identification:_identify(/home/carbs/hdvio2.0/vikit/vikit_ros) by extension 'ignore_ament_install'
[0.150s] Level 1:colcon.colcon_core.package_identification:_identify(/home/carbs/hdvio2.0/vikit/vikit_ros) by extensions ['colcon_pkg']
[0.150s] Level 1:colcon.colcon_core.package_identification:_identify(/home/carbs/hdvio2.0/vikit/vikit_ros) by extension 'colcon_pkg'
[0.150s] Level 1:colcon.colcon_core.package_identification:_identify(/home/carbs/hdvio2.0/vikit/vikit_ros) by extensions ['colcon_meta']
[0.150s] Level 1:colcon.colcon_core.package_identification:_identify(/home/carbs/hdvio2.0/vikit/vikit_ros) by extension 'colcon_meta'
[0.150s] Level 1:colcon.colcon_core.package_identification:_identify(/home/carbs/hdvio2.0/vikit/vikit_ros) by extensions ['ros']
[0.150s] Level 1:colcon.colcon_core.package_identification:_identify(/home/carbs/hdvio2.0/vikit/vikit_ros) by extension 'ros'
[0.151s] DEBUG:colcon.colcon_core.package_identification:Package '/home/carbs/hdvio2.0/vikit/vikit_ros' with type 'ros.catkin' and name 'vikit_ros'
[0.151s] Level 1:colcon.colcon_core.package_identification:_identify(/home/carbs/hdvio2.0/vikit/vikit_solver) by extensions ['ignore', 'ignore_ament_install']
[0.151s] Level 1:colcon.colcon_core.package_identification:_identify(/home/carbs/hdvio2.0/vikit/vikit_solver) by extension 'ignore'
[0.151s] Level 1:colcon.colcon_core.package_identification:_identify(/home/carbs/hdvio2.0/vikit/vikit_solver) by extension 'ignore_ament_install'
[0.151s] Level 1:colcon.colcon_core.package_identification:_identify(/home/carbs/hdvio2.0/vikit/vikit_solver) by extensions ['colcon_pkg']
[0.151s] Level 1:colcon.colcon_core.package_identification:_identify(/home/carbs/hdvio2.0/vikit/vikit_solver) by extension 'colcon_pkg'
[0.151s] Level 1:colcon.colcon_core.package_identification:_identify(/home/carbs/hdvio2.0/vikit/vikit_solver) by extensions ['colcon_meta']
[0.151s] Level 1:colcon.colcon_core.package_identification:_identify(/home/carbs/hdvio2.0/vikit/vikit_solver) by extension 'colcon_meta'
[0.151s] Level 1:colcon.colcon_core.package_identification:_identify(/home/carbs/hdvio2.0/vikit/vikit_solver) by extensions ['ros']
[0.151s] Level 1:colcon.colcon_core.package_identification:_identify(/home/carbs/hdvio2.0/vikit/vikit_solver) by extension 'ros'
[0.151s] DEBUG:colcon.colcon_core.package_identification:Package '/home/carbs/hdvio2.0/vikit/vikit_solver' with type 'ros.catkin' and name 'vikit_solver'
[0.152s] Level 1:colcon.colcon_core.package_discovery:discover_packages(recursive) using defaults
[0.174s] INFO:colcon.colcon_core.package_selection:Skipping not selected package 'catkin_simple' in '/home/carbs/hdvio2.0/catkin_simple'
[0.175s] INFO:colcon.colcon_core.package_selection:Skipping not selected package 'vikit_py' in '/home/carbs/hdvio2.0/vikit/vikit_py'
[0.175s] INFO:colcon.colcon_core.package_selection:Skipping not selected package 'eigen_catkin' in '/home/carbs/hdvio2.0/eigen_catkin'
[0.175s] INFO:colcon.colcon_core.package_selection:Skipping not selected package 'fast' in '/home/carbs/hdvio2.0/fast_neon'
[0.175s] INFO:colcon.colcon_core.package_selection:Skipping not selected package 'gflags_catkin' in '/home/carbs/hdvio2.0/gflags_catkin'
[0.175s] INFO:colcon.colcon_core.package_selection:Skipping not selected package 'svo_benchmarking' in '/home/carbs/hdvio2.0/svo_benchmarking'
[0.175s] INFO:colcon.colcon_core.package_selection:Skipping not selected package 'glog_catkin' in '/home/carbs/hdvio2.0/glog_catkin'
[0.175s] INFO:colcon.colcon_core.package_selection:Skipping not selected package 'opengv' in '/home/carbs/hdvio2.0/opengv'
[0.175s] INFO:colcon.colcon_core.package_selection:Skipping not selected package 'ceres_catkin' in '/home/carbs/hdvio2.0/ceres_catkin'
[0.175s] INFO:colcon.colcon_core.package_selection:Skipping not selected package 'minkindr_conversions' in '/home/carbs/hdvio2.0/minkindr_ros/minkindr_conversions'
[0.175s] INFO:colcon.colcon_core.package_selection:Skipping not selected package 'minkindr_python' in '/home/carbs/hdvio2.0/minkindr/minkindr_python'
[0.175s] INFO:colcon.colcon_core.package_selection:Skipping not selected package 'rpg_common' in '/home/carbs/hdvio2.0/rpg_common'
[0.175s] INFO:colcon.colcon_core.package_selection:Skipping not selected package 'vikit_common' in '/home/carbs/hdvio2.0/vikit/vikit_common'
[0.175s] INFO:colcon.colcon_core.package_selection:Skipping not selected package 'vikit_solver' in '/home/carbs/hdvio2.0/vikit/vikit_solver'
[0.175s] INFO:colcon.colcon_core.package_selection:Skipping not selected package 'vikit_cameras' in '/home/carbs/hdvio2.0/vikit/vikit_cameras'
[0.175s] INFO:colcon.colcon_core.package_selection:Skipping not selected package 'vikit_ros' in '/home/carbs/hdvio2.0/vikit/vikit_ros'
[0.175s] INFO:colcon.colcon_core.package_selection:Skipping not selected package 'svo_common' in '/home/carbs/hdvio2.0/svo_common'
[0.175s] INFO:colcon.colcon_core.package_selection:Skipping not selected package 'svo_test_utils' in '/home/carbs/hdvio2.0/svo_test_utils'
[0.175s] INFO:colcon.colcon_core.package_selection:Skipping not selected package 'svo_vio_common' in '/home/carbs/hdvio2.0/svo_vio_common'
[0.175s] INFO:colcon.colcon_core.package_selection:Skipping not selected package 'svo_direct' in '/home/carbs/hdvio2.0/svo_direct'
[0.175s] INFO:colcon.colcon_core.package_selection:Skipping not selected package 'svo_img_align' in '/home/carbs/hdvio2.0/svo_img_align'
[0.175s] INFO:colcon.colcon_core.package_selection:Skipping not selected package 'svo_tracker' in '/home/carbs/hdvio2.0/svo_tracker'
[0.175s] INFO:colcon.colcon_core.package_selection:Skipping not selected package 'svo' in '/home/carbs/hdvio2.0/svo'
[0.175s] INFO:colcon.colcon_core.package_selection:Skipping not selected package 'svo_ceres_backend' in '/home/carbs/hdvio2.0/svo_ceres_backend'
[0.175s] INFO:colcon.colcon_core.package_selection:Skipping not selected package 'hdvio2' in '/home/carbs/hdvio2.0/hdvio2'
[0.175s] Level 1:colcon.colcon_core.package_discovery:discover_packages(prefix_path) check parameters
[0.175s] Level 1:colcon.colcon_core.package_discovery:discover_packages(prefix_path) discover
[0.176s] DEBUG:colcon.colcon_installed_package_information.package_discovery:Found 2 installed packages in /home/carbs/hdvio2.0/eigen_checks/install
[0.177s] DEBUG:colcon.colcon_installed_package_information.package_discovery:Found 3 installed packages in /home/carbs/hdvio2.0/install
[0.178s] DEBUG:colcon.colcon_installed_package_information.package_discovery:Found 280 installed packages in /opt/ros/humble
[0.179s] Level 1:colcon.colcon_core.package_discovery:discover_packages(prefix_path) using defaults
[0.205s] Level 5:colcon.colcon_core.verb:set package 'eigen_checks' build argument 'cmake_args' from command line to '['-DBUILD_TESTING=OFF']'
[0.205s] Level 5:colcon.colcon_core.verb:set package 'eigen_checks' build argument 'cmake_target' from command line to 'None'
[0.206s] Level 5:colcon.colcon_core.verb:set package 'eigen_checks' build argument 'cmake_target_skip_unavailable' from command line to 'False'
[0.206s] Level 5:colcon.colcon_core.verb:set package 'eigen_checks' build argument 'cmake_clean_cache' from command line to 'False'
[0.206s] Level 5:colcon.colcon_core.verb:set package 'eigen_checks' build argument 'cmake_clean_first' from command line to 'False'
[0.206s] Level 5:colcon.colcon_core.verb:set package 'eigen_checks' build argument 'cmake_force_configure' from command line to 'False'
[0.206s] Level 5:colcon.colcon_core.verb:set package 'eigen_checks' build argument 'ament_cmake_args' from command line to 'None'
[0.206s] Level 5:colcon.colcon_core.verb:set package 'eigen_checks' build argument 'catkin_cmake_args' from command line to 'None'
[0.206s] Level 5:colcon.colcon_core.verb:set package 'eigen_checks' build argument 'catkin_skip_building_tests' from command line to 'False'
[0.206s] DEBUG:colcon.colcon_core.verb:Building package 'eigen_checks' with the following arguments: {'ament_cmake_args': None, 'build_base': '/home/carbs/hdvio2.0/eigen_checks/build/eigen_checks', 'catkin_cmake_args': None, 'catkin_skip_building_tests': False, 'cmake_args': ['-DBUILD_TESTING=OFF'], 'cmake_clean_cache': False, 'cmake_clean_first': False, 'cmake_force_configure': False, 'cmake_target': None, 'cmake_target_skip_unavailable': False, 'install_base': '/home/carbs/hdvio2.0/eigen_checks/install/eigen_checks', 'merge_install': False, 'path': '/home/carbs/hdvio2.0/eigen_checks', 'symlink_install': False, 'test_result_base': None}
[0.206s] Level 5:colcon.colcon_core.verb:set package 'svo_cmake' build argument 'cmake_args' from command line to '['-DBUILD_TESTING=OFF']'
[0.206s] Level 5:colcon.colcon_core.verb:set package 'svo_cmake' build argument 'cmake_target' from command line to 'None'
[0.206s] Level 5:colcon.colcon_core.verb:set package 'svo_cmake' build argument 'cmake_target_skip_unavailable' from command line to 'False'
[0.206s] Level 5:colcon.colcon_core.verb:set package 'svo_cmake' build argument 'cmake_clean_cache' from command line to 'False'
[0.206s] Level 5:colcon.colcon_core.verb:set package 'svo_cmake' build argument 'cmake_clean_first' from command line to 'False'
[0.206s] Level 5:colcon.colcon_core.verb:set package 'svo_cmake' build argument 'cmake_force_configure' from command line to 'False'
[0.206s] Level 5:colcon.colcon_core.verb:set package 'svo_cmake' build argument 'ament_cmake_args' from command line to 'None'
[0.206s] Level 5:colcon.colcon_core.verb:set package 'svo_cmake' build argument 'catkin_cmake_args' from command line to 'None'
[0.206s] Level 5:colcon.colcon_core.verb:set package 'svo_cmake' build argument 'catkin_skip_building_tests' from command line to 'False'
[0.206s] DEBUG:colcon.colcon_core.verb:Building package 'svo_cmake' with the following arguments: {'ament_cmake_args': None, 'build_base': '/home/carbs/hdvio2.0/eigen_checks/build/svo_cmake', 'catkin_cmake_args': None, 'catkin_skip_building_tests': False, 'cmake_args': ['-DBUILD_TESTING=OFF'], 'cmake_clean_cache': False, 'cmake_clean_first': False, 'cmake_force_configure': False, 'cmake_target': None, 'cmake_target_skip_unavailable': False, 'install_base': '/home/carbs/hdvio2.0/eigen_checks/install/svo_cmake', 'merge_install': False, 'path': '/home/carbs/hdvio2.0/svo_cmake', 'symlink_install': False, 'test_result_base': None}
[0.206s] Level 5:colcon.colcon_core.verb:set package 'svo_msgs' build argument 'cmake_args' from command line to '['-DBUILD_TESTING=OFF']'
[0.206s] Level 5:colcon.colcon_core.verb:set package 'svo_msgs' build argument 'cmake_target' from command line to 'None'
[0.206s] Level 5:colcon.colcon_core.verb:set package 'svo_msgs' build argument 'cmake_target_skip_unavailable' from command line to 'False'
[0.206s] Level 5:colcon.colcon_core.verb:set package 'svo_msgs' build argument 'cmake_clean_cache' from command line to 'False'
[0.206s] Level 5:colcon.colcon_core.verb:set package 'svo_msgs' build argument 'cmake_clean_first' from command line to 'False'
[0.206s] Level 5:colcon.colcon_core.verb:set package 'svo_msgs' build argument 'cmake_force_configure' from command line to 'False'
[0.206s] Level 5:colcon.colcon_core.verb:set package 'svo_msgs' build argument 'ament_cmake_args' from command line to 'None'
[0.206s] Level 5:colcon.colcon_core.verb:set package 'svo_msgs' build argument 'catkin_cmake_args' from command line to 'None'
[0.207s] Level 5:colcon.colcon_core.verb:set package 'svo_msgs' build argument 'catkin_skip_building_tests' from command line to 'False'
[0.207s] DEBUG:colcon.colcon_core.verb:Building package 'svo_msgs' with the following arguments: {'ament_cmake_args': None, 'build_base': '/home/carbs/hdvio2.0/eigen_checks/build/svo_msgs', 'catkin_cmake_args': None, 'catkin_skip_building_tests': False, 'cmake_args': ['-DBUILD_TESTING=OFF'], 'cmake_clean_cache': False, 'cmake_clean_first': False, 'cmake_force_configure': False, 'cmake_target': None, 'cmake_target_skip_unavailable': False, 'install_base': '/home/carbs/hdvio2.0/eigen_checks/install/svo_msgs', 'merge_install': False, 'path': '/home/carbs/hdvio2.0/svo_msgs', 'symlink_install': False, 'test_result_base': None}
[0.207s] Level 5:colcon.colcon_core.verb:set package 'minkindr' build argument 'cmake_args' from command line to '['-DBUILD_TESTING=OFF']'
[0.207s] Level 5:colcon.colcon_core.verb:set package 'minkindr' build argument 'cmake_target' from command line to 'None'
[0.207s] Level 5:colcon.colcon_core.verb:set package 'minkindr' build argument 'cmake_target_skip_unavailable' from command line to 'False'
[0.207s] Level 5:colcon.colcon_core.verb:set package 'minkindr' build argument 'cmake_clean_cache' from command line to 'False'
[0.207s] Level 5:colcon.colcon_core.verb:set package 'minkindr' build argument 'cmake_clean_first' from command line to 'False'
[0.207s] Level 5:colcon.colcon_core.verb:set package 'minkindr' build argument 'cmake_force_configure' from command line to 'False'
[0.207s] Level 5:colcon.colcon_core.verb:set package 'minkindr' build argument 'ament_cmake_args' from command line to 'None'
[0.207s] Level 5:colcon.colcon_core.verb:set package 'minkindr' build argument 'catkin_cmake_args' from command line to 'None'
[0.207s] Level 5:colcon.colcon_core.verb:set package 'minkindr' build argument 'catkin_skip_building_tests' from command line to 'False'
[0.207s] DEBUG:colcon.colcon_core.verb:Building package 'minkindr' with the following arguments: {'ament_cmake_args': None, 'build_base': '/home/carbs/hdvio2.0/eigen_checks/build/minkindr', 'catkin_cmake_args': None, 'catkin_skip_building_tests': False, 'cmake_args': ['-DBUILD_TESTING=OFF'], 'cmake_clean_cache': False, 'cmake_clean_first': False, 'cmake_force_configure': False, 'cmake_target': None, 'cmake_target_skip_unavailable': False, 'install_base': '/home/carbs/hdvio2.0/eigen_checks/install/minkindr', 'merge_install': False, 'path': '/home/carbs/hdvio2.0/minkindr/minkindr', 'symlink_install': False, 'test_result_base': None}
[0.207s] INFO:colcon.colcon_core.executor:Executing jobs using 'parallel' executor
[0.208s] DEBUG:colcon.colcon_parallel_executor.executor.parallel:run_until_complete
[0.208s] INFO:colcon.colcon_ros.task.ament_cmake.build:Building ROS package in '/home/carbs/hdvio2.0/eigen_checks' with build type 'ament_cmake'
[0.208s] INFO:colcon.colcon_cmake.task.cmake.build:Building CMake package in '/home/carbs/hdvio2.0/eigen_checks'
[0.210s] INFO:colcon.colcon_core.plugin_system:Skipping extension 'colcon_core.shell.bat': Not used on non-Windows systems
[0.211s] INFO:colcon.colcon_core.shell:Skip shell extension 'powershell' for command environment: Not usable outside of PowerShell
[0.211s] DEBUG:colcon.colcon_core.shell:Skip shell extension 'dsv' for command environment
[0.214s] INFO:colcon.colcon_ros.task.ament_cmake.build:Building ROS package in '/home/carbs/hdvio2.0/svo_cmake' with build type 'ament_cmake'
[0.214s] INFO:colcon.colcon_cmake.task.cmake.build:Building CMake package in '/home/carbs/hdvio2.0/svo_cmake'
[0.214s] INFO:colcon.colcon_core.shell:Skip shell extension 'powershell' for command environment: Not usable outside of PowerShell
[0.214s] DEBUG:colcon.colcon_core.shell:Skip shell extension 'dsv' for command environment
[0.217s] INFO:colcon.colcon_ros.task.ament_cmake.build:Building ROS package in '/home/carbs/hdvio2.0/svo_msgs' with build type 'ament_cmake'
[0.217s] INFO:colcon.colcon_cmake.task.cmake.build:Building CMake package in '/home/carbs/hdvio2.0/svo_msgs'
[0.217s] INFO:colcon.colcon_core.shell:Skip shell extension 'powershell' for command environment: Not usable outside of PowerShell
[0.217s] DEBUG:colcon.colcon_core.shell:Skip shell extension 'dsv' for command environment
[0.223s] DEBUG:colcon.colcon_core.event_handler.log_command:Invoking command in '/home/carbs/hdvio2.0/eigen_checks/build/eigen_checks': CMAKE_PREFIX_PATH=${CMAKE_PREFIX_PATH}:/opt/ros/humble /usr/bin/cmake --build /home/carbs/hdvio2.0/eigen_checks/build/eigen_checks -- -j24 -l24
[0.235s] DEBUG:colcon.colcon_core.event_handler.log_command:Invoking command in '/home/carbs/hdvio2.0/eigen_checks/build/svo_cmake': CMAKE_PREFIX_PATH=${CMAKE_PREFIX_PATH}:/opt/ros/humble /usr/bin/cmake /home/carbs/hdvio2.0/svo_cmake -DBUILD_TESTING=OFF -DCMAKE_INSTALL_PREFIX=/home/carbs/hdvio2.0/eigen_checks/install/svo_cmake
[0.237s] DEBUG:colcon.colcon_core.event_handler.log_command:Invoking command in '/home/carbs/hdvio2.0/eigen_checks/build/svo_msgs': CMAKE_PREFIX_PATH=${CMAKE_PREFIX_PATH}:/opt/ros/humble /usr/bin/cmake /home/carbs/hdvio2.0/svo_msgs -DBUILD_TESTING=OFF -DCMAKE_INSTALL_PREFIX=/home/carbs/hdvio2.0/eigen_checks/install/svo_msgs
[0.296s] DEBUG:colcon.colcon_core.event_handler.log_command:Invoked command in '/home/carbs/hdvio2.0/eigen_checks/build/eigen_checks' returned '0': CMAKE_PREFIX_PATH=${CMAKE_PREFIX_PATH}:/opt/ros/humble /usr/bin/cmake --build /home/carbs/hdvio2.0/eigen_checks/build/eigen_checks -- -j24 -l24
[0.310s] DEBUG:colcon.colcon_core.event_handler.log_command:Invoking command in '/home/carbs/hdvio2.0/eigen_checks/build/eigen_checks': CMAKE_PREFIX_PATH=${CMAKE_PREFIX_PATH}:/opt/ros/humble /usr/bin/cmake --install /home/carbs/hdvio2.0/eigen_checks/build/eigen_checks
[0.320s] Level 1:colcon.colcon_core.environment:create_environment_scripts_only(eigen_checks)
[0.321s] DEBUG:colcon.colcon_core.event_handler.log_command:Invoked command in '/home/carbs/hdvio2.0/eigen_checks/build/eigen_checks' returned '0': CMAKE_PREFIX_PATH=${CMAKE_PREFIX_PATH}:/opt/ros/humble /usr/bin/cmake --install /home/carbs/hdvio2.0/eigen_checks/build/eigen_checks
[0.323s] Level 1:colcon.colcon_core.environment:checking '/home/carbs/hdvio2.0/eigen_checks/install/eigen_checks' for CMake module files
[0.323s] Level 1:colcon.colcon_core.environment:checking '/home/carbs/hdvio2.0/eigen_checks/install/eigen_checks' for CMake config files
[0.323s] Level 1:colcon.colcon_core.shell:create_environment_hook('eigen_checks', 'cmake_prefix_path')
[0.324s] INFO:colcon.colcon_core.shell:Creating environment hook '/home/carbs/hdvio2.0/eigen_checks/install/eigen_checks/share/eigen_checks/hook/cmake_prefix_path.ps1'
[0.324s] INFO:colcon.colcon_core.shell:Creating environment descriptor '/home/carbs/hdvio2.0/eigen_checks/install/eigen_checks/share/eigen_checks/hook/cmake_prefix_path.dsv'
[0.325s] INFO:colcon.colcon_core.shell:Creating environment hook '/home/carbs/hdvio2.0/eigen_checks/install/eigen_checks/share/eigen_checks/hook/cmake_prefix_path.sh'
[0.326s] Level 1:colcon.colcon_core.environment:checking '/home/carbs/hdvio2.0/eigen_checks/install/eigen_checks/lib'
[0.326s] Level 1:colcon.colcon_core.environment:checking '/home/carbs/hdvio2.0/eigen_checks/install/eigen_checks/bin'
[0.326s] Level 1:colcon.colcon_core.environment:checking '/home/carbs/hdvio2.0/eigen_checks/install/eigen_checks/lib/pkgconfig/eigen_checks.pc'
[0.326s] Level 1:colcon.colcon_core.environment:checking '/home/carbs/hdvio2.0/eigen_checks/install/eigen_checks/lib/python3.10/site-packages'
[0.326s] Level 1:colcon.colcon_core.environment:checking '/home/carbs/hdvio2.0/eigen_checks/install/eigen_checks/bin'
[0.327s] INFO:colcon.colcon_core.shell:Creating package script '/home/carbs/hdvio2.0/eigen_checks/install/eigen_checks/share/eigen_checks/package.ps1'
[0.327s] INFO:colcon.colcon_core.shell:Creating package descriptor '/home/carbs/hdvio2.0/eigen_checks/install/eigen_checks/share/eigen_checks/package.dsv'
[0.328s] INFO:colcon.colcon_core.shell:Creating package script '/home/carbs/hdvio2.0/eigen_checks/install/eigen_checks/share/eigen_checks/package.sh'
[0.329s] INFO:colcon.colcon_core.shell:Creating package script '/home/carbs/hdvio2.0/eigen_checks/install/eigen_checks/share/eigen_checks/package.bash'
[0.329s] INFO:colcon.colcon_core.shell:Creating package script '/home/carbs/hdvio2.0/eigen_checks/install/eigen_checks/share/eigen_checks/package.zsh'
[0.330s] Level 1:colcon.colcon_core.environment:create_file_with_runtime_dependencies(/home/carbs/hdvio2.0/eigen_checks/install/eigen_checks/share/colcon-core/packages/eigen_checks)
[0.330s] Level 1:colcon.colcon_core.environment:create_environment_scripts_only(eigen_checks)
[0.331s] Level 1:colcon.colcon_core.environment:checking '/home/carbs/hdvio2.0/eigen_checks/install/eigen_checks' for CMake module files
[0.331s] Level 1:colcon.colcon_core.environment:checking '/home/carbs/hdvio2.0/eigen_checks/install/eigen_checks' for CMake config files
[0.331s] Level 1:colcon.colcon_core.shell:create_environment_hook('eigen_checks', 'cmake_prefix_path')
[0.332s] INFO:colcon.colcon_core.shell:Creating environment hook '/home/carbs/hdvio2.0/eigen_checks/install/eigen_checks/share/eigen_checks/hook/cmake_prefix_path.ps1'
[0.332s] INFO:colcon.colcon_core.shell:Creating environment descriptor '/home/carbs/hdvio2.0/eigen_checks/install/eigen_checks/share/eigen_checks/hook/cmake_prefix_path.dsv'
[0.332s] INFO:colcon.colcon_core.shell:Creating environment hook '/home/carbs/hdvio2.0/eigen_checks/install/eigen_checks/share/eigen_checks/hook/cmake_prefix_path.sh'
[0.333s] Level 1:colcon.colcon_core.environment:checking '/home/carbs/hdvio2.0/eigen_checks/install/eigen_checks/lib'
[0.333s] Level 1:colcon.colcon_core.environment:checking '/home/carbs/hdvio2.0/eigen_checks/install/eigen_checks/bin'
[0.333s] Level 1:colcon.colcon_core.environment:checking '/home/carbs/hdvio2.0/eigen_checks/install/eigen_checks/lib/pkgconfig/eigen_checks.pc'
[0.333s] Level 1:colcon.colcon_core.environment:checking '/home/carbs/hdvio2.0/eigen_checks/install/eigen_checks/lib/python3.10/site-packages'
[0.333s] Level 1:colcon.colcon_core.environment:checking '/home/carbs/hdvio2.0/eigen_checks/install/eigen_checks/bin'
[0.334s] INFO:colcon.colcon_core.shell:Creating package script '/home/carbs/hdvio2.0/eigen_checks/install/eigen_checks/share/eigen_checks/package.ps1'
[0.334s] INFO:colcon.colcon_core.shell:Creating package descriptor '/home/carbs/hdvio2.0/eigen_checks/install/eigen_checks/share/eigen_checks/package.dsv'
[0.334s] INFO:colcon.colcon_core.shell:Creating package script '/home/carbs/hdvio2.0/eigen_checks/install/eigen_checks/share/eigen_checks/package.sh'
[0.335s] INFO:colcon.colcon_core.shell:Creating package script '/home/carbs/hdvio2.0/eigen_checks/install/eigen_checks/share/eigen_checks/package.bash'
[0.335s] INFO:colcon.colcon_core.shell:Creating package script '/home/carbs/hdvio2.0/eigen_checks/install/eigen_checks/share/eigen_checks/package.zsh'
[0.336s] Level 1:colcon.colcon_core.environment:create_file_with_runtime_dependencies(/home/carbs/hdvio2.0/eigen_checks/install/eigen_checks/share/colcon-core/packages/eigen_checks)
[0.336s] INFO:colcon.colcon_ros.task.ament_cmake.build:Building ROS package in '/home/carbs/hdvio2.0/minkindr/minkindr' with build type 'ament_cmake'
[0.336s] INFO:colcon.colcon_cmake.task.cmake.build:Building CMake package in '/home/carbs/hdvio2.0/minkindr/minkindr'
[0.336s] INFO:colcon.colcon_core.shell:Skip shell extension 'powershell' for command environment: Not usable outside of PowerShell
[0.336s] DEBUG:colcon.colcon_core.shell:Skip shell extension 'dsv' for command environment
[0.347s] DEBUG:colcon.colcon_core.event_handler.log_command:Invoking command in '/home/carbs/hdvio2.0/eigen_checks/build/minkindr': CMAKE_PREFIX_PATH=/home/carbs/hdvio2.0/eigen_checks/install/eigen_checks:/home/carbs/hdvio2.0/eigen_checks/install/minkindr:/home/carbs/hdvio2.0/install/svo_msgs:/home/carbs/hdvio2.0/install/svo_cmake:/opt/ros/humble /usr/bin/cmake --build /home/carbs/hdvio2.0/eigen_checks/build/minkindr -- -j24 -l24
[0.396s] DEBUG:colcon.colcon_core.event_handler.log_command:Invoked command in '/home/carbs/hdvio2.0/eigen_checks/build/minkindr' returned '0': CMAKE_PREFIX_PATH=/home/carbs/hdvio2.0/eigen_checks/install/eigen_checks:/home/carbs/hdvio2.0/eigen_checks/install/minkindr:/home/carbs/hdvio2.0/install/svo_msgs:/home/carbs/hdvio2.0/install/svo_cmake:/opt/ros/humble /usr/bin/cmake --build /home/carbs/hdvio2.0/eigen_checks/build/minkindr -- -j24 -l24
[0.397s] DEBUG:colcon.colcon_core.event_handler.log_command:Invoking command in '/home/carbs/hdvio2.0/eigen_checks/build/minkindr': CMAKE_PREFIX_PATH=/home/carbs/hdvio2.0/eigen_checks/install/eigen_checks:/home/carbs/hdvio2.0/eigen_checks/install/minkindr:/home/carbs/hdvio2.0/install/svo_msgs:/home/carbs/hdvio2.0/install/svo_cmake:/opt/ros/humble /usr/bin/cmake --install /home/carbs/hdvio2.0/eigen_checks/build/minkindr
[0.413s] Level 1:colcon.colcon_core.environment:create_environment_scripts_only(minkindr)
[0.413s] Level 1:colcon.colcon_core.environment:checking '/home/carbs/hdvio2.0/eigen_checks/install/minkindr' for CMake module files
[0.414s] DEBUG:colcon.colcon_core.event_handler.log_command:Invoked command in '/home/carbs/hdvio2.0/eigen_checks/build/minkindr' returned '0': CMAKE_PREFIX_PATH=/home/carbs/hdvio2.0/eigen_checks/install/eigen_checks:/home/carbs/hdvio2.0/eigen_checks/install/minkindr:/home/carbs/hdvio2.0/install/svo_msgs:/home/carbs/hdvio2.0/install/svo_cmake:/opt/ros/humble /usr/bin/cmake --install /home/carbs/hdvio2.0/eigen_checks/build/minkindr
[0.414s] Level 1:colcon.colcon_core.environment:checking '/home/carbs/hdvio2.0/eigen_checks/install/minkindr' for CMake config files
[0.415s] Level 1:colcon.colcon_core.shell:create_environment_hook('minkindr', 'cmake_prefix_path')
[0.415s] INFO:colcon.colcon_core.shell:Creating environment hook '/home/carbs/hdvio2.0/eigen_checks/install/minkindr/share/minkindr/hook/cmake_prefix_path.ps1'
[0.416s] INFO:colcon.colcon_core.shell:Creating environment descriptor '/home/carbs/hdvio2.0/eigen_checks/install/minkindr/share/minkindr/hook/cmake_prefix_path.dsv'
[0.416s] INFO:colcon.colcon_core.shell:Creating environment hook '/home/carbs/hdvio2.0/eigen_checks/install/minkindr/share/minkindr/hook/cmake_prefix_path.sh'
[0.417s] Level 1:colcon.colcon_core.environment:checking '/home/carbs/hdvio2.0/eigen_checks/install/minkindr/bin'
[0.417s] Level 1:colcon.colcon_core.environment:checking '/home/carbs/hdvio2.0/eigen_checks/install/minkindr/lib/pkgconfig/minkindr.pc'
[0.417s] Level 1:colcon.colcon_core.environment:checking '/home/carbs/hdvio2.0/eigen_checks/install/minkindr/lib/python3.10/site-packages'
[0.417s] Level 1:colcon.colcon_core.environment:checking '/home/carbs/hdvio2.0/eigen_checks/install/minkindr/bin'
[0.418s] INFO:colcon.colcon_core.shell:Creating package script '/home/carbs/hdvio2.0/eigen_checks/install/minkindr/share/minkindr/package.ps1'
[0.418s] INFO:colcon.colcon_core.shell:Creating package descriptor '/home/carbs/hdvio2.0/eigen_checks/install/minkindr/share/minkindr/package.dsv'
[0.419s] INFO:colcon.colcon_core.shell:Creating package script '/home/carbs/hdvio2.0/eigen_checks/install/minkindr/share/minkindr/package.sh'
[0.419s] INFO:colcon.colcon_core.shell:Creating package script '/home/carbs/hdvio2.0/eigen_checks/install/minkindr/share/minkindr/package.bash'
[0.420s] INFO:colcon.colcon_core.shell:Creating package script '/home/carbs/hdvio2.0/eigen_checks/install/minkindr/share/minkindr/package.zsh'
[0.420s] Level 1:colcon.colcon_core.environment:create_file_with_runtime_dependencies(/home/carbs/hdvio2.0/eigen_checks/install/minkindr/share/colcon-core/packages/minkindr)
[0.421s] Level 1:colcon.colcon_core.environment:create_environment_scripts_only(minkindr)
[0.421s] Level 1:colcon.colcon_core.environment:checking '/home/carbs/hdvio2.0/eigen_checks/install/minkindr' for CMake module files
[0.422s] Level 1:colcon.colcon_core.environment:checking '/home/carbs/hdvio2.0/eigen_checks/install/minkindr' for CMake config files
[0.422s] Level 1:colcon.colcon_core.shell:create_environment_hook('minkindr', 'cmake_prefix_path')
[0.423s] INFO:colcon.colcon_core.shell:Creating environment hook '/home/carbs/hdvio2.0/eigen_checks/install/minkindr/share/minkindr/hook/cmake_prefix_path.ps1'
[0.423s] INFO:colcon.colcon_core.shell:Creating environment descriptor '/home/carbs/hdvio2.0/eigen_checks/install/minkindr/share/minkindr/hook/cmake_prefix_path.dsv'
[0.424s] INFO:colcon.colcon_core.shell:Creating environment hook '/home/carbs/hdvio2.0/eigen_checks/install/minkindr/share/minkindr/hook/cmake_prefix_path.sh'
[0.424s] Level 1:colcon.colcon_core.environment:checking '/home/carbs/hdvio2.0/eigen_checks/install/minkindr/bin'
[0.425s] Level 1:colcon.colcon_core.environment:checking '/home/carbs/hdvio2.0/eigen_checks/install/minkindr/lib/pkgconfig/minkindr.pc'
[0.425s] Level 1:colcon.colcon_core.environment:checking '/home/carbs/hdvio2.0/eigen_checks/install/minkindr/lib/python3.10/site-packages'
[0.425s] Level 1:colcon.colcon_core.environment:checking '/home/carbs/hdvio2.0/eigen_checks/install/minkindr/bin'
[0.425s] INFO:colcon.colcon_core.shell:Creating package script '/home/carbs/hdvio2.0/eigen_checks/install/minkindr/share/minkindr/package.ps1'
[0.426s] INFO:colcon.colcon_core.shell:Creating package descriptor '/home/carbs/hdvio2.0/eigen_checks/install/minkindr/share/minkindr/package.dsv'
[0.427s] INFO:colcon.colcon_core.shell:Creating package script '/home/carbs/hdvio2.0/eigen_checks/install/minkindr/share/minkindr/package.sh'
[0.427s] INFO:colcon.colcon_core.shell:Creating package script '/home/carbs/hdvio2.0/eigen_checks/install/minkindr/share/minkindr/package.bash'
[0.428s] INFO:colcon.colcon_core.shell:Creating package script '/home/carbs/hdvio2.0/eigen_checks/install/minkindr/share/minkindr/package.zsh'
[0.428s] Level 1:colcon.colcon_core.environment:create_file_with_runtime_dependencies(/home/carbs/hdvio2.0/eigen_checks/install/minkindr/share/colcon-core/packages/minkindr)
[1.029s] DEBUG:colcon.colcon_core.event_handler.log_command:Invoked command in '/home/carbs/hdvio2.0/eigen_checks/build/svo_cmake' returned '0': CMAKE_PREFIX_PATH=${CMAKE_PREFIX_PATH}:/opt/ros/humble /usr/bin/cmake /home/carbs/hdvio2.0/svo_cmake -DBUILD_TESTING=OFF -DCMAKE_INSTALL_PREFIX=/home/carbs/hdvio2.0/eigen_checks/install/svo_cmake
[1.030s] DEBUG:colcon.colcon_core.event_handler.log_command:Invoking command in '/home/carbs/hdvio2.0/eigen_checks/build/svo_cmake': CMAKE_PREFIX_PATH=${CMAKE_PREFIX_PATH}:/opt/ros/humble /usr/bin/cmake --build /home/carbs/hdvio2.0/eigen_checks/build/svo_cmake -- -j24 -l24
[1.084s] DEBUG:colcon.colcon_core.event_handler.log_command:Invoked command in '/home/carbs/hdvio2.0/eigen_checks/build/svo_cmake' returned '0': CMAKE_PREFIX_PATH=${CMAKE_PREFIX_PATH}:/opt/ros/humble /usr/bin/cmake --build /home/carbs/hdvio2.0/eigen_checks/build/svo_cmake -- -j24 -l24
[1.087s] DEBUG:colcon.colcon_core.event_handler.log_command:Invoking command in '/home/carbs/hdvio2.0/eigen_checks/build/svo_cmake': CMAKE_PREFIX_PATH=${CMAKE_PREFIX_PATH}:/opt/ros/humble /usr/bin/cmake --install /home/carbs/hdvio2.0/eigen_checks/build/svo_cmake
[1.102s] Level 1:colcon.colcon_core.environment:create_environment_scripts_only(svo_cmake)
[1.103s] Level 1:colcon.colcon_core.environment:checking '/home/carbs/hdvio2.0/eigen_checks/install/svo_cmake' for CMake module files
[1.103s] DEBUG:colcon.colcon_core.event_handler.log_command:Invoked command in '/home/carbs/hdvio2.0/eigen_checks/build/svo_cmake' returned '0': CMAKE_PREFIX_PATH=${CMAKE_PREFIX_PATH}:/opt/ros/humble /usr/bin/cmake --install /home/carbs/hdvio2.0/eigen_checks/build/svo_cmake
[1.104s] Level 1:colcon.colcon_core.environment:checking '/home/carbs/hdvio2.0/eigen_checks/install/svo_cmake' for CMake config files
[1.104s] Level 1:colcon.colcon_core.shell:create_environment_hook('svo_cmake', 'cmake_prefix_path')
[1.105s] INFO:colcon.colcon_core.shell:Creating environment hook '/home/carbs/hdvio2.0/eigen_checks/install/svo_cmake/share/svo_cmake/hook/cmake_prefix_path.ps1'
[1.106s] INFO:colcon.colcon_core.shell:Creating environment descriptor '/home/carbs/hdvio2.0/eigen_checks/install/svo_cmake/share/svo_cmake/hook/cmake_prefix_path.dsv'
[1.106s] INFO:colcon.colcon_core.shell:Creating environment hook '/home/carbs/hdvio2.0/eigen_checks/install/svo_cmake/share/svo_cmake/hook/cmake_prefix_path.sh'
[1.106s] Level 1:colcon.colcon_core.environment:checking '/home/carbs/hdvio2.0/eigen_checks/install/svo_cmake/bin'
[1.107s] Level 1:colcon.colcon_core.environment:checking '/home/carbs/hdvio2.0/eigen_checks/install/svo_cmake/lib/pkgconfig/svo_cmake.pc'
[1.107s] Level 1:colcon.colcon_core.environment:checking '/home/carbs/hdvio2.0/eigen_checks/install/svo_cmake/lib/python3.10/site-packages'
[1.107s] Level 1:colcon.colcon_core.environment:checking '/home/carbs/hdvio2.0/eigen_checks/install/svo_cmake/bin'
[1.107s] INFO:colcon.colcon_core.shell:Creating package script '/home/carbs/hdvio2.0/eigen_checks/install/svo_cmake/share/svo_cmake/package.ps1'
[1.108s] INFO:colcon.colcon_core.shell:Creating package descriptor '/home/carbs/hdvio2.0/eigen_checks/install/svo_cmake/share/svo_cmake/package.dsv'
[1.108s] INFO:colcon.colcon_core.shell:Creating package script '/home/carbs/hdvio2.0/eigen_checks/install/svo_cmake/share/svo_cmake/package.sh'
[1.109s] INFO:colcon.colcon_core.shell:Creating package script '/home/carbs/hdvio2.0/eigen_checks/install/svo_cmake/share/svo_cmake/package.bash'
[1.109s] INFO:colcon.colcon_core.shell:Creating package script '/home/carbs/hdvio2.0/eigen_checks/install/svo_cmake/share/svo_cmake/package.zsh'
[1.110s] Level 1:colcon.colcon_core.environment:create_file_with_runtime_dependencies(/home/carbs/hdvio2.0/eigen_checks/install/svo_cmake/share/colcon-core/packages/svo_cmake)
[1.110s] Level 1:colcon.colcon_core.environment:create_environment_scripts_only(svo_cmake)
[1.111s] Level 1:colcon.colcon_core.environment:checking '/home/carbs/hdvio2.0/eigen_checks/install/svo_cmake' for CMake module files
[1.111s] Level 1:colcon.colcon_core.environment:checking '/home/carbs/hdvio2.0/eigen_checks/install/svo_cmake' for CMake config files
[1.112s] Level 1:colcon.colcon_core.shell:create_environment_hook('svo_cmake', 'cmake_prefix_path')
[1.112s] INFO:colcon.colcon_core.shell:Creating environment hook '/home/carbs/hdvio2.0/eigen_checks/install/svo_cmake/share/svo_cmake/hook/cmake_prefix_path.ps1'
[1.112s] INFO:colcon.colcon_core.shell:Creating environment descriptor '/home/carbs/hdvio2.0/eigen_checks/install/svo_cmake/share/svo_cmake/hook/cmake_prefix_path.dsv'
[1.113s] INFO:colcon.colcon_core.shell:Creating environment hook '/home/carbs/hdvio2.0/eigen_checks/install/svo_cmake/share/svo_cmake/hook/cmake_prefix_path.sh'
[1.114s] Level 1:colcon.colcon_core.environment:checking '/home/carbs/hdvio2.0/eigen_checks/install/svo_cmake/bin'
[1.114s] Level 1:colcon.colcon_core.environment:checking '/home/carbs/hdvio2.0/eigen_checks/install/svo_cmake/lib/pkgconfig/svo_cmake.pc'
[1.114s] Level 1:colcon.colcon_core.environment:checking '/home/carbs/hdvio2.0/eigen_checks/install/svo_cmake/lib/python3.10/site-packages'
[1.115s] Level 1:colcon.colcon_core.environment:checking '/home/carbs/hdvio2.0/eigen_checks/install/svo_cmake/bin'
[1.115s] INFO:colcon.colcon_core.shell:Creating package script '/home/carbs/hdvio2.0/eigen_checks/install/svo_cmake/share/svo_cmake/package.ps1'
[1.116s] INFO:colcon.colcon_core.shell:Creating package descriptor '/home/carbs/hdvio2.0/eigen_checks/install/svo_cmake/share/svo_cmake/package.dsv'
[1.117s] INFO:colcon.colcon_core.shell:Creating package script '/home/carbs/hdvio2.0/eigen_checks/install/svo_cmake/share/svo_cmake/package.sh'
[1.117s] INFO:colcon.colcon_core.shell:Creating package script '/home/carbs/hdvio2.0/eigen_checks/install/svo_cmake/share/svo_cmake/package.bash'
[1.118s] INFO:colcon.colcon_core.shell:Creating package script '/home/carbs/hdvio2.0/eigen_checks/install/svo_cmake/share/svo_cmake/package.zsh'
[1.119s] Level 1:colcon.colcon_core.environment:create_file_with_runtime_dependencies(/home/carbs/hdvio2.0/eigen_checks/install/svo_cmake/share/colcon-core/packages/svo_cmake)
[2.624s] DEBUG:colcon.colcon_core.event_handler.log_command:Invoked command in '/home/carbs/hdvio2.0/eigen_checks/build/svo_msgs' returned '0': CMAKE_PREFIX_PATH=${CMAKE_PREFIX_PATH}:/opt/ros/humble /usr/bin/cmake /home/carbs/hdvio2.0/svo_msgs -DBUILD_TESTING=OFF -DCMAKE_INSTALL_PREFIX=/home/carbs/hdvio2.0/eigen_checks/install/svo_msgs
[2.626s] DEBUG:colcon.colcon_core.event_handler.log_command:Invoking command in '/home/carbs/hdvio2.0/eigen_checks/build/svo_msgs': CMAKE_PREFIX_PATH=${CMAKE_PREFIX_PATH}:/opt/ros/humble /usr/bin/cmake --build /home/carbs/hdvio2.0/eigen_checks/build/svo_msgs -- -j24 -l24
[5.689s] DEBUG:colcon.colcon_core.event_handler.log_command:Invoked command in '/home/carbs/hdvio2.0/eigen_checks/build/svo_msgs' returned '0': CMAKE_PREFIX_PATH=${CMAKE_PREFIX_PATH}:/opt/ros/humble /usr/bin/cmake --build /home/carbs/hdvio2.0/eigen_checks/build/svo_msgs -- -j24 -l24
[5.691s] DEBUG:colcon.colcon_core.event_handler.log_command:Invoking command in '/home/carbs/hdvio2.0/eigen_checks/build/svo_msgs': CMAKE_PREFIX_PATH=${CMAKE_PREFIX_PATH}:/opt/ros/humble /usr/bin/cmake --install /home/carbs/hdvio2.0/eigen_checks/build/svo_msgs
[5.767s] Level 1:colcon.colcon_core.environment:create_environment_scripts_only(svo_msgs)
[5.767s] Level 1:colcon.colcon_core.environment:checking '/home/carbs/hdvio2.0/eigen_checks/install/svo_msgs' for CMake module files
[5.768s] DEBUG:colcon.colcon_core.event_handler.log_command:Invoked command in '/home/carbs/hdvio2.0/eigen_checks/build/svo_msgs' returned '0': CMAKE_PREFIX_PATH=${CMAKE_PREFIX_PATH}:/opt/ros/humble /usr/bin/cmake --install /home/carbs/hdvio2.0/eigen_checks/build/svo_msgs
[5.768s] Level 1:colcon.colcon_core.environment:checking '/home/carbs/hdvio2.0/eigen_checks/install/svo_msgs' for CMake config files
[5.769s] Level 1:colcon.colcon_core.shell:create_environment_hook('svo_msgs', 'cmake_prefix_path')
[5.769s] INFO:colcon.colcon_core.shell:Creating environment hook '/home/carbs/hdvio2.0/eigen_checks/install/svo_msgs/share/svo_msgs/hook/cmake_prefix_path.ps1'
[5.769s] INFO:colcon.colcon_core.shell:Creating environment descriptor '/home/carbs/hdvio2.0/eigen_checks/install/svo_msgs/share/svo_msgs/hook/cmake_prefix_path.dsv'
[5.770s] INFO:colcon.colcon_core.shell:Creating environment hook '/home/carbs/hdvio2.0/eigen_checks/install/svo_msgs/share/svo_msgs/hook/cmake_prefix_path.sh'
[5.770s] Level 1:colcon.colcon_core.environment:checking '/home/carbs/hdvio2.0/eigen_checks/install/svo_msgs/lib'
[5.770s] Level 1:colcon.colcon_core.shell:create_environment_hook('svo_msgs', 'ld_library_path_lib')
[5.771s] INFO:colcon.colcon_core.shell:Creating environment hook '/home/carbs/hdvio2.0/eigen_checks/install/svo_msgs/share/svo_msgs/hook/ld_library_path_lib.ps1'
[5.771s] INFO:colcon.colcon_core.shell:Creating environment descriptor '/home/carbs/hdvio2.0/eigen_checks/install/svo_msgs/share/svo_msgs/hook/ld_library_path_lib.dsv'
[5.771s] INFO:colcon.colcon_core.shell:Creating environment hook '/home/carbs/hdvio2.0/eigen_checks/install/svo_msgs/share/svo_msgs/hook/ld_library_path_lib.sh'
[5.772s] Level 1:colcon.colcon_core.environment:checking '/home/carbs/hdvio2.0/eigen_checks/install/svo_msgs/bin'
[5.772s] Level 1:colcon.colcon_core.environment:checking '/home/carbs/hdvio2.0/eigen_checks/install/svo_msgs/lib/pkgconfig/svo_msgs.pc'
[5.772s] Level 1:colcon.colcon_core.environment:checking '/home/carbs/hdvio2.0/eigen_checks/install/svo_msgs/lib/python3.10/site-packages'
[5.772s] Level 1:colcon.colcon_core.environment:checking '/home/carbs/hdvio2.0/eigen_checks/install/svo_msgs/bin'
[5.773s] INFO:colcon.colcon_core.shell:Creating package script '/home/carbs/hdvio2.0/eigen_checks/install/svo_msgs/share/svo_msgs/package.ps1'
[5.773s] INFO:colcon.colcon_core.shell:Creating package descriptor '/home/carbs/hdvio2.0/eigen_checks/install/svo_msgs/share/svo_msgs/package.dsv'
[5.774s] INFO:colcon.colcon_core.shell:Creating package script '/home/carbs/hdvio2.0/eigen_checks/install/svo_msgs/share/svo_msgs/package.sh'
[5.774s] INFO:colcon.colcon_core.shell:Creating package script '/home/carbs/hdvio2.0/eigen_checks/install/svo_msgs/share/svo_msgs/package.bash'
[5.774s] INFO:colcon.colcon_core.shell:Creating package script '/home/carbs/hdvio2.0/eigen_checks/install/svo_msgs/share/svo_msgs/package.zsh'
[5.775s] Level 1:colcon.colcon_core.environment:create_file_with_runtime_dependencies(/home/carbs/hdvio2.0/eigen_checks/install/svo_msgs/share/colcon-core/packages/svo_msgs)
[5.775s] Level 1:colcon.colcon_core.environment:create_environment_scripts_only(svo_msgs)
[5.776s] Level 1:colcon.colcon_core.environment:checking '/home/carbs/hdvio2.0/eigen_checks/install/svo_msgs' for CMake module files
[5.776s] Level 1:colcon.colcon_core.environment:checking '/home/carbs/hdvio2.0/eigen_checks/install/svo_msgs' for CMake config files
[5.777s] Level 1:colcon.colcon_core.shell:create_environment_hook('svo_msgs', 'cmake_prefix_path')
[5.777s] INFO:colcon.colcon_core.shell:Creating environment hook '/home/carbs/hdvio2.0/eigen_checks/install/svo_msgs/share/svo_msgs/hook/cmake_prefix_path.ps1'
[5.777s] INFO:colcon.colcon_core.shell:Creating environment descriptor '/home/carbs/hdvio2.0/eigen_checks/install/svo_msgs/share/svo_msgs/hook/cmake_prefix_path.dsv'
[5.778s] INFO:colcon.colcon_core.shell:Creating environment hook '/home/carbs/hdvio2.0/eigen_checks/install/svo_msgs/share/svo_msgs/hook/cmake_prefix_path.sh'
[5.778s] Level 1:colcon.colcon_core.environment:checking '/home/carbs/hdvio2.0/eigen_checks/install/svo_msgs/lib'
[5.778s] Level 1:colcon.colcon_core.shell:create_environment_hook('svo_msgs', 'ld_library_path_lib')
[5.779s] INFO:colcon.colcon_core.shell:Creating environment hook '/home/carbs/hdvio2.0/eigen_checks/install/svo_msgs/share/svo_msgs/hook/ld_library_path_lib.ps1'
[5.779s] INFO:colcon.colcon_core.shell:Creating environment descriptor '/home/carbs/hdvio2.0/eigen_checks/install/svo_msgs/share/svo_msgs/hook/ld_library_path_lib.dsv'
[5.779s] INFO:colcon.colcon_core.shell:Creating environment hook '/home/carbs/hdvio2.0/eigen_checks/install/svo_msgs/share/svo_msgs/hook/ld_library_path_lib.sh'
[5.780s] Level 1:colcon.colcon_core.environment:checking '/home/carbs/hdvio2.0/eigen_checks/install/svo_msgs/bin'
[5.780s] Level 1:colcon.colcon_core.environment:checking '/home/carbs/hdvio2.0/eigen_checks/install/svo_msgs/lib/pkgconfig/svo_msgs.pc'
[5.780s] Level 1:colcon.colcon_core.environment:checking '/home/carbs/hdvio2.0/eigen_checks/install/svo_msgs/lib/python3.10/site-packages'
[5.781s] Level 1:colcon.colcon_core.environment:checking '/home/carbs/hdvio2.0/eigen_checks/install/svo_msgs/bin'
[5.781s] INFO:colcon.colcon_core.shell:Creating package script '/home/carbs/hdvio2.0/eigen_checks/install/svo_msgs/share/svo_msgs/package.ps1'
[5.781s] INFO:colcon.colcon_core.shell:Creating package descriptor '/home/carbs/hdvio2.0/eigen_checks/install/svo_msgs/share/svo_msgs/package.dsv'
[5.782s] INFO:colcon.colcon_core.shell:Creating package script '/home/carbs/hdvio2.0/eigen_checks/install/svo_msgs/share/svo_msgs/package.sh'
[5.782s] INFO:colcon.colcon_core.shell:Creating package script '/home/carbs/hdvio2.0/eigen_checks/install/svo_msgs/share/svo_msgs/package.bash'
[5.783s] INFO:colcon.colcon_core.shell:Creating package script '/home/carbs/hdvio2.0/eigen_checks/install/svo_msgs/share/svo_msgs/package.zsh'
[5.783s] Level 1:colcon.colcon_core.environment:create_file_with_runtime_dependencies(/home/carbs/hdvio2.0/eigen_checks/install/svo_msgs/share/colcon-core/packages/svo_msgs)
[5.784s] DEBUG:colcon.colcon_parallel_executor.executor.parallel:closing loop
[5.784s] DEBUG:colcon.colcon_parallel_executor.executor.parallel:loop closed
[5.784s] DEBUG:colcon.colcon_parallel_executor.executor.parallel:run_until_complete finished with '0'
[5.784s] DEBUG:colcon.colcon_core.event_reactor:joining thread
[5.792s] INFO:colcon.colcon_core.plugin_system:Skipping extension 'colcon_notification.desktop_notification.terminal_notifier': Not used on non-Darwin systems
[5.792s] INFO:colcon.colcon_core.plugin_system:Skipping extension 'colcon_notification.desktop_notification.win32': Not used on non-Windows systems
[5.792s] INFO:colcon.colcon_notification.desktop_notification:Sending desktop notification using 'notify2'
[5.803s] DEBUG:colcon.colcon_core.event_reactor:joined thread
[5.803s] INFO:colcon.colcon_core.shell:Creating prefix script '/home/carbs/hdvio2.0/eigen_checks/install/local_setup.ps1'
[5.805s] INFO:colcon.colcon_core.shell:Creating prefix util module '/home/carbs/hdvio2.0/eigen_checks/install/_local_setup_util_ps1.py'
[5.807s] INFO:colcon.colcon_core.shell:Creating prefix chain script '/home/carbs/hdvio2.0/eigen_checks/install/setup.ps1'
[5.808s] INFO:colcon.colcon_core.shell:Creating prefix script '/home/carbs/hdvio2.0/eigen_checks/install/local_setup.sh'
[5.809s] INFO:colcon.colcon_core.shell:Creating prefix util module '/home/carbs/hdvio2.0/eigen_checks/install/_local_setup_util_sh.py'
[5.810s] INFO:colcon.colcon_core.shell:Creating prefix chain script '/home/carbs/hdvio2.0/eigen_checks/install/setup.sh'
[5.811s] INFO:colcon.colcon_core.shell:Creating prefix script '/home/carbs/hdvio2.0/eigen_checks/install/local_setup.bash'
[5.812s] INFO:colcon.colcon_core.shell:Creating prefix chain script '/home/carbs/hdvio2.0/eigen_checks/install/setup.bash'
[5.813s] INFO:colcon.colcon_core.shell:Creating prefix script '/home/carbs/hdvio2.0/eigen_checks/install/local_setup.zsh'
[5.814s] INFO:colcon.colcon_core.shell:Creating prefix chain script '/home/carbs/hdvio2.0/eigen_checks/install/setup.zsh'
