[0.078s] DEBUG:colcon:Command line arguments: ['/usr/bin/colcon', 'build']
[0.078s] DEBUG:colcon:Parsed command line arguments: Namespace(log_base=None, log_level=None, verb_name='build', build_base='build', install_base='install', merge_install=False, symlink_install=False, test_result_base=None, continue_on_error=False, executor='parallel', parallel_workers=24, event_handlers=None, ignore_user_meta=False, metas=['./colcon.meta'], base_paths=['.'], packages_ignore=None, packages_ignore_regex=None, paths=None, packages_up_to=None, packages_up_to_regex=None, packages_above=None, packages_above_and_dependencies=None, packages_above_depth=None, packages_select_by_dep=None, packages_skip_by_dep=None, packages_skip_up_to=None, packages_select_build_failed=False, packages_skip_build_finished=False, packages_select_test_failures=False, packages_skip_test_passed=False, packages_select=None, packages_skip=None, packages_select_regex=None, packages_skip_regex=None, packages_start=None, packages_end=None, allow_overriding=[], cmake_args=None, cmake_target=None, cmake_target_skip_unavailable=False, cmake_clean_cache=False, cmake_clean_first=False, cmake_force_configure=False, ament_cmake_args=None, catkin_cmake_args=None, catkin_skip_building_tests=False, mixin_files=None, mixin=None, verb_parser=<colcon_mixin.mixin.mixin_argument.MixinArgumentDecorator object at 0x736e3be6be50>, verb_extension=<colcon_core.verb.build.BuildVerb object at 0x736e3be6b9a0>, main=<bound method BuildVerb.main of <colcon_core.verb.build.BuildVerb object at 0x736e3be6b9a0>>, mixin_verb=('build',))
[0.106s] Level 1:colcon.colcon_core.package_discovery:discover_packages(colcon_meta) check parameters
[0.106s] Level 1:colcon.colcon_core.package_discovery:discover_packages(recursive) check parameters
[0.106s] Level 1:colcon.colcon_core.package_discovery:discover_packages(ignore) check parameters
[0.106s] Level 1:colcon.colcon_core.package_discovery:discover_packages(path) check parameters
[0.106s] Level 1:colcon.colcon_core.package_discovery:discover_packages(colcon_meta) discover
[0.106s] Level 1:colcon.colcon_core.package_discovery:discover_packages(recursive) discover
[0.106s] INFO:colcon.colcon_core.package_discovery:Crawling recursively for packages in '/home/carbs/hdvio2.0/minkindr_ros'
[0.106s] Level 1:colcon.colcon_core.package_identification:_identify(.) by extensions ['ignore', 'ignore_ament_install']
[0.106s] Level 1:colcon.colcon_core.package_identification:_identify(.) by extension 'ignore'
[0.106s] Level 1:colcon.colcon_core.package_identification:_identify(.) by extension 'ignore_ament_install'
[0.106s] Level 1:colcon.colcon_core.package_identification:_identify(.) by extensions ['colcon_pkg']
[0.106s] Level 1:colcon.colcon_core.package_identification:_identify(.) by extension 'colcon_pkg'
[0.106s] Level 1:colcon.colcon_core.package_identification:_identify(.) by extensions ['colcon_meta']
[0.106s] Level 1:colcon.colcon_core.package_identification:_identify(.) by extension 'colcon_meta'
[0.106s] Level 1:colcon.colcon_core.package_identification:_identify(.) by extensions ['ros']
[0.106s] Level 1:colcon.colcon_core.package_identification:_identify(.) by extension 'ros'
[0.117s] Level 1:colcon.colcon_core.package_identification:_identify(.) by extensions ['cmake', 'python']
[0.117s] Level 1:colcon.colcon_core.package_identification:_identify(.) by extension 'cmake'
[0.117s] Level 1:colcon.colcon_core.package_identification:_identify(.) by extension 'python'
[0.117s] Level 1:colcon.colcon_core.package_identification:_identify(.) by extensions ['python_setup_py']
[0.117s] Level 1:colcon.colcon_core.package_identification:_identify(.) by extension 'python_setup_py'
[0.117s] Level 1:colcon.colcon_core.package_identification:_identify(build) by extensions ['ignore', 'ignore_ament_install']
[0.117s] Level 1:colcon.colcon_core.package_identification:_identify(build) by extension 'ignore'
[0.117s] Level 1:colcon.colcon_core.package_identification:_identify(build) ignored
[0.117s] Level 1:colcon.colcon_core.package_identification:_identify(install) by extensions ['ignore', 'ignore_ament_install']
[0.117s] Level 1:colcon.colcon_core.package_identification:_identify(install) by extension 'ignore'
[0.117s] Level 1:colcon.colcon_core.package_identification:_identify(install) ignored
[0.118s] Level 1:colcon.colcon_core.package_identification:_identify(log) by extensions ['ignore', 'ignore_ament_install']
[0.118s] Level 1:colcon.colcon_core.package_identification:_identify(log) by extension 'ignore'
[0.118s] Level 1:colcon.colcon_core.package_identification:_identify(log) ignored
[0.118s] Level 1:colcon.colcon_core.package_identification:_identify(minkindr_conversions) by extensions ['ignore', 'ignore_ament_install']
[0.118s] Level 1:colcon.colcon_core.package_identification:_identify(minkindr_conversions) by extension 'ignore'
[0.118s] Level 1:colcon.colcon_core.package_identification:_identify(minkindr_conversions) by extension 'ignore_ament_install'
[0.118s] Level 1:colcon.colcon_core.package_identification:_identify(minkindr_conversions) by extensions ['colcon_pkg']
[0.118s] Level 1:colcon.colcon_core.package_identification:_identify(minkindr_conversions) by extension 'colcon_pkg'
[0.118s] Level 1:colcon.colcon_core.package_identification:_identify(minkindr_conversions) by extensions ['colcon_meta']
[0.118s] Level 1:colcon.colcon_core.package_identification:_identify(minkindr_conversions) by extension 'colcon_meta'
[0.118s] Level 1:colcon.colcon_core.package_identification:_identify(minkindr_conversions) by extensions ['ros']
[0.118s] Level 1:colcon.colcon_core.package_identification:_identify(minkindr_conversions) by extension 'ros'
[0.120s] DEBUG:colcon.colcon_core.package_identification:Package 'minkindr_conversions' with type 'ros.ament_cmake' and name 'minkindr_conversions'
[0.120s] Level 1:colcon.colcon_core.package_discovery:discover_packages(recursive) using defaults
[0.120s] Level 1:colcon.colcon_core.package_discovery:discover_packages(ignore) discover
[0.120s] Level 1:colcon.colcon_core.package_discovery:discover_packages(ignore) using defaults
[0.120s] Level 1:colcon.colcon_core.package_discovery:discover_packages(path) discover
[0.120s] Level 1:colcon.colcon_core.package_discovery:discover_packages(path) using defaults
[0.134s] Level 1:colcon.colcon_core.package_discovery:discover_packages(prefix_path) check parameters
[0.134s] Level 1:colcon.colcon_core.package_discovery:discover_packages(prefix_path) discover
[0.135s] WARNING:colcon.colcon_ros.prefix_path.ament:The path '/home/carbs/hdvio2.0/install/rpg_datasets' in the environment variable AMENT_PREFIX_PATH doesn't exist
[0.136s] WARNING:colcon.colcon_ros.prefix_path.catkin:The path '/home/carbs/hdvio2.0/install/rpg_datasets' in the environment variable CMAKE_PREFIX_PATH doesn't exist
[0.137s] DEBUG:colcon.colcon_installed_package_information.package_discovery:Found 22 installed packages in /home/carbs/hdvio2.0/install
[0.137s] DEBUG:colcon.colcon_installed_package_information.package_discovery:Found 6 installed packages in /home/carbs/hdvio2.0/eigen_checks/install
[0.139s] DEBUG:colcon.colcon_installed_package_information.package_discovery:Found 280 installed packages in /opt/ros/humble
[0.140s] Level 1:colcon.colcon_core.package_discovery:discover_packages(prefix_path) using defaults
[0.168s] Level 5:colcon.colcon_core.verb:set package 'minkindr_conversions' build argument 'cmake_args' from command line to 'None'
[0.168s] Level 5:colcon.colcon_core.verb:set package 'minkindr_conversions' build argument 'cmake_target' from command line to 'None'
[0.168s] Level 5:colcon.colcon_core.verb:set package 'minkindr_conversions' build argument 'cmake_target_skip_unavailable' from command line to 'False'
[0.168s] Level 5:colcon.colcon_core.verb:set package 'minkindr_conversions' build argument 'cmake_clean_cache' from command line to 'False'
[0.168s] Level 5:colcon.colcon_core.verb:set package 'minkindr_conversions' build argument 'cmake_clean_first' from command line to 'False'
[0.168s] Level 5:colcon.colcon_core.verb:set package 'minkindr_conversions' build argument 'cmake_force_configure' from command line to 'False'
[0.168s] Level 5:colcon.colcon_core.verb:set package 'minkindr_conversions' build argument 'ament_cmake_args' from command line to 'None'
[0.168s] Level 5:colcon.colcon_core.verb:set package 'minkindr_conversions' build argument 'catkin_cmake_args' from command line to 'None'
[0.168s] Level 5:colcon.colcon_core.verb:set package 'minkindr_conversions' build argument 'catkin_skip_building_tests' from command line to 'False'
[0.168s] DEBUG:colcon.colcon_core.verb:Building package 'minkindr_conversions' with the following arguments: {'ament_cmake_args': None, 'build_base': '/home/carbs/hdvio2.0/minkindr_ros/build/minkindr_conversions', 'catkin_cmake_args': None, 'catkin_skip_building_tests': False, 'cmake_args': None, 'cmake_clean_cache': False, 'cmake_clean_first': False, 'cmake_force_configure': False, 'cmake_target': None, 'cmake_target_skip_unavailable': False, 'install_base': '/home/carbs/hdvio2.0/minkindr_ros/install/minkindr_conversions', 'merge_install': False, 'path': '/home/carbs/hdvio2.0/minkindr_ros/minkindr_conversions', 'symlink_install': False, 'test_result_base': None}
[0.168s] INFO:colcon.colcon_core.executor:Executing jobs using 'parallel' executor
[0.169s] DEBUG:colcon.colcon_parallel_executor.executor.parallel:run_until_complete
[0.169s] INFO:colcon.colcon_ros.task.ament_cmake.build:Building ROS package in '/home/carbs/hdvio2.0/minkindr_ros/minkindr_conversions' with build type 'ament_cmake'
[0.169s] INFO:colcon.colcon_cmake.task.cmake.build:Building CMake package in '/home/carbs/hdvio2.0/minkindr_ros/minkindr_conversions'
[0.171s] INFO:colcon.colcon_core.plugin_system:Skipping extension 'colcon_core.shell.bat': Not used on non-Windows systems
[0.171s] INFO:colcon.colcon_core.shell:Skip shell extension 'powershell' for command environment: Not usable outside of PowerShell
[0.171s] DEBUG:colcon.colcon_core.shell:Skip shell extension 'dsv' for command environment
[0.184s] DEBUG:colcon.colcon_core.event_handler.log_command:Invoking command in '/home/carbs/hdvio2.0/minkindr_ros/build/minkindr_conversions': CMAKE_PREFIX_PATH=/home/carbs/hdvio2.0/install/svo:/opt/ros/humble:/home/carbs/hdvio2.0/install/opengv:/home/carbs/hdvio2.0/install/rpg_common:/home/carbs/hdvio2.0/install/minkindr:/home/carbs/hdvio2.0/install/svo_tracker:/home/carbs/hdvio2.0/install/svo_img_align:/home/carbs/hdvio2.0/install/svo_vio_common:/home/carbs/hdvio2.0/install/rpg_datasets:/home/carbs/hdvio2.0/install/svo_direct:/home/carbs/hdvio2.0/install/svo_test_utils:/home/carbs/hdvio2.0/install/vikit_ros:/home/carbs/hdvio2.0/install/vikit_cameras:/home/carbs/hdvio2.0/install/vikit_common:/home/carbs/hdvio2.0/install/eigen_checks:/home/carbs/hdvio2.0/install/svo_common:/home/carbs/hdvio2.0/install/fast_neon:/home/carbs/hdvio2.0/install/vikit_solver:/home/carbs/hdvio2.0/eigen_checks/install/vikit_cameras:/home/carbs/hdvio2.0/eigen_checks/install/vikit_common:/home/carbs/hdvio2.0/eigen_checks/install/svo_msgs:/home/carbs/hdvio2.0/eigen_checks/install/svo_cmake:/home/carbs/hdvio2.0/eigen_checks/install/minkindr:/home/carbs/hdvio2.0/eigen_checks/install/eigen_checks:/home/carbs/hdvio2.0/install/svo_msgs:/home/carbs/hdvio2.0/install/svo_cmake /usr/bin/cmake --build /home/carbs/hdvio2.0/minkindr_ros/build/minkindr_conversions -- -j24 -l24
[4.333s] DEBUG:colcon.colcon_core.event_handler.log_command:Invoked command in '/home/carbs/hdvio2.0/minkindr_ros/build/minkindr_conversions' returned '2': CMAKE_PREFIX_PATH=/home/carbs/hdvio2.0/install/svo:/opt/ros/humble:/home/carbs/hdvio2.0/install/opengv:/home/carbs/hdvio2.0/install/rpg_common:/home/carbs/hdvio2.0/install/minkindr:/home/carbs/hdvio2.0/install/svo_tracker:/home/carbs/hdvio2.0/install/svo_img_align:/home/carbs/hdvio2.0/install/svo_vio_common:/home/carbs/hdvio2.0/install/rpg_datasets:/home/carbs/hdvio2.0/install/svo_direct:/home/carbs/hdvio2.0/install/svo_test_utils:/home/carbs/hdvio2.0/install/vikit_ros:/home/carbs/hdvio2.0/install/vikit_cameras:/home/carbs/hdvio2.0/install/vikit_common:/home/carbs/hdvio2.0/install/eigen_checks:/home/carbs/hdvio2.0/install/svo_common:/home/carbs/hdvio2.0/install/fast_neon:/home/carbs/hdvio2.0/install/vikit_solver:/home/carbs/hdvio2.0/eigen_checks/install/vikit_cameras:/home/carbs/hdvio2.0/eigen_checks/install/vikit_common:/home/carbs/hdvio2.0/eigen_checks/install/svo_msgs:/home/carbs/hdvio2.0/eigen_checks/install/svo_cmake:/home/carbs/hdvio2.0/eigen_checks/install/minkindr:/home/carbs/hdvio2.0/eigen_checks/install/eigen_checks:/home/carbs/hdvio2.0/install/svo_msgs:/home/carbs/hdvio2.0/install/svo_cmake /usr/bin/cmake --build /home/carbs/hdvio2.0/minkindr_ros/build/minkindr_conversions -- -j24 -l24
[4.334s] Level 1:colcon.colcon_core.environment:create_environment_scripts_only(minkindr_conversions)
[4.336s] Level 1:colcon.colcon_core.environment:checking '/home/carbs/hdvio2.0/minkindr_ros/install/minkindr_conversions' for CMake module files
[4.336s] Level 1:colcon.colcon_core.environment:checking '/home/carbs/hdvio2.0/minkindr_ros/install/minkindr_conversions' for CMake config files
[4.337s] Level 1:colcon.colcon_core.environment:checking '/home/carbs/hdvio2.0/minkindr_ros/install/minkindr_conversions/bin'
[4.337s] Level 1:colcon.colcon_core.environment:checking '/home/carbs/hdvio2.0/minkindr_ros/install/minkindr_conversions/lib/pkgconfig/minkindr_conversions.pc'
[4.337s] Level 1:colcon.colcon_core.environment:checking '/home/carbs/hdvio2.0/minkindr_ros/install/minkindr_conversions/lib/python3.10/site-packages'
[4.338s] Level 1:colcon.colcon_core.environment:checking '/home/carbs/hdvio2.0/minkindr_ros/install/minkindr_conversions/bin'
[4.338s] INFO:colcon.colcon_core.shell:Creating package script '/home/carbs/hdvio2.0/minkindr_ros/install/minkindr_conversions/share/minkindr_conversions/package.ps1'
[4.339s] INFO:colcon.colcon_core.shell:Creating package descriptor '/home/carbs/hdvio2.0/minkindr_ros/install/minkindr_conversions/share/minkindr_conversions/package.dsv'
[4.339s] INFO:colcon.colcon_core.shell:Creating package script '/home/carbs/hdvio2.0/minkindr_ros/install/minkindr_conversions/share/minkindr_conversions/package.sh'
[4.340s] INFO:colcon.colcon_core.shell:Creating package script '/home/carbs/hdvio2.0/minkindr_ros/install/minkindr_conversions/share/minkindr_conversions/package.bash'
[4.341s] INFO:colcon.colcon_core.shell:Creating package script '/home/carbs/hdvio2.0/minkindr_ros/install/minkindr_conversions/share/minkindr_conversions/package.zsh'
[4.342s] Level 1:colcon.colcon_core.environment:create_file_with_runtime_dependencies(/home/carbs/hdvio2.0/minkindr_ros/install/minkindr_conversions/share/colcon-core/packages/minkindr_conversions)
[4.353s] DEBUG:colcon.colcon_parallel_executor.executor.parallel:closing loop
[4.353s] DEBUG:colcon.colcon_parallel_executor.executor.parallel:loop closed
[4.353s] DEBUG:colcon.colcon_parallel_executor.executor.parallel:run_until_complete finished with '2'
[4.353s] DEBUG:colcon.colcon_core.event_reactor:joining thread
[4.360s] INFO:colcon.colcon_core.plugin_system:Skipping extension 'colcon_notification.desktop_notification.terminal_notifier': Not used on non-Darwin systems
[4.360s] INFO:colcon.colcon_core.plugin_system:Skipping extension 'colcon_notification.desktop_notification.win32': Not used on non-Windows systems
[4.360s] INFO:colcon.colcon_notification.desktop_notification:Sending desktop notification using 'notify2'
[4.371s] DEBUG:colcon.colcon_core.event_reactor:joined thread
[4.371s] INFO:colcon.colcon_core.shell:Creating prefix script '/home/carbs/hdvio2.0/minkindr_ros/install/local_setup.ps1'
[4.372s] INFO:colcon.colcon_core.shell:Creating prefix util module '/home/carbs/hdvio2.0/minkindr_ros/install/_local_setup_util_ps1.py'
[4.374s] INFO:colcon.colcon_core.shell:Creating prefix chain script '/home/carbs/hdvio2.0/minkindr_ros/install/setup.ps1'
[4.377s] INFO:colcon.colcon_core.shell:Creating prefix script '/home/carbs/hdvio2.0/minkindr_ros/install/local_setup.sh'
[4.378s] INFO:colcon.colcon_core.shell:Creating prefix util module '/home/carbs/hdvio2.0/minkindr_ros/install/_local_setup_util_sh.py'
[4.379s] INFO:colcon.colcon_core.shell:Creating prefix chain script '/home/carbs/hdvio2.0/minkindr_ros/install/setup.sh'
[4.382s] INFO:colcon.colcon_core.shell:Creating prefix script '/home/carbs/hdvio2.0/minkindr_ros/install/local_setup.bash'
[4.383s] INFO:colcon.colcon_core.shell:Creating prefix chain script '/home/carbs/hdvio2.0/minkindr_ros/install/setup.bash'
[4.385s] INFO:colcon.colcon_core.shell:Creating prefix script '/home/carbs/hdvio2.0/minkindr_ros/install/local_setup.zsh'
[4.386s] INFO:colcon.colcon_core.shell:Creating prefix chain script '/home/carbs/hdvio2.0/minkindr_ros/install/setup.zsh'
