[0.021s] Invoking command in '/home/carbs/hdvio2.0/eigen_checks/build/svo_cmake': CMAKE_PREFIX_PATH=${CMAKE_PREFIX_PATH}:/opt/ros/humble /usr/bin/cmake /home/carbs/hdvio2.0/svo_cmake -DBUILD_TESTING=OFF -DCMAKE_INSTALL_PREFIX=/home/carbs/hdvio2.0/eigen_checks/install/svo_cmake
[0.070s] -- The C compiler identification is GNU 11.4.0
[0.133s] -- The CXX compiler identification is GNU 11.4.0
[0.139s] -- Detecting C compiler ABI info
[0.210s] -- Detecting C compiler ABI info - done
[0.216s] -- Check for working C compiler: /usr/bin/cc - skipped
[0.216s] -- Detecting C compile features
[0.216s] -- Detecting C compile features - done
[0.219s] -- Detecting CXX compiler ABI info
[0.319s] -- Detecting CXX compiler ABI info - done
[0.330s] -- Check for working CXX compiler: /usr/bin/c++ - skipped
[0.330s] -- Detecting CXX compile features
[0.331s] -- Detecting CXX compile features - done
[0.335s] -- Found ament_cmake: 1.3.12 (/opt/ros/humble/share/ament_cmake/cmake)
[0.655s] -- Found Python3: /usr/bin/python3 (found version "3.10.12") found components: Interpreter 
[0.803s] -- Configuring done
[0.807s] -- Generating done
[0.809s] -- Build files have been written to: /home/carbs/hdvio2.0/eigen_checks/build/svo_cmake
[0.814s] Invoked command in '/home/carbs/hdvio2.0/eigen_checks/build/svo_cmake' returned '0': CMAKE_PREFIX_PATH=${CMAKE_PREFIX_PATH}:/opt/ros/humble /usr/bin/cmake /home/carbs/hdvio2.0/svo_cmake -DBUILD_TESTING=OFF -DCMAKE_INSTALL_PREFIX=/home/carbs/hdvio2.0/eigen_checks/install/svo_cmake
[0.816s] Invoking command in '/home/carbs/hdvio2.0/eigen_checks/build/svo_cmake': CMAKE_PREFIX_PATH=${CMAKE_PREFIX_PATH}:/opt/ros/humble /usr/bin/cmake --build /home/carbs/hdvio2.0/eigen_checks/build/svo_cmake -- -j24 -l24
[0.870s] Invoked command in '/home/carbs/hdvio2.0/eigen_checks/build/svo_cmake' returned '0': CMAKE_PREFIX_PATH=${CMAKE_PREFIX_PATH}:/opt/ros/humble /usr/bin/cmake --build /home/carbs/hdvio2.0/eigen_checks/build/svo_cmake -- -j24 -l24
[0.872s] Invoking command in '/home/carbs/hdvio2.0/eigen_checks/build/svo_cmake': CMAKE_PREFIX_PATH=${CMAKE_PREFIX_PATH}:/opt/ros/humble /usr/bin/cmake --install /home/carbs/hdvio2.0/eigen_checks/build/svo_cmake
[0.882s] -- Install configuration: ""
[0.882s] -- Installing: /home/carbs/hdvio2.0/eigen_checks/install/svo_cmake/share/svo_cmake/cmake/Modules
[0.882s] -- Installing: /home/carbs/hdvio2.0/eigen_checks/install/svo_cmake/share/svo_cmake/cmake/Modules/Findyaml-cpp.cmake
[0.883s] -- Installing: /home/carbs/hdvio2.0/eigen_checks/install/svo_cmake/share/svo_cmake/cmake/Modules/SvoSetup.cmake
[0.883s] -- Installing: /home/carbs/hdvio2.0/eigen_checks/install/svo_cmake/share/ament_index/resource_index/package_run_dependencies/svo_cmake
[0.883s] -- Installing: /home/carbs/hdvio2.0/eigen_checks/install/svo_cmake/share/ament_index/resource_index/parent_prefix_path/svo_cmake
[0.883s] -- Installing: /home/carbs/hdvio2.0/eigen_checks/install/svo_cmake/share/svo_cmake/environment/ament_prefix_path.sh
[0.884s] -- Installing: /home/carbs/hdvio2.0/eigen_checks/install/svo_cmake/share/svo_cmake/environment/ament_prefix_path.dsv
[0.884s] -- Installing: /home/carbs/hdvio2.0/eigen_checks/install/svo_cmake/share/svo_cmake/environment/path.sh
[0.884s] -- Installing: /home/carbs/hdvio2.0/eigen_checks/install/svo_cmake/share/svo_cmake/environment/path.dsv
[0.884s] -- Installing: /home/carbs/hdvio2.0/eigen_checks/install/svo_cmake/share/svo_cmake/local_setup.bash
[0.884s] -- Installing: /home/carbs/hdvio2.0/eigen_checks/install/svo_cmake/share/svo_cmake/local_setup.sh
[0.885s] -- Installing: /home/carbs/hdvio2.0/eigen_checks/install/svo_cmake/share/svo_cmake/local_setup.zsh
[0.885s] -- Installing: /home/carbs/hdvio2.0/eigen_checks/install/svo_cmake/share/svo_cmake/local_setup.dsv
[0.885s] -- Installing: /home/carbs/hdvio2.0/eigen_checks/install/svo_cmake/share/svo_cmake/package.dsv
[0.885s] -- Installing: /home/carbs/hdvio2.0/eigen_checks/install/svo_cmake/share/ament_index/resource_index/packages/svo_cmake
[0.885s] -- Installing: /home/carbs/hdvio2.0/eigen_checks/install/svo_cmake/share/svo_cmake/cmake/svo_cmake-extras.cmake
[0.886s] -- Installing: /home/carbs/hdvio2.0/eigen_checks/install/svo_cmake/share/svo_cmake/cmake/svo_cmakeConfig.cmake
[0.886s] -- Installing: /home/carbs/hdvio2.0/eigen_checks/install/svo_cmake/share/svo_cmake/cmake/svo_cmakeConfig-version.cmake
[0.886s] -- Installing: /home/carbs/hdvio2.0/eigen_checks/install/svo_cmake/share/svo_cmake/package.xml
[0.889s] Invoked command in '/home/carbs/hdvio2.0/eigen_checks/build/svo_cmake' returned '0': CMAKE_PREFIX_PATH=${CMAKE_PREFIX_PATH}:/opt/ros/humble /usr/bin/cmake --install /home/carbs/hdvio2.0/eigen_checks/build/svo_cmake
